Archive member included because of file (symbol)

/usr/local/ps3dev/ppu/lib/libgcm_sys.a(sprx.o)
                              rsxutil.o (gcmSetFlip)
/usr/local/ps3dev/ppu/lib/librsx.a(init.o)
                              rsxutil.o (rsxInit)
/usr/local/ps3dev/ppu/lib/librsx.a(buffer.o)
                              rsxutil.o (rsxFlushBuffer)
/usr/local/ps3dev/ppu/lib/librsx.a(commands.o)
                              /usr/local/ps3dev/ppu/lib/librsx.a(buffer.o) (rsxSetJumpCommandUnsafe)
/usr/local/ps3dev/ppu/lib/librsx.a(mm.o)
                              /usr/local/ps3dev/ppu/lib/librsx.a(init.o) (rsxHeapInit)
/usr/local/ps3dev/ppu/lib/librsx.a(vertex_program.o)
                              /usr/local/ps3dev/ppu/lib/librsx.a(commands.o) (rsxVertexProgramGetConsts)
/usr/local/ps3dev/ppu/lib/librsx.a(fragment_program.o)
                              /usr/local/ps3dev/ppu/lib/librsx.a(commands.o) (rsxFragmentProgramGetConstOffsetTable)
/usr/local/ps3dev/ppu/lib/librsx.a(rsx_internal.o)
                              /usr/local/ps3dev/ppu/lib/librsx.a(vertex_program.o) (__rsxGetAttrs)
/usr/local/ps3dev/ppu/lib/libsysutil.a(sprx.o)
                              rsxutil.o (videoConfigure)
/usr/local/ps3dev/ppu/lib/libio.a(sprx.o)
                              main.o (ioPadInit)
/usr/local/ps3dev/ppu/lib/librt.a(sbrk.o)
                              /usr/local/ps3dev/ppu/lib/gcc/powerpc64-ps3-elf/7.2.0/../../../../powerpc64-ps3-elf/lib/lv2-crt0.o (__librt_sbrk_r)
/usr/local/ps3dev/ppu/lib/librt.a(exit.o)
                              /usr/local/ps3dev/ppu/lib/gcc/powerpc64-ps3-elf/7.2.0/../../../../powerpc64-ps3-elf/lib/lv2-crt0.o (__librt_exit)
/usr/local/ps3dev/ppu/lib/librt.a(close.o)
                              /usr/local/ps3dev/ppu/lib/gcc/powerpc64-ps3-elf/7.2.0/../../../../powerpc64-ps3-elf/lib/lv2-crt0.o (__librt_close_r)
/usr/local/ps3dev/ppu/lib/librt.a(lseek.o)
                              /usr/local/ps3dev/ppu/lib/gcc/powerpc64-ps3-elf/7.2.0/../../../../powerpc64-ps3-elf/lib/lv2-crt0.o (__librt_lseek_r)
/usr/local/ps3dev/ppu/lib/librt.a(read.o)
                              /usr/local/ps3dev/ppu/lib/gcc/powerpc64-ps3-elf/7.2.0/../../../../powerpc64-ps3-elf/lib/lv2-crt0.o (__librt_read_r)
/usr/local/ps3dev/ppu/lib/librt.a(open.o)
                              /usr/local/ps3dev/ppu/lib/gcc/powerpc64-ps3-elf/7.2.0/../../../../powerpc64-ps3-elf/lib/lv2-crt0.o (__librt_open_r)
/usr/local/ps3dev/ppu/lib/librt.a(sleep.o)
                              /usr/local/ps3dev/ppu/lib/gcc/powerpc64-ps3-elf/7.2.0/../../../../powerpc64-ps3-elf/lib/lv2-crt0.o (__librt_usleep_r)
/usr/local/ps3dev/ppu/lib/librt.a(write.o)
                              /usr/local/ps3dev/ppu/lib/gcc/powerpc64-ps3-elf/7.2.0/../../../../powerpc64-ps3-elf/lib/lv2-crt0.o (__librt_write_r)
/usr/local/ps3dev/ppu/lib/librt.a(fstat.o)
                              /usr/local/ps3dev/ppu/lib/gcc/powerpc64-ps3-elf/7.2.0/../../../../powerpc64-ps3-elf/lib/lv2-crt0.o (__librt_fstat_r)
/usr/local/ps3dev/ppu/lib/librt.a(socket.o)
                              /usr/local/ps3dev/ppu/lib/librt.a(write.o) (send)
/usr/local/ps3dev/ppu/lib/librt.a(lock.o)
                              /usr/local/ps3dev/ppu/lib/gcc/powerpc64-ps3-elf/7.2.0/../../../../powerpc64-ps3-elf/lib/lv2-crt0.o (__librt_sys_lwmutex_create_r)
/usr/local/ps3dev/ppu/lib/librt.a(dirent.o)
                              /usr/local/ps3dev/ppu/lib/gcc/powerpc64-ps3-elf/7.2.0/../../../../powerpc64-ps3-elf/lib/lv2-crt0.o (__librt_opendir_r)
/usr/local/ps3dev/ppu/lib/librt.a(mkdir.o)
                              /usr/local/ps3dev/ppu/lib/gcc/powerpc64-ps3-elf/7.2.0/../../../../powerpc64-ps3-elf/lib/lv2-crt0.o (__librt_mkdir_r)
/usr/local/ps3dev/ppu/lib/librt.a(times.o)
                              /usr/local/ps3dev/ppu/lib/gcc/powerpc64-ps3-elf/7.2.0/../../../../powerpc64-ps3-elf/lib/lv2-crt0.o (__librt_times_r)
/usr/local/ps3dev/ppu/lib/librt.a(umask.o)
                              /usr/local/ps3dev/ppu/lib/gcc/powerpc64-ps3-elf/7.2.0/../../../../powerpc64-ps3-elf/lib/lv2-crt0.o (__librt_umask_r)
/usr/local/ps3dev/ppu/lib/librt.a(lv2errno.o)
                              /usr/local/ps3dev/ppu/lib/librt.a(socket.o) (lv2errno)
/usr/local/ps3dev/ppu/lib/librt.a(heap.o)
                              /usr/local/ps3dev/ppu/lib/librsx.a(mm.o) (heapInit)
/usr/local/ps3dev/ppu/lib/librt.a(chmod.o)
                              /usr/local/ps3dev/ppu/lib/gcc/powerpc64-ps3-elf/7.2.0/../../../../powerpc64-ps3-elf/lib/lv2-crt0.o (__librt_chmod_r)
/usr/local/ps3dev/ppu/lib/librt.a(rename.o)
                              /usr/local/ps3dev/ppu/lib/gcc/powerpc64-ps3-elf/7.2.0/../../../../powerpc64-ps3-elf/lib/lv2-crt0.o (__librt_rename_r)
/usr/local/ps3dev/ppu/lib/librt.a(rmdir.o)
                              /usr/local/ps3dev/ppu/lib/gcc/powerpc64-ps3-elf/7.2.0/../../../../powerpc64-ps3-elf/lib/lv2-crt0.o (__librt_rmdir_r)
/usr/local/ps3dev/ppu/lib/librt.a(isatty.o)
[...]
Memory Configuration

Name             Origin             Length             Attributes
*default*        0x0000000000000000 0xffffffffffffffff

Linker script and memory map

                0x0000000000010000                PROVIDE (__executable_start, 0x10000)
                0x0000000000010200                . = (0x10000 + SIZEOF_HEADERS)

.interp
 *(.interp)

.hash
 *(.hash)

.dynsym
 *(.dynsym)

.dynstr
 *(.dynstr)

.gnu.version
 *(.gnu.version)

.gnu.version_d
 *(.gnu.version_d)

.gnu.version_r
 *(.gnu.version_r)

.rel.dyn
 *(.rel.init)
 *(.rel.text .rel.text.* .rel.gnu.linkonce.t.*)
 *(.rel.fini)
 *(.rel.rodata .rel.rodata.* .rel.gnu.linkonce.r.*)
 *(.rel.data.rel.ro*)
 *(.rel.data .rel.data.* .rel.gnu.linkonce.d.*)
 *(.rel.tdata .rel.tdata.* .rel.gnu.linkonce.td.*)
 *(.rel.tbss .rel.tbss.* .rel.gnu.linkonce.tb.*)
 *(.rel.ctors)
 *(.rel.dtors)
 *(.rel.got)
 *(.rel.sdata .rel.sdata.* .rel.gnu.linkonce.s.*)
 *(.rel.sbss .rel.sbss.* .rel.gnu.linkonce.sb.*)
 *(.rel.sdata2 .rel.sdata2.* .rel.gnu.linkonce.s2.*)
 *(.rel.sbss2 .rel.sbss2.* .rel.gnu.linkonce.sb2.*)
 *(.rel.bss .rel.bss.* .rel.gnu.linkonce.b.*)

.rela.dyn       0x0000000000010200        0x0
 *(.rela.init)
 *(.rela.text .rela.text.* .rela.gnu.linkonce.t.*)
 *(.rela.fini)
 *(.rela.rodata .rela.rodata.* .rela.gnu.linkonce.r.*)
 *(.rela.data .rela.data.* .rela.gnu.linkonce.d.*)
 *(.rela.tdata .rela.tdata.* .rela.gnu.linkonce.td.*)
 *(.rela.tbss .rela.tbss.* .rela.gnu.linkonce.tb.*)
 *(.rela.ctors)
 *(.rela.dtors)
 *(.rela.got)
 *(.rela.toc)
 .rela.toc      0x0000000000000000        0x0 linker stubs
 *(.rela.sdata .rela.sdata.* .rela.gnu.linkonce.s.*)
 *(.rela.sbss .rela.sbss.* .rela.gnu.linkonce.sb.*)
 *(.rela.sdata2 .rela.sdata2.* .rela.gnu.linkonce.s2.*)
 *(.rela.sbss2 .rela.sbss2.* .rela.gnu.linkonce.sb2.*)
 *(.rela.bss .rela.bss.* .rela.gnu.linkonce.b.*)
 .rela.iplt     0x0000000000000000        0x0 linker stubs
 .rela.sys_proc_prx_param
                0x0000000000000000        0x0 linker stubs

.rel.plt
 *(.rel.plt)

.rela.plt
 *(.rela.plt)

.rela.tocbss
 *(.rela.tocbss)

.init           0x0000000000010200       0x2c
 *(.init)
 .init          0x0000000000010200        0xc /usr/local/ps3dev/ppu/lib/gcc/powerpc64-ps3-elf/7.2.0/../../../../powerpc64-ps3-elf/lib/lv2-crti.o
                0x0000000000010200                ._init
 .init          0x000000000001020c        0x8 /usr/local/ps3dev/ppu/lib/gcc/powerpc64-ps3-elf/7.2.0/crtbegin.o
 .init          0x0000000000010214        0x8 /usr/local/ps3dev/ppu/lib/gcc/powerpc64-ps3-elf/7.2.0/crtend.o
 .init          0x000000000001021c       0x10 /usr/local/ps3dev/ppu/lib/gcc/powerpc64-ps3-elf/7.2.0/../../../../powerpc64-ps3-elf/lib/lv2-crtn.o

.text           0x0000000000010230    0x2acec
 *(.text .stub .text.* .gnu.linkonce.t.*)
 .text          0x0000000000010230        0x0 /usr/local/ps3dev/ppu/lib/gcc/powerpc64-ps3-elf/7.2.0/../../../../powerpc64-ps3-elf/lib/lv2-crti.o
 .text          0x0000000000010230        0x0 /usr/local/ps3dev/ppu/lib/gcc/powerpc64-ps3-elf/7.2.0/crtbegin.o
 .text.deregister_tm_clones
                0x0000000000010230       0x54 /usr/local/ps3dev/ppu/lib/gcc/powerpc64-ps3-elf/7.2.0/crtbegin.o
 *fill*         0x0000000000010284        0x4 60000000
 .text.register_tm_clones
                0x0000000000010288       0x60 /usr/local/ps3dev/ppu/lib/gcc/powerpc64-ps3-elf/7.2.0/crtbegin.o
 .text.__do_global_dtors_aux
                0x00000000000102e8       0xd4 /usr/local/ps3dev/ppu/lib/gcc/powerpc64-ps3-elf/7.2.0/crtbegin.o
 *fill*         0x00000000000103bc        0x4 60000000
 .text.frame_dummy
                0x00000000000103c0       0x38 /usr/local/ps3dev/ppu/lib/gcc/powerpc64-ps3-elf/7.2.0/crtbegin.o
 .text          0x00000000000103f8       0x58 /usr/local/ps3dev/ppu/lib/gcc/powerpc64-ps3-elf/7.2.0/../../../../powerpc64-ps3-elf/lib/lv2-crt0.o
                0x00000000000103f8                ._start
 .text.startup.__syscalls_init
                0x0000000000010450      0x180 /usr/local/ps3dev/ppu/lib/gcc/powerpc64-ps3-elf/7.2.0/../../../../powerpc64-ps3-elf/lib/lv2-crt0.o
 .text._initialize
                0x00000000000105d0       0x40 /usr/local/ps3dev/ppu/lib/gcc/powerpc64-ps3-elf/7.2.0/../../../../powerpc64-ps3-elf/lib/lv2-crt0.o
 .text          0x0000000000010610        0x0 /usr/local/ps3dev/ppu/lib/gcc/powerpc64-ps3-elf/7.2.0/../../../../powerpc64-ps3-elf/lib/lv2-sprx.o
 .text          0x0000000000010610        0x0 main.o
 .text.load_image_to_RSX
                0x0000000000010610      0x204 main.o
 *fill*         0x0000000000010814        0x4 60000000
 .text.drawFrame
                0x0000000000010818      0x104 main.o
 *fill*         0x000000000001091c        0x4 60000000
 .text.drawImage
                0x0000000000010920      0x11c main.o
 *fill*         0x0000000000010a3c        0x4 60000000
 .text.load_raw_argb
                0x0000000000010a40      0x144 main.o
 *fill*         0x0000000000010b84        0x4 60000000
 .text.createTexture
                0x0000000000010b88      0x11c main.o
 *fill*         0x0000000000010ca4        0x4 60000000
 .text.loadShader
                0x0000000000010ca8      0x1e4 main.o
 *fill*         0x0000000000010e8c        0x4 60000000
 .text.createQuad
                0x0000000000010e90      0x198 main.o
 .text.startup.main
                0x0000000000011028      0x184 main.o
 .text          0x00000000000111ac        0x0 rsxutil.o
 *fill*         0x00000000000111ac        0x4 60000000
 .text.waitFlip
                0x00000000000111b0       0x50 rsxutil.o
 .text.flip     0x0000000000011200       0x7c rsxutil.o
 *fill*         0x000000000001127c        0x4 60000000
 .text.makeBuffer
                0x0000000000011280      0x104 rsxutil.o
 *fill*         0x0000000000011384        0x4 60000000
 .text.getResolution
                0x0000000000011388       0xb8 rsxutil.o
 .text.initScreen
                0x0000000000011440      0x20c rsxutil.o
 *fill*         0x000000000001164c        0x4 60000000
 .text.setRenderTarget
                0x0000000000011650       0xac rsxutil.o
 .text          0x00000000000116fc        0x0 /usr/local/ps3dev/ppu/lib/libgcm_sys.a(sprx.o)
 .text          0x00000000000116fc        0x0 /usr/local/ps3dev/ppu/lib/librsx.a(init.o)
 *fill*         0x00000000000116fc        0x4 60000000
 .text.rsxInit  0x0000000000011700       0x9c /usr/local/ps3dev/ppu/lib/librsx.a(init.o)
 *fill*         0x000000000001179c        0x4 60000000
 .text.rsxSetupContextData
                0x00000000000117a0       0x48 /usr/local/ps3dev/ppu/lib/librsx.a(init.o)
 .text.rsxSetCurrentBuffer
                0x00000000000117e8       0x48 /usr/local/ps3dev/ppu/lib/librsx.a(init.o)
 .text.rsxSetDefaultCommandBuffer
                0x0000000000011830       0x50 /usr/local/ps3dev/ppu/lib/librsx.a(init.o)
 .text.rsxSetUserCallback
                0x0000000000011880       0x18 /usr/local/ps3dev/ppu/lib/librsx.a(init.o)
 .text.rsxGetCurrentBuffer
                0x0000000000011898       0x1c /usr/local/ps3dev/ppu/lib/librsx.a(init.o)
 .text          0x00000000000118b4        0x0 /usr/local/ps3dev/ppu/lib/librsx.a(buffer.o)
 *fill*         0x00000000000118b4        0x4 60000000
 .text.rsxResetCommandBufferUnsafe
                0x00000000000118b8       0x80 /usr/local/ps3dev/ppu/lib/librsx.a(buffer.o)
 .text.rsxFlushBufferUnsafe
                0x0000000000011938       0x78 /usr/local/ps3dev/ppu/lib/librsx.a(buffer.o)
 .text.rsxFinishUnsafe
                0x00000000000119b0       0x84 /usr/local/ps3dev/ppu/lib/librsx.a(buffer.o)
 *fill*         0x0000000000011a34        0x4 60000000
 .text.rsxResetCommandBuffer
                0x0000000000011a38       0x80 /usr/local/ps3dev/ppu/lib/librsx.a(buffer.o)
 .text.rsxFlushBuffer
                0x0000000000011ab8       0x10 /usr/local/ps3dev/ppu/lib/librsx.a(buffer.o)
 .text.rsxFinish
                0x0000000000011ac8       0x84 /usr/local/ps3dev/ppu/lib/librsx.a(buffer.o)
 .text          0x0000000000011b4c        0x0 /usr/local/ps3dev/ppu/lib/librsx.a(commands.o)
 *fill*         0x0000000000011b4c        0x4 60000000
 .text.rsxSetReturnCommandUnsafe
                0x0000000000011b50       0x24 /usr/local/ps3dev/ppu/lib/librsx.a(commands.o)
 *fill*         0x0000000000011b74        0x4 60000000
 .text.rsxSetCallCommandUnsafe
                0x0000000000011b78       0x24 /usr/local/ps3dev/ppu/lib/librsx.a(commands.o)
 *fill*         0x0000000000011b9c        0x4 60000000
 .text.rsxSetJumpCommandUnsafe
                0x0000000000011ba0       0x24 /usr/local/ps3dev/ppu/lib/librsx.a(commands.o)
 *fill*         0x0000000000011bc4        0x4 60000000
 .text.rsxSetNopCommandUnsafe
                0x0000000000011bc8       0x98 /usr/local/ps3dev/ppu/lib/librsx.a(commands.o)
 .text.rsxSetSkipNopUnsafe
                0x0000000000011c60       0x34 /usr/local/ps3dev/ppu/lib/librsx.a(commands.o)
 *fill*         0x0000000000011c94        0x4 60000000
 .text.rsxSetClearColorUnsafe
                0x0000000000011c98       0x2c /usr/local/ps3dev/ppu/lib/librsx.a(commands.o)
 *fill*         0x0000000000011cc4        0x4 60000000
 .text.rsxSetClearDepthStencilUnsafe
                0x0000000000011cc8       0x2c /usr/local/ps3dev/ppu/lib/librsx.a(commands.o)
 *fill*         0x0000000000011cf4        0x4 60000000
 .text.rsxSetReferenceCommandUnsafe
                0x0000000000011cf8       0x2c /usr/local/ps3dev/ppu/lib/librsx.a(commands.o)
 *fill*         0x0000000000011d24        0x4 60000000
 .text.rsxSetWriteBackendLabelUnsafe
                0x0000000000011d28       0x58 /usr/local/ps3dev/ppu/lib/librsx.a(commands.o)
 .text.rsxSetWriteTextureLabelUnsafe
                0x0000000000011d80       0x40 /usr/local/ps3dev/ppu/lib/librsx.a(commands.o)
 .text.rsxSetWaitLabelUnsafe
                0x0000000000011dc0       0x40 /usr/local/ps3dev/ppu/lib/librsx.a(commands.o)
 .text.rsxSetWriteCommandLabelUnsafe
                0x0000000000011e00       0x40 /usr/local/ps3dev/ppu/lib/librsx.a(commands.o)
 .text.rsxSetSurfaceUnsafe
                0x0000000000011e40      0x1cc /usr/local/ps3dev/ppu/lib/librsx.a(commands.o)
 *fill*         0x000000000001200c        0x4 60000000
 .text.rsxSetColorMaskUnsafe
                0x0000000000012010       0x2c /usr/local/ps3dev/ppu/lib/librsx.a(commands.o)
 *fill*         0x000000000001203c        0x4 60000000
 .text.rsxSetColorMaskMrtUnsafe
                0x0000000000012040       0x2c /usr/local/ps3dev/ppu/lib/librsx.a(commands.o)
 *fill*         0x000000000001206c        0x4 60000000
 .text.rsxSetShadeModelUnsafe
                0x0000000000012070       0x2c /usr/local/ps3dev/ppu/lib/librsx.a(commands.o)
 *fill*         0x000000000001209c        0x4 60000000
 .text.rsxSetViewportUnsafe
                0x00000000000120a0      0x108 /usr/local/ps3dev/ppu/lib/librsx.a(commands.o)
 .text.rsxSetViewportClipUnsafe
                0x00000000000121a8       0x44 /usr/local/ps3dev/ppu/lib/librsx.a(commands.o)
 *fill*         0x00000000000121ec        0x4 60000000
 .text.rsxSetUserClipPlaneControlUnsafe
                0x00000000000121f0       0x54 /usr/local/ps3dev/ppu/lib/librsx.a(commands.o)
 *fill*         0x0000000000012244        0x4 60000000
 .text.rsxSetDepthTestEnableUnsafe
                0x0000000000012248       0x2c /usr/local/ps3dev/ppu/lib/librsx.a(commands.o)
 *fill*         0x0000000000012274        0x4 60000000
 .text.rsxSetDepthFuncUnsafe
                0x0000000000012278       0x2c /usr/local/ps3dev/ppu/lib/librsx.a(commands.o)
 *fill*         0x00000000000122a4        0x4 60000000
 .text.rsxSetDepthWriteEnableUnsafe
                0x00000000000122a8       0x2c /usr/local/ps3dev/ppu/lib/librsx.a(commands.o)
 *fill*         0x00000000000122d4        0x4 60000000
 .text.rsxSetDepthFormatUnsafe
                0x00000000000122d8       0x34 /usr/local/ps3dev/ppu/lib/librsx.a(commands.o)
 *fill*         0x000000000001230c        0x4 60000000
 .text.rsxSetCullFaceEnableUnsafe
                0x0000000000012310       0x2c /usr/local/ps3dev/ppu/lib/librsx.a(commands.o)
 *fill*         0x000000000001233c        0x4 60000000
 .text.rsxSetCullFaceUnsafe
                0x0000000000012340       0x2c /usr/local/ps3dev/ppu/lib/librsx.a(commands.o)
 *fill*         0x000000000001236c        0x4 60000000
 .text.rsxSetFrontFaceUnsafe
                0x0000000000012370       0x2c /usr/local/ps3dev/ppu/lib/librsx.a(commands.o)
 *fill*         0x000000000001239c        0x4 60000000
 .text.rsxSetFrontPolygonModeUnsafe
                0x00000000000123a0       0x2c /usr/local/ps3dev/ppu/lib/librsx.a(commands.o)
 *fill*         0x00000000000123cc        0x4 60000000
 .text.rsxSetBackPolygonModeUnsafe
                0x00000000000123d0       0x2c /usr/local/ps3dev/ppu/lib/librsx.a(commands.o)
 *fill*         0x00000000000123fc        0x4 60000000
 .text.rsxSetPolygonOffsetFillEnableUnsafe
                0x0000000000012400       0x2c /usr/local/ps3dev/ppu/lib/librsx.a(commands.o)
 *fill*         0x000000000001242c        0x4 60000000
 .text.rsxSetPolygonOffsetUnsafe
                0x0000000000012430       0x40 /usr/local/ps3dev/ppu/lib/librsx.a(commands.o)
 .text.rsxSetPolygonOffsetLineEnableUnsafe
                0x0000000000012470       0x2c /usr/local/ps3dev/ppu/lib/librsx.a(commands.o)
 *fill*         0x000000000001249c        0x4 60000000
 .text.rsxClearSurfaceUnsafe
                0x00000000000124a0       0x3c /usr/local/ps3dev/ppu/lib/librsx.a(commands.o)
 *fill*         0x00000000000124dc        0x4 60000000
 .text.rsxSetCylindricalWrapUnsafe
                0x00000000000124e0       0x2c /usr/local/ps3dev/ppu/lib/librsx.a(commands.o)
 *fill*         0x000000000001250c        0x4 60000000
 .text.rsxSetTwoSideLightEnableUnsafe
                0x0000000000012510       0x2c /usr/local/ps3dev/ppu/lib/librsx.a(commands.o)
 *fill*         0x000000000001253c        0x4 60000000
 .text.rsxSetStencilFuncUnsafe
                0x0000000000012540       0x34 /usr/local/ps3dev/ppu/lib/librsx.a(commands.o)
 *fill*         0x0000000000012574        0x4 60000000
 .text.rsxSetStencilMaskUnsafe
                0x0000000000012578       0x2c /usr/local/ps3dev/ppu/lib/librsx.a(commands.o)
 *fill*         0x00000000000125a4        0x4 60000000
 .text.rsxSetStencilOpUnsafe
                0x00000000000125a8       0x34 /usr/local/ps3dev/ppu/lib/librsx.a(commands.o)
 *fill*         0x00000000000125dc        0x4 60000000
 .text.rsxSetStencilTestEnableUnsafe
                0x00000000000125e0       0x2c /usr/local/ps3dev/ppu/lib/librsx.a(commands.o)
 *fill*         0x000000000001260c        0x4 60000000
 .text.rsxSetBackStencilFuncUnsafe
                0x0000000000012610       0x34 /usr/local/ps3dev/ppu/lib/librsx.a(commands.o)
 *fill*         0x0000000000012644        0x4 60000000
 .text.rsxSetBackStencilMaskUnsafe
                0x0000000000012648       0x2c /usr/local/ps3dev/ppu/lib/librsx.a(commands.o)
 *fill*         0x0000000000012674        0x4 60000000
 .text.rsxSetBackStencilOpUnsafe
                0x0000000000012678       0x34 /usr/local/ps3dev/ppu/lib/librsx.a(commands.o)
 *fill*         0x00000000000126ac        0x4 60000000
 .text.rsxSetTwoSidedStencilTestEnableUnsafe
                0x00000000000126b0       0x2c /usr/local/ps3dev/ppu/lib/librsx.a(commands.o)
 *fill*         0x00000000000126dc        0x4 60000000
 .text.rsxSetRenderEnableUnsafe
                0x00000000000126e0       0x70 /usr/local/ps3dev/ppu/lib/librsx.a(commands.o)
 .text.rsxSetReportUnsafe
                0x0000000000012750       0x38 /usr/local/ps3dev/ppu/lib/librsx.a(commands.o)
 .text.rsxSetClearReportUnsafe
                0x0000000000012788       0x2c /usr/local/ps3dev/ppu/lib/librsx.a(commands.o)
 *fill*         0x00000000000127b4        0x4 60000000
 .text.rsxSetZPixelCountEnableUnsafe
                0x00000000000127b8       0x2c /usr/local/ps3dev/ppu/lib/librsx.a(commands.o)
 *fill*         0x00000000000127e4        0x4 60000000
 .text.rsxSetSCullControlUnsafe
                0x00000000000127e8       0x3c /usr/local/ps3dev/ppu/lib/librsx.a(commands.o)
 *fill*         0x0000000000012824        0x4 60000000
 .text.rsxSetZCullLimitUnsafe
                0x0000000000012828       0x34 /usr/local/ps3dev/ppu/lib/librsx.a(commands.o)
 *fill*         0x000000000001285c        0x4 60000000
 .text.rsxSetZCullStatsEnableUnsafe
                0x0000000000012860       0x2c /usr/local/ps3dev/ppu/lib/librsx.a(commands.o)
 *fill*         0x000000000001288c        0x4 60000000
 .text.rsxSetZCullControlUnsafe
                0x0000000000012890       0x34 /usr/local/ps3dev/ppu/lib/librsx.a(commands.o)
 *fill*         0x00000000000128c4        0x4 60000000
 .text.rsxSetClearZCullSurfaceUnsafe
                0x00000000000128c8       0x34 /usr/local/ps3dev/ppu/lib/librsx.a(commands.o)
 *fill*         0x00000000000128fc        0x4 60000000
 .text.rsxSetZCullEnableUnsafe
                0x0000000000012900       0x34 /usr/local/ps3dev/ppu/lib/librsx.a(commands.o)
 *fill*         0x0000000000012934        0x4 60000000
 .text.rsxSetZCullInvalidateUnsafe
                0x0000000000012938       0x2c /usr/local/ps3dev/ppu/lib/librsx.a(commands.o)
 *fill*         0x0000000000012964        0x4 60000000
 .text.rsxSetPolygonSmoothEnableUnsafe
                0x0000000000012968       0x2c /usr/local/ps3dev/ppu/lib/librsx.a(commands.o)
 *fill*         0x0000000000012994        0x4 60000000
 .text.rsxSetDitherEnableUnsafe
                0x0000000000012998       0x2c /usr/local/ps3dev/ppu/lib/librsx.a(commands.o)
 *fill*         0x00000000000129c4        0x4 60000000
 .text.rsxLoadVertexProgramBlockUnsafe
                0x00000000000129c8      0x2ac /usr/local/ps3dev/ppu/lib/librsx.a(commands.o)
 *fill*         0x0000000000012c74        0x4 60000000
 .text.rsxLoadFragmentProgramLocationUnsafe
                0x0000000000012c78      0x16c /usr/local/ps3dev/ppu/lib/librsx.a(commands.o)
 *fill*         0x0000000000012de4        0x4 60000000
 .text.rsxUpdateFragmentProgramLocationUnsafe
                0x0000000000012de8       0x38 /usr/local/ps3dev/ppu/lib/librsx.a(commands.o)
 .text.rsxSetFragmentProgramControlUnsafe
                0x0000000000012e20       0x54 /usr/local/ps3dev/ppu/lib/librsx.a(commands.o)
 *fill*         0x0000000000012e74        0x4 60000000
 .text.rsxLoadVertexProgramParameterBlockUnsafe
                0x0000000000012e78      0x290 /usr/local/ps3dev/ppu/lib/librsx.a(commands.o)
 .text.rsxLoadVertexProgramUnsafe
                0x0000000000013108       0xec /usr/local/ps3dev/ppu/lib/librsx.a(commands.o)
 *fill*         0x00000000000131f4        0x4 60000000
 .text.rsxSetVertexProgramParameterUnsafe
                0x00000000000131f8      0x218 /usr/local/ps3dev/ppu/lib/librsx.a(commands.o)
 .text.rsxSetVertexProgramConstantsUnsafe
                0x0000000000013410      0x210 /usr/local/ps3dev/ppu/lib/librsx.a(commands.o)
 .text.rsxSetVertexAttribOutputMaskUnsafe
                0x0000000000013620       0x2c /usr/local/ps3dev/ppu/lib/librsx.a(commands.o)
 *fill*         0x000000000001364c        0x4 60000000
 .text.rsxSetFragmentProgramGammaEnableUnsafe
                0x0000000000013650       0x2c /usr/local/ps3dev/ppu/lib/librsx.a(commands.o)
 *fill*         0x000000000001367c        0x4 60000000
 .text.rsxDrawVertexBeginUnsafe
                0x0000000000013680       0x2c /usr/local/ps3dev/ppu/lib/librsx.a(commands.o)
 *fill*         0x00000000000136ac        0x4 60000000
 .text.rsxDrawVertexEndUnsafe
                0x00000000000136b0       0x2c /usr/local/ps3dev/ppu/lib/librsx.a(commands.o)
 *fill*         0x00000000000136dc        0x4 60000000
 .text.rsxDrawVertex1fUnsafe
                0x00000000000136e0       0x38 /usr/local/ps3dev/ppu/lib/librsx.a(commands.o)
 .text.rsxDrawVertex2fUnsafe
                0x0000000000013718       0x40 /usr/local/ps3dev/ppu/lib/librsx.a(commands.o)
 .text.rsxDrawVertex3fUnsafe
                0x0000000000013758       0x48 /usr/local/ps3dev/ppu/lib/librsx.a(commands.o)
 .text.rsxDrawVertex4fUnsafe
                0x00000000000137a0       0x48 /usr/local/ps3dev/ppu/lib/librsx.a(commands.o)
 .text.rsxDrawVertex4sUnsafe
                0x00000000000137e8       0x5c /usr/local/ps3dev/ppu/lib/librsx.a(commands.o)
 *fill*         0x0000000000013844        0x4 60000000
 .text.rsxDrawVertexScaled4sUnsafe
                0x0000000000013848       0x5c /usr/local/ps3dev/ppu/lib/librsx.a(commands.o)
 *fill*         0x00000000000138a4        0x4 60000000
 .text.rsxDrawVertex2sUnsafe
                0x00000000000138a8       0x44 /usr/local/ps3dev/ppu/lib/librsx.a(commands.o)
 *fill*         0x00000000000138ec        0x4 60000000
 .text.rsxDrawVertex4ubUnsafe
                0x00000000000138f0       0x34 /usr/local/ps3dev/ppu/lib/librsx.a(commands.o)
 *fill*         0x0000000000013924        0x4 60000000
 .text.rsxSetFrequencyDividerOperationUnsafe
                0x0000000000013928       0x2c /usr/local/ps3dev/ppu/lib/librsx.a(commands.o)
 *fill*         0x0000000000013954        0x4 60000000
 .text.rsxInvalidateVertexCacheUnsafe
                0x0000000000013958       0x44 /usr/local/ps3dev/ppu/lib/librsx.a(commands.o)
 *fill*         0x000000000001399c        0x4 60000000
 .text.rsxInvalidateTextureCacheUnsafe
                0x00000000000139a0       0x2c /usr/local/ps3dev/ppu/lib/librsx.a(commands.o)
 *fill*         0x00000000000139cc        0x4 60000000
 .text.rsxLoadTextureUnsafe
                0x00000000000139d0       0xc0 /usr/local/ps3dev/ppu/lib/librsx.a(commands.o)
 .text.rsxLoadVertexTextureUnsafe
                0x0000000000013a90       0x8c /usr/local/ps3dev/ppu/lib/librsx.a(commands.o)
 *fill*         0x0000000000013b1c        0x4 60000000
 .text.rsxTextureControlUnsafe
                0x0000000000013b20       0x4c /usr/local/ps3dev/ppu/lib/librsx.a(commands.o)
 *fill*         0x0000000000013b6c        0x4 60000000
 .text.rsxVertexTextureControlUnsafe
                0x0000000000013b70       0x44 /usr/local/ps3dev/ppu/lib/librsx.a(commands.o)
 *fill*         0x0000000000013bb4        0x4 60000000
 .text.rsxTextureFilterUnsafe
                0x0000000000013bb8       0x44 /usr/local/ps3dev/ppu/lib/librsx.a(commands.o)
 *fill*         0x0000000000013bfc        0x4 60000000
 .text.rsxVertexTextureFilterUnsafe
                0x0000000000013c00       0x30 /usr/local/ps3dev/ppu/lib/librsx.a(commands.o)
 .text.rsxTextureWrapModeUnsafe
                0x0000000000013c30       0x58 /usr/local/ps3dev/ppu/lib/librsx.a(commands.o)
 .text.rsxVertexTextureWrapModeUnsafe
                0x0000000000013c88       0x38 /usr/local/ps3dev/ppu/lib/librsx.a(commands.o)
 .text.rsxTextureBorderColorUnsafe
                0x0000000000013cc0       0x30 /usr/local/ps3dev/ppu/lib/librsx.a(commands.o)
 .text.rsxVertexTextureBorderColorUnsafe
                0x0000000000013cf0       0x30 /usr/local/ps3dev/ppu/lib/librsx.a(commands.o)
 .text.rsxTextureOptimizationUnsafe
                0x0000000000013d20       0x44 /usr/local/ps3dev/ppu/lib/librsx.a(commands.o)
 *fill*         0x0000000000013d64        0x4 60000000
 .text.rsxTextureAnisoSpreadUnsafe
                0x0000000000013d68       0x5c /usr/local/ps3dev/ppu/lib/librsx.a(commands.o)
 *fill*         0x0000000000013dc4        0x4 60000000
 .text.rsxSetZMinMaxControlUnsafe
                0x0000000000013dc8       0x3c /usr/local/ps3dev/ppu/lib/librsx.a(commands.o)
 *fill*         0x0000000000013e04        0x4 60000000
 .text.rsxSetDepthBoundsTestEnableUnsafe
                0x0000000000013e08       0x2c /usr/local/ps3dev/ppu/lib/librsx.a(commands.o)
 *fill*         0x0000000000013e34        0x4 60000000
 .text.rsxSetDepthBoundsUnsafe
                0x0000000000013e38       0x40 /usr/local/ps3dev/ppu/lib/librsx.a(commands.o)
 .text.rsxBindVertexArrayAttribUnsafe
                0x0000000000013e78       0x60 /usr/local/ps3dev/ppu/lib/librsx.a(commands.o)
 .text.rsxDrawVertexArrayUnsafe
                0x0000000000013ed8      0x1e4 /usr/local/ps3dev/ppu/lib/librsx.a(commands.o)
 *fill*         0x00000000000140bc        0x4 60000000
 .text.rsxDrawInlineVertexArrayUnsafe
                0x00000000000140c0      0x1a0 /usr/local/ps3dev/ppu/lib/librsx.a(commands.o)
 .text.rsxDrawIndexArrayUnsafe
                0x0000000000014260      0x23c /usr/local/ps3dev/ppu/lib/librsx.a(commands.o)
 *fill*         0x000000000001449c        0x4 60000000
 .text.rsxDrawInlineIndexArray16Unsafe
                0x00000000000144a0      0x208 /usr/local/ps3dev/ppu/lib/librsx.a(commands.o)
 .text.rsxDrawInlineIndexArray32Unsafe
                0x00000000000146a8      0x1a8 /usr/local/ps3dev/ppu/lib/librsx.a(commands.o)
 .text.rsxSetRestartIndexEnableUnsafe
                0x0000000000014850       0x2c /usr/local/ps3dev/ppu/lib/librsx.a(commands.o)
 *fill*         0x000000000001487c        0x4 60000000
 .text.rsxSetRestartIndexUnsafe
                0x0000000000014880       0x2c /usr/local/ps3dev/ppu/lib/librsx.a(commands.o)
 *fill*         0x00000000000148ac        0x4 60000000
 .text.rsxSetScissorUnsafe
                0x00000000000148b0       0x40 /usr/local/ps3dev/ppu/lib/librsx.a(commands.o)
 .text.rsxSetAntialiasingControlUnsafe
                0x00000000000148f0       0x44 /usr/local/ps3dev/ppu/lib/librsx.a(commands.o)
 *fill*         0x0000000000014934        0x4 60000000
 .text.rsxInlineTransferUnsafe
                0x0000000000014938      0x18c /usr/local/ps3dev/ppu/lib/librsx.a(commands.o)
 *fill*         0x0000000000014ac4        0x4 60000000
 .text.rsxSetFragmentProgramParameterUnsafe
                0x0000000000014ac8      0x5d8 /usr/local/ps3dev/ppu/lib/librsx.a(commands.o)
 .text.rsxSetAlphaFuncUnsafe
                0x00000000000150a0       0x30 /usr/local/ps3dev/ppu/lib/librsx.a(commands.o)
 .text.rsxSetAlphaTestEnableUnsafe
                0x00000000000150d0       0x2c /usr/local/ps3dev/ppu/lib/librsx.a(commands.o)
 *fill*         0x00000000000150fc        0x4 60000000
 .text.rsxSetBlendFuncUnsafe
                0x0000000000015100       0x40 /usr/local/ps3dev/ppu/lib/librsx.a(commands.o)
 .text.rsxSetBlendEquationUnsafe
                0x0000000000015140       0x34 /usr/local/ps3dev/ppu/lib/librsx.a(commands.o)
 *fill*         0x0000000000015174        0x4 60000000
 .text.rsxSetBlendColorUnsafe
                0x0000000000015178       0x3c /usr/local/ps3dev/ppu/lib/librsx.a(commands.o)
 *fill*         0x00000000000151b4        0x4 60000000
 .text.rsxSetBlendEnableUnsafe
                0x00000000000151b8       0x2c /usr/local/ps3dev/ppu/lib/librsx.a(commands.o)
 *fill*         0x00000000000151e4        0x4 60000000
 .text.rsxSetBlendOptimizationUnsafe
                0x00000000000151e8       0x2c /usr/local/ps3dev/ppu/lib/librsx.a(commands.o)
 *fill*         0x0000000000015214        0x4 60000000
 .text.rsxSetBlendEnableMrtUnsafe
                0x0000000000015218       0x40 /usr/local/ps3dev/ppu/lib/librsx.a(commands.o)
 .text.rsxSetLogicOpUnsafe
                0x0000000000015258       0x2c /usr/local/ps3dev/ppu/lib/librsx.a(commands.o)
 *fill*         0x0000000000015284        0x4 60000000
 .text.rsxSetLogicOpEnableUnsafe
                0x0000000000015288       0x2c /usr/local/ps3dev/ppu/lib/librsx.a(commands.o)
 *fill*         0x00000000000152b4        0x4 60000000
 .text.rsxSetFogModeUnsafe
                0x00000000000152b8       0x2c /usr/local/ps3dev/ppu/lib/librsx.a(commands.o)
 *fill*         0x00000000000152e4        0x4 60000000
 .text.rsxSetFogParamsUnsafe
                0x00000000000152e8       0x40 /usr/local/ps3dev/ppu/lib/librsx.a(commands.o)
 .text.rsxSetTransformBranchBitsUnsafe
                0x0000000000015328       0x2c /usr/local/ps3dev/ppu/lib/librsx.a(commands.o)
 *fill*         0x0000000000015354        0x4 60000000
 .text.rsxSetPointSpriteControlUnsafe
                0x0000000000015358       0x48 /usr/local/ps3dev/ppu/lib/librsx.a(commands.o)
 .text.rsxSetPointSizeUnsafe
                0x00000000000153a0       0x34 /usr/local/ps3dev/ppu/lib/librsx.a(commands.o)
 *fill*         0x00000000000153d4        0x4 60000000
 .text.rsxSetTransferDataUnsafe
                0x00000000000153d8      0x1a4 /usr/local/ps3dev/ppu/lib/librsx.a(commands.o)
 *fill*         0x000000000001557c        0x4 60000000
 .text.rsxSetTransferDataModeUnsafe
                0x0000000000015580       0x70 /usr/local/ps3dev/ppu/lib/librsx.a(commands.o)
 .text.rsxSetTransferDataOffsetUnsafe
                0x00000000000155f0       0x5c /usr/local/ps3dev/ppu/lib/librsx.a(commands.o)
 *fill*         0x000000000001564c        0x4 60000000
 .text.rsxSetTransferDataFormatUnsafe
                0x0000000000015650       0x44 /usr/local/ps3dev/ppu/lib/librsx.a(commands.o)
 *fill*         0x0000000000015694        0x4 60000000
 .text.rsxSetTransferImageUnsafe
                0x0000000000015698      0x4ac /usr/local/ps3dev/ppu/lib/librsx.a(commands.o)
 *fill*         0x0000000000015b44        0x4 60000000
 .text.rsxSetTransferScaleModeUnsafe
                0x0000000000015b48       0xe8 /usr/local/ps3dev/ppu/lib/librsx.a(commands.o)
 .text.rsxSetTransferScaleSurfaceUnsafe
                0x0000000000015c30      0x140 /usr/local/ps3dev/ppu/lib/librsx.a(commands.o)
 .text.rsxSetTransferScaleSwizzleUnsafe
                0x0000000000015d70      0x140 /usr/local/ps3dev/ppu/lib/librsx.a(commands.o)
 .text.rsxSetTimeStampUnsafe
                0x0000000000015eb0       0x34 /usr/local/ps3dev/ppu/lib/librsx.a(commands.o)
 *fill*         0x0000000000015ee4        0x4 60000000
 .text.rsxSetWaitForIdleUnsafe
                0x0000000000015ee8       0x2c /usr/local/ps3dev/ppu/lib/librsx.a(commands.o)
 *fill*         0x0000000000015f14        0x4 60000000
 .text.rsxContextCallback
                0x0000000000015f18       0x50 /usr/local/ps3dev/ppu/lib/librsx.a(commands.o)
 .text.rsxSetReturnCommand
                0x0000000000015f68       0x90 /usr/local/ps3dev/ppu/lib/librsx.a(commands.o)
 .text.rsxSetCallCommand
                0x0000000000015ff8       0x9c /usr/local/ps3dev/ppu/lib/librsx.a(commands.o)
 *fill*         0x0000000000016094        0x4 60000000
 .text.rsxSetJumpCommand
                0x0000000000016098       0x9c /usr/local/ps3dev/ppu/lib/librsx.a(commands.o)
 *fill*         0x0000000000016134        0x4 60000000
 .text.rsxSetNopCommand
                0x0000000000016138      0x118 /usr/local/ps3dev/ppu/lib/librsx.a(commands.o)
 .text.rsxSetSkipNop
                0x0000000000016250       0xc0 /usr/local/ps3dev/ppu/lib/librsx.a(commands.o)
 .text.rsxSetClearColor
                0x0000000000016310       0xa4 /usr/local/ps3dev/ppu/lib/librsx.a(commands.o)
 *fill*         0x00000000000163b4        0x4 60000000
 .text.rsxSetClearDepthStencil
                0x00000000000163b8       0xa4 /usr/local/ps3dev/ppu/lib/librsx.a(commands.o)
 *fill*         0x000000000001645c        0x4 60000000
 .text.rsxSetReferenceCommand
                0x0000000000016460       0xa4 /usr/local/ps3dev/ppu/lib/librsx.a(commands.o)
 *fill*         0x0000000000016504        0x4 60000000
 .text.rsxSetWriteBackendLabel
                0x0000000000016508       0xd8 /usr/local/ps3dev/ppu/lib/librsx.a(commands.o)
 .text.rsxSetWriteTextureLabel
                0x00000000000165e0       0xbc /usr/local/ps3dev/ppu/lib/librsx.a(commands.o)
 *fill*         0x000000000001669c        0x4 60000000
 .text.rsxSetWaitLabel
                0x00000000000166a0       0xbc /usr/local/ps3dev/ppu/lib/librsx.a(commands.o)
 *fill*         0x000000000001675c        0x4 60000000
 .text.rsxSetWriteCommandLabel
                0x0000000000016760       0xbc /usr/local/ps3dev/ppu/lib/librsx.a(commands.o)
 *fill*         0x000000000001681c        0x4 60000000
 .text.rsxSetSurface
                0x0000000000016820      0x254 /usr/local/ps3dev/ppu/lib/librsx.a(commands.o)
 *fill*         0x0000000000016a74        0x4 60000000
 .text.rsxSetColorMask
                0x0000000000016a78       0xa4 /usr/local/ps3dev/ppu/lib/librsx.a(commands.o)
 *fill*         0x0000000000016b1c        0x4 60000000
 .text.rsxSetColorMaskMrt
                0x0000000000016b20       0xa4 /usr/local/ps3dev/ppu/lib/librsx.a(commands.o)
 *fill*         0x0000000000016bc4        0x4 60000000
 .text.rsxSetShadeModel
                0x0000000000016bc8       0xa4 /usr/local/ps3dev/ppu/lib/librsx.a(commands.o)
 *fill*         0x0000000000016c6c        0x4 60000000
 .text.rsxSetViewport
                0x0000000000016c70      0x1e8 /usr/local/ps3dev/ppu/lib/librsx.a(commands.o)
 .text.rsxSetViewportClip
                0x0000000000016e58       0xcc /usr/local/ps3dev/ppu/lib/librsx.a(commands.o)
 *fill*         0x0000000000016f24        0x4 60000000
 .text.rsxSetUserClipPlaneControl
                0x0000000000016f28       0xf4 /usr/local/ps3dev/ppu/lib/librsx.a(commands.o)
 *fill*         0x000000000001701c        0x4 60000000
 .text.rsxSetDepthTestEnable
                0x0000000000017020       0xa4 /usr/local/ps3dev/ppu/lib/librsx.a(commands.o)
 *fill*         0x00000000000170c4        0x4 60000000
 .text.rsxSetDepthFunc
                0x00000000000170c8       0xa4 /usr/local/ps3dev/ppu/lib/librsx.a(commands.o)
 *fill*         0x000000000001716c        0x4 60000000
 .text.rsxSetDepthWriteEnable
                0x0000000000017170       0xa4 /usr/local/ps3dev/ppu/lib/librsx.a(commands.o)
 *fill*         0x0000000000017214        0x4 60000000
 .text.rsxSetDepthFormat
                0x0000000000017218       0xac /usr/local/ps3dev/ppu/lib/librsx.a(commands.o)
 *fill*         0x00000000000172c4        0x4 60000000
 .text.rsxSetCullFaceEnable
                0x00000000000172c8       0xa4 /usr/local/ps3dev/ppu/lib/librsx.a(commands.o)
 *fill*         0x000000000001736c        0x4 60000000
 .text.rsxSetCullFace
                0x0000000000017370       0xa4 /usr/local/ps3dev/ppu/lib/librsx.a(commands.o)
 *fill*         0x0000000000017414        0x4 60000000
 .text.rsxSetFrontFace
                0x0000000000017418       0xa4 /usr/local/ps3dev/ppu/lib/librsx.a(commands.o)
 *fill*         0x00000000000174bc        0x4 60000000
 .text.rsxSetFrontPolygonMode
                0x00000000000174c0       0xa4 /usr/local/ps3dev/ppu/lib/librsx.a(commands.o)
 *fill*         0x0000000000017564        0x4 60000000
 .text.rsxSetBackPolygonMode
                0x0000000000017568       0xa4 /usr/local/ps3dev/ppu/lib/librsx.a(commands.o)
 *fill*         0x000000000001760c        0x4 60000000
 .text.rsxSetPolygonOffsetFillEnable
                0x0000000000017610       0xa4 /usr/local/ps3dev/ppu/lib/librsx.a(commands.o)
 *fill*         0x00000000000176b4        0x4 60000000
 .text.rsxSetPolygonOffset
                0x00000000000176b8       0xc0 /usr/local/ps3dev/ppu/lib/librsx.a(commands.o)
 .text.rsxSetPolygonOffsetLineEnable
                0x0000000000017778       0xa4 /usr/local/ps3dev/ppu/lib/librsx.a(commands.o)
 *fill*         0x000000000001781c        0x4 60000000
 .text.rsxClearSurface
                0x0000000000017820       0xb4 /usr/local/ps3dev/ppu/lib/librsx.a(commands.o)
 *fill*         0x00000000000178d4        0x4 60000000
 .text.rsxSetCylindricalWrap
                0x00000000000178d8       0xa4 /usr/local/ps3dev/ppu/lib/librsx.a(commands.o)
 *fill*         0x000000000001797c        0x4 60000000
 .text.rsxSetTwoSideLightEnable
                0x0000000000017980       0xa4 /usr/local/ps3dev/ppu/lib/librsx.a(commands.o)
 *fill*         0x0000000000017a24        0x4 60000000
 .text.rsxSetStencilFunc
                0x0000000000017a28       0xbc /usr/local/ps3dev/ppu/lib/librsx.a(commands.o)
 *fill*         0x0000000000017ae4        0x4 60000000
 .text.rsxSetStencilMask
                0x0000000000017ae8       0xa4 /usr/local/ps3dev/ppu/lib/librsx.a(commands.o)
 *fill*         0x0000000000017b8c        0x4 60000000
 .text.rsxSetStencilOp
                0x0000000000017b90       0xbc /usr/local/ps3dev/ppu/lib/librsx.a(commands.o)
 *fill*         0x0000000000017c4c        0x4 60000000
 .text.rsxSetStencilTestEnable
                0x0000000000017c50       0xa4 /usr/local/ps3dev/ppu/lib/librsx.a(commands.o)
 *fill*         0x0000000000017cf4        0x4 60000000
 .text.rsxSetBackStencilFunc
                0x0000000000017cf8       0xbc /usr/local/ps3dev/ppu/lib/librsx.a(commands.o)
 *fill*         0x0000000000017db4        0x4 60000000
 .text.rsxSetBackStencilMask
                0x0000000000017db8       0xa4 /usr/local/ps3dev/ppu/lib/librsx.a(commands.o)
 *fill*         0x0000000000017e5c        0x4 60000000
 .text.rsxSetBackStencilOp
                0x0000000000017e60       0xbc /usr/local/ps3dev/ppu/lib/librsx.a(commands.o)
 *fill*         0x0000000000017f1c        0x4 60000000
 .text.rsxSetTwoSidedStencilTestEnable
                0x0000000000017f20       0xa4 /usr/local/ps3dev/ppu/lib/librsx.a(commands.o)
 *fill*         0x0000000000017fc4        0x4 60000000
 .text.rsxSetRenderEnable
                0x0000000000017fc8      0x124 /usr/local/ps3dev/ppu/lib/librsx.a(commands.o)
 *fill*         0x00000000000180ec        0x4 60000000
 .text.rsxSetReport
                0x00000000000180f0       0xc0 /usr/local/ps3dev/ppu/lib/librsx.a(commands.o)
 .text.rsxSetClearReport
                0x00000000000181b0       0xa4 /usr/local/ps3dev/ppu/lib/librsx.a(commands.o)
 *fill*         0x0000000000018254        0x4 60000000
 .text.rsxSetZPixelCountEnable
                0x0000000000018258       0xa4 /usr/local/ps3dev/ppu/lib/librsx.a(commands.o)
 *fill*         0x00000000000182fc        0x4 60000000
 .text.rsxSetSCullControl
                0x0000000000018300       0xc4 /usr/local/ps3dev/ppu/lib/librsx.a(commands.o)
 *fill*         0x00000000000183c4        0x4 60000000
 .text.rsxSetZCullLimit
                0x00000000000183c8       0xb4 /usr/local/ps3dev/ppu/lib/librsx.a(commands.o)
 *fill*         0x000000000001847c        0x4 60000000
 .text.rsxSetZCullStatsEnable
                0x0000000000018480       0xa4 /usr/local/ps3dev/ppu/lib/librsx.a(commands.o)
 *fill*         0x0000000000018524        0x4 60000000
 .text.rsxSetZCullControl
                0x0000000000018528       0xb4 /usr/local/ps3dev/ppu/lib/librsx.a(commands.o)
 *fill*         0x00000000000185dc        0x4 60000000
 .text.rsxSetClearZCullSurface
                0x00000000000185e0       0xb4 /usr/local/ps3dev/ppu/lib/librsx.a(commands.o)
 *fill*         0x0000000000018694        0x4 60000000
 .text.rsxSetZCullEnable
                0x0000000000018698       0xb4 /usr/local/ps3dev/ppu/lib/librsx.a(commands.o)
 *fill*         0x000000000001874c        0x4 60000000
 .text.rsxSetZCullInvalidate
                0x0000000000018750       0x98 /usr/local/ps3dev/ppu/lib/librsx.a(commands.o)
 .text.rsxSetPolygonSmoothEnable
                0x00000000000187e8       0xa4 /usr/local/ps3dev/ppu/lib/librsx.a(commands.o)
 *fill*         0x000000000001888c        0x4 60000000
 .text.rsxSetDitherEnable
                0x0000000000018890       0xa4 /usr/local/ps3dev/ppu/lib/librsx.a(commands.o)
 *fill*         0x0000000000018934        0x4 60000000
 .text.rsxLoadVertexProgramBlock
                0x0000000000018938      0x384 /usr/local/ps3dev/ppu/lib/librsx.a(commands.o)
 *fill*         0x0000000000018cbc        0x4 60000000
 .text.rsxLoadFragmentProgramLocation
                0x0000000000018cc0      0x228 /usr/local/ps3dev/ppu/lib/librsx.a(commands.o)
 .text.rsxUpdateFragmentProgramLocation
                0x0000000000018ee8       0xbc /usr/local/ps3dev/ppu/lib/librsx.a(commands.o)
 *fill*         0x0000000000018fa4        0x4 60000000
 .text.rsxSetFragmentProgramControl
                0x0000000000018fa8       0xd4 /usr/local/ps3dev/ppu/lib/librsx.a(commands.o)
 *fill*         0x000000000001907c        0x4 60000000
 .text.rsxLoadVertexProgramParameterBlock
                0x0000000000019080      0x320 /usr/local/ps3dev/ppu/lib/librsx.a(commands.o)
 .text.rsxLoadVertexProgram
                0x00000000000193a0       0xec /usr/local/ps3dev/ppu/lib/librsx.a(commands.o)
 *fill*         0x000000000001948c        0x4 60000000
 .text.rsxSetVertexProgramParameter
                0x0000000000019490      0x218 /usr/local/ps3dev/ppu/lib/librsx.a(commands.o)
 .text.rsxSetVertexProgramConstants
                0x00000000000196a8      0x29c /usr/local/ps3dev/ppu/lib/librsx.a(commands.o)
 *fill*         0x0000000000019944        0x4 60000000
 .text.rsxSetVertexAttribOutputMask
                0x0000000000019948       0xa4 /usr/local/ps3dev/ppu/lib/librsx.a(commands.o)
 *fill*         0x00000000000199ec        0x4 60000000
 .text.rsxSetFragmentProgramGammaEnable
                0x00000000000199f0       0xa4 /usr/local/ps3dev/ppu/lib/librsx.a(commands.o)
 *fill*         0x0000000000019a94        0x4 60000000
 .text.rsxDrawVertexBegin
                0x0000000000019a98       0xa4 /usr/local/ps3dev/ppu/lib/librsx.a(commands.o)
 *fill*         0x0000000000019b3c        0x4 60000000
 .text.rsxDrawVertexEnd
                0x0000000000019b40       0x98 /usr/local/ps3dev/ppu/lib/librsx.a(commands.o)
 .text.rsxDrawVertex1f
                0x0000000000019bd8       0xc0 /usr/local/ps3dev/ppu/lib/librsx.a(commands.o)
 .text.rsxDrawVertex2f
                0x0000000000019c98       0xbc /usr/local/ps3dev/ppu/lib/librsx.a(commands.o)
 *fill*         0x0000000000019d54        0x4 60000000
 .text.rsxDrawVertex3f
                0x0000000000019d58       0xbc /usr/local/ps3dev/ppu/lib/librsx.a(commands.o)
 *fill*         0x0000000000019e14        0x4 60000000
 .text.rsxDrawVertex4f
                0x0000000000019e18       0xbc /usr/local/ps3dev/ppu/lib/librsx.a(commands.o)
 *fill*         0x0000000000019ed4        0x4 60000000
 .text.rsxDrawVertex4s
                0x0000000000019ed8       0xdc /usr/local/ps3dev/ppu/lib/librsx.a(commands.o)
 *fill*         0x0000000000019fb4        0x4 60000000
 .text.rsxDrawVertexScaled4s
                0x0000000000019fb8       0xdc /usr/local/ps3dev/ppu/lib/librsx.a(commands.o)
 *fill*         0x000000000001a094        0x4 60000000
 .text.rsxDrawVertex2s
                0x000000000001a098       0xc4 /usr/local/ps3dev/ppu/lib/librsx.a(commands.o)
 *fill*         0x000000000001a15c        0x4 60000000
 .text.rsxDrawVertex4ub
                0x000000000001a160       0xb4 /usr/local/ps3dev/ppu/lib/librsx.a(commands.o)
 *fill*         0x000000000001a214        0x4 60000000
 .text.rsxSetFrequencyDividerOperation
                0x000000000001a218       0xa4 /usr/local/ps3dev/ppu/lib/librsx.a(commands.o)
 *fill*         0x000000000001a2bc        0x4 60000000
 .text.rsxInvalidateVertexCache
                0x000000000001a2c0       0xb0 /usr/local/ps3dev/ppu/lib/librsx.a(commands.o)
 .text.rsxInvalidateTextureCache
                0x000000000001a370       0xa4 /usr/local/ps3dev/ppu/lib/librsx.a(commands.o)
 *fill*         0x000000000001a414        0x4 60000000
 .text.rsxLoadTexture
                0x000000000001a418      0x144 /usr/local/ps3dev/ppu/lib/librsx.a(commands.o)
 *fill*         0x000000000001a55c        0x4 60000000
 .text.rsxLoadVertexTexture
                0x000000000001a560      0x134 /usr/local/ps3dev/ppu/lib/librsx.a(commands.o)
 *fill*         0x000000000001a694        0x4 60000000
 .text.rsxTextureControl
                0x000000000001a698       0xe4 /usr/local/ps3dev/ppu/lib/librsx.a(commands.o)
 *fill*         0x000000000001a77c        0x4 60000000
 .text.rsxVertexTextureControl
                0x000000000001a780       0xd4 /usr/local/ps3dev/ppu/lib/librsx.a(commands.o)
 *fill*         0x000000000001a854        0x4 60000000
 .text.rsxTextureFilter
                0x000000000001a858       0xdc /usr/local/ps3dev/ppu/lib/librsx.a(commands.o)
 *fill*         0x000000000001a934        0x4 60000000
 .text.rsxVertexTextureFilter
                0x000000000001a938       0xb4 /usr/local/ps3dev/ppu/lib/librsx.a(commands.o)
 *fill*         0x000000000001a9ec        0x4 60000000
 .text.rsxTextureWrapMode
                0x000000000001a9f0      0x104 /usr/local/ps3dev/ppu/lib/librsx.a(commands.o)
 *fill*         0x000000000001aaf4        0x4 60000000
 .text.rsxVertexTextureWrapMode
                0x000000000001aaf8       0xc4 /usr/local/ps3dev/ppu/lib/librsx.a(commands.o)
 *fill*         0x000000000001abbc        0x4 60000000
 .text.rsxTextureBorderColor
                0x000000000001abc0       0xb4 /usr/local/ps3dev/ppu/lib/librsx.a(commands.o)
 *fill*         0x000000000001ac74        0x4 60000000
 .text.rsxVertexTextureBorderColor
                0x000000000001ac78       0xb4 /usr/local/ps3dev/ppu/lib/librsx.a(commands.o)
 *fill*         0x000000000001ad2c        0x4 60000000
 .text.rsxTextureOptimization
                0x000000000001ad30       0xd4 /usr/local/ps3dev/ppu/lib/librsx.a(commands.o)
 *fill*         0x000000000001ae04        0x4 60000000
 .text.rsxTextureAnisoSpread
                0x000000000001ae08       0xe0 /usr/local/ps3dev/ppu/lib/librsx.a(commands.o)
 .text.rsxSetZMinMaxControl
                0x000000000001aee8       0xc4 /usr/local/ps3dev/ppu/lib/librsx.a(commands.o)
 *fill*         0x000000000001afac        0x4 60000000
 .text.rsxSetDepthBoundsTestEnable
                0x000000000001afb0       0xa4 /usr/local/ps3dev/ppu/lib/librsx.a(commands.o)
 *fill*         0x000000000001b054        0x4 60000000
 .text.rsxSetDepthBounds
                0x000000000001b058       0xc0 /usr/local/ps3dev/ppu/lib/librsx.a(commands.o)
 .text.rsxBindVertexArrayAttrib
                0x000000000001b118      0x10c /usr/local/ps3dev/ppu/lib/librsx.a(commands.o)
 *fill*         0x000000000001b224        0x4 60000000
 .text.rsxDrawVertexArray
                0x000000000001b228      0x2ec /usr/local/ps3dev/ppu/lib/librsx.a(commands.o)
 *fill*         0x000000000001b514        0x4 60000000
 .text.rsxDrawInlineVertexArray
                0x000000000001b518      0x294 /usr/local/ps3dev/ppu/lib/librsx.a(commands.o)
 *fill*         0x000000000001b7ac        0x4 60000000
 .text.rsxDrawIndexArray
                0x000000000001b7b0      0x398 /usr/local/ps3dev/ppu/lib/librsx.a(commands.o)
 .text.rsxDrawInlineIndexArray16
                0x000000000001bb48      0x334 /usr/local/ps3dev/ppu/lib/librsx.a(commands.o)
 *fill*         0x000000000001be7c        0x4 60000000
 .text.rsxDrawInlineIndexArray32
                0x000000000001be80      0x29c /usr/local/ps3dev/ppu/lib/librsx.a(commands.o)
 *fill*         0x000000000001c11c        0x4 60000000
 .text.rsxSetRestartIndexEnable
                0x000000000001c120       0xa4 /usr/local/ps3dev/ppu/lib/librsx.a(commands.o)
 *fill*         0x000000000001c1c4        0x4 60000000
 .text.rsxSetRestartIndex
                0x000000000001c1c8       0xa4 /usr/local/ps3dev/ppu/lib/librsx.a(commands.o)
 *fill*         0x000000000001c26c        0x4 60000000
 .text.rsxSetScissor
                0x000000000001c270       0xd4 /usr/local/ps3dev/ppu/lib/librsx.a(commands.o)
 *fill*         0x000000000001c344        0x4 60000000
 .text.rsxSetAntialiasingControl
                0x000000000001c348       0xd4 /usr/local/ps3dev/ppu/lib/librsx.a(commands.o)
 *fill*         0x000000000001c41c        0x4 60000000
 .text.rsxInlineTransfer
                0x000000000001c420      0x23c /usr/local/ps3dev/ppu/lib/librsx.a(commands.o)
 *fill*         0x000000000001c65c        0x4 60000000
 .text.rsxSetFragmentProgramParameter
                0x000000000001c660      0x5d8 /usr/local/ps3dev/ppu/lib/librsx.a(commands.o)
 .text.rsxSetAlphaFunc
                0x000000000001cc38       0xb4 /usr/local/ps3dev/ppu/lib/librsx.a(commands.o)
 *fill*         0x000000000001ccec        0x4 60000000
 .text.rsxSetAlphaTestEnable
                0x000000000001ccf0       0xa4 /usr/local/ps3dev/ppu/lib/librsx.a(commands.o)
 *fill*         0x000000000001cd94        0x4 60000000
 .text.rsxSetBlendFunc
                0x000000000001cd98       0xd4 /usr/local/ps3dev/ppu/lib/librsx.a(commands.o)
 *fill*         0x000000000001ce6c        0x4 60000000
 .text.rsxSetBlendEquation
                0x000000000001ce70       0xb4 /usr/local/ps3dev/ppu/lib/librsx.a(commands.o)
 *fill*         0x000000000001cf24        0x4 60000000
 .text.rsxSetBlendColor
                0x000000000001cf28       0xbc /usr/local/ps3dev/ppu/lib/librsx.a(commands.o)
 *fill*         0x000000000001cfe4        0x4 60000000
 .text.rsxSetBlendEnable
                0x000000000001cfe8       0xa4 /usr/local/ps3dev/ppu/lib/librsx.a(commands.o)
 *fill*         0x000000000001d08c        0x4 60000000
 .text.rsxSetBlendOptimization
                0x000000000001d090       0xa4 /usr/local/ps3dev/ppu/lib/librsx.a(commands.o)
 *fill*         0x000000000001d134        0x4 60000000
 .text.rsxSetBlendEnableMrt
                0x000000000001d138       0xcc /usr/local/ps3dev/ppu/lib/librsx.a(commands.o)
 *fill*         0x000000000001d204        0x4 60000000
 .text.rsxSetLogicOp
                0x000000000001d208       0xa4 /usr/local/ps3dev/ppu/lib/librsx.a(commands.o)
 *fill*         0x000000000001d2ac        0x4 60000000
 .text.rsxSetLogicOpEnable
                0x000000000001d2b0       0xa4 /usr/local/ps3dev/ppu/lib/librsx.a(commands.o)
 *fill*         0x000000000001d354        0x4 60000000
 .text.rsxSetFogMode
                0x000000000001d358       0xa4 /usr/local/ps3dev/ppu/lib/librsx.a(commands.o)
 *fill*         0x000000000001d3fc        0x4 60000000
 .text.rsxSetFogParams
                0x000000000001d400       0xc0 /usr/local/ps3dev/ppu/lib/librsx.a(commands.o)
 .text.rsxSetTransformBranchBits
                0x000000000001d4c0       0xa4 /usr/local/ps3dev/ppu/lib/librsx.a(commands.o)
 *fill*         0x000000000001d564        0x4 60000000
 .text.rsxSetPointSpriteControl
                0x000000000001d568       0xd4 /usr/local/ps3dev/ppu/lib/librsx.a(commands.o)
 *fill*         0x000000000001d63c        0x4 60000000
 .text.rsxSetPointSize
                0x000000000001d640       0xac /usr/local/ps3dev/ppu/lib/librsx.a(commands.o)
 *fill*         0x000000000001d6ec        0x4 60000000
 .text.rsxSetTransferData
                0x000000000001d6f0      0x244 /usr/local/ps3dev/ppu/lib/librsx.a(commands.o)
 *fill*         0x000000000001d934        0x4 60000000
 .text.rsxSetConvertSwizzleFormatUnsafe
                0x000000000001d938      0x7a8 /usr/local/ps3dev/ppu/lib/librsx.a(commands.o)
 .text.rsxSetTransferDataMode
                0x000000000001e0e0       0xec /usr/local/ps3dev/ppu/lib/librsx.a(commands.o)
 *fill*         0x000000000001e1cc        0x4 60000000
 .text.rsxSetTransferDataOffset
                0x000000000001e1d0      0x12c /usr/local/ps3dev/ppu/lib/librsx.a(commands.o)
 *fill*         0x000000000001e2fc        0x4 60000000
 .text.rsxSetTransferDataFormat
                0x000000000001e300       0xe4 /usr/local/ps3dev/ppu/lib/librsx.a(commands.o)
 *fill*         0x000000000001e3e4        0x4 60000000
 .text.rsxSetTransferImage
                0x000000000001e3e8      0x43c /usr/local/ps3dev/ppu/lib/librsx.a(commands.o)
 *fill*         0x000000000001e824        0x4 60000000
 .text.rsxSetTransferScaleMode
                0x000000000001e828      0x178 /usr/local/ps3dev/ppu/lib/librsx.a(commands.o)
 .text.rsxSetTransferScaleSurface
                0x000000000001e9a0      0x1bc /usr/local/ps3dev/ppu/lib/librsx.a(commands.o)
 *fill*         0x000000000001eb5c        0x4 60000000
 .text.rsxSetTransferScaleSwizzle
                0x000000000001eb60      0x1bc /usr/local/ps3dev/ppu/lib/librsx.a(commands.o)
 *fill*         0x000000000001ed1c        0x4 60000000
 .text.rsxSetConvertSwizzleFormat
                0x000000000001ed20      0x750 /usr/local/ps3dev/ppu/lib/librsx.a(commands.o)
 .text.rsxSetTimeStamp
                0x000000000001f470       0xac /usr/local/ps3dev/ppu/lib/librsx.a(commands.o)
 *fill*         0x000000000001f51c        0x4 60000000
 .text.rsxSetWaitForIdle
                0x000000000001f520       0x98 /usr/local/ps3dev/ppu/lib/librsx.a(commands.o)
 .text          0x000000000001f5b8        0x0 /usr/local/ps3dev/ppu/lib/librsx.a(mm.o)
 .text.rsxHeapInit
                0x000000000001f5b8       0x80 /usr/local/ps3dev/ppu/lib/librsx.a(mm.o)
 .text.rsxMemalign
                0x000000000001f638       0x58 /usr/local/ps3dev/ppu/lib/librsx.a(mm.o)
 .text.rsxMalloc
                0x000000000001f690       0x58 /usr/local/ps3dev/ppu/lib/librsx.a(mm.o)
 .text.rsxFree  0x000000000001f6e8       0x48 /usr/local/ps3dev/ppu/lib/librsx.a(mm.o)
 .text          0x000000000001f730        0x0 /usr/local/ps3dev/ppu/lib/librsx.a(vertex_program.o)
 .text.rsxVertexProgramGetUCode
                0x000000000001f730       0x28 /usr/local/ps3dev/ppu/lib/librsx.a(vertex_program.o)
 .text.rsxVertexProgramGetNumConst
                0x000000000001f758       0x14 /usr/local/ps3dev/ppu/lib/librsx.a(vertex_program.o)
 *fill*         0x000000000001f76c        0x4 60000000
 .text.rsxVertexProgramGetNumAttrib
                0x000000000001f770       0x14 /usr/local/ps3dev/ppu/lib/librsx.a(vertex_program.o)
 *fill*         0x000000000001f784        0x4 60000000
 .text.rsxVertexProgramGetConsts
                0x000000000001f788       0x30 /usr/local/ps3dev/ppu/lib/librsx.a(vertex_program.o)
 .text.rsxVertexProgramGetConst
                0x000000000001f7b8       0x74 /usr/local/ps3dev/ppu/lib/librsx.a(vertex_program.o)
 *fill*         0x000000000001f82c        0x4 60000000
 .text.rsxVertexProgramGetAttribs
                0x000000000001f830       0x30 /usr/local/ps3dev/ppu/lib/librsx.a(vertex_program.o)
 .text.rsxVertexProgramGetAttrib
                0x000000000001f860       0x30 /usr/local/ps3dev/ppu/lib/librsx.a(vertex_program.o)
 .text          0x000000000001f890        0x0 /usr/local/ps3dev/ppu/lib/librsx.a(fragment_program.o)
 .text.rsxFragmentProgramGetUCode
                0x000000000001f890       0x28 /usr/local/ps3dev/ppu/lib/librsx.a(fragment_program.o)
 .text.rsxFragmentProgramGetNumConst
                0x000000000001f8b8       0x14 /usr/local/ps3dev/ppu/lib/librsx.a(fragment_program.o)
 *fill*         0x000000000001f8cc        0x4 60000000
 .text.rsxFragmentProgramGetConsts
                0x000000000001f8d0       0x30 /usr/local/ps3dev/ppu/lib/librsx.a(fragment_program.o)
 .text.rsxFragmentProgramGetConst
                0x000000000001f900       0x74 /usr/local/ps3dev/ppu/lib/librsx.a(fragment_program.o)
 *fill*         0x000000000001f974        0x4 60000000
 .text.rsxFragmentProgramGetNumAttrib
                0x000000000001f978       0x14 /usr/local/ps3dev/ppu/lib/librsx.a(fragment_program.o)
 *fill*         0x000000000001f98c        0x4 60000000
 .text.rsxFragmentProgramGetAttribs
                0x000000000001f990       0x30 /usr/local/ps3dev/ppu/lib/librsx.a(fragment_program.o)
 .text.rsxFragmentProgramGetAttrib
                0x000000000001f9c0       0x30 /usr/local/ps3dev/ppu/lib/librsx.a(fragment_program.o)
 .text.rsxFragmentProgramGetConstOffsetTable
                0x000000000001f9f0       0x14 /usr/local/ps3dev/ppu/lib/librsx.a(fragment_program.o)
 .text          0x000000000001fa04        0x0 /usr/local/ps3dev/ppu/lib/librsx.a(rsx_internal.o)
 *fill*         0x000000000001fa04        0x4 60000000
 .text.__rsxGetAttrs
                0x000000000001fa08       0x18 /usr/local/ps3dev/ppu/lib/librsx.a(rsx_internal.o)
 .text.__rsxGetAttr
                0x000000000001fa20       0xcc /usr/local/ps3dev/ppu/lib/librsx.a(rsx_internal.o)
 *fill*         0x000000000001faec        0x4 60000000
 .text.__rsxGetConsts
                0x000000000001faf0       0x18 /usr/local/ps3dev/ppu/lib/librsx.a(rsx_internal.o)
 .text.__rsxGetConstIndex
                0x000000000001fb08       0xbc /usr/local/ps3dev/ppu/lib/librsx.a(rsx_internal.o)
 .text          0x000000000001fbc4        0x0 /usr/local/ps3dev/ppu/lib/libsysutil.a(sprx.o)
 .text          0x000000000001fbc4        0x0 /usr/local/ps3dev/ppu/lib/libio.a(sprx.o)
 .text          0x000000000001fbc4        0x0 /usr/local/ps3dev/ppu/lib/librt.a(sbrk.o)
 *fill*         0x000000000001fbc4        0x4 60000000
 .text.startup.sbrk_init
                0x000000000001fbc8       0xb8 /usr/local/ps3dev/ppu/lib/librt.a(sbrk.o)
 .text.sbrk_deinit
                0x000000000001fc80       0xc8 /usr/local/ps3dev/ppu/lib/librt.a(sbrk.o)
 .text.__librt_sbrk_r
                0x000000000001fd48      0x2f4 /usr/local/ps3dev/ppu/lib/librt.a(sbrk.o)
 .text          0x000000000002003c        0x0 /usr/local/ps3dev/ppu/lib/librt.a(exit.o)
 *fill*         0x000000000002003c        0x4 60000000
 .text.__librt_exit
                0x0000000000020040       0x30 /usr/local/ps3dev/ppu/lib/librt.a(exit.o)
 .text          0x0000000000020070        0x0 /usr/local/ps3dev/ppu/lib/librt.a(close.o)
 .text.__librt_close_r
                0x0000000000020070       0x88 /usr/local/ps3dev/ppu/lib/librt.a(close.o)
 .text          0x00000000000200f8        0x0 /usr/local/ps3dev/ppu/lib/librt.a(lseek.o)
 .text.__librt_lseek_r
                0x00000000000200f8       0x8c /usr/local/ps3dev/ppu/lib/librt.a(lseek.o)
 *fill*         0x0000000000020184        0x4 60000000
 .text.__librt_lseek64_r
                0x0000000000020188       0x10 /usr/local/ps3dev/ppu/lib/librt.a(lseek.o)
 .text          0x0000000000020198        0x0 /usr/local/ps3dev/ppu/lib/librt.a(read.o)
 .text.__librt_read_r
                0x0000000000020198      0x10c /usr/local/ps3dev/ppu/lib/librt.a(read.o)
 .text          0x00000000000202a4        0x0 /usr/local/ps3dev/ppu/lib/librt.a(open.o)
 *fill*         0x00000000000202a4        0x4 60000000
 .text.__librt_open_r
                0x00000000000202a8      0x180 /usr/local/ps3dev/ppu/lib/librt.a(open.o)
 .text          0x0000000000020428        0x0 /usr/local/ps3dev/ppu/lib/librt.a(sleep.o)
 .text.__librt_usleep_r
                0x0000000000020428       0x50 /usr/local/ps3dev/ppu/lib/librt.a(sleep.o)
 .text.__librt_sleep_r
                0x0000000000020478       0x6c /usr/local/ps3dev/ppu/lib/librt.a(sleep.o)
 .text          0x00000000000204e4        0x0 /usr/local/ps3dev/ppu/lib/librt.a(write.o)
 *fill*         0x00000000000204e4        0x4 60000000
 .text.__librt_write_r
                0x00000000000204e8      0x104 /usr/local/ps3dev/ppu/lib/librt.a(write.o)
 .text          0x00000000000205ec        0x0 /usr/local/ps3dev/ppu/lib/librt.a(fstat.o)
 *fill*         0x00000000000205ec        0x4 60000000
 .text.__librt_fstat_r
                0x00000000000205f0       0xd0 /usr/local/ps3dev/ppu/lib/librt.a(fstat.o)
 .text.__librt_fstat64_r
                0x00000000000206c0       0x10 /usr/local/ps3dev/ppu/lib/librt.a(fstat.o)
 .text.__librt_stat_r
                0x00000000000206d0       0xd0 /usr/local/ps3dev/ppu/lib/librt.a(fstat.o)
 .text.__librt_stat64_r
                0x00000000000207a0       0x10 /usr/local/ps3dev/ppu/lib/librt.a(fstat.o)
 .text          0x00000000000207b0        0x0 /usr/local/ps3dev/ppu/lib/librt.a(socket.o)
 .text.accept   0x00000000000207b0       0xe0 /usr/local/ps3dev/ppu/lib/librt.a(socket.o)
 .text.bind     0x0000000000020890       0x44 /usr/local/ps3dev/ppu/lib/librt.a(socket.o)
 *fill*         0x00000000000208d4        0x4 60000000
 .text.connect  0x00000000000208d8       0x44 /usr/local/ps3dev/ppu/lib/librt.a(socket.o)
 *fill*         0x000000000002091c        0x4 60000000
 .text.listen   0x0000000000020920       0x44 /usr/local/ps3dev/ppu/lib/librt.a(socket.o)
 *fill*         0x0000000000020964        0x4 60000000
 .text.socket   0x0000000000020968       0x5c /usr/local/ps3dev/ppu/lib/librt.a(socket.o)
 *fill*         0x00000000000209c4        0x4 60000000
 .text.send     0x00000000000209c8       0x4c /usr/local/ps3dev/ppu/lib/librt.a(socket.o)
 *fill*         0x0000000000020a14        0x4 60000000
 .text.sendto   0x0000000000020a18       0x44 /usr/local/ps3dev/ppu/lib/librt.a(socket.o)
 *fill*         0x0000000000020a5c        0x4 60000000
 .text.recv     0x0000000000020a60       0x4c /usr/local/ps3dev/ppu/lib/librt.a(socket.o)
 *fill*         0x0000000000020aac        0x4 60000000
 .text.recvfrom
                0x0000000000020ab0       0xd8 /usr/local/ps3dev/ppu/lib/librt.a(socket.o)
 .text.shutdown
                0x0000000000020b88       0x44 /usr/local/ps3dev/ppu/lib/librt.a(socket.o)
 *fill*         0x0000000000020bcc        0x4 60000000
 .text.inet_aton
                0x0000000000020bd0       0xbc /usr/local/ps3dev/ppu/lib/librt.a(socket.o)
 *fill*         0x0000000000020c8c        0x4 60000000
 .text.inet_pton
                0x0000000000020c90       0x48 /usr/local/ps3dev/ppu/lib/librt.a(socket.o)
 .text.select   0x0000000000020cd8       0x3c /usr/local/ps3dev/ppu/lib/librt.a(socket.o)
 *fill*         0x0000000000020d14        0x4 60000000
 .text.closesocket
                0x0000000000020d18       0x44 /usr/local/ps3dev/ppu/lib/librt.a(socket.o)
 .text          0x0000000000020d5c        0x0 /usr/local/ps3dev/ppu/lib/librt.a(lock.o)
 *fill*         0x0000000000020d5c        0x4 60000000
 .text.__librt_sys_lwmutex_create_r
                0x0000000000020d60       0x38 /usr/local/ps3dev/ppu/lib/librt.a(lock.o)
 .text.__librt_sys_lwmutex_destroy_r
                0x0000000000020d98       0x34 /usr/local/ps3dev/ppu/lib/librt.a(lock.o)
 *fill*         0x0000000000020dcc        0x4 60000000
 .text.__librt_sys_lwmutex_lock_r
                0x0000000000020dd0       0x38 /usr/local/ps3dev/ppu/lib/librt.a(lock.o)
 .text.__librt_sys_lwmutex_trylock_r
                0x0000000000020e08       0x34 /usr/local/ps3dev/ppu/lib/librt.a(lock.o)
 *fill*         0x0000000000020e3c        0x4 60000000
 .text.__librt_sys_lwmutex_unlock_r
                0x0000000000020e40       0x34 /usr/local/ps3dev/ppu/lib/librt.a(lock.o)
 .text          0x0000000000020e74        0x0 /usr/local/ps3dev/ppu/lib/librt.a(dirent.o)
 *fill*         0x0000000000020e74        0x4 60000000
 .text.readdir_i
                0x0000000000020e78      0x10c /usr/local/ps3dev/ppu/lib/librt.a(dirent.o)
 *fill*         0x0000000000020f84        0x4 60000000
 .text.__librt_opendir_r
                0x0000000000020f88      0x114 /usr/local/ps3dev/ppu/lib/librt.a(dirent.o)
 *fill*         0x000000000002109c        0x4 60000000
 .text.__librt_readdir_r
                0x00000000000210a0       0x84 /usr/local/ps3dev/ppu/lib/librt.a(dirent.o)
 *fill*         0x0000000000021124        0x4 60000000
 .text.__librt_readdir_r_r
                0x0000000000021128       0x58 /usr/local/ps3dev/ppu/lib/librt.a(dirent.o)
 .text.__librt_closedir_r
                0x0000000000021180       0x84 /usr/local/ps3dev/ppu/lib/librt.a(dirent.o)
 *fill*         0x0000000000021204        0x4 60000000
 .text.__librt_telldir_r
                0x0000000000021208       0x24 /usr/local/ps3dev/ppu/lib/librt.a(dirent.o)
 *fill*         0x000000000002122c        0x4 60000000
 .text.__librt_rewinddir_r
                0x0000000000021230       0x18 /usr/local/ps3dev/ppu/lib/librt.a(dirent.o)
 .text.__librt_seekdir_r
                0x0000000000021248       0x18 /usr/local/ps3dev/ppu/lib/librt.a(dirent.o)
 .text          0x0000000000021260        0x0 /usr/local/ps3dev/ppu/lib/librt.a(mkdir.o)
 .text.__librt_mkdir_r
                0x0000000000021260       0x60 /usr/local/ps3dev/ppu/lib/librt.a(mkdir.o)
 .text          0x00000000000212c0        0x0 /usr/local/ps3dev/ppu/lib/librt.a(times.o)
 .text.__librt_times_r
                0x00000000000212c0       0x1c /usr/local/ps3dev/ppu/lib/librt.a(times.o)
 .text          0x00000000000212dc        0x0 /usr/local/ps3dev/ppu/lib/librt.a(umask.o)
 *fill*         0x00000000000212dc        0x4 60000000
 .text.__librt_umask_r
                0x00000000000212e0       0x20 /usr/local/ps3dev/ppu/lib/librt.a(umask.o)
 .text          0x0000000000021300        0x0 /usr/local/ps3dev/ppu/lib/librt.a(lv2errno.o)
 .text.lv2error
                0x0000000000021300      0x434 /usr/local/ps3dev/ppu/lib/librt.a(lv2errno.o)
 *fill*         0x0000000000021734        0x4 60000000
 .text.lv2errno
                0x0000000000021738       0x68 /usr/local/ps3dev/ppu/lib/librt.a(lv2errno.o)
 .text.lv2errno_r
                0x00000000000217a0       0x58 /usr/local/ps3dev/ppu/lib/librt.a(lv2errno.o)
 .text          0x00000000000217f8        0x0 /usr/local/ps3dev/ppu/lib/librt.a(heap.o)
 .text.__heap_block_split.isra.2
                0x00000000000217f8      0x104 /usr/local/ps3dev/ppu/lib/librt.a(heap.o)
 *fill*         0x00000000000218fc        0x4 60000000
 .text.heapInit
                0x0000000000021900      0x128 /usr/local/ps3dev/ppu/lib/librt.a(heap.o)
 .text.heapAllocateAligned
                0x0000000000021a28      0x230 /usr/local/ps3dev/ppu/lib/librt.a(heap.o)
 .text.heapAllocate
                0x0000000000021c58       0x14 /usr/local/ps3dev/ppu/lib/librt.a(heap.o)
 *fill*         0x0000000000021c6c        0x4 60000000
 .text.heapFree
                0x0000000000021c70      0x1fc /usr/local/ps3dev/ppu/lib/librt.a(heap.o)
 .text          0x0000000000021e6c        0x0 /usr/local/ps3dev/ppu/lib/librt.a(chmod.o)
 *fill*         0x0000000000021e6c        0x4 60000000
 .text.__librt_chmod_r
                0x0000000000021e70       0x54 /usr/local/ps3dev/ppu/lib/librt.a(chmod.o)
 .text          0x0000000000021ec4        0x0 /usr/local/ps3dev/ppu/lib/librt.a(rename.o)
 *fill*         0x0000000000021ec4        0x4 60000000
 .text.__librt_rename_r
                0x0000000000021ec8       0x54 /usr/local/ps3dev/ppu/lib/librt.a(rename.o)
 .text          0x0000000000021f1c        0x0 /usr/local/ps3dev/ppu/lib/librt.a(rmdir.o)
 *fill*         0x0000000000021f1c        0x4 60000000
 .text.__librt_rmdir_r
                0x0000000000021f20       0x50 /usr/local/ps3dev/ppu/lib/librt.a(rmdir.o)
 .text          0x0000000000021f70        0x0 /usr/local/ps3dev/ppu/lib/librt.a(isatty.o)
 .text.__librt_isatty_r
                0x0000000000021f70       0x2c /usr/local/ps3dev/ppu/lib/librt.a(isatty.o)
 .text          0x0000000000021f9c        0x0 /usr/local/ps3dev/ppu/lib/librt.a(gettod.o)
 *fill*         0x0000000000021f9c        0x4 60000000
 .text.__librt_gettod_r
                0x0000000000021fa0       0xb8 /usr/local/ps3dev/ppu/lib/librt.a(gettod.o)
 .text          0x0000000000022058        0x0 /usr/local/ps3dev/ppu/lib/librt.a(settod.o)
 .text.__librt_settod_r
                0x0000000000022058       0x58 /usr/local/ps3dev/ppu/lib/librt.a(settod.o)
 .text          0x00000000000220b0        0x0 /usr/local/ps3dev/ppu/lib/librt.a(unlink.o)
 .text.__librt_unlink_r
                0x00000000000220b0       0x50 /usr/local/ps3dev/ppu/lib/librt.a(unlink.o)
 .text          0x0000000000022100        0x0 /usr/local/ps3dev/ppu/lib/librt.a(link.o)
 .text.__librt_link_r
                0x0000000000022100       0x54 /usr/local/ps3dev/ppu/lib/librt.a(link.o)
 .text          0x0000000000022154        0x0 /usr/local/ps3dev/ppu/lib/librt.a(truncate.o)
 *fill*         0x0000000000022154        0x4 60000000
 .text.__librt_truncate_r
                0x0000000000022158       0x54 /usr/local/ps3dev/ppu/lib/librt.a(truncate.o)
 *fill*         0x00000000000221ac        0x4 60000000
 .text.__librt_ftruncate_r
                0x00000000000221b0       0x54 /usr/local/ps3dev/ppu/lib/librt.a(truncate.o)
 .text          0x0000000000022204        0x0 /usr/local/ps3dev/ppu/lib/librt.a(fsync.o)
 *fill*         0x0000000000022204        0x4 60000000
 .text.__librt_fsync_r
                0x0000000000022208       0x50 /usr/local/ps3dev/ppu/lib/librt.a(fsync.o)
 .text          0x0000000000022258        0x0 /usr/local/ps3dev/ppu/lib/librt.a(utime.o)
 .text.__librt_utime_r
                0x0000000000022258       0xbc /usr/local/ps3dev/ppu/lib/librt.a(utime.o)
 .text          0x0000000000022314        0x0 /usr/local/ps3dev/ppu/lib/librt.a(globfile.o)
 *fill*         0x0000000000022314        0x4 60000000
 .text.resolve_path
                0x0000000000022318      0x188 /usr/local/ps3dev/ppu/lib/librt.a(globfile.o)
 .text.flattenDirectory.constprop.0
                0x00000000000224a0      0x2d0 /usr/local/ps3dev/ppu/lib/librt.a(globfile.o)
 .text.startup.__glob_file_init
                0x0000000000022770       0x3c /usr/local/ps3dev/ppu/lib/librt.a(globfile.o)
 *fill*         0x00000000000227ac        0x4 60000000
 .text.__full_path
                0x00000000000227b0      0x12c /usr/local/ps3dev/ppu/lib/librt.a(globfile.o)
 *fill*         0x00000000000228dc        0x4 60000000
 .text.__librt_chdir_r
                0x00000000000228e0       0xbc /usr/local/ps3dev/ppu/lib/librt.a(globfile.o)
 *fill*         0x000000000002299c        0x4 60000000
 .text.__librt_getcwd_r
                0x00000000000229a0       0xc0 /usr/local/ps3dev/ppu/lib/librt.a(globfile.o)
 .text          0x0000000000022a60        0x0 /usr/local/ps3dev/ppu/lib/liblv2.a(sprx.o)
 .text          0x0000000000022a60        0x0 /usr/local/ps3dev/ppu/lib/gcc/powerpc64-ps3-elf/7.2.0/../../../../powerpc64-ps3-elf/lib/libsysbase.a(syscalls.o)
 .text          0x0000000000022a60        0x0 /usr/local/ps3dev/ppu/lib/gcc/powerpc64-ps3-elf/7.2.0/../../../../powerpc64-ps3-elf/lib/libsysbase.a(sleep.o)
 .text.usleep   0x0000000000022a60       0x80 /usr/local/ps3dev/ppu/lib/gcc/powerpc64-ps3-elf/7.2.0/../../../../powerpc64-ps3-elf/lib/libsysbase.a(sleep.o)
 .text.sleep    0x0000000000022ae0       0x84 /usr/local/ps3dev/ppu/lib/gcc/powerpc64-ps3-elf/7.2.0/../../../../powerpc64-ps3-elf/lib/libsysbase.a(sleep.o)
 .text          0x0000000000022b64        0x0 /usr/local/ps3dev/ppu/lib/gcc/powerpc64-ps3-elf/7.2.0/../../../../powerpc64-ps3-elf/lib/libc.a(lib_a-calloc.o)
 *fill*         0x0000000000022b64        0x4 60000000
 .text.calloc   0x0000000000022b68       0x58 /usr/local/ps3dev/ppu/lib/gcc/powerpc64-ps3-elf/7.2.0/../../../../powerpc64-ps3-elf/lib/libc.a(lib_a-calloc.o)
 .text          0x0000000000022bc0        0x0 /usr/local/ps3dev/ppu/lib/gcc/powerpc64-ps3-elf/7.2.0/../../../../powerpc64-ps3-elf/lib/libc.a(lib_a-callocr.o)
 .text._calloc_r
                0x0000000000022bc0       0xdc /usr/local/ps3dev/ppu/lib/gcc/powerpc64-ps3-elf/7.2.0/../../../../powerpc64-ps3-elf/lib/libc.a(lib_a-callocr.o)
 .text          0x0000000000022c9c        0x0 /usr/local/ps3dev/ppu/lib/gcc/powerpc64-ps3-elf/7.2.0/../../../../powerpc64-ps3-elf/lib/libc.a(lib_a-errno.o)
 *fill*         0x0000000000022c9c        0x4 60000000
 .text.__errno  0x0000000000022ca0       0x30 /usr/local/ps3dev/ppu/lib/gcc/powerpc64-ps3-elf/7.2.0/../../../../powerpc64-ps3-elf/lib/libc.a(lib_a-errno.o)
 .text          0x0000000000022cd0        0x0 /usr/local/ps3dev/ppu/lib/gcc/powerpc64-ps3-elf/7.2.0/../../../../powerpc64-ps3-elf/lib/libc.a(lib_a-exit.o)
 .text.exit     0x0000000000022cd0       0x68 /usr/local/ps3dev/ppu/lib/gcc/powerpc64-ps3-elf/7.2.0/../../../../powerpc64-ps3-elf/lib/libc.a(lib_a-exit.o)
 .text          0x0000000000022d38        0x0 /usr/local/ps3dev/ppu/lib/gcc/powerpc64-ps3-elf/7.2.0/../../../../powerpc64-ps3-elf/lib/libc.a(lib_a-fclose.o)
 .text._fclose_r
                0x0000000000022d38      0x1e8 /usr/local/ps3dev/ppu/lib/gcc/powerpc64-ps3-elf/7.2.0/../../../../powerpc64-ps3-elf/lib/libc.a(lib_a-fclose.o)
 .text.fclose   0x0000000000022f20       0x40 /usr/local/ps3dev/ppu/lib/gcc/powerpc64-ps3-elf/7.2.0/../../../../powerpc64-ps3-elf/lib/libc.a(lib_a-fclose.o)
 .text          0x0000000000022f60        0x0 /usr/local/ps3dev/ppu/lib/gcc/powerpc64-ps3-elf/7.2.0/../../../../powerpc64-ps3-elf/lib/libc.a(lib_a-fflush.o)
 .text.__sflush_r
                0x0000000000022f60      0x3d0 /usr/local/ps3dev/ppu/lib/gcc/powerpc64-ps3-elf/7.2.0/../../../../powerpc64-ps3-elf/lib/libc.a(lib_a-fflush.o)
 .text._fflush_r
                0x0000000000023330      0x124 /usr/local/ps3dev/ppu/lib/gcc/powerpc64-ps3-elf/7.2.0/../../../../powerpc64-ps3-elf/lib/libc.a(lib_a-fflush.o)
 *fill*         0x0000000000023454        0x4 60000000
 .text.fflush   0x0000000000023458       0x70 /usr/local/ps3dev/ppu/lib/gcc/powerpc64-ps3-elf/7.2.0/../../../../powerpc64-ps3-elf/lib/libc.a(lib_a-fflush.o)
 .text          0x00000000000234c8        0x0 /usr/local/ps3dev/ppu/lib/gcc/powerpc64-ps3-elf/7.2.0/../../../../powerpc64-ps3-elf/lib/libc.a(lib_a-findfp.o)
 .text._cleanup_r
                0x00000000000234c8       0x34 /usr/local/ps3dev/ppu/lib/gcc/powerpc64-ps3-elf/7.2.0/../../../../powerpc64-ps3-elf/lib/libc.a(lib_a-findfp.o)
 *fill*         0x00000000000234fc        0x4 60000000
 .text.__fp_lock
                0x0000000000023500       0x50 /usr/local/ps3dev/ppu/lib/gcc/powerpc64-ps3-elf/7.2.0/../../../../powerpc64-ps3-elf/lib/libc.a(lib_a-findfp.o)
 .text.__fp_unlock
                0x0000000000023550       0x50 /usr/local/ps3dev/ppu/lib/gcc/powerpc64-ps3-elf/7.2.0/../../../../powerpc64-ps3-elf/lib/libc.a(lib_a-findfp.o)
 .text.std.isra.0
                0x00000000000235a0       0x9c /usr/local/ps3dev/ppu/lib/gcc/powerpc64-ps3-elf/7.2.0/../../../../powerpc64-ps3-elf/lib/libc.a(lib_a-findfp.o)
 *fill*         0x000000000002363c        0x4 60000000
 .text.__sfmoreglue
                0x0000000000023640       0x88 /usr/local/ps3dev/ppu/lib/gcc/powerpc64-ps3-elf/7.2.0/../../../../powerpc64-ps3-elf/lib/libc.a(lib_a-findfp.o)
 .text._cleanup
                0x00000000000236c8       0x3c /usr/local/ps3dev/ppu/lib/gcc/powerpc64-ps3-elf/7.2.0/../../../../powerpc64-ps3-elf/lib/libc.a(lib_a-findfp.o)
 *fill*         0x0000000000023704        0x4 60000000
 .text.__sinit  0x0000000000023708       0xbc /usr/local/ps3dev/ppu/lib/gcc/powerpc64-ps3-elf/7.2.0/../../../../powerpc64-ps3-elf/lib/libc.a(lib_a-findfp.o)
 *fill*         0x00000000000237c4        0x4 60000000
 .text.__sfp    0x00000000000237c8      0x190 /usr/local/ps3dev/ppu/lib/gcc/powerpc64-ps3-elf/7.2.0/../../../../powerpc64-ps3-elf/lib/libc.a(lib_a-findfp.o)
 .text.__sfp_lock_acquire
                0x0000000000023958       0x34 /usr/local/ps3dev/ppu/lib/gcc/powerpc64-ps3-elf/7.2.0/../../../../powerpc64-ps3-elf/lib/libc.a(lib_a-findfp.o)
 *fill*         0x000000000002398c        0x4 60000000
 .text.__sfp_lock_release
                0x0000000000023990       0x34 /usr/local/ps3dev/ppu/lib/gcc/powerpc64-ps3-elf/7.2.0/../../../../powerpc64-ps3-elf/lib/libc.a(lib_a-findfp.o)
 *fill*         0x00000000000239c4        0x4 60000000
 .text.__sinit_lock_acquire
                0x00000000000239c8       0x34 /usr/local/ps3dev/ppu/lib/gcc/powerpc64-ps3-elf/7.2.0/../../../../powerpc64-ps3-elf/lib/libc.a(lib_a-findfp.o)
 *fill*         0x00000000000239fc        0x4 60000000
 .text.__sinit_lock_release
                0x0000000000023a00       0x34 /usr/local/ps3dev/ppu/lib/gcc/powerpc64-ps3-elf/7.2.0/../../../../powerpc64-ps3-elf/lib/libc.a(lib_a-findfp.o)
 *fill*         0x0000000000023a34        0x4 60000000
 .text.__fp_lock_all
                0x0000000000023a38       0x48 /usr/local/ps3dev/ppu/lib/gcc/powerpc64-ps3-elf/7.2.0/../../../../powerpc64-ps3-elf/lib/libc.a(lib_a-findfp.o)
 .text.__fp_unlock_all
                0x0000000000023a80       0x48 /usr/local/ps3dev/ppu/lib/gcc/powerpc64-ps3-elf/7.2.0/../../../../powerpc64-ps3-elf/lib/libc.a(lib_a-findfp.o)
 .text          0x0000000000023ac8        0x0 /usr/local/ps3dev/ppu/lib/gcc/powerpc64-ps3-elf/7.2.0/../../../../powerpc64-ps3-elf/lib/libc.a(lib_a-fopen.o)
 .text._fopen_r
                0x0000000000023ac8      0x1cc /usr/local/ps3dev/ppu/lib/gcc/powerpc64-ps3-elf/7.2.0/../../../../powerpc64-ps3-elf/lib/libc.a(lib_a-fopen.o)
 *fill*         0x0000000000023c94        0x4 60000000
 .text.fopen    0x0000000000023c98       0x50 /usr/local/ps3dev/ppu/lib/gcc/powerpc64-ps3-elf/7.2.0/../../../../powerpc64-ps3-elf/lib/libc.a(lib_a-fopen.o)
 .text          0x0000000000023ce8        0x0 /usr/local/ps3dev/ppu/lib/gcc/powerpc64-ps3-elf/7.2.0/../../../../powerpc64-ps3-elf/lib/libc.a(lib_a-fread.o)
 .text._fread_r
                0x0000000000023ce8      0x39c /usr/local/ps3dev/ppu/lib/gcc/powerpc64-ps3-elf/7.2.0/../../../../powerpc64-ps3-elf/lib/libc.a(lib_a-fread.o)
 *fill*         0x0000000000024084        0x4 60000000
 .text.fread    0x0000000000024088       0x70 /usr/local/ps3dev/ppu/lib/gcc/powerpc64-ps3-elf/7.2.0/../../../../powerpc64-ps3-elf/lib/libc.a(lib_a-fread.o)
 .text          0x00000000000240f8        0x0 /usr/local/ps3dev/ppu/lib/gcc/powerpc64-ps3-elf/7.2.0/../../../../powerpc64-ps3-elf/lib/libc.a(lib_a-freer.o)
 .text._malloc_trim_r
                0x00000000000240f8      0x15c /usr/local/ps3dev/ppu/lib/gcc/powerpc64-ps3-elf/7.2.0/../../../../powerpc64-ps3-elf/lib/libc.a(lib_a-freer.o)
 *fill*         0x0000000000024254        0x4 60000000
 .text._free_r  0x0000000000024258      0x3b0 /usr/local/ps3dev/ppu/lib/gcc/powerpc64-ps3-elf/7.2.0/../../../../powerpc64-ps3-elf/lib/libc.a(lib_a-freer.o)
 .text          0x0000000000024608        0x0 /usr/local/ps3dev/ppu/lib/gcc/powerpc64-ps3-elf/7.2.0/../../../../powerpc64-ps3-elf/lib/libc.a(lib_a-fseek.o)
 .text._fseek_r
                0x0000000000024608      0x6c4 /usr/local/ps3dev/ppu/lib/gcc/powerpc64-ps3-elf/7.2.0/../../../../powerpc64-ps3-elf/lib/libc.a(lib_a-fseek.o)
 *fill*         0x0000000000024ccc        0x4 60000000
 .text.fseek    0x0000000000024cd0       0x60 /usr/local/ps3dev/ppu/lib/gcc/powerpc64-ps3-elf/7.2.0/../../../../powerpc64-ps3-elf/lib/libc.a(lib_a-fseek.o)
 .text          0x0000000000024d30        0x0 /usr/local/ps3dev/ppu/lib/gcc/powerpc64-ps3-elf/7.2.0/../../../../powerpc64-ps3-elf/lib/libc.a(lib_a-ftell.o)
 .text._ftell_r
                0x0000000000024d30      0x248 /usr/local/ps3dev/ppu/lib/gcc/powerpc64-ps3-elf/7.2.0/../../../../powerpc64-ps3-elf/lib/libc.a(lib_a-ftell.o)
 .text.ftell    0x0000000000024f78       0x40 /usr/local/ps3dev/ppu/lib/gcc/powerpc64-ps3-elf/7.2.0/../../../../powerpc64-ps3-elf/lib/libc.a(lib_a-ftell.o)
 .text          0x0000000000024fb8        0x0 /usr/local/ps3dev/ppu/lib/gcc/powerpc64-ps3-elf/7.2.0/../../../../powerpc64-ps3-elf/lib/libc.a(lib_a-fwalk.o)
 .text._fwalk   0x0000000000024fb8      0x100 /usr/local/ps3dev/ppu/lib/gcc/powerpc64-ps3-elf/7.2.0/../../../../powerpc64-ps3-elf/lib/libc.a(lib_a-fwalk.o)
 .text._fwalk_reent
                0x00000000000250b8      0x110 /usr/local/ps3dev/ppu/lib/gcc/powerpc64-ps3-elf/7.2.0/../../../../powerpc64-ps3-elf/lib/libc.a(lib_a-fwalk.o)
 .text          0x00000000000251c8        0x0 /usr/local/ps3dev/ppu/lib/gcc/powerpc64-ps3-elf/7.2.0/../../../../powerpc64-ps3-elf/lib/libc.a(lib_a-getreent.o)
 .text.__getreent
                0x00000000000251c8      0x1b4 /usr/local/ps3dev/ppu/lib/gcc/powerpc64-ps3-elf/7.2.0/../../../../powerpc64-ps3-elf/lib/libc.a(lib_a-getreent.o)
 .text          0x000000000002537c        0x0 /usr/local/ps3dev/ppu/lib/gcc/powerpc64-ps3-elf/7.2.0/../../../../powerpc64-ps3-elf/lib/libc.a(lib_a-impure.o)
 .text          0x000000000002537c        0x0 /usr/local/ps3dev/ppu/lib/gcc/powerpc64-ps3-elf/7.2.0/../../../../powerpc64-ps3-elf/lib/libc.a(lib_a-lock_recursive.o)
 *fill*         0x000000000002537c        0x4 60000000
 .text.__libc_lock_init_recursive
                0x0000000000025380       0x34 /usr/local/ps3dev/ppu/lib/gcc/powerpc64-ps3-elf/7.2.0/../../../../powerpc64-ps3-elf/lib/libc.a(lib_a-lock_recursive.o)
 *fill*         0x00000000000253b4        0x4 60000000
 .text.__libc_lock_close_recursive
                0x00000000000253b8       0x30 /usr/local/ps3dev/ppu/lib/gcc/powerpc64-ps3-elf/7.2.0/../../../../powerpc64-ps3-elf/lib/libc.a(lib_a-lock_recursive.o)
 .text.__libc_lock_acquire_recursive
                0x00000000000253e8       0x58 /usr/local/ps3dev/ppu/lib/gcc/powerpc64-ps3-elf/7.2.0/../../../../powerpc64-ps3-elf/lib/libc.a(lib_a-lock_recursive.o)
 .text.__libc_lock_try_acquire_recursive
                0x0000000000025440       0x54 /usr/local/ps3dev/ppu/lib/gcc/powerpc64-ps3-elf/7.2.0/../../../../powerpc64-ps3-elf/lib/libc.a(lib_a-lock_recursive.o)
 *fill*         0x0000000000025494        0x4 60000000
 .text.__libc_lock_release_recursive
                0x0000000000025498       0x54 /usr/local/ps3dev/ppu/lib/gcc/powerpc64-ps3-elf/7.2.0/../../../../powerpc64-ps3-elf/lib/libc.a(lib_a-lock_recursive.o)
 .text          0x00000000000254ec        0x0 /usr/local/ps3dev/ppu/lib/gcc/powerpc64-ps3-elf/7.2.0/../../../../powerpc64-ps3-elf/lib/libc.a(lib_a-makebuf.o)
 *fill*         0x00000000000254ec        0x4 60000000
 .text.__smakebuf_r
                0x00000000000254f0      0x1f4 /usr/local/ps3dev/ppu/lib/gcc/powerpc64-ps3-elf/7.2.0/../../../../powerpc64-ps3-elf/lib/libc.a(lib_a-makebuf.o)
 .text          0x00000000000256e4        0x0 /usr/local/ps3dev/ppu/lib/gcc/powerpc64-ps3-elf/7.2.0/../../../../powerpc64-ps3-elf/lib/libc.a(lib_a-malign.o)
 *fill*         0x00000000000256e4        0x4 60000000
 .text.memalign
                0x00000000000256e8       0x58 /usr/local/ps3dev/ppu/lib/gcc/powerpc64-ps3-elf/7.2.0/../../../../powerpc64-ps3-elf/lib/libc.a(lib_a-malign.o)
 .text          0x0000000000025740        0x0 /usr/local/ps3dev/ppu/lib/gcc/powerpc64-ps3-elf/7.2.0/../../../../powerpc64-ps3-elf/lib/libc.a(lib_a-malignr.o)
 .text._memalign_r
                0x0000000000025740      0x224 /usr/local/ps3dev/ppu/lib/gcc/powerpc64-ps3-elf/7.2.0/../../../../powerpc64-ps3-elf/lib/libc.a(lib_a-malignr.o)
 .text          0x0000000000025964        0x0 /usr/local/ps3dev/ppu/lib/gcc/powerpc64-ps3-elf/7.2.0/../../../../powerpc64-ps3-elf/lib/libc.a(lib_a-malloc.o)
 *fill*         0x0000000000025964        0x4 60000000
 .text.malloc   0x0000000000025968       0x48 /usr/local/ps3dev/ppu/lib/gcc/powerpc64-ps3-elf/7.2.0/../../../../powerpc64-ps3-elf/lib/libc.a(lib_a-malloc.o)
 .text.free     0x00000000000259b0       0x48 /usr/local/ps3dev/ppu/lib/gcc/powerpc64-ps3-elf/7.2.0/../../../../powerpc64-ps3-elf/lib/libc.a(lib_a-malloc.o)
 .text          0x00000000000259f8        0x0 /usr/local/ps3dev/ppu/lib/gcc/powerpc64-ps3-elf/7.2.0/../../../../powerpc64-ps3-elf/lib/libc.a(lib_a-mallocr.o)
 .text._malloc_r
                0x00000000000259f8      0x9e4 /usr/local/ps3dev/ppu/lib/gcc/powerpc64-ps3-elf/7.2.0/../../../../powerpc64-ps3-elf/lib/libc.a(lib_a-mallocr.o)
 .text          0x00000000000263dc        0x0 /usr/local/ps3dev/ppu/lib/gcc/powerpc64-ps3-elf/7.2.0/../../../../powerpc64-ps3-elf/lib/libc.a(lib_a-memcpy.o)
 *fill*         0x00000000000263dc        0x4 60000000
 .text.memcpy   0x00000000000263e0      0x11c /usr/local/ps3dev/ppu/lib/gcc/powerpc64-ps3-elf/7.2.0/../../../../powerpc64-ps3-elf/lib/libc.a(lib_a-memcpy.o)
 .text          0x00000000000264fc        0x0 /usr/local/ps3dev/ppu/lib/gcc/powerpc64-ps3-elf/7.2.0/../../../../powerpc64-ps3-elf/lib/libc.a(lib_a-memset.o)
 *fill*         0x00000000000264fc        0x4 60000000
 .text.memset   0x0000000000026500      0x138 /usr/local/ps3dev/ppu/lib/gcc/powerpc64-ps3-elf/7.2.0/../../../../powerpc64-ps3-elf/lib/libc.a(lib_a-memset.o)
 .text          0x0000000000026638        0x0 /usr/local/ps3dev/ppu/lib/gcc/powerpc64-ps3-elf/7.2.0/../../../../powerpc64-ps3-elf/lib/libc.a(lib_a-mlock.o)
 .text.__malloc_lock
                0x0000000000026638       0x34 /usr/local/ps3dev/ppu/lib/gcc/powerpc64-ps3-elf/7.2.0/../../../../powerpc64-ps3-elf/lib/libc.a(lib_a-mlock.o)
 *fill*         0x000000000002666c        0x4 60000000
 .text.__malloc_unlock
                0x0000000000026670       0x34 /usr/local/ps3dev/ppu/lib/gcc/powerpc64-ps3-elf/7.2.0/../../../../powerpc64-ps3-elf/lib/libc.a(lib_a-mlock.o)
 .text          0x00000000000266a4        0x0 /usr/local/ps3dev/ppu/lib/gcc/powerpc64-ps3-elf/7.2.0/../../../../powerpc64-ps3-elf/lib/libc.a(lib_a-printf.o)
 *fill*         0x00000000000266a4        0x4 60000000
 .text._printf_r
                0x00000000000266a8       0x54 /usr/local/ps3dev/ppu/lib/gcc/powerpc64-ps3-elf/7.2.0/../../../../powerpc64-ps3-elf/lib/libc.a(lib_a-printf.o)
 *fill*         0x00000000000266fc        0x4 60000000
 .text.printf   0x0000000000026700       0x6c /usr/local/ps3dev/ppu/lib/gcc/powerpc64-ps3-elf/7.2.0/../../../../powerpc64-ps3-elf/lib/libc.a(lib_a-printf.o)
 .text          0x000000000002676c        0x0 /usr/local/ps3dev/ppu/lib/gcc/powerpc64-ps3-elf/7.2.0/../../../../powerpc64-ps3-elf/lib/libc.a(lib_a-puts.o)
 *fill*         0x000000000002676c        0x4 60000000
 .text._puts_r  0x0000000000026770       0xfc /usr/local/ps3dev/ppu/lib/gcc/powerpc64-ps3-elf/7.2.0/../../../../powerpc64-ps3-elf/lib/libc.a(lib_a-puts.o)
 *fill*         0x000000000002686c        0x4 60000000
 .text.puts     0x0000000000026870       0x40 /usr/local/ps3dev/ppu/lib/gcc/powerpc64-ps3-elf/7.2.0/../../../../powerpc64-ps3-elf/lib/libc.a(lib_a-puts.o)
 .text          0x00000000000268b0        0x0 /usr/local/ps3dev/ppu/lib/gcc/powerpc64-ps3-elf/7.2.0/../../../../powerpc64-ps3-elf/lib/libc.a(lib_a-realloc.o)
 .text.realloc  0x00000000000268b0       0x58 /usr/local/ps3dev/ppu/lib/gcc/powerpc64-ps3-elf/7.2.0/../../../../powerpc64-ps3-elf/lib/libc.a(lib_a-realloc.o)
 .text          0x0000000000026908        0x0 /usr/local/ps3dev/ppu/lib/gcc/powerpc64-ps3-elf/7.2.0/../../../../powerpc64-ps3-elf/lib/libc.a(lib_a-reallocr.o)
 .text._realloc_r
                0x0000000000026908      0x6c4 /usr/local/ps3dev/ppu/lib/gcc/powerpc64-ps3-elf/7.2.0/../../../../powerpc64-ps3-elf/lib/libc.a(lib_a-reallocr.o)
 .text          0x0000000000026fcc        0x0 /usr/local/ps3dev/ppu/lib/gcc/powerpc64-ps3-elf/7.2.0/../../../../powerpc64-ps3-elf/lib/libc.a(lib_a-refill.o)
 *fill*         0x0000000000026fcc        0x4 60000000
 .text.lflush   0x0000000000026fd0       0x50 /usr/local/ps3dev/ppu/lib/gcc/powerpc64-ps3-elf/7.2.0/../../../../powerpc64-ps3-elf/lib/libc.a(lib_a-refill.o)
 .text.__srefill_r
                0x0000000000027020      0x30c /usr/local/ps3dev/ppu/lib/gcc/powerpc64-ps3-elf/7.2.0/../../../../powerpc64-ps3-elf/lib/libc.a(lib_a-refill.o)
 .text          0x000000000002732c        0x0 /usr/local/ps3dev/ppu/lib/gcc/powerpc64-ps3-elf/7.2.0/../../../../powerpc64-ps3-elf/lib/libc.a(lib_a-rewind.o)
 *fill*         0x000000000002732c        0x4 60000000
 .text._rewind_r
                0x0000000000027330       0x50 /usr/local/ps3dev/ppu/lib/gcc/powerpc64-ps3-elf/7.2.0/../../../../powerpc64-ps3-elf/lib/libc.a(lib_a-rewind.o)
 .text.rewind   0x0000000000027380       0x5c /usr/local/ps3dev/ppu/lib/gcc/powerpc64-ps3-elf/7.2.0/../../../../powerpc64-ps3-elf/lib/libc.a(lib_a-rewind.o)
 .text          0x00000000000273dc        0x0 /usr/local/ps3dev/ppu/lib/gcc/powerpc64-ps3-elf/7.2.0/../../../../powerpc64-ps3-elf/lib/libc.a(lib_a-snprintf.o)
 *fill*         0x00000000000273dc        0x4 60000000
 .text._snprintf_r
                0x00000000000273e0      0x11c /usr/local/ps3dev/ppu/lib/gcc/powerpc64-ps3-elf/7.2.0/../../../../powerpc64-ps3-elf/lib/libc.a(lib_a-snprintf.o)
 *fill*         0x00000000000274fc        0x4 60000000
 .text.snprintf
                0x0000000000027500      0x154 /usr/local/ps3dev/ppu/lib/gcc/powerpc64-ps3-elf/7.2.0/../../../../powerpc64-ps3-elf/lib/libc.a(lib_a-snprintf.o)
 .text          0x0000000000027654        0x0 /usr/local/ps3dev/ppu/lib/gcc/powerpc64-ps3-elf/7.2.0/../../../../powerpc64-ps3-elf/lib/libc.a(lib_a-sscanf.o)
 *fill*         0x0000000000027654        0x4 60000000
 .text.sscanf   0x0000000000027658       0xa8 /usr/local/ps3dev/ppu/lib/gcc/powerpc64-ps3-elf/7.2.0/../../../../powerpc64-ps3-elf/lib/libc.a(lib_a-sscanf.o)
 .text._sscanf_r
                0x0000000000027700       0xa8 /usr/local/ps3dev/ppu/lib/gcc/powerpc64-ps3-elf/7.2.0/../../../../powerpc64-ps3-elf/lib/libc.a(lib_a-sscanf.o)
 .text          0x00000000000277a8        0x0 /usr/local/ps3dev/ppu/lib/gcc/powerpc64-ps3-elf/7.2.0/../../../../powerpc64-ps3-elf/lib/libc.a(lib_a-stdio.o)
 .text.__sread  0x00000000000277a8       0x7c /usr/local/ps3dev/ppu/lib/gcc/powerpc64-ps3-elf/7.2.0/../../../../powerpc64-ps3-elf/lib/libc.a(lib_a-stdio.o)
 *fill*         0x0000000000027824        0x4 60000000
 .text.__seofread
                0x0000000000027828       0x14 /usr/local/ps3dev/ppu/lib/gcc/powerpc64-ps3-elf/7.2.0/../../../../powerpc64-ps3-elf/lib/libc.a(lib_a-stdio.o)
 *fill*         0x000000000002783c        0x4 60000000
 .text.__swrite
                0x0000000000027840       0xb0 /usr/local/ps3dev/ppu/lib/gcc/powerpc64-ps3-elf/7.2.0/../../../../powerpc64-ps3-elf/lib/libc.a(lib_a-stdio.o)
 .text.__sseek  0x00000000000278f0       0x78 /usr/local/ps3dev/ppu/lib/gcc/powerpc64-ps3-elf/7.2.0/../../../../powerpc64-ps3-elf/lib/libc.a(lib_a-stdio.o)
 .text.__sclose
                0x0000000000027968       0x38 /usr/local/ps3dev/ppu/lib/gcc/powerpc64-ps3-elf/7.2.0/../../../../powerpc64-ps3-elf/lib/libc.a(lib_a-stdio.o)
 .text          0x00000000000279a0        0x0 /usr/local/ps3dev/ppu/lib/gcc/powerpc64-ps3-elf/7.2.0/../../../../powerpc64-ps3-elf/lib/libc.a(lib_a-strcasecmp.o)
 .text.strcasecmp
                0x00000000000279a0       0x8c /usr/local/ps3dev/ppu/lib/gcc/powerpc64-ps3-elf/7.2.0/../../../../powerpc64-ps3-elf/lib/libc.a(lib_a-strcasecmp.o)
 .text          0x0000000000027a2c        0x0 /usr/local/ps3dev/ppu/lib/gcc/powerpc64-ps3-elf/7.2.0/../../../../powerpc64-ps3-elf/lib/libc.a(lib_a-strchr.o)
 *fill*         0x0000000000027a2c        0x4 60000000
 .text.strchr   0x0000000000027a30      0x1c0 /usr/local/ps3dev/ppu/lib/gcc/powerpc64-ps3-elf/7.2.0/../../../../powerpc64-ps3-elf/lib/libc.a(lib_a-strchr.o)
 .text          0x0000000000027bf0        0x0 /usr/local/ps3dev/ppu/lib/gcc/powerpc64-ps3-elf/7.2.0/../../../../powerpc64-ps3-elf/lib/libc.a(lib_a-strcpy.o)
 .text.strcpy   0x0000000000027bf0       0xc0 /usr/local/ps3dev/ppu/lib/gcc/powerpc64-ps3-elf/7.2.0/../../../../powerpc64-ps3-elf/lib/libc.a(lib_a-strcpy.o)
 .text          0x0000000000027cb0        0x0 /usr/local/ps3dev/ppu/lib/gcc/powerpc64-ps3-elf/7.2.0/../../../../powerpc64-ps3-elf/lib/libc.a(lib_a-strdup.o)
 .text.strdup   0x0000000000027cb0       0x48 /usr/local/ps3dev/ppu/lib/gcc/powerpc64-ps3-elf/7.2.0/../../../../powerpc64-ps3-elf/lib/libc.a(lib_a-strdup.o)
 .text          0x0000000000027cf8        0x0 /usr/local/ps3dev/ppu/lib/gcc/powerpc64-ps3-elf/7.2.0/../../../../powerpc64-ps3-elf/lib/libc.a(lib_a-strdup_r.o)
 .text._strdup_r
                0x0000000000027cf8       0x88 /usr/local/ps3dev/ppu/lib/gcc/powerpc64-ps3-elf/7.2.0/../../../../powerpc64-ps3-elf/lib/libc.a(lib_a-strdup_r.o)
 .text          0x0000000000027d80        0x0 /usr/local/ps3dev/ppu/lib/gcc/powerpc64-ps3-elf/7.2.0/../../../../powerpc64-ps3-elf/lib/libc.a(lib_a-strlen.o)
 .text.strlen   0x0000000000027d80       0xc4 /usr/local/ps3dev/ppu/lib/gcc/powerpc64-ps3-elf/7.2.0/../../../../powerpc64-ps3-elf/lib/libc.a(lib_a-strlen.o)
 .text          0x0000000000027e44        0x0 /usr/local/ps3dev/ppu/lib/gcc/powerpc64-ps3-elf/7.2.0/../../../../powerpc64-ps3-elf/lib/libc.a(lib_a-strncat.o)
 *fill*         0x0000000000027e44        0x4 60000000
 .text.strncat  0x0000000000027e48       0xe0 /usr/local/ps3dev/ppu/lib/gcc/powerpc64-ps3-elf/7.2.0/../../../../powerpc64-ps3-elf/lib/libc.a(lib_a-strncat.o)
 .text          0x0000000000027f28        0x0 /usr/local/ps3dev/ppu/lib/gcc/powerpc64-ps3-elf/7.2.0/../../../../powerpc64-ps3-elf/lib/libc.a(lib_a-strncpy.o)
 .text.strncpy  0x0000000000027f28      0x118 /usr/local/ps3dev/ppu/lib/gcc/powerpc64-ps3-elf/7.2.0/../../../../powerpc64-ps3-elf/lib/libc.a(lib_a-strncpy.o)
 .text          0x0000000000028040        0x0 /usr/local/ps3dev/ppu/lib/gcc/powerpc64-ps3-elf/7.2.0/../../../../powerpc64-ps3-elf/lib/libc.a(lib_a-svfprintf.o)
 .text._svfprintf_r
                0x0000000000028040     0x21c4 /usr/local/ps3dev/ppu/lib/gcc/powerpc64-ps3-elf/7.2.0/../../../../powerpc64-ps3-elf/lib/libc.a(lib_a-svfprintf.o)
 .text          0x000000000002a204        0x0 /usr/local/ps3dev/ppu/lib/gcc/powerpc64-ps3-elf/7.2.0/../../../../powerpc64-ps3-elf/lib/libc.a(lib_a-svfscanf.o)
 *fill*         0x000000000002a204        0x4 60000000
 .text.__ssvfscanf_r
                0x000000000002a208     0x1864 /usr/local/ps3dev/ppu/lib/gcc/powerpc64-ps3-elf/7.2.0/../../../../powerpc64-ps3-elf/lib/libc.a(lib_a-svfscanf.o)
 .text          0x000000000002ba6c        0x0 /usr/local/ps3dev/ppu/lib/gcc/powerpc64-ps3-elf/7.2.0/../../../../powerpc64-ps3-elf/lib/libc.a(lib_a-time.o)
 *fill*         0x000000000002ba6c        0x4 60000000
 .text.time     0x000000000002ba70       0x6c /usr/local/ps3dev/ppu/lib/gcc/powerpc64-ps3-elf/7.2.0/../../../../powerpc64-ps3-elf/lib/libc.a(lib_a-time.o)
 .text          0x000000000002badc        0x0 /usr/local/ps3dev/ppu/lib/gcc/powerpc64-ps3-elf/7.2.0/../../../../powerpc64-ps3-elf/lib/libc.a(lib_a-vfprintf.o)
 *fill*         0x000000000002badc        0x4 60000000
 .text._vfprintf_r
                0x000000000002bae0     0x2300 /usr/local/ps3dev/ppu/lib/gcc/powerpc64-ps3-elf/7.2.0/../../../../powerpc64-ps3-elf/lib/libc.a(lib_a-vfprintf.o)
 .text.vfprintf
                0x000000000002dde0       0x60 /usr/local/ps3dev/ppu/lib/gcc/powerpc64-ps3-elf/7.2.0/../../../../powerpc64-ps3-elf/lib/libc.a(lib_a-vfprintf.o)
 .text          0x000000000002de40        0x0 /usr/local/ps3dev/ppu/lib/gcc/powerpc64-ps3-elf/7.2.0/../../../../powerpc64-ps3-elf/lib/libc.a(lib_a-wsetup.o)
 .text.__swsetup_r
                0x000000000002de40      0x1f0 /usr/local/ps3dev/ppu/lib/gcc/powerpc64-ps3-elf/7.2.0/../../../../powerpc64-ps3-elf/lib/libc.a(lib_a-wsetup.o)
 .text          0x000000000002e030        0x0 /usr/local/ps3dev/ppu/lib/gcc/powerpc64-ps3-elf/7.2.0/../../../../powerpc64-ps3-elf/lib/libc.a(lib_a-__call_atexit.o)
 .text.__call_exitprocs
                0x000000000002e030      0x24c /usr/local/ps3dev/ppu/lib/gcc/powerpc64-ps3-elf/7.2.0/../../../../powerpc64-ps3-elf/lib/libc.a(lib_a-__call_atexit.o)
 .text          0x000000000002e27c        0x0 /usr/local/ps3dev/ppu/lib/gcc/powerpc64-ps3-elf/7.2.0/../../../../powerpc64-ps3-elf/lib/libc.a(lib_a-ctype_.o)
 .text          0x000000000002e27c        0x0 /usr/local/ps3dev/ppu/lib/gcc/powerpc64-ps3-elf/7.2.0/../../../../powerpc64-ps3-elf/lib/libc.a(lib_a-dtoa.o)
 *fill*         0x000000000002e27c        0x4 60000000
 .text.quorem   0x000000000002e280      0x26c /usr/local/ps3dev/ppu/lib/gcc/powerpc64-ps3-elf/7.2.0/../../../../powerpc64-ps3-elf/lib/libc.a(lib_a-dtoa.o)
 *fill*         0x000000000002e4ec        0x4 60000000
 .text._dtoa_r  0x000000000002e4f0     0x1478 /usr/local/ps3dev/ppu/lib/gcc/powerpc64-ps3-elf/7.2.0/../../../../powerpc64-ps3-elf/lib/libc.a(lib_a-dtoa.o)
 .text          0x000000000002f968        0x0 /usr/local/ps3dev/ppu/lib/gcc/powerpc64-ps3-elf/7.2.0/../../../../powerpc64-ps3-elf/lib/libc.a(lib_a-flags.o)
 .text.__sflags
                0x000000000002f968       0xbc /usr/local/ps3dev/ppu/lib/gcc/powerpc64-ps3-elf/7.2.0/../../../../powerpc64-ps3-elf/lib/libc.a(lib_a-flags.o)
 .text          0x000000000002fa24        0x0 /usr/local/ps3dev/ppu/lib/gcc/powerpc64-ps3-elf/7.2.0/../../../../powerpc64-ps3-elf/lib/libc.a(lib_a-fvwrite.o)
 *fill*         0x000000000002fa24        0x4 60000000
 .text.__sfvwrite_r
                0x000000000002fa28      0x688 /usr/local/ps3dev/ppu/lib/gcc/powerpc64-ps3-elf/7.2.0/../../../../powerpc64-ps3-elf/lib/libc.a(lib_a-fvwrite.o)
 .text          0x00000000000300b0        0x0 /usr/local/ps3dev/ppu/lib/gcc/powerpc64-ps3-elf/7.2.0/../../../../powerpc64-ps3-elf/lib/libc.a(lib_a-iswspace.o)
 .text.iswspace