Archive member included because of file (symbol)

/usr/local/ps3dev/ppu/lib/libgcm_sys.a(sprx.o)
                              rsxutil.o (gcmSetFlip)
/usr/local/ps3dev/ppu/lib/librsx.a(init.o)
                              rsxutil.o (rsxInit)
/usr/local/ps3dev/ppu/lib/librsx.a(buffer.o)
                              rsxutil.o (rsxFlushBuffer)
/usr/local/ps3dev/ppu/lib/librsx.a(commands.o)
                              /usr/local/ps3dev/ppu/lib/librsx.a(buffer.o) (rsxSetJumpCommandUnsafe)
/usr/local/ps3dev/ppu/lib/librsx.a(mm.o)
                              /usr/local/ps3dev/ppu/lib/librsx.a(init.o) (rsxHeapInit)
/usr/local/ps3dev/ppu/lib/librsx.a(vertex_program.o)
                              /usr/local/ps3dev/ppu/lib/librsx.a(commands.o) (rsxVertexProgramGetConsts)
/usr/local/ps3dev/ppu/lib/librsx.a(fragment_program.o)
                              /usr/local/ps3dev/ppu/lib/librsx.a(commands.o) (rsxFragmentProgramGetConstOffsetTable)
/usr/local/ps3dev/ppu/lib/librsx.a(rsx_internal.o)
                              /usr/local/ps3dev/ppu/lib/librsx.a(vertex_program.o) (__rsxGetAttrs)
/usr/local/ps3dev/ppu/lib/libsysutil.a(sprx.o)
                              rsxutil.o (videoConfigure)
/usr/local/ps3dev/ppu/lib/libio.a(sprx.o)
                              main.o (ioPadInit)
/usr/local/ps3dev/ppu/lib/librt.a(sbrk.o)
                              /usr/local/ps3dev/ppu/lib/gcc/powerpc64-ps3-elf/7.2.0/../../../../powerpc64-ps3-elf/lib/lv2-crt0.o (__librt_sbrk_r)
/usr/local/ps3dev/ppu/lib/librt.a(exit.o)
                              /usr/local/ps3dev/ppu/lib/gcc/powerpc64-ps3-elf/7.2.0/../../../../powerpc64-ps3-elf/lib/lv2-crt0.o (__librt_exit)
/usr/local/ps3dev/ppu/lib/librt.a(close.o)
                              /usr/local/ps3dev/ppu/lib/gcc/powerpc64-ps3-elf/7.2.0/../../../../powerpc64-ps3-elf/lib/lv2-crt0.o (__librt_close_r)
/usr/local/ps3dev/ppu/lib/librt.a(lseek.o)
                              /usr/local/ps3dev/ppu/lib/gcc/powerpc64-ps3-elf/7.2.0/../../../../powerpc64-ps3-elf/lib/lv2-crt0.o (__librt_lseek_r)
/usr/local/ps3dev/ppu/lib/librt.a(read.o)
                              /usr/local/ps3dev/ppu/lib/gcc/powerpc64-ps3-elf/7.2.0/../../../../powerpc64-ps3-elf/lib/lv2-crt0.o (__librt_read_r)
/usr/local/ps3dev/ppu/lib/librt.a(open.o)
                              /usr/local/ps3dev/ppu/lib/gcc/powerpc64-ps3-elf/7.2.0/../../../../powerpc64-ps3-elf/lib/lv2-crt0.o (__librt_open_r)
/usr/local/ps3dev/ppu/lib/librt.a(sleep.o)
                              /usr/local/ps3dev/ppu/lib/gcc/powerpc64-ps3-elf/7.2.0/../../../../powerpc64-ps3-elf/lib/lv2-crt0.o (__librt_usleep_r)
/usr/local/ps3dev/ppu/lib/librt.a(write.o)
                              /usr/local/ps3dev/ppu/lib/gcc/powerpc64-ps3-elf/7.2.0/../../../../powerpc64-ps3-elf/lib/lv2-crt0.o (__librt_write_r)
/usr/local/ps3dev/ppu/lib/librt.a(fstat.o)
                              /usr/local/ps3dev/ppu/lib/gcc/powerpc64-ps3-elf/7.2.0/../../../../powerpc64-ps3-elf/lib/lv2-crt0.o (__librt_fstat_r)
/usr/local/ps3dev/ppu/lib/librt.a(socket.o)
                              /usr/local/ps3dev/ppu/lib/librt.a(write.o) (send)
/usr/local/ps3dev/ppu/lib/librt.a(lock.o)
                              /usr/local/ps3dev/ppu/lib/gcc/powerpc64-ps3-elf/7.2.0/../../../../powerpc64-ps3-elf/lib/lv2-crt0.o (__librt_sys_lwmutex_create_r)
/usr/local/ps3dev/ppu/lib/librt.a(dirent.o)
                              /usr/local/ps3dev/ppu/lib/gcc/powerpc64-ps3-elf/7.2.0/../../../../powerpc64-ps3-elf/lib/lv2-crt0.o (__librt_opendir_r)
/usr/local/ps3dev/ppu/lib/librt.a(mkdir.o)
                              /usr/local/ps3dev/ppu/lib/gcc/powerpc64-ps3-elf/7.2.0/../../../../powerpc64-ps3-elf/lib/lv2-crt0.o (__librt_mkdir_r)
/usr/local/ps3dev/ppu/lib/librt.a(times.o)
                              /usr/local/ps3dev/ppu/lib/gcc/powerpc64-ps3-elf/7.2.0/../../../../powerpc64-ps3-elf/lib/lv2-crt0.o (__librt_times_r)
/usr/local/ps3dev/ppu/lib/librt.a(umask.o)
                              /usr/local/ps3dev/ppu/lib/gcc/powerpc64-ps3-elf/7.2.0/../../../../powerpc64-ps3-elf/lib/lv2-crt0.o (__librt_umask_r)
/usr/local/ps3dev/ppu/lib/librt.a(lv2errno.o)
                              /usr/local/ps3dev/ppu/lib/librt.a(socket.o) (lv2errno)
/usr/local/ps3dev/ppu/lib/librt.a(heap.o)
                              /usr/local/ps3dev/ppu/lib/librsx.a(mm.o) (heapInit)
/usr/local/ps3dev/ppu/lib/librt.a(chmod.o)
                              /usr/local/ps3dev/ppu/lib/gcc/powerpc64-ps3-elf/7.2.0/../../../../powerpc64-ps3-elf/lib/lv2-crt0.o (__librt_chmod_r)
/usr/local/ps3dev/ppu/lib/librt.a(rename.o)
                              /usr/local/ps3dev/ppu/lib/gcc/powerpc64-ps3-elf/7.2.0/../../../../powerpc64-ps3-elf/lib/lv2-crt0.o (__librt_rename_r)
/usr/local/ps3dev/ppu/lib/librt.a(rmdir.o)
                              /usr/local/ps3dev/ppu/lib/gcc/powerpc64-ps3-elf/7.2.0/../../../../powerpc64-ps3-elf/lib/lv2-crt0.o (__librt_rmdir_r)
/usr/local/ps3dev/ppu/lib/librt.a(isatty.o)
[...]
Memory Configuration

Name             Origin             Length             Attributes
*default*        0x0000000000000000 0xffffffffffffffff

Linker script and memory map

                0x0000000000010000                PROVIDE (__executable_start, 0x10000)
                0x0000000000010200                . = (0x10000 + SIZEOF_HEADERS)

.interp
 *(.interp)

.hash
 *(.hash)

.dynsym
 *(.dynsym)

.dynstr
 *(.dynstr)

.gnu.version
 *(.gnu.version)

.gnu.version_d
 *(.gnu.version_d)

.gnu.version_r
 *(.gnu.version_r)

.rel.dyn
 *(.rel.init)
 *(.rel.text .rel.text.* .rel.gnu.linkonce.t.*)
 *(.rel.fini)
 *(.rel.rodata .rel.rodata.* .rel.gnu.linkonce.r.*)
 *(.rel.data.rel.ro*)
 *(.rel.data .rel.data.* .rel.gnu.linkonce.d.*)
 *(.rel.tdata .rel.tdata.* .rel.gnu.linkonce.td.*)
 *(.rel.tbss .rel.tbss.* .rel.gnu.linkonce.tb.*)
 *(.rel.ctors)
 *(.rel.dtors)
 *(.rel.got)
 *(.rel.sdata .rel.sdata.* .rel.gnu.linkonce.s.*)
 *(.rel.sbss .rel.sbss.* .rel.gnu.linkonce.sb.*)
 *(.rel.sdata2 .rel.sdata2.* .rel.gnu.linkonce.s2.*)
 *(.rel.sbss2 .rel.sbss2.* .rel.gnu.linkonce.sb2.*)
 *(.rel.bss .rel.bss.* .rel.gnu.linkonce.b.*)

.rela.dyn       0x0000000000010200        0x0
 *(.rela.init)
 *(.rela.text .rela.text.* .rela.gnu.linkonce.t.*)
 *(.rela.fini)
 *(.rela.rodata .rela.rodata.* .rela.gnu.linkonce.r.*)
 *(.rela.data .rela.data.* .rela.gnu.linkonce.d.*)
 *(.rela.tdata .rela.tdata.* .rela.gnu.linkonce.td.*)
 *(.rela.tbss .rela.tbss.* .rela.gnu.linkonce.tb.*)
 *(.rela.ctors)
 *(.rela.dtors)
 *(.rela.got)
 *(.rela.toc)
 .rela.toc      0x0000000000000000        0x0 linker stubs
 *(.rela.sdata .rela.sdata.* .rela.gnu.linkonce.s.*)
 *(.rela.sbss .rela.sbss.* .rela.gnu.linkonce.sb.*)
 *(.rela.sdata2 .rela.sdata2.* .rela.gnu.linkonce.s2.*)
 *(.rela.sbss2 .rela.sbss2.* .rela.gnu.linkonce.sb2.*)
 *(.rela.bss .rela.bss.* .rela.gnu.linkonce.b.*)
 .rela.iplt     0x0000000000000000        0x0 linker stubs
 .rela.sys_proc_prx_param
                0x0000000000000000        0x0 linker stubs

.rel.plt
 *(.rel.plt)

.rela.plt
 *(.rela.plt)

.rela.tocbss
 *(.rela.tocbss)

.init           0x0000000000010200       0x2c
 *(.init)
 .init          0x0000000000010200        0xc /usr/local/ps3dev/ppu/lib/gcc/powerpc64-ps3-elf/7.2.0/../../../../powerpc64-ps3-elf/lib/lv2-crti.o
                0x0000000000010200                ._init
 .init          0x000000000001020c        0x8 /usr/local/ps3dev/ppu/lib/gcc/powerpc64-ps3-elf/7.2.0/crtbegin.o
 .init          0x0000000000010214        0x8 /usr/local/ps3dev/ppu/lib/gcc/powerpc64-ps3-elf/7.2.0/crtend.o
 .init          0x000000000001021c       0x10 /usr/local/ps3dev/ppu/lib/gcc/powerpc64-ps3-elf/7.2.0/../../../../powerpc64-ps3-elf/lib/lv2-crtn.o

.text           0x0000000000010230    0x2aa2c
 *(.text .stub .text.* .gnu.linkonce.t.*)
 .text          0x0000000000010230        0x0 /usr/local/ps3dev/ppu/lib/gcc/powerpc64-ps3-elf/7.2.0/../../../../powerpc64-ps3-elf/lib/lv2-crti.o
 .text          0x0000000000010230        0x0 /usr/local/ps3dev/ppu/lib/gcc/powerpc64-ps3-elf/7.2.0/crtbegin.o
 .text.deregister_tm_clones
                0x0000000000010230       0x54 /usr/local/ps3dev/ppu/lib/gcc/powerpc64-ps3-elf/7.2.0/crtbegin.o
 *fill*         0x0000000000010284        0x4 60000000
 .text.register_tm_clones
                0x0000000000010288       0x60 /usr/local/ps3dev/ppu/lib/gcc/powerpc64-ps3-elf/7.2.0/crtbegin.o
 .text.__do_global_dtors_aux
                0x00000000000102e8       0xd4 /usr/local/ps3dev/ppu/lib/gcc/powerpc64-ps3-elf/7.2.0/crtbegin.o
 *fill*         0x00000000000103bc        0x4 60000000
 .text.frame_dummy
                0x00000000000103c0       0x38 /usr/local/ps3dev/ppu/lib/gcc/powerpc64-ps3-elf/7.2.0/crtbegin.o
 .text          0x00000000000103f8       0x58 /usr/local/ps3dev/ppu/lib/gcc/powerpc64-ps3-elf/7.2.0/../../../../powerpc64-ps3-elf/lib/lv2-crt0.o
                0x00000000000103f8                ._start
 .text.startup.__syscalls_init
                0x0000000000010450      0x180 /usr/local/ps3dev/ppu/lib/gcc/powerpc64-ps3-elf/7.2.0/../../../../powerpc64-ps3-elf/lib/lv2-crt0.o
 .text._initialize
                0x00000000000105d0       0x40 /usr/local/ps3dev/ppu/lib/gcc/powerpc64-ps3-elf/7.2.0/../../../../powerpc64-ps3-elf/lib/lv2-crt0.o
 .text          0x0000000000010610        0x0 /usr/local/ps3dev/ppu/lib/gcc/powerpc64-ps3-elf/7.2.0/../../../../powerpc64-ps3-elf/lib/lv2-sprx.o
 .text          0x0000000000010610        0x0 main.o
 .text.load_image_to_RSX
                0x0000000000010610      0x204 main.o
 *fill*         0x0000000000010814        0x4 60000000
 .text.drawFrame
                0x0000000000010818      0x104 main.o
 *fill*         0x000000000001091c        0x4 60000000
 .text.drawImage
                0x0000000000010920      0x11c main.o
 *fill*         0x0000000000010a3c        0x4 60000000
 .text.createTexture
                0x0000000000010a40      0x134 main.o
 *fill*         0x0000000000010b74        0x4 60000000
 .text.loadShader
                0x0000000000010b78      0x1c0 main.o
 .text.createQuad
                0x0000000000010d38      0x188 main.o
 .text.init_texture
                0x0000000000010ec0       0xcc main.o
 *fill*         0x0000000000010f8c        0x4 60000000
 .text.startup.main
                0x0000000000010f90      0x1d4 main.o
 .text          0x0000000000011164        0x0 rsxutil.o
 *fill*         0x0000000000011164        0x4 60000000
 .text.waitFlip
                0x0000000000011168       0x50 rsxutil.o
 .text.flip     0x00000000000111b8       0x7c rsxutil.o
 *fill*         0x0000000000011234        0x4 60000000
 .text.makeBuffer
                0x0000000000011238      0x104 rsxutil.o
 *fill*         0x000000000001133c        0x4 60000000
 .text.getResolution
                0x0000000000011340       0xb8 rsxutil.o
 .text.initScreen
                0x00000000000113f8      0x20c rsxutil.o
 *fill*         0x0000000000011604        0x4 60000000
 .text.setRenderTarget
                0x0000000000011608       0xac rsxutil.o
 .text          0x00000000000116b4        0x0 /usr/local/ps3dev/ppu/lib/libgcm_sys.a(sprx.o)
 .text          0x00000000000116b4        0x0 /usr/local/ps3dev/ppu/lib/librsx.a(init.o)
 *fill*         0x00000000000116b4        0x4 60000000
 .text.rsxInit  0x00000000000116b8       0x9c /usr/local/ps3dev/ppu/lib/librsx.a(init.o)
 *fill*         0x0000000000011754        0x4 60000000
 .text.rsxSetupContextData
                0x0000000000011758       0x48 /usr/local/ps3dev/ppu/lib/librsx.a(init.o)
 .text.rsxSetCurrentBuffer
                0x00000000000117a0       0x48 /usr/local/ps3dev/ppu/lib/librsx.a(init.o)
 .text.rsxSetDefaultCommandBuffer
                0x00000000000117e8       0x50 /usr/local/ps3dev/ppu/lib/librsx.a(init.o)
 .text.rsxSetUserCallback
                0x0000000000011838       0x18 /usr/local/ps3dev/ppu/lib/librsx.a(init.o)
 .text.rsxGetCurrentBuffer
                0x0000000000011850       0x1c /usr/local/ps3dev/ppu/lib/librsx.a(init.o)
 .text          0x000000000001186c        0x0 /usr/local/ps3dev/ppu/lib/librsx.a(buffer.o)
 *fill*         0x000000000001186c        0x4 60000000
 .text.rsxResetCommandBufferUnsafe
                0x0000000000011870       0x80 /usr/local/ps3dev/ppu/lib/librsx.a(buffer.o)
 .text.rsxFlushBufferUnsafe
                0x00000000000118f0       0x78 /usr/local/ps3dev/ppu/lib/librsx.a(buffer.o)
 .text.rsxFinishUnsafe
                0x0000000000011968       0x84 /usr/local/ps3dev/ppu/lib/librsx.a(buffer.o)
 *fill*         0x00000000000119ec        0x4 60000000
 .text.rsxResetCommandBuffer
                0x00000000000119f0       0x80 /usr/local/ps3dev/ppu/lib/librsx.a(buffer.o)
 .text.rsxFlushBuffer
                0x0000000000011a70       0x10 /usr/local/ps3dev/ppu/lib/librsx.a(buffer.o)
 .text.rsxFinish
                0x0000000000011a80       0x84 /usr/local/ps3dev/ppu/lib/librsx.a(buffer.o)
 .text          0x0000000000011b04        0x0 /usr/local/ps3dev/ppu/lib/librsx.a(commands.o)
 *fill*         0x0000000000011b04        0x4 60000000
 .text.rsxSetReturnCommandUnsafe
                0x0000000000011b08       0x24 /usr/local/ps3dev/ppu/lib/librsx.a(commands.o)
 *fill*         0x0000000000011b2c        0x4 60000000
 .text.rsxSetCallCommandUnsafe
                0x0000000000011b30       0x24 /usr/local/ps3dev/ppu/lib/librsx.a(commands.o)
 *fill*         0x0000000000011b54        0x4 60000000
 .text.rsxSetJumpCommandUnsafe
                0x0000000000011b58       0x24 /usr/local/ps3dev/ppu/lib/librsx.a(commands.o)
 *fill*         0x0000000000011b7c        0x4 60000000
 .text.rsxSetNopCommandUnsafe
                0x0000000000011b80       0x98 /usr/local/ps3dev/ppu/lib/librsx.a(commands.o)
 .text.rsxSetSkipNopUnsafe
                0x0000000000011c18       0x34 /usr/local/ps3dev/ppu/lib/librsx.a(commands.o)
 *fill*         0x0000000000011c4c        0x4 60000000
 .text.rsxSetClearColorUnsafe
                0x0000000000011c50       0x2c /usr/local/ps3dev/ppu/lib/librsx.a(commands.o)
 *fill*         0x0000000000011c7c        0x4 60000000
 .text.rsxSetClearDepthStencilUnsafe
                0x0000000000011c80       0x2c /usr/local/ps3dev/ppu/lib/librsx.a(commands.o)
 *fill*         0x0000000000011cac        0x4 60000000
 .text.rsxSetReferenceCommandUnsafe
                0x0000000000011cb0       0x2c /usr/local/ps3dev/ppu/lib/librsx.a(commands.o)
 *fill*         0x0000000000011cdc        0x4 60000000
 .text.rsxSetWriteBackendLabelUnsafe
                0x0000000000011ce0       0x58 /usr/local/ps3dev/ppu/lib/librsx.a(commands.o)
 .text.rsxSetWriteTextureLabelUnsafe
                0x0000000000011d38       0x40 /usr/local/ps3dev/ppu/lib/librsx.a(commands.o)
 .text.rsxSetWaitLabelUnsafe
                0x0000000000011d78       0x40 /usr/local/ps3dev/ppu/lib/librsx.a(commands.o)
 .text.rsxSetWriteCommandLabelUnsafe
                0x0000000000011db8       0x40 /usr/local/ps3dev/ppu/lib/librsx.a(commands.o)
 .text.rsxSetSurfaceUnsafe
                0x0000000000011df8      0x1cc /usr/local/ps3dev/ppu/lib/librsx.a(commands.o)
 *fill*         0x0000000000011fc4        0x4 60000000
 .text.rsxSetColorMaskUnsafe
                0x0000000000011fc8       0x2c /usr/local/ps3dev/ppu/lib/librsx.a(commands.o)
 *fill*         0x0000000000011ff4        0x4 60000000
 .text.rsxSetColorMaskMrtUnsafe
                0x0000000000011ff8       0x2c /usr/local/ps3dev/ppu/lib/librsx.a(commands.o)
 *fill*         0x0000000000012024        0x4 60000000
 .text.rsxSetShadeModelUnsafe
                0x0000000000012028       0x2c /usr/local/ps3dev/ppu/lib/librsx.a(commands.o)
 *fill*         0x0000000000012054        0x4 60000000
 .text.rsxSetViewportUnsafe
                0x0000000000012058      0x108 /usr/local/ps3dev/ppu/lib/librsx.a(commands.o)
 .text.rsxSetViewportClipUnsafe
                0x0000000000012160       0x44 /usr/local/ps3dev/ppu/lib/librsx.a(commands.o)
 *fill*         0x00000000000121a4        0x4 60000000
 .text.rsxSetUserClipPlaneControlUnsafe
                0x00000000000121a8       0x54 /usr/local/ps3dev/ppu/lib/librsx.a(commands.o)
 *fill*         0x00000000000121fc        0x4 60000000
 .text.rsxSetDepthTestEnableUnsafe
                0x0000000000012200       0x2c /usr/local/ps3dev/ppu/lib/librsx.a(commands.o)
 *fill*         0x000000000001222c        0x4 60000000
 .text.rsxSetDepthFuncUnsafe
                0x0000000000012230       0x2c /usr/local/ps3dev/ppu/lib/librsx.a(commands.o)
 *fill*         0x000000000001225c        0x4 60000000
 .text.rsxSetDepthWriteEnableUnsafe
                0x0000000000012260       0x2c /usr/local/ps3dev/ppu/lib/librsx.a(commands.o)
 *fill*         0x000000000001228c        0x4 60000000
 .text.rsxSetDepthFormatUnsafe
                0x0000000000012290       0x34 /usr/local/ps3dev/ppu/lib/librsx.a(commands.o)
 *fill*         0x00000000000122c4        0x4 60000000
 .text.rsxSetCullFaceEnableUnsafe
                0x00000000000122c8       0x2c /usr/local/ps3dev/ppu/lib/librsx.a(commands.o)
 *fill*         0x00000000000122f4        0x4 60000000
 .text.rsxSetCullFaceUnsafe
                0x00000000000122f8       0x2c /usr/local/ps3dev/ppu/lib/librsx.a(commands.o)
 *fill*         0x0000000000012324        0x4 60000000
 .text.rsxSetFrontFaceUnsafe
                0x0000000000012328       0x2c /usr/local/ps3dev/ppu/lib/librsx.a(commands.o)
 *fill*         0x0000000000012354        0x4 60000000
 .text.rsxSetFrontPolygonModeUnsafe
                0x0000000000012358       0x2c /usr/local/ps3dev/ppu/lib/librsx.a(commands.o)
 *fill*         0x0000000000012384        0x4 60000000
 .text.rsxSetBackPolygonModeUnsafe
                0x0000000000012388       0x2c /usr/local/ps3dev/ppu/lib/librsx.a(commands.o)
 *fill*         0x00000000000123b4        0x4 60000000
 .text.rsxSetPolygonOffsetFillEnableUnsafe
                0x00000000000123b8       0x2c /usr/local/ps3dev/ppu/lib/librsx.a(commands.o)
 *fill*         0x00000000000123e4        0x4 60000000
 .text.rsxSetPolygonOffsetUnsafe
                0x00000000000123e8       0x40 /usr/local/ps3dev/ppu/lib/librsx.a(commands.o)
 .text.rsxSetPolygonOffsetLineEnableUnsafe
                0x0000000000012428       0x2c /usr/local/ps3dev/ppu/lib/librsx.a(commands.o)
 *fill*         0x0000000000012454        0x4 60000000
 .text.rsxClearSurfaceUnsafe
                0x0000000000012458       0x3c /usr/local/ps3dev/ppu/lib/librsx.a(commands.o)
 *fill*         0x0000000000012494        0x4 60000000
 .text.rsxSetCylindricalWrapUnsafe
                0x0000000000012498       0x2c /usr/local/ps3dev/ppu/lib/librsx.a(commands.o)
 *fill*         0x00000000000124c4        0x4 60000000
 .text.rsxSetTwoSideLightEnableUnsafe
                0x00000000000124c8       0x2c /usr/local/ps3dev/ppu/lib/librsx.a(commands.o)
 *fill*         0x00000000000124f4        0x4 60000000
 .text.rsxSetStencilFuncUnsafe
                0x00000000000124f8       0x34 /usr/local/ps3dev/ppu/lib/librsx.a(commands.o)
 *fill*         0x000000000001252c        0x4 60000000
 .text.rsxSetStencilMaskUnsafe
                0x0000000000012530       0x2c /usr/local/ps3dev/ppu/lib/librsx.a(commands.o)
 *fill*         0x000000000001255c        0x4 60000000
 .text.rsxSetStencilOpUnsafe
                0x0000000000012560       0x34 /usr/local/ps3dev/ppu/lib/librsx.a(commands.o)
 *fill*         0x0000000000012594        0x4 60000000
 .text.rsxSetStencilTestEnableUnsafe
                0x0000000000012598       0x2c /usr/local/ps3dev/ppu/lib/librsx.a(commands.o)
 *fill*         0x00000000000125c4        0x4 60000000
 .text.rsxSetBackStencilFuncUnsafe
                0x00000000000125c8       0x34 /usr/local/ps3dev/ppu/lib/librsx.a(commands.o)
 *fill*         0x00000000000125fc        0x4 60000000
 .text.rsxSetBackStencilMaskUnsafe
                0x0000000000012600       0x2c /usr/local/ps3dev/ppu/lib/librsx.a(commands.o)
 *fill*         0x000000000001262c        0x4 60000000
 .text.rsxSetBackStencilOpUnsafe
                0x0000000000012630       0x34 /usr/local/ps3dev/ppu/lib/librsx.a(commands.o)
 *fill*         0x0000000000012664        0x4 60000000
 .text.rsxSetTwoSidedStencilTestEnableUnsafe
                0x0000000000012668       0x2c /usr/local/ps3dev/ppu/lib/librsx.a(commands.o)
 *fill*         0x0000000000012694        0x4 60000000
 .text.rsxSetRenderEnableUnsafe
                0x0000000000012698       0x70 /usr/local/ps3dev/ppu/lib/librsx.a(commands.o)
 .text.rsxSetReportUnsafe
                0x0000000000012708       0x38 /usr/local/ps3dev/ppu/lib/librsx.a(commands.o)
 .text.rsxSetClearReportUnsafe
                0x0000000000012740       0x2c /usr/local/ps3dev/ppu/lib/librsx.a(commands.o)
 *fill*         0x000000000001276c        0x4 60000000
 .text.rsxSetZPixelCountEnableUnsafe
                0x0000000000012770       0x2c /usr/local/ps3dev/ppu/lib/librsx.a(commands.o)
 *fill*         0x000000000001279c        0x4 60000000
 .text.rsxSetSCullControlUnsafe
                0x00000000000127a0       0x3c /usr/local/ps3dev/ppu/lib/librsx.a(commands.o)
 *fill*         0x00000000000127dc        0x4 60000000
 .text.rsxSetZCullLimitUnsafe
                0x00000000000127e0       0x34 /usr/local/ps3dev/ppu/lib/librsx.a(commands.o)
 *fill*         0x0000000000012814        0x4 60000000
 .text.rsxSetZCullStatsEnableUnsafe
                0x0000000000012818       0x2c /usr/local/ps3dev/ppu/lib/librsx.a(commands.o)
 *fill*         0x0000000000012844        0x4 60000000
 .text.rsxSetZCullControlUnsafe
                0x0000000000012848       0x34 /usr/local/ps3dev/ppu/lib/librsx.a(commands.o)
 *fill*         0x000000000001287c        0x4 60000000
 .text.rsxSetClearZCullSurfaceUnsafe
                0x0000000000012880       0x34 /usr/local/ps3dev/ppu/lib/librsx.a(commands.o)
 *fill*         0x00000000000128b4        0x4 60000000
 .text.rsxSetZCullEnableUnsafe
                0x00000000000128b8       0x34 /usr/local/ps3dev/ppu/lib/librsx.a(commands.o)
 *fill*         0x00000000000128ec        0x4 60000000
 .text.rsxSetZCullInvalidateUnsafe
                0x00000000000128f0       0x2c /usr/local/ps3dev/ppu/lib/librsx.a(commands.o)
 *fill*         0x000000000001291c        0x4 60000000
 .text.rsxSetPolygonSmoothEnableUnsafe
                0x0000000000012920       0x2c /usr/local/ps3dev/ppu/lib/librsx.a(commands.o)
 *fill*         0x000000000001294c        0x4 60000000
 .text.rsxSetDitherEnableUnsafe
                0x0000000000012950       0x2c /usr/local/ps3dev/ppu/lib/librsx.a(commands.o)
 *fill*         0x000000000001297c        0x4 60000000
 .text.rsxLoadVertexProgramBlockUnsafe
                0x0000000000012980      0x2ac /usr/local/ps3dev/ppu/lib/librsx.a(commands.o)
 *fill*         0x0000000000012c2c        0x4 60000000
 .text.rsxLoadFragmentProgramLocationUnsafe
                0x0000000000012c30      0x16c /usr/local/ps3dev/ppu/lib/librsx.a(commands.o)
 *fill*         0x0000000000012d9c        0x4 60000000
 .text.rsxUpdateFragmentProgramLocationUnsafe
                0x0000000000012da0       0x38 /usr/local/ps3dev/ppu/lib/librsx.a(commands.o)
 .text.rsxSetFragmentProgramControlUnsafe
                0x0000000000012dd8       0x54 /usr/local/ps3dev/ppu/lib/librsx.a(commands.o)
 *fill*         0x0000000000012e2c        0x4 60000000
 .text.rsxLoadVertexProgramParameterBlockUnsafe
                0x0000000000012e30      0x290 /usr/local/ps3dev/ppu/lib/librsx.a(commands.o)
 .text.rsxLoadVertexProgramUnsafe
                0x00000000000130c0       0xec /usr/local/ps3dev/ppu/lib/librsx.a(commands.o)
 *fill*         0x00000000000131ac        0x4 60000000
 .text.rsxSetVertexProgramParameterUnsafe
                0x00000000000131b0      0x218 /usr/local/ps3dev/ppu/lib/librsx.a(commands.o)
 .text.rsxSetVertexProgramConstantsUnsafe
                0x00000000000133c8      0x210 /usr/local/ps3dev/ppu/lib/librsx.a(commands.o)
 .text.rsxSetVertexAttribOutputMaskUnsafe
                0x00000000000135d8       0x2c /usr/local/ps3dev/ppu/lib/librsx.a(commands.o)
 *fill*         0x0000000000013604        0x4 60000000
 .text.rsxSetFragmentProgramGammaEnableUnsafe
                0x0000000000013608       0x2c /usr/local/ps3dev/ppu/lib/librsx.a(commands.o)
 *fill*         0x0000000000013634        0x4 60000000
 .text.rsxDrawVertexBeginUnsafe
                0x0000000000013638       0x2c /usr/local/ps3dev/ppu/lib/librsx.a(commands.o)
 *fill*         0x0000000000013664        0x4 60000000
 .text.rsxDrawVertexEndUnsafe
                0x0000000000013668       0x2c /usr/local/ps3dev/ppu/lib/librsx.a(commands.o)
 *fill*         0x0000000000013694        0x4 60000000
 .text.rsxDrawVertex1fUnsafe
                0x0000000000013698       0x38 /usr/local/ps3dev/ppu/lib/librsx.a(commands.o)
 .text.rsxDrawVertex2fUnsafe
                0x00000000000136d0       0x40 /usr/local/ps3dev/ppu/lib/librsx.a(commands.o)
 .text.rsxDrawVertex3fUnsafe
                0x0000000000013710       0x48 /usr/local/ps3dev/ppu/lib/librsx.a(commands.o)
 .text.rsxDrawVertex4fUnsafe
                0x0000000000013758       0x48 /usr/local/ps3dev/ppu/lib/librsx.a(commands.o)
 .text.rsxDrawVertex4sUnsafe
                0x00000000000137a0       0x5c /usr/local/ps3dev/ppu/lib/librsx.a(commands.o)
 *fill*         0x00000000000137fc        0x4 60000000
 .text.rsxDrawVertexScaled4sUnsafe
                0x0000000000013800       0x5c /usr/local/ps3dev/ppu/lib/librsx.a(commands.o)
 *fill*         0x000000000001385c        0x4 60000000
 .text.rsxDrawVertex2sUnsafe
                0x0000000000013860       0x44 /usr/local/ps3dev/ppu/lib/librsx.a(commands.o)
 *fill*         0x00000000000138a4        0x4 60000000
 .text.rsxDrawVertex4ubUnsafe
                0x00000000000138a8       0x34 /usr/local/ps3dev/ppu/lib/librsx.a(commands.o)
 *fill*         0x00000000000138dc        0x4 60000000
 .text.rsxSetFrequencyDividerOperationUnsafe
                0x00000000000138e0       0x2c /usr/local/ps3dev/ppu/lib/librsx.a(commands.o)
 *fill*         0x000000000001390c        0x4 60000000
 .text.rsxInvalidateVertexCacheUnsafe
                0x0000000000013910       0x44 /usr/local/ps3dev/ppu/lib/librsx.a(commands.o)
 *fill*         0x0000000000013954        0x4 60000000
 .text.rsxInvalidateTextureCacheUnsafe
                0x0000000000013958       0x2c /usr/local/ps3dev/ppu/lib/librsx.a(commands.o)
 *fill*         0x0000000000013984        0x4 60000000
 .text.rsxLoadTextureUnsafe
                0x0000000000013988       0xc0 /usr/local/ps3dev/ppu/lib/librsx.a(commands.o)
 .text.rsxLoadVertexTextureUnsafe
                0x0000000000013a48       0x8c /usr/local/ps3dev/ppu/lib/librsx.a(commands.o)
 *fill*         0x0000000000013ad4        0x4 60000000
 .text.rsxTextureControlUnsafe
                0x0000000000013ad8       0x4c /usr/local/ps3dev/ppu/lib/librsx.a(commands.o)
 *fill*         0x0000000000013b24        0x4 60000000
 .text.rsxVertexTextureControlUnsafe
                0x0000000000013b28       0x44 /usr/local/ps3dev/ppu/lib/librsx.a(commands.o)
 *fill*         0x0000000000013b6c        0x4 60000000
 .text.rsxTextureFilterUnsafe
                0x0000000000013b70       0x44 /usr/local/ps3dev/ppu/lib/librsx.a(commands.o)
 *fill*         0x0000000000013bb4        0x4 60000000
 .text.rsxVertexTextureFilterUnsafe
                0x0000000000013bb8       0x30 /usr/local/ps3dev/ppu/lib/librsx.a(commands.o)
 .text.rsxTextureWrapModeUnsafe
                0x0000000000013be8       0x58 /usr/local/ps3dev/ppu/lib/librsx.a(commands.o)
 .text.rsxVertexTextureWrapModeUnsafe
                0x0000000000013c40       0x38 /usr/local/ps3dev/ppu/lib/librsx.a(commands.o)
 .text.rsxTextureBorderColorUnsafe
                0x0000000000013c78       0x30 /usr/local/ps3dev/ppu/lib/librsx.a(commands.o)
 .text.rsxVertexTextureBorderColorUnsafe
                0x0000000000013ca8       0x30 /usr/local/ps3dev/ppu/lib/librsx.a(commands.o)
 .text.rsxTextureOptimizationUnsafe
                0x0000000000013cd8       0x44 /usr/local/ps3dev/ppu/lib/librsx.a(commands.o)
 *fill*         0x0000000000013d1c        0x4 60000000
 .text.rsxTextureAnisoSpreadUnsafe
                0x0000000000013d20       0x5c /usr/local/ps3dev/ppu/lib/librsx.a(commands.o)
 *fill*         0x0000000000013d7c        0x4 60000000
 .text.rsxSetZMinMaxControlUnsafe
                0x0000000000013d80       0x3c /usr/local/ps3dev/ppu/lib/librsx.a(commands.o)
 *fill*         0x0000000000013dbc        0x4 60000000
 .text.rsxSetDepthBoundsTestEnableUnsafe
                0x0000000000013dc0       0x2c /usr/local/ps3dev/ppu/lib/librsx.a(commands.o)
 *fill*         0x0000000000013dec        0x4 60000000
 .text.rsxSetDepthBoundsUnsafe
                0x0000000000013df0       0x40 /usr/local/ps3dev/ppu/lib/librsx.a(commands.o)
 .text.rsxBindVertexArrayAttribUnsafe
                0x0000000000013e30       0x60 /usr/local/ps3dev/ppu/lib/librsx.a(commands.o)
 .text.rsxDrawVertexArrayUnsafe
                0x0000000000013e90      0x1e4 /usr/local/ps3dev/ppu/lib/librsx.a(commands.o)
 *fill*         0x0000000000014074        0x4 60000000
 .text.rsxDrawInlineVertexArrayUnsafe
                0x0000000000014078      0x1a0 /usr/local/ps3dev/ppu/lib/librsx.a(commands.o)
 .text.rsxDrawIndexArrayUnsafe
                0x0000000000014218      0x23c /usr/local/ps3dev/ppu/lib/librsx.a(commands.o)
 *fill*         0x0000000000014454        0x4 60000000
 .text.rsxDrawInlineIndexArray16Unsafe
                0x0000000000014458      0x208 /usr/local/ps3dev/ppu/lib/librsx.a(commands.o)
 .text.rsxDrawInlineIndexArray32Unsafe
                0x0000000000014660      0x1a8 /usr/local/ps3dev/ppu/lib/librsx.a(commands.o)
 .text.rsxSetRestartIndexEnableUnsafe
                0x0000000000014808       0x2c /usr/local/ps3dev/ppu/lib/librsx.a(commands.o)
 *fill*         0x0000000000014834        0x4 60000000
 .text.rsxSetRestartIndexUnsafe
                0x0000000000014838       0x2c /usr/local/ps3dev/ppu/lib/librsx.a(commands.o)
 *fill*         0x0000000000014864        0x4 60000000
 .text.rsxSetScissorUnsafe
                0x0000000000014868       0x40 /usr/local/ps3dev/ppu/lib/librsx.a(commands.o)
 .text.rsxSetAntialiasingControlUnsafe
                0x00000000000148a8       0x44 /usr/local/ps3dev/ppu/lib/librsx.a(commands.o)
 *fill*         0x00000000000148ec        0x4 60000000
 .text.rsxInlineTransferUnsafe
                0x00000000000148f0      0x18c /usr/local/ps3dev/ppu/lib/librsx.a(commands.o)
 *fill*         0x0000000000014a7c        0x4 60000000
 .text.rsxSetFragmentProgramParameterUnsafe
                0x0000000000014a80      0x5d8 /usr/local/ps3dev/ppu/lib/librsx.a(commands.o)
 .text.rsxSetAlphaFuncUnsafe
                0x0000000000015058       0x30 /usr/local/ps3dev/ppu/lib/librsx.a(commands.o)
 .text.rsxSetAlphaTestEnableUnsafe
                0x0000000000015088       0x2c /usr/local/ps3dev/ppu/lib/librsx.a(commands.o)
 *fill*         0x00000000000150b4        0x4 60000000
 .text.rsxSetBlendFuncUnsafe
                0x00000000000150b8       0x40 /usr/local/ps3dev/ppu/lib/librsx.a(commands.o)
 .text.rsxSetBlendEquationUnsafe
                0x00000000000150f8       0x34 /usr/local/ps3dev/ppu/lib/librsx.a(commands.o)
 *fill*         0x000000000001512c        0x4 60000000
 .text.rsxSetBlendColorUnsafe
                0x0000000000015130       0x3c /usr/local/ps3dev/ppu/lib/librsx.a(commands.o)
 *fill*         0x000000000001516c        0x4 60000000
 .text.rsxSetBlendEnableUnsafe
                0x0000000000015170       0x2c /usr/local/ps3dev/ppu/lib/librsx.a(commands.o)
 *fill*         0x000000000001519c        0x4 60000000
 .text.rsxSetBlendOptimizationUnsafe
                0x00000000000151a0       0x2c /usr/local/ps3dev/ppu/lib/librsx.a(commands.o)
 *fill*         0x00000000000151cc        0x4 60000000
 .text.rsxSetBlendEnableMrtUnsafe
                0x00000000000151d0       0x40 /usr/local/ps3dev/ppu/lib/librsx.a(commands.o)
 .text.rsxSetLogicOpUnsafe
                0x0000000000015210       0x2c /usr/local/ps3dev/ppu/lib/librsx.a(commands.o)
 *fill*         0x000000000001523c        0x4 60000000
 .text.rsxSetLogicOpEnableUnsafe
                0x0000000000015240       0x2c /usr/local/ps3dev/ppu/lib/librsx.a(commands.o)
 *fill*         0x000000000001526c        0x4 60000000
 .text.rsxSetFogModeUnsafe
                0x0000000000015270       0x2c /usr/local/ps3dev/ppu/lib/librsx.a(commands.o)
 *fill*         0x000000000001529c        0x4 60000000
 .text.rsxSetFogParamsUnsafe
                0x00000000000152a0       0x40 /usr/local/ps3dev/ppu/lib/librsx.a(commands.o)
 .text.rsxSetTransformBranchBitsUnsafe
                0x00000000000152e0       0x2c /usr/local/ps3dev/ppu/lib/librsx.a(commands.o)
 *fill*         0x000000000001530c        0x4 60000000
 .text.rsxSetPointSpriteControlUnsafe
                0x0000000000015310       0x48 /usr/local/ps3dev/ppu/lib/librsx.a(commands.o)
 .text.rsxSetPointSizeUnsafe
                0x0000000000015358       0x34 /usr/local/ps3dev/ppu/lib/librsx.a(commands.o)
 *fill*         0x000000000001538c        0x4 60000000
 .text.rsxSetTransferDataUnsafe
                0x0000000000015390      0x1a4 /usr/local/ps3dev/ppu/lib/librsx.a(commands.o)
 *fill*         0x0000000000015534        0x4 60000000
 .text.rsxSetTransferDataModeUnsafe
                0x0000000000015538       0x70 /usr/local/ps3dev/ppu/lib/librsx.a(commands.o)
 .text.rsxSetTransferDataOffsetUnsafe
                0x00000000000155a8       0x5c /usr/local/ps3dev/ppu/lib/librsx.a(commands.o)
 *fill*         0x0000000000015604        0x4 60000000
 .text.rsxSetTransferDataFormatUnsafe
                0x0000000000015608       0x44 /usr/local/ps3dev/ppu/lib/librsx.a(commands.o)
 *fill*         0x000000000001564c        0x4 60000000
 .text.rsxSetTransferImageUnsafe
                0x0000000000015650      0x4ac /usr/local/ps3dev/ppu/lib/librsx.a(commands.o)
 *fill*         0x0000000000015afc        0x4 60000000
 .text.rsxSetTransferScaleModeUnsafe
                0x0000000000015b00       0xe8 /usr/local/ps3dev/ppu/lib/librsx.a(commands.o)
 .text.rsxSetTransferScaleSurfaceUnsafe
                0x0000000000015be8      0x140 /usr/local/ps3dev/ppu/lib/librsx.a(commands.o)
 .text.rsxSetTransferScaleSwizzleUnsafe
                0x0000000000015d28      0x140 /usr/local/ps3dev/ppu/lib/librsx.a(commands.o)
 .text.rsxSetTimeStampUnsafe
                0x0000000000015e68       0x34 /usr/local/ps3dev/ppu/lib/librsx.a(commands.o)
 *fill*         0x0000000000015e9c        0x4 60000000
 .text.rsxSetWaitForIdleUnsafe
                0x0000000000015ea0       0x2c /usr/local/ps3dev/ppu/lib/librsx.a(commands.o)
 *fill*         0x0000000000015ecc        0x4 60000000
 .text.rsxContextCallback
                0x0000000000015ed0       0x50 /usr/local/ps3dev/ppu/lib/librsx.a(commands.o)
 .text.rsxSetReturnCommand
                0x0000000000015f20       0x90 /usr/local/ps3dev/ppu/lib/librsx.a(commands.o)
 .text.rsxSetCallCommand
                0x0000000000015fb0       0x9c /usr/local/ps3dev/ppu/lib/librsx.a(commands.o)
 *fill*         0x000000000001604c        0x4 60000000
 .text.rsxSetJumpCommand
                0x0000000000016050       0x9c /usr/local/ps3dev/ppu/lib/librsx.a(commands.o)
 *fill*         0x00000000000160ec        0x4 60000000
 .text.rsxSetNopCommand
                0x00000000000160f0      0x118 /usr/local/ps3dev/ppu/lib/librsx.a(commands.o)
 .text.rsxSetSkipNop
                0x0000000000016208       0xc0 /usr/local/ps3dev/ppu/lib/librsx.a(commands.o)
 .text.rsxSetClearColor
                0x00000000000162c8       0xa4 /usr/local/ps3dev/ppu/lib/librsx.a(commands.o)
 *fill*         0x000000000001636c        0x4 60000000
 .text.rsxSetClearDepthStencil
                0x0000000000016370       0xa4 /usr/local/ps3dev/ppu/lib/librsx.a(commands.o)
 *fill*         0x0000000000016414        0x4 60000000
 .text.rsxSetReferenceCommand
                0x0000000000016418       0xa4 /usr/local/ps3dev/ppu/lib/librsx.a(commands.o)
 *fill*         0x00000000000164bc        0x4 60000000
 .text.rsxSetWriteBackendLabel
                0x00000000000164c0       0xd8 /usr/local/ps3dev/ppu/lib/librsx.a(commands.o)
 .text.rsxSetWriteTextureLabel
                0x0000000000016598       0xbc /usr/local/ps3dev/ppu/lib/librsx.a(commands.o)
 *fill*         0x0000000000016654        0x4 60000000
 .text.rsxSetWaitLabel
                0x0000000000016658       0xbc /usr/local/ps3dev/ppu/lib/librsx.a(commands.o)
 *fill*         0x0000000000016714        0x4 60000000
 .text.rsxSetWriteCommandLabel
                0x0000000000016718       0xbc /usr/local/ps3dev/ppu/lib/librsx.a(commands.o)
 *fill*         0x00000000000167d4        0x4 60000000
 .text.rsxSetSurface
                0x00000000000167d8      0x254 /usr/local/ps3dev/ppu/lib/librsx.a(commands.o)
 *fill*         0x0000000000016a2c        0x4 60000000
 .text.rsxSetColorMask
                0x0000000000016a30       0xa4 /usr/local/ps3dev/ppu/lib/librsx.a(commands.o)
 *fill*         0x0000000000016ad4        0x4 60000000
 .text.rsxSetColorMaskMrt
                0x0000000000016ad8       0xa4 /usr/local/ps3dev/ppu/lib/librsx.a(commands.o)
 *fill*         0x0000000000016b7c        0x4 60000000
 .text.rsxSetShadeModel
                0x0000000000016b80       0xa4 /usr/local/ps3dev/ppu/lib/librsx.a(commands.o)
 *fill*         0x0000000000016c24        0x4 60000000
 .text.rsxSetViewport
                0x0000000000016c28      0x1e8 /usr/local/ps3dev/ppu/lib/librsx.a(commands.o)
 .text.rsxSetViewportClip
                0x0000000000016e10       0xcc /usr/local/ps3dev/ppu/lib/librsx.a(commands.o)
 *fill*         0x0000000000016edc        0x4 60000000
 .text.rsxSetUserClipPlaneControl
                0x0000000000016ee0       0xf4 /usr/local/ps3dev/ppu/lib/librsx.a(commands.o)
 *fill*         0x0000000000016fd4        0x4 60000000
 .text.rsxSetDepthTestEnable
                0x0000000000016fd8       0xa4 /usr/local/ps3dev/ppu/lib/librsx.a(commands.o)
 *fill*         0x000000000001707c        0x4 60000000
 .text.rsxSetDepthFunc
                0x0000000000017080       0xa4 /usr/local/ps3dev/ppu/lib/librsx.a(commands.o)
 *fill*         0x0000000000017124        0x4 60000000
 .text.rsxSetDepthWriteEnable
                0x0000000000017128       0xa4 /usr/local/ps3dev/ppu/lib/librsx.a(commands.o)
 *fill*         0x00000000000171cc        0x4 60000000
 .text.rsxSetDepthFormat
                0x00000000000171d0       0xac /usr/local/ps3dev/ppu/lib/librsx.a(commands.o)
 *fill*         0x000000000001727c        0x4 60000000
 .text.rsxSetCullFaceEnable
                0x0000000000017280       0xa4 /usr/local/ps3dev/ppu/lib/librsx.a(commands.o)
 *fill*         0x0000000000017324        0x4 60000000
 .text.rsxSetCullFace
                0x0000000000017328       0xa4 /usr/local/ps3dev/ppu/lib/librsx.a(commands.o)
 *fill*         0x00000000000173cc        0x4 60000000
 .text.rsxSetFrontFace
                0x00000000000173d0       0xa4 /usr/local/ps3dev/ppu/lib/librsx.a(commands.o)
 *fill*         0x0000000000017474        0x4 60000000
 .text.rsxSetFrontPolygonMode
                0x0000000000017478       0xa4 /usr/local/ps3dev/ppu/lib/librsx.a(commands.o)
 *fill*         0x000000000001751c        0x4 60000000
 .text.rsxSetBackPolygonMode
                0x0000000000017520       0xa4 /usr/local/ps3dev/ppu/lib/librsx.a(commands.o)
 *fill*         0x00000000000175c4        0x4 60000000
 .text.rsxSetPolygonOffsetFillEnable
                0x00000000000175c8       0xa4 /usr/local/ps3dev/ppu/lib/librsx.a(commands.o)
 *fill*         0x000000000001766c        0x4 60000000
 .text.rsxSetPolygonOffset
                0x0000000000017670       0xc0 /usr/local/ps3dev/ppu/lib/librsx.a(commands.o)
 .text.rsxSetPolygonOffsetLineEnable
                0x0000000000017730       0xa4 /usr/local/ps3dev/ppu/lib/librsx.a(commands.o)
 *fill*         0x00000000000177d4        0x4 60000000
 .text.rsxClearSurface
                0x00000000000177d8       0xb4 /usr/local/ps3dev/ppu/lib/librsx.a(commands.o)
 *fill*         0x000000000001788c        0x4 60000000
 .text.rsxSetCylindricalWrap
                0x0000000000017890       0xa4 /usr/local/ps3dev/ppu/lib/librsx.a(commands.o)
 *fill*         0x0000000000017934        0x4 60000000
 .text.rsxSetTwoSideLightEnable
                0x0000000000017938       0xa4 /usr/local/ps3dev/ppu/lib/librsx.a(commands.o)
 *fill*         0x00000000000179dc        0x4 60000000
 .text.rsxSetStencilFunc
                0x00000000000179e0       0xbc /usr/local/ps3dev/ppu/lib/librsx.a(commands.o)
 *fill*         0x0000000000017a9c        0x4 60000000
 .text.rsxSetStencilMask
                0x0000000000017aa0       0xa4 /usr/local/ps3dev/ppu/lib/librsx.a(commands.o)
 *fill*         0x0000000000017b44        0x4 60000000
 .text.rsxSetStencilOp
                0x0000000000017b48       0xbc /usr/local/ps3dev/ppu/lib/librsx.a(commands.o)
 *fill*         0x0000000000017c04        0x4 60000000
 .text.rsxSetStencilTestEnable
                0x0000000000017c08       0xa4 /usr/local/ps3dev/ppu/lib/librsx.a(commands.o)
 *fill*         0x0000000000017cac        0x4 60000000
 .text.rsxSetBackStencilFunc
                0x0000000000017cb0       0xbc /usr/local/ps3dev/ppu/lib/librsx.a(commands.o)
 *fill*         0x0000000000017d6c        0x4 60000000
 .text.rsxSetBackStencilMask
                0x0000000000017d70       0xa4 /usr/local/ps3dev/ppu/lib/librsx.a(commands.o)
 *fill*         0x0000000000017e14        0x4 60000000
 .text.rsxSetBackStencilOp
                0x0000000000017e18       0xbc /usr/local/ps3dev/ppu/lib/librsx.a(commands.o)
 *fill*         0x0000000000017ed4        0x4 60000000
 .text.rsxSetTwoSidedStencilTestEnable
                0x0000000000017ed8       0xa4 /usr/local/ps3dev/ppu/lib/librsx.a(commands.o)
 *fill*         0x0000000000017f7c        0x4 60000000
 .text.rsxSetRenderEnable
                0x0000000000017f80      0x124 /usr/local/ps3dev/ppu/lib/librsx.a(commands.o)
 *fill*         0x00000000000180a4        0x4 60000000
 .text.rsxSetReport
                0x00000000000180a8       0xc0 /usr/local/ps3dev/ppu/lib/librsx.a(commands.o)
 .text.rsxSetClearReport
                0x0000000000018168       0xa4 /usr/local/ps3dev/ppu/lib/librsx.a(commands.o)
 *fill*         0x000000000001820c        0x4 60000000
 .text.rsxSetZPixelCountEnable
                0x0000000000018210       0xa4 /usr/local/ps3dev/ppu/lib/librsx.a(commands.o)
 *fill*         0x00000000000182b4        0x4 60000000
 .text.rsxSetSCullControl
                0x00000000000182b8       0xc4 /usr/local/ps3dev/ppu/lib/librsx.a(commands.o)
 *fill*         0x000000000001837c        0x4 60000000
 .text.rsxSetZCullLimit
                0x0000000000018380       0xb4 /usr/local/ps3dev/ppu/lib/librsx.a(commands.o)
 *fill*         0x0000000000018434        0x4 60000000
 .text.rsxSetZCullStatsEnable
                0x0000000000018438       0xa4 /usr/local/ps3dev/ppu/lib/librsx.a(commands.o)
 *fill*         0x00000000000184dc        0x4 60000000
 .text.rsxSetZCullControl
                0x00000000000184e0       0xb4 /usr/local/ps3dev/ppu/lib/librsx.a(commands.o)
 *fill*         0x0000000000018594        0x4 60000000
 .text.rsxSetClearZCullSurface
                0x0000000000018598       0xb4 /usr/local/ps3dev/ppu/lib/librsx.a(commands.o)
 *fill*         0x000000000001864c        0x4 60000000
 .text.rsxSetZCullEnable
                0x0000000000018650       0xb4 /usr/local/ps3dev/ppu/lib/librsx.a(commands.o)
 *fill*         0x0000000000018704        0x4 60000000
 .text.rsxSetZCullInvalidate
                0x0000000000018708       0x98 /usr/local/ps3dev/ppu/lib/librsx.a(commands.o)
 .text.rsxSetPolygonSmoothEnable
                0x00000000000187a0       0xa4 /usr/local/ps3dev/ppu/lib/librsx.a(commands.o)
 *fill*         0x0000000000018844        0x4 60000000
 .text.rsxSetDitherEnable
                0x0000000000018848       0xa4 /usr/local/ps3dev/ppu/lib/librsx.a(commands.o)
 *fill*         0x00000000000188ec        0x4 60000000
 .text.rsxLoadVertexProgramBlock
                0x00000000000188f0      0x384 /usr/local/ps3dev/ppu/lib/librsx.a(commands.o)
 *fill*         0x0000000000018c74        0x4 60000000
 .text.rsxLoadFragmentProgramLocation
                0x0000000000018c78      0x228 /usr/local/ps3dev/ppu/lib/librsx.a(commands.o)
 .text.rsxUpdateFragmentProgramLocation
                0x0000000000018ea0       0xbc /usr/local/ps3dev/ppu/lib/librsx.a(commands.o)
 *fill*         0x0000000000018f5c        0x4 60000000
 .text.rsxSetFragmentProgramControl
                0x0000000000018f60       0xd4 /usr/local/ps3dev/ppu/lib/librsx.a(commands.o)
 *fill*         0x0000000000019034        0x4 60000000
 .text.rsxLoadVertexProgramParameterBlock
                0x0000000000019038      0x320 /usr/local/ps3dev/ppu/lib/librsx.a(commands.o)
 .text.rsxLoadVertexProgram
                0x0000000000019358       0xec /usr/local/ps3dev/ppu/lib/librsx.a(commands.o)
 *fill*         0x0000000000019444        0x4 60000000
 .text.rsxSetVertexProgramParameter
                0x0000000000019448      0x218 /usr/local/ps3dev/ppu/lib/librsx.a(commands.o)
 .text.rsxSetVertexProgramConstants
                0x0000000000019660      0x29c /usr/local/ps3dev/ppu/lib/librsx.a(commands.o)
 *fill*         0x00000000000198fc        0x4 60000000
 .text.rsxSetVertexAttribOutputMask
                0x0000000000019900       0xa4 /usr/local/ps3dev/ppu/lib/librsx.a(commands.o)
 *fill*         0x00000000000199a4        0x4 60000000
 .text.rsxSetFragmentProgramGammaEnable
                0x00000000000199a8       0xa4 /usr/local/ps3dev/ppu/lib/librsx.a(commands.o)
 *fill*         0x0000000000019a4c        0x4 60000000
 .text.rsxDrawVertexBegin
                0x0000000000019a50       0xa4 /usr/local/ps3dev/ppu/lib/librsx.a(commands.o)
 *fill*         0x0000000000019af4        0x4 60000000
 .text.rsxDrawVertexEnd
                0x0000000000019af8       0x98 /usr/local/ps3dev/ppu/lib/librsx.a(commands.o)
 .text.rsxDrawVertex1f
                0x0000000000019b90       0xc0 /usr/local/ps3dev/ppu/lib/librsx.a(commands.o)
 .text.rsxDrawVertex2f
                0x0000000000019c50       0xbc /usr/local/ps3dev/ppu/lib/librsx.a(commands.o)
 *fill*         0x0000000000019d0c        0x4 60000000
 .text.rsxDrawVertex3f
                0x0000000000019d10       0xbc /usr/local/ps3dev/ppu/lib/librsx.a(commands.o)
 *fill*         0x0000000000019dcc        0x4 60000000
 .text.rsxDrawVertex4f
                0x0000000000019dd0       0xbc /usr/local/ps3dev/ppu/lib/librsx.a(commands.o)
 *fill*         0x0000000000019e8c        0x4 60000000
 .text.rsxDrawVertex4s
                0x0000000000019e90       0xdc /usr/local/ps3dev/ppu/lib/librsx.a(commands.o)
 *fill*         0x0000000000019f6c        0x4 60000000
 .text.rsxDrawVertexScaled4s
                0x0000000000019f70       0xdc /usr/local/ps3dev/ppu/lib/librsx.a(commands.o)
 *fill*         0x000000000001a04c        0x4 60000000
 .text.rsxDrawVertex2s
                0x000000000001a050       0xc4 /usr/local/ps3dev/ppu/lib/librsx.a(commands.o)
 *fill*         0x000000000001a114        0x4 60000000
 .text.rsxDrawVertex4ub
                0x000000000001a118       0xb4 /usr/local/ps3dev/ppu/lib/librsx.a(commands.o)
 *fill*         0x000000000001a1cc        0x4 60000000
 .text.rsxSetFrequencyDividerOperation
                0x000000000001a1d0       0xa4 /usr/local/ps3dev/ppu/lib/librsx.a(commands.o)
 *fill*         0x000000000001a274        0x4 60000000
 .text.rsxInvalidateVertexCache
                0x000000000001a278       0xb0 /usr/local/ps3dev/ppu/lib/librsx.a(commands.o)
 .text.rsxInvalidateTextureCache
                0x000000000001a328       0xa4 /usr/local/ps3dev/ppu/lib/librsx.a(commands.o)
 *fill*         0x000000000001a3cc        0x4 60000000
 .text.rsxLoadTexture
                0x000000000001a3d0      0x144 /usr/local/ps3dev/ppu/lib/librsx.a(commands.o)
 *fill*         0x000000000001a514        0x4 60000000
 .text.rsxLoadVertexTexture
                0x000000000001a518      0x134 /usr/local/ps3dev/ppu/lib/librsx.a(commands.o)
 *fill*         0x000000000001a64c        0x4 60000000
 .text.rsxTextureControl
                0x000000000001a650       0xe4 /usr/local/ps3dev/ppu/lib/librsx.a(commands.o)
 *fill*         0x000000000001a734        0x4 60000000
 .text.rsxVertexTextureControl
                0x000000000001a738       0xd4 /usr/local/ps3dev/ppu/lib/librsx.a(commands.o)
 *fill*         0x000000000001a80c        0x4 60000000
 .text.rsxTextureFilter
                0x000000000001a810       0xdc /usr/local/ps3dev/ppu/lib/librsx.a(commands.o)
 *fill*         0x000000000001a8ec        0x4 60000000
 .text.rsxVertexTextureFilter
                0x000000000001a8f0       0xb4 /usr/local/ps3dev/ppu/lib/librsx.a(commands.o)
 *fill*         0x000000000001a9a4        0x4 60000000
 .text.rsxTextureWrapMode
                0x000000000001a9a8      0x104 /usr/local/ps3dev/ppu/lib/librsx.a(commands.o)
 *fill*         0x000000000001aaac        0x4 60000000
 .text.rsxVertexTextureWrapMode
                0x000000000001aab0       0xc4 /usr/local/ps3dev/ppu/lib/librsx.a(commands.o)
 *fill*         0x000000000001ab74        0x4 60000000
 .text.rsxTextureBorderColor
                0x000000000001ab78       0xb4 /usr/local/ps3dev/ppu/lib/librsx.a(commands.o)
 *fill*         0x000000000001ac2c        0x4 60000000
 .text.rsxVertexTextureBorderColor
                0x000000000001ac30       0xb4 /usr/local/ps3dev/ppu/lib/librsx.a(commands.o)
 *fill*         0x000000000001ace4        0x4 60000000
 .text.rsxTextureOptimization
                0x000000000001ace8       0xd4 /usr/local/ps3dev/ppu/lib/librsx.a(commands.o)
 *fill*         0x000000000001adbc        0x4 60000000
 .text.rsxTextureAnisoSpread
                0x000000000001adc0       0xe0 /usr/local/ps3dev/ppu/lib/librsx.a(commands.o)
 .text.rsxSetZMinMaxControl
                0x000000000001aea0       0xc4 /usr/local/ps3dev/ppu/lib/librsx.a(commands.o)
 *fill*         0x000000000001af64        0x4 60000000
 .text.rsxSetDepthBoundsTestEnable
                0x000000000001af68       0xa4 /usr/local/ps3dev/ppu/lib/librsx.a(commands.o)
 *fill*         0x000000000001b00c        0x4 60000000
 .text.rsxSetDepthBounds
                0x000000000001b010       0xc0 /usr/local/ps3dev/ppu/lib/librsx.a(commands.o)
 .text.rsxBindVertexArrayAttrib
                0x000000000001b0d0      0x10c /usr/local/ps3dev/ppu/lib/librsx.a(commands.o)
 *fill*         0x000000000001b1dc        0x4 60000000
 .text.rsxDrawVertexArray
                0x000000000001b1e0      0x2ec /usr/local/ps3dev/ppu/lib/librsx.a(commands.o)
 *fill*         0x000000000001b4cc        0x4 60000000
 .text.rsxDrawInlineVertexArray
                0x000000000001b4d0      0x294 /usr/local/ps3dev/ppu/lib/librsx.a(commands.o)
 *fill*         0x000000000001b764        0x4 60000000
 .text.rsxDrawIndexArray
                0x000000000001b768      0x398 /usr/local/ps3dev/ppu/lib/librsx.a(commands.o)
 .text.rsxDrawInlineIndexArray16
                0x000000000001bb00      0x334 /usr/local/ps3dev/ppu/lib/librsx.a(commands.o)
 *fill*         0x000000000001be34        0x4 60000000
 .text.rsxDrawInlineIndexArray32
                0x000000000001be38      0x29c /usr/local/ps3dev/ppu/lib/librsx.a(commands.o)
 *fill*         0x000000000001c0d4        0x4 60000000
 .text.rsxSetRestartIndexEnable
                0x000000000001c0d8       0xa4 /usr/local/ps3dev/ppu/lib/librsx.a(commands.o)
 *fill*         0x000000000001c17c        0x4 60000000
 .text.rsxSetRestartIndex
                0x000000000001c180       0xa4 /usr/local/ps3dev/ppu/lib/librsx.a(commands.o)
 *fill*         0x000000000001c224        0x4 60000000
 .text.rsxSetScissor
                0x000000000001c228       0xd4 /usr/local/ps3dev/ppu/lib/librsx.a(commands.o)
 *fill*         0x000000000001c2fc        0x4 60000000
 .text.rsxSetAntialiasingControl
                0x000000000001c300       0xd4 /usr/local/ps3dev/ppu/lib/librsx.a(commands.o)
 *fill*         0x000000000001c3d4        0x4 60000000
 .text.rsxInlineTransfer
                0x000000000001c3d8      0x23c /usr/local/ps3dev/ppu/lib/librsx.a(commands.o)
 *fill*         0x000000000001c614        0x4 60000000
 .text.rsxSetFragmentProgramParameter
                0x000000000001c618      0x5d8 /usr/local/ps3dev/ppu/lib/librsx.a(commands.o)
 .text.rsxSetAlphaFunc
                0x000000000001cbf0       0xb4 /usr/local/ps3dev/ppu/lib/librsx.a(commands.o)
 *fill*         0x000000000001cca4        0x4 60000000
 .text.rsxSetAlphaTestEnable
                0x000000000001cca8       0xa4 /usr/local/ps3dev/ppu/lib/librsx.a(commands.o)
 *fill*         0x000000000001cd4c        0x4 60000000
 .text.rsxSetBlendFunc
                0x000000000001cd50       0xd4 /usr/local/ps3dev/ppu/lib/librsx.a(commands.o)
 *fill*         0x000000000001ce24        0x4 60000000
 .text.rsxSetBlendEquation
                0x000000000001ce28       0xb4 /usr/local/ps3dev/ppu/lib/librsx.a(commands.o)
 *fill*         0x000000000001cedc        0x4 60000000
 .text.rsxSetBlendColor
                0x000000000001cee0       0xbc /usr/local/ps3dev/ppu/lib/librsx.a(commands.o)
 *fill*         0x000000000001cf9c        0x4 60000000
 .text.rsxSetBlendEnable
                0x000000000001cfa0       0xa4 /usr/local/ps3dev/ppu/lib/librsx.a(commands.o)
 *fill*         0x000000000001d044        0x4 60000000
 .text.rsxSetBlendOptimization
                0x000000000001d048       0xa4 /usr/local/ps3dev/ppu/lib/librsx.a(commands.o)
 *fill*         0x000000000001d0ec        0x4 60000000
 .text.rsxSetBlendEnableMrt
                0x000000000001d0f0       0xcc /usr/local/ps3dev/ppu/lib/librsx.a(commands.o)
 *fill*         0x000000000001d1bc        0x4 60000000
 .text.rsxSetLogicOp
                0x000000000001d1c0       0xa4 /usr/local/ps3dev/ppu/lib/librsx.a(commands.o)
 *fill*         0x000000000001d264        0x4 60000000
 .text.rsxSetLogicOpEnable
                0x000000000001d268       0xa4 /usr/local/ps3dev/ppu/lib/librsx.a(commands.o)
 *fill*         0x000000000001d30c        0x4 60000000
 .text.rsxSetFogMode
                0x000000000001d310       0xa4 /usr/local/ps3dev/ppu/lib/librsx.a(commands.o)
 *fill*         0x000000000001d3b4        0x4 60000000
 .text.rsxSetFogParams
                0x000000000001d3b8       0xc0 /usr/local/ps3dev/ppu/lib/librsx.a(commands.o)
 .text.rsxSetTransformBranchBits
                0x000000000001d478       0xa4 /usr/local/ps3dev/ppu/lib/librsx.a(commands.o)
 *fill*         0x000000000001d51c        0x4 60000000
 .text.rsxSetPointSpriteControl
                0x000000000001d520       0xd4 /usr/local/ps3dev/ppu/lib/librsx.a(commands.o)
 *fill*         0x000000000001d5f4        0x4 60000000
 .text.rsxSetPointSize
                0x000000000001d5f8       0xac /usr/local/ps3dev/ppu/lib/librsx.a(commands.o)
 *fill*         0x000000000001d6a4        0x4 60000000
 .text.rsxSetTransferData
                0x000000000001d6a8      0x244 /usr/local/ps3dev/ppu/lib/librsx.a(commands.o)
 *fill*         0x000000000001d8ec        0x4 60000000
 .text.rsxSetConvertSwizzleFormatUnsafe
                0x000000000001d8f0      0x7a8 /usr/local/ps3dev/ppu/lib/librsx.a(commands.o)
 .text.rsxSetTransferDataMode
                0x000000000001e098       0xec /usr/local/ps3dev/ppu/lib/librsx.a(commands.o)
 *fill*         0x000000000001e184        0x4 60000000
 .text.rsxSetTransferDataOffset
                0x000000000001e188      0x12c /usr/local/ps3dev/ppu/lib/librsx.a(commands.o)
 *fill*         0x000000000001e2b4        0x4 60000000
 .text.rsxSetTransferDataFormat
                0x000000000001e2b8       0xe4 /usr/local/ps3dev/ppu/lib/librsx.a(commands.o)
 *fill*         0x000000000001e39c        0x4 60000000
 .text.rsxSetTransferImage
                0x000000000001e3a0      0x43c /usr/local/ps3dev/ppu/lib/librsx.a(commands.o)
 *fill*         0x000000000001e7dc        0x4 60000000
 .text.rsxSetTransferScaleMode
                0x000000000001e7e0      0x178 /usr/local/ps3dev/ppu/lib/librsx.a(commands.o)
 .text.rsxSetTransferScaleSurface
                0x000000000001e958      0x1bc /usr/local/ps3dev/ppu/lib/librsx.a(commands.o)
 *fill*         0x000000000001eb14        0x4 60000000
 .text.rsxSetTransferScaleSwizzle
                0x000000000001eb18      0x1bc /usr/local/ps3dev/ppu/lib/librsx.a(commands.o)
 *fill*         0x000000000001ecd4        0x4 60000000
 .text.rsxSetConvertSwizzleFormat
                0x000000000001ecd8      0x750 /usr/local/ps3dev/ppu/lib/librsx.a(commands.o)
 .text.rsxSetTimeStamp
                0x000000000001f428       0xac /usr/local/ps3dev/ppu/lib/librsx.a(commands.o)
 *fill*         0x000000000001f4d4        0x4 60000000
 .text.rsxSetWaitForIdle
                0x000000000001f4d8       0x98 /usr/local/ps3dev/ppu/lib/librsx.a(commands.o)
 .text          0x000000000001f570        0x0 /usr/local/ps3dev/ppu/lib/librsx.a(mm.o)
 .text.rsxHeapInit
                0x000000000001f570       0x80 /usr/local/ps3dev/ppu/lib/librsx.a(mm.o)
 .text.rsxMemalign
                0x000000000001f5f0       0x58 /usr/local/ps3dev/ppu/lib/librsx.a(mm.o)
 .text.rsxMalloc
                0x000000000001f648       0x58 /usr/local/ps3dev/ppu/lib/librsx.a(mm.o)
 .text.rsxFree  0x000000000001f6a0       0x48 /usr/local/ps3dev/ppu/lib/librsx.a(mm.o)
 .text          0x000000000001f6e8        0x0 /usr/local/ps3dev/ppu/lib/librsx.a(vertex_program.o)
 .text.rsxVertexProgramGetUCode
                0x000000000001f6e8       0x28 /usr/local/ps3dev/ppu/lib/librsx.a(vertex_program.o)
 .text.rsxVertexProgramGetNumConst
                0x000000000001f710       0x14 /usr/local/ps3dev/ppu/lib/librsx.a(vertex_program.o)
 *fill*         0x000000000001f724        0x4 60000000
 .text.rsxVertexProgramGetNumAttrib
                0x000000000001f728       0x14 /usr/local/ps3dev/ppu/lib/librsx.a(vertex_program.o)
 *fill*         0x000000000001f73c        0x4 60000000
 .text.rsxVertexProgramGetConsts
                0x000000000001f740       0x30 /usr/local/ps3dev/ppu/lib/librsx.a(vertex_program.o)
 .text.rsxVertexProgramGetConst
                0x000000000001f770       0x74 /usr/local/ps3dev/ppu/lib/librsx.a(vertex_program.o)
 *fill*         0x000000000001f7e4        0x4 60000000
 .text.rsxVertexProgramGetAttribs
                0x000000000001f7e8       0x30 /usr/local/ps3dev/ppu/lib/librsx.a(vertex_program.o)
 .text.rsxVertexProgramGetAttrib
                0x000000000001f818       0x30 /usr/local/ps3dev/ppu/lib/librsx.a(vertex_program.o)
 .text          0x000000000001f848        0x0 /usr/local/ps3dev/ppu/lib/librsx.a(fragment_program.o)
 .text.rsxFragmentProgramGetUCode
                0x000000000001f848       0x28 /usr/local/ps3dev/ppu/lib/librsx.a(fragment_program.o)
 .text.rsxFragmentProgramGetNumConst
                0x000000000001f870       0x14 /usr/local/ps3dev/ppu/lib/librsx.a(fragment_program.o)
 *fill*         0x000000000001f884        0x4 60000000
 .text.rsxFragmentProgramGetConsts
                0x000000000001f888       0x30 /usr/local/ps3dev/ppu/lib/librsx.a(fragment_program.o)
 .text.rsxFragmentProgramGetConst
                0x000000000001f8b8       0x74 /usr/local/ps3dev/ppu/lib/librsx.a(fragment_program.o)
 *fill*         0x000000000001f92c        0x4 60000000
 .text.rsxFragmentProgramGetNumAttrib
                0x000000000001f930       0x14 /usr/local/ps3dev/ppu/lib/librsx.a(fragment_program.o)
 *fill*         0x000000000001f944        0x4 60000000
 .text.rsxFragmentProgramGetAttribs
                0x000000000001f948       0x30 /usr/local/ps3dev/ppu/lib/librsx.a(fragment_program.o)
 .text.rsxFragmentProgramGetAttrib
                0x000000000001f978       0x30 /usr/local/ps3dev/ppu/lib/librsx.a(fragment_program.o)
 .text.rsxFragmentProgramGetConstOffsetTable
                0x000000000001f9a8       0x14 /usr/local/ps3dev/ppu/lib/librsx.a(fragment_program.o)
 .text          0x000000000001f9bc        0x0 /usr/local/ps3dev/ppu/lib/librsx.a(rsx_internal.o)
 *fill*         0x000000000001f9bc        0x4 60000000
 .text.__rsxGetAttrs
                0x000000000001f9c0       0x18 /usr/local/ps3dev/ppu/lib/librsx.a(rsx_internal.o)
 .text.__rsxGetAttr
                0x000000000001f9d8       0xcc /usr/local/ps3dev/ppu/lib/librsx.a(rsx_internal.o)
 *fill*         0x000000000001faa4        0x4 60000000
 .text.__rsxGetConsts
                0x000000000001faa8       0x18 /usr/local/ps3dev/ppu/lib/librsx.a(rsx_internal.o)
 .text.__rsxGetConstIndex
                0x000000000001fac0       0xbc /usr/local/ps3dev/ppu/lib/librsx.a(rsx_internal.o)
 .text          0x000000000001fb7c        0x0 /usr/local/ps3dev/ppu/lib/libsysutil.a(sprx.o)
 .text          0x000000000001fb7c        0x0 /usr/local/ps3dev/ppu/lib/libio.a(sprx.o)
 .text          0x000000000001fb7c        0x0 /usr/local/ps3dev/ppu/lib/librt.a(sbrk.o)
 *fill*         0x000000000001fb7c        0x4 60000000
 .text.startup.sbrk_init
                0x000000000001fb80       0xb8 /usr/local/ps3dev/ppu/lib/librt.a(sbrk.o)
 .text.sbrk_deinit
                0x000000000001fc38       0xc8 /usr/local/ps3dev/ppu/lib/librt.a(sbrk.o)
 .text.__librt_sbrk_r
                0x000000000001fd00      0x2f4 /usr/local/ps3dev/ppu/lib/librt.a(sbrk.o)
 .text          0x000000000001fff4        0x0 /usr/local/ps3dev/ppu/lib/librt.a(exit.o)
 *fill*         0x000000000001fff4        0x4 60000000
 .text.__librt_exit
                0x000000000001fff8       0x30 /usr/local/ps3dev/ppu/lib/librt.a(exit.o)
 .text          0x0000000000020028        0x0 /usr/local/ps3dev/ppu/lib/librt.a(close.o)
 .text.__librt_close_r
                0x0000000000020028       0x88 /usr/local/ps3dev/ppu/lib/librt.a(close.o)
 .text          0x00000000000200b0        0x0 /usr/local/ps3dev/ppu/lib/librt.a(lseek.o)
 .text.__librt_lseek_r
                0x00000000000200b0       0x8c /usr/local/ps3dev/ppu/lib/librt.a(lseek.o)
 *fill*         0x000000000002013c        0x4 60000000
 .text.__librt_lseek64_r
                0x0000000000020140       0x10 /usr/local/ps3dev/ppu/lib/librt.a(lseek.o)
 .text          0x0000000000020150        0x0 /usr/local/ps3dev/ppu/lib/librt.a(read.o)
 .text.__librt_read_r
                0x0000000000020150      0x10c /usr/local/ps3dev/ppu/lib/librt.a(read.o)
 .text          0x000000000002025c        0x0 /usr/local/ps3dev/ppu/lib/librt.a(open.o)
 *fill*         0x000000000002025c        0x4 60000000
 .text.__librt_open_r
                0x0000000000020260      0x180 /usr/local/ps3dev/ppu/lib/librt.a(open.o)
 .text          0x00000000000203e0        0x0 /usr/local/ps3dev/ppu/lib/librt.a(sleep.o)
 .text.__librt_usleep_r
                0x00000000000203e0       0x50 /usr/local/ps3dev/ppu/lib/librt.a(sleep.o)
 .text.__librt_sleep_r
                0x0000000000020430       0x6c /usr/local/ps3dev/ppu/lib/librt.a(sleep.o)
 .text          0x000000000002049c        0x0 /usr/local/ps3dev/ppu/lib/librt.a(write.o)
 *fill*         0x000000000002049c        0x4 60000000
 .text.__librt_write_r
                0x00000000000204a0      0x104 /usr/local/ps3dev/ppu/lib/librt.a(write.o)
 .text          0x00000000000205a4        0x0 /usr/local/ps3dev/ppu/lib/librt.a(fstat.o)
 *fill*         0x00000000000205a4        0x4 60000000
 .text.__librt_fstat_r
                0x00000000000205a8       0xd0 /usr/local/ps3dev/ppu/lib/librt.a(fstat.o)
 .text.__librt_fstat64_r
                0x0000000000020678       0x10 /usr/local/ps3dev/ppu/lib/librt.a(fstat.o)
 .text.__librt_stat_r
                0x0000000000020688       0xd0 /usr/local/ps3dev/ppu/lib/librt.a(fstat.o)
 .text.__librt_stat64_r
                0x0000000000020758       0x10 /usr/local/ps3dev/ppu/lib/librt.a(fstat.o)
 .text          0x0000000000020768        0x0 /usr/local/ps3dev/ppu/lib/librt.a(socket.o)
 .text.accept   0x0000000000020768       0xe0 /usr/local/ps3dev/ppu/lib/librt.a(socket.o)
 .text.bind     0x0000000000020848       0x44 /usr/local/ps3dev/ppu/lib/librt.a(socket.o)
 *fill*         0x000000000002088c        0x4 60000000
 .text.connect  0x0000000000020890       0x44 /usr/local/ps3dev/ppu/lib/librt.a(socket.o)
 *fill*         0x00000000000208d4        0x4 60000000
 .text.listen   0x00000000000208d8       0x44 /usr/local/ps3dev/ppu/lib/librt.a(socket.o)
 *fill*         0x000000000002091c        0x4 60000000
 .text.socket   0x0000000000020920       0x5c /usr/local/ps3dev/ppu/lib/librt.a(socket.o)
 *fill*         0x000000000002097c        0x4 60000000
 .text.send     0x0000000000020980       0x4c /usr/local/ps3dev/ppu/lib/librt.a(socket.o)
 *fill*         0x00000000000209cc        0x4 60000000
 .text.sendto   0x00000000000209d0       0x44 /usr/local/ps3dev/ppu/lib/librt.a(socket.o)
 *fill*         0x0000000000020a14        0x4 60000000
 .text.recv     0x0000000000020a18       0x4c /usr/local/ps3dev/ppu/lib/librt.a(socket.o)
 *fill*         0x0000000000020a64        0x4 60000000
 .text.recvfrom
                0x0000000000020a68       0xd8 /usr/local/ps3dev/ppu/lib/librt.a(socket.o)
 .text.shutdown
                0x0000000000020b40       0x44 /usr/local/ps3dev/ppu/lib/librt.a(socket.o)
 *fill*         0x0000000000020b84        0x4 60000000
 .text.inet_aton
                0x0000000000020b88       0xbc /usr/local/ps3dev/ppu/lib/librt.a(socket.o)
 *fill*         0x0000000000020c44        0x4 60000000
 .text.inet_pton
                0x0000000000020c48       0x48 /usr/local/ps3dev/ppu/lib/librt.a(socket.o)
 .text.select   0x0000000000020c90       0x3c /usr/local/ps3dev/ppu/lib/librt.a(socket.o)
 *fill*         0x0000000000020ccc        0x4 60000000
 .text.closesocket
                0x0000000000020cd0       0x44 /usr/local/ps3dev/ppu/lib/librt.a(socket.o)
 .text          0x0000000000020d14        0x0 /usr/local/ps3dev/ppu/lib/librt.a(lock.o)
 *fill*         0x0000000000020d14        0x4 60000000
 .text.__librt_sys_lwmutex_create_r
                0x0000000000020d18       0x38 /usr/local/ps3dev/ppu/lib/librt.a(lock.o)
 .text.__librt_sys_lwmutex_destroy_r
                0x0000000000020d50       0x34 /usr/local/ps3dev/ppu/lib/librt.a(lock.o)
 *fill*         0x0000000000020d84        0x4 60000000
 .text.__librt_sys_lwmutex_lock_r
                0x0000000000020d88       0x38 /usr/local/ps3dev/ppu/lib/librt.a(lock.o)
 .text.__librt_sys_lwmutex_trylock_r
                0x0000000000020dc0       0x34 /usr/local/ps3dev/ppu/lib/librt.a(lock.o)
 *fill*         0x0000000000020df4        0x4 60000000
 .text.__librt_sys_lwmutex_unlock_r
                0x0000000000020df8       0x34 /usr/local/ps3dev/ppu/lib/librt.a(lock.o)
 .text          0x0000000000020e2c        0x0 /usr/local/ps3dev/ppu/lib/librt.a(dirent.o)
 *fill*         0x0000000000020e2c        0x4 60000000
 .text.readdir_i
                0x0000000000020e30      0x10c /usr/local/ps3dev/ppu/lib/librt.a(dirent.o)
 *fill*         0x0000000000020f3c        0x4 60000000
 .text.__librt_opendir_r
                0x0000000000020f40      0x114 /usr/local/ps3dev/ppu/lib/librt.a(dirent.o)
 *fill*         0x0000000000021054        0x4 60000000
 .text.__librt_readdir_r
                0x0000000000021058       0x84 /usr/local/ps3dev/ppu/lib/librt.a(dirent.o)
 *fill*         0x00000000000210dc        0x4 60000000
 .text.__librt_readdir_r_r
                0x00000000000210e0       0x58 /usr/local/ps3dev/ppu/lib/librt.a(dirent.o)
 .text.__librt_closedir_r
                0x0000000000021138       0x84 /usr/local/ps3dev/ppu/lib/librt.a(dirent.o)
 *fill*         0x00000000000211bc        0x4 60000000
 .text.__librt_telldir_r
                0x00000000000211c0       0x24 /usr/local/ps3dev/ppu/lib/librt.a(dirent.o)
 *fill*         0x00000000000211e4        0x4 60000000
 .text.__librt_rewinddir_r
                0x00000000000211e8       0x18 /usr/local/ps3dev/ppu/lib/librt.a(dirent.o)
 .text.__librt_seekdir_r
                0x0000000000021200       0x18 /usr/local/ps3dev/ppu/lib/librt.a(dirent.o)
 .text          0x0000000000021218        0x0 /usr/local/ps3dev/ppu/lib/librt.a(mkdir.o)
 .text.__librt_mkdir_r
                0x0000000000021218       0x60 /usr/local/ps3dev/ppu/lib/librt.a(mkdir.o)
 .text          0x0000000000021278        0x0 /usr/local/ps3dev/ppu/lib/librt.a(times.o)
 .text.__librt_times_r
                0x0000000000021278       0x1c /usr/local/ps3dev/ppu/lib/librt.a(times.o)
 .text          0x0000000000021294        0x0 /usr/local/ps3dev/ppu/lib/librt.a(umask.o)
 *fill*         0x0000000000021294        0x4 60000000
 .text.__librt_umask_r
                0x0000000000021298       0x20 /usr/local/ps3dev/ppu/lib/librt.a(umask.o)
 .text          0x00000000000212b8        0x0 /usr/local/ps3dev/ppu/lib/librt.a(lv2errno.o)
 .text.lv2error
                0x00000000000212b8      0x434 /usr/local/ps3dev/ppu/lib/librt.a(lv2errno.o)
 *fill*         0x00000000000216ec        0x4 60000000
 .text.lv2errno
                0x00000000000216f0       0x68 /usr/local/ps3dev/ppu/lib/librt.a(lv2errno.o)
 .text.lv2errno_r
                0x0000000000021758       0x58 /usr/local/ps3dev/ppu/lib/librt.a(lv2errno.o)
 .text          0x00000000000217b0        0x0 /usr/local/ps3dev/ppu/lib/librt.a(heap.o)
 .text.__heap_block_split.isra.2
                0x00000000000217b0      0x104 /usr/local/ps3dev/ppu/lib/librt.a(heap.o)
 *fill*         0x00000000000218b4        0x4 60000000
 .text.heapInit
                0x00000000000218b8      0x128 /usr/local/ps3dev/ppu/lib/librt.a(heap.o)
 .text.heapAllocateAligned
                0x00000000000219e0      0x230 /usr/local/ps3dev/ppu/lib/librt.a(heap.o)
 .text.heapAllocate
                0x0000000000021c10       0x14 /usr/local/ps3dev/ppu/lib/librt.a(heap.o)
 *fill*         0x0000000000021c24        0x4 60000000
 .text.heapFree
                0x0000000000021c28      0x1fc /usr/local/ps3dev/ppu/lib/librt.a(heap.o)
 .text          0x0000000000021e24        0x0 /usr/local/ps3dev/ppu/lib/librt.a(chmod.o)
 *fill*         0x0000000000021e24        0x4 60000000
 .text.__librt_chmod_r
                0x0000000000021e28       0x54 /usr/local/ps3dev/ppu/lib/librt.a(chmod.o)
 .text          0x0000000000021e7c        0x0 /usr/local/ps3dev/ppu/lib/librt.a(rename.o)
 *fill*         0x0000000000021e7c        0x4 60000000
 .text.__librt_rename_r
                0x0000000000021e80       0x54 /usr/local/ps3dev/ppu/lib/librt.a(rename.o)
 .text          0x0000000000021ed4        0x0 /usr/local/ps3dev/ppu/lib/librt.a(rmdir.o)
 *fill*         0x0000000000021ed4        0x4 60000000
 .text.__librt_rmdir_r
                0x0000000000021ed8       0x50 /usr/local/ps3dev/ppu/lib/librt.a(rmdir.o)
 .text          0x0000000000021f28        0x0 /usr/local/ps3dev/ppu/lib/librt.a(isatty.o)
 .text.__librt_isatty_r
                0x0000000000021f28       0x2c /usr/local/ps3dev/ppu/lib/librt.a(isatty.o)
 .text          0x0000000000021f54        0x0 /usr/local/ps3dev/ppu/lib/librt.a(gettod.o)
 *fill*         0x0000000000021f54        0x4 60000000
 .text.__librt_gettod_r
                0x0000000000021f58       0xb8 /usr/local/ps3dev/ppu/lib/librt.a(gettod.o)
 .text          0x0000000000022010        0x0 /usr/local/ps3dev/ppu/lib/librt.a(settod.o)
 .text.__librt_settod_r
                0x0000000000022010       0x58 /usr/local/ps3dev/ppu/lib/librt.a(settod.o)
 .text          0x0000000000022068        0x0 /usr/local/ps3dev/ppu/lib/librt.a(unlink.o)
 .text.__librt_unlink_r
                0x0000000000022068       0x50 /usr/local/ps3dev/ppu/lib/librt.a(unlink.o)
 .text          0x00000000000220b8        0x0 /usr/local/ps3dev/ppu/lib/librt.a(link.o)
 .text.__librt_link_r
                0x00000000000220b8       0x54 /usr/local/ps3dev/ppu/lib/librt.a(link.o)
 .text          0x000000000002210c        0x0 /usr/local/ps3dev/ppu/lib/librt.a(truncate.o)
 *fill*         0x000000000002210c        0x4 60000000
 .text.__librt_truncate_r
                0x0000000000022110       0x54 /usr/local/ps3dev/ppu/lib/librt.a(truncate.o)
 *fill*         0x0000000000022164        0x4 60000000
 .text.__librt_ftruncate_r
                0x0000000000022168       0x54 /usr/local/ps3dev/ppu/lib/librt.a(truncate.o)
 .text          0x00000000000221bc        0x0 /usr/local/ps3dev/ppu/lib/librt.a(fsync.o)
 *fill*         0x00000000000221bc        0x4 60000000
 .text.__librt_fsync_r
                0x00000000000221c0       0x50 /usr/local/ps3dev/ppu/lib/librt.a(fsync.o)
 .text          0x0000000000022210        0x0 /usr/local/ps3dev/ppu/lib/librt.a(utime.o)
 .text.__librt_utime_r
                0x0000000000022210       0xbc /usr/local/ps3dev/ppu/lib/librt.a(utime.o)
 .text          0x00000000000222cc        0x0 /usr/local/ps3dev/ppu/lib/librt.a(globfile.o)
 *fill*         0x00000000000222cc        0x4 60000000
 .text.resolve_path
                0x00000000000222d0      0x188 /usr/local/ps3dev/ppu/lib/librt.a(globfile.o)
 .text.flattenDirectory.constprop.0
                0x0000000000022458      0x2d0 /usr/local/ps3dev/ppu/lib/librt.a(globfile.o)
 .text.startup.__glob_file_init
                0x0000000000022728       0x3c /usr/local/ps3dev/ppu/lib/librt.a(globfile.o)
 *fill*         0x0000000000022764        0x4 60000000
 .text.__full_path
                0x0000000000022768      0x12c /usr/local/ps3dev/ppu/lib/librt.a(globfile.o)
 *fill*         0x0000000000022894        0x4 60000000
 .text.__librt_chdir_r
                0x0000000000022898       0xbc /usr/local/ps3dev/ppu/lib/librt.a(globfile.o)
 *fill*         0x0000000000022954        0x4 60000000
 .text.__librt_getcwd_r
                0x0000000000022958       0xc0 /usr/local/ps3dev/ppu/lib/librt.a(globfile.o)
 .text          0x0000000000022a18        0x0 /usr/local/ps3dev/ppu/lib/liblv2.a(sprx.o)
 .text          0x0000000000022a18        0x0 /usr/local/ps3dev/ppu/lib/gcc/powerpc64-ps3-elf/7.2.0/../../../../powerpc64-ps3-elf/lib/libsysbase.a(syscalls.o)
 .text          0x0000000000022a18        0x0 /usr/local/ps3dev/ppu/lib/gcc/powerpc64-ps3-elf/7.2.0/../../../../powerpc64-ps3-elf/lib/libsysbase.a(sleep.o)
 .text.usleep   0x0000000000022a18       0x80 /usr/local/ps3dev/ppu/lib/gcc/powerpc64-ps3-elf/7.2.0/../../../../powerpc64-ps3-elf/lib/libsysbase.a(sleep.o)
 .text.sleep    0x0000000000022a98       0x84 /usr/local/ps3dev/ppu/lib/gcc/powerpc64-ps3-elf/7.2.0/../../../../powerpc64-ps3-elf/lib/libsysbase.a(sleep.o)
 .text          0x0000000000022b1c        0x0 /usr/local/ps3dev/ppu/lib/gcc/powerpc64-ps3-elf/7.2.0/../../../../powerpc64-ps3-elf/lib/libc.a(lib_a-calloc.o)
 *fill*         0x0000000000022b1c        0x4 60000000
 .text.calloc   0x0000000000022b20       0x58 /usr/local/ps3dev/ppu/lib/gcc/powerpc64-ps3-elf/7.2.0/../../../../powerpc64-ps3-elf/lib/libc.a(lib_a-calloc.o)
 .text          0x0000000000022b78        0x0 /usr/local/ps3dev/ppu/lib/gcc/powerpc64-ps3-elf/7.2.0/../../../../powerpc64-ps3-elf/lib/libc.a(lib_a-callocr.o)
 .text._calloc_r
                0x0000000000022b78       0xdc /usr/local/ps3dev/ppu/lib/gcc/powerpc64-ps3-elf/7.2.0/../../../../powerpc64-ps3-elf/lib/libc.a(lib_a-callocr.o)
 .text          0x0000000000022c54        0x0 /usr/local/ps3dev/ppu/lib/gcc/powerpc64-ps3-elf/7.2.0/../../../../powerpc64-ps3-elf/lib/libc.a(lib_a-errno.o)
 *fill*         0x0000000000022c54        0x4 60000000
 .text.__errno  0x0000000000022c58       0x30 /usr/local/ps3dev/ppu/lib/gcc/powerpc64-ps3-elf/7.2.0/../../../../powerpc64-ps3-elf/lib/libc.a(lib_a-errno.o)
 .text          0x0000000000022c88        0x0 /usr/local/ps3dev/ppu/lib/gcc/powerpc64-ps3-elf/7.2.0/../../../../powerpc64-ps3-elf/lib/libc.a(lib_a-exit.o)
 .text.exit     0x0000000000022c88       0x68 /usr/local/ps3dev/ppu/lib/gcc/powerpc64-ps3-elf/7.2.0/../../../../powerpc64-ps3-elf/lib/libc.a(lib_a-exit.o)
 .text          0x0000000000022cf0        0x0 /usr/local/ps3dev/ppu/lib/gcc/powerpc64-ps3-elf/7.2.0/../../../../powerpc64-ps3-elf/lib/libc.a(lib_a-fclose.o)
 .text._fclose_r
                0x0000000000022cf0      0x1e8 /usr/local/ps3dev/ppu/lib/gcc/powerpc64-ps3-elf/7.2.0/../../../../powerpc64-ps3-elf/lib/libc.a(lib_a-fclose.o)
 .text.fclose   0x0000000000022ed8       0x40 /usr/local/ps3dev/ppu/lib/gcc/powerpc64-ps3-elf/7.2.0/../../../../powerpc64-ps3-elf/lib/libc.a(lib_a-fclose.o)
 .text          0x0000000000022f18        0x0 /usr/local/ps3dev/ppu/lib/gcc/powerpc64-ps3-elf/7.2.0/../../../../powerpc64-ps3-elf/lib/libc.a(lib_a-fflush.o)
 .text.__sflush_r
                0x0000000000022f18      0x3d0 /usr/local/ps3dev/ppu/lib/gcc/powerpc64-ps3-elf/7.2.0/../../../../powerpc64-ps3-elf/lib/libc.a(lib_a-fflush.o)
 .text._fflush_r
                0x00000000000232e8      0x124 /usr/local/ps3dev/ppu/lib/gcc/powerpc64-ps3-elf/7.2.0/../../../../powerpc64-ps3-elf/lib/libc.a(lib_a-fflush.o)
 *fill*         0x000000000002340c        0x4 60000000
 .text.fflush   0x0000000000023410       0x70 /usr/local/ps3dev/ppu/lib/gcc/powerpc64-ps3-elf/7.2.0/../../../../powerpc64-ps3-elf/lib/libc.a(lib_a-fflush.o)
 .text          0x0000000000023480        0x0 /usr/local/ps3dev/ppu/lib/gcc/powerpc64-ps3-elf/7.2.0/../../../../powerpc64-ps3-elf/lib/libc.a(lib_a-findfp.o)
 .text._cleanup_r
                0x0000000000023480       0x34 /usr/local/ps3dev/ppu/lib/gcc/powerpc64-ps3-elf/7.2.0/../../../../powerpc64-ps3-elf/lib/libc.a(lib_a-findfp.o)
 *fill*         0x00000000000234b4        0x4 60000000
 .text.__fp_lock
                0x00000000000234b8       0x50 /usr/local/ps3dev/ppu/lib/gcc/powerpc64-ps3-elf/7.2.0/../../../../powerpc64-ps3-elf/lib/libc.a(lib_a-findfp.o)
 .text.__fp_unlock
                0x0000000000023508       0x50 /usr/local/ps3dev/ppu/lib/gcc/powerpc64-ps3-elf/7.2.0/../../../../powerpc64-ps3-elf/lib/libc.a(lib_a-findfp.o)
 .text.std.isra.0
                0x0000000000023558       0x9c /usr/local/ps3dev/ppu/lib/gcc/powerpc64-ps3-elf/7.2.0/../../../../powerpc64-ps3-elf/lib/libc.a(lib_a-findfp.o)
 *fill*         0x00000000000235f4        0x4 60000000
 .text.__sfmoreglue
                0x00000000000235f8       0x88 /usr/local/ps3dev/ppu/lib/gcc/powerpc64-ps3-elf/7.2.0/../../../../powerpc64-ps3-elf/lib/libc.a(lib_a-findfp.o)
 .text._cleanup
                0x0000000000023680       0x3c /usr/local/ps3dev/ppu/lib/gcc/powerpc64-ps3-elf/7.2.0/../../../../powerpc64-ps3-elf/lib/libc.a(lib_a-findfp.o)
 *fill*         0x00000000000236bc        0x4 60000000
 .text.__sinit  0x00000000000236c0       0xbc /usr/local/ps3dev/ppu/lib/gcc/powerpc64-ps3-elf/7.2.0/../../../../powerpc64-ps3-elf/lib/libc.a(lib_a-findfp.o)
 *fill*         0x000000000002377c        0x4 60000000
 .text.__sfp    0x0000000000023780      0x190 /usr/local/ps3dev/ppu/lib/gcc/powerpc64-ps3-elf/7.2.0/../../../../powerpc64-ps3-elf/lib/libc.a(lib_a-findfp.o)
 .text.__sfp_lock_acquire
                0x0000000000023910       0x34 /usr/local/ps3dev/ppu/lib/gcc/powerpc64-ps3-elf/7.2.0/../../../../powerpc64-ps3-elf/lib/libc.a(lib_a-findfp.o)
 *fill*         0x0000000000023944        0x4 60000000
 .text.__sfp_lock_release
                0x0000000000023948       0x34 /usr/local/ps3dev/ppu/lib/gcc/powerpc64-ps3-elf/7.2.0/../../../../powerpc64-ps3-elf/lib/libc.a(lib_a-findfp.o)
 *fill*         0x000000000002397c        0x4 60000000
 .text.__sinit_lock_acquire
                0x0000000000023980       0x34 /usr/local/ps3dev/ppu/lib/gcc/powerpc64-ps3-elf/7.2.0/../../../../powerpc64-ps3-elf/lib/libc.a(lib_a-findfp.o)
 *fill*         0x00000000000239b4        0x4 60000000
 .text.__sinit_lock_release
                0x00000000000239b8       0x34 /usr/local/ps3dev/ppu/lib/gcc/powerpc64-ps3-elf/7.2.0/../../../../powerpc64-ps3-elf/lib/libc.a(lib_a-findfp.o)
 *fill*         0x00000000000239ec        0x4 60000000
 .text.__fp_lock_all
                0x00000000000239f0       0x48 /usr/local/ps3dev/ppu/lib/gcc/powerpc64-ps3-elf/7.2.0/../../../../powerpc64-ps3-elf/lib/libc.a(lib_a-findfp.o)
 .text.__fp_unlock_all
                0x0000000000023a38       0x48 /usr/local/ps3dev/ppu/lib/gcc/powerpc64-ps3-elf/7.2.0/../../../../powerpc64-ps3-elf/lib/libc.a(lib_a-findfp.o)
 .text          0x0000000000023a80        0x0 /usr/local/ps3dev/ppu/lib/gcc/powerpc64-ps3-elf/7.2.0/../../../../powerpc64-ps3-elf/lib/libc.a(lib_a-fopen.o)
 .text._fopen_r
                0x0000000000023a80      0x1cc /usr/local/ps3dev/ppu/lib/gcc/powerpc64-ps3-elf/7.2.0/../../../../powerpc64-ps3-elf/lib/libc.a(lib_a-fopen.o)
 *fill*         0x0000000000023c4c        0x4 60000000
 .text.fopen    0x0000000000023c50       0x50 /usr/local/ps3dev/ppu/lib/gcc/powerpc64-ps3-elf/7.2.0/../../../../powerpc64-ps3-elf/lib/libc.a(lib_a-fopen.o)
 .text          0x0000000000023ca0        0x0 /usr/local/ps3dev/ppu/lib/gcc/powerpc64-ps3-elf/7.2.0/../../../../powerpc64-ps3-elf/lib/libc.a(lib_a-fread.o)
 .text._fread_r
                0x0000000000023ca0      0x39c /usr/local/ps3dev/ppu/lib/gcc/powerpc64-ps3-elf/7.2.0/../../../../powerpc64-ps3-elf/lib/libc.a(lib_a-fread.o)
 *fill*         0x000000000002403c        0x4 60000000
 .text.fread    0x0000000000024040       0x70 /usr/local/ps3dev/ppu/lib/gcc/powerpc64-ps3-elf/7.2.0/../../../../powerpc64-ps3-elf/lib/libc.a(lib_a-fread.o)
 .text          0x00000000000240b0        0x0 /usr/local/ps3dev/ppu/lib/gcc/powerpc64-ps3-elf/7.2.0/../../../../powerpc64-ps3-elf/lib/libc.a(lib_a-freer.o)
 .text._malloc_trim_r
                0x00000000000240b0      0x15c /usr/local/ps3dev/ppu/lib/gcc/powerpc64-ps3-elf/7.2.0/../../../../powerpc64-ps3-elf/lib/libc.a(lib_a-freer.o)
 *fill*         0x000000000002420c        0x4 60000000
 .text._free_r  0x0000000000024210      0x3b0 /usr/local/ps3dev/ppu/lib/gcc/powerpc64-ps3-elf/7.2.0/../../../../powerpc64-ps3-elf/lib/libc.a(lib_a-freer.o)
 .text          0x00000000000245c0        0x0 /usr/local/ps3dev/ppu/lib/gcc/powerpc64-ps3-elf/7.2.0/../../../../powerpc64-ps3-elf/lib/libc.a(lib_a-fseek.o)
 .text._fseek_r
                0x00000000000245c0      0x6c4 /usr/local/ps3dev/ppu/lib/gcc/powerpc64-ps3-elf/7.2.0/../../../../powerpc64-ps3-elf/lib/libc.a(lib_a-fseek.o)
 *fill*         0x0000000000024c84        0x4 60000000
 .text.fseek    0x0000000000024c88       0x60 /usr/local/ps3dev/ppu/lib/gcc/powerpc64-ps3-elf/7.2.0/../../../../powerpc64-ps3-elf/lib/libc.a(lib_a-fseek.o)
 .text          0x0000000000024ce8        0x0 /usr/local/ps3dev/ppu/lib/gcc/powerpc64-ps3-elf/7.2.0/../../../../powerpc64-ps3-elf/lib/libc.a(lib_a-ftell.o)
 .text._ftell_r
                0x0000000000024ce8      0x248 /usr/local/ps3dev/ppu/lib/gcc/powerpc64-ps3-elf/7.2.0/../../../../powerpc64-ps3-elf/lib/libc.a(lib_a-ftell.o)
 .text.ftell    0x0000000000024f30       0x40 /usr/local/ps3dev/ppu/lib/gcc/powerpc64-ps3-elf/7.2.0/../../../../powerpc64-ps3-elf/lib/libc.a(lib_a-ftell.o)
 .text          0x0000000000024f70        0x0 /usr/local/ps3dev/ppu/lib/gcc/powerpc64-ps3-elf/7.2.0/../../../../powerpc64-ps3-elf/lib/libc.a(lib_a-fwalk.o)
 .text._fwalk   0x0000000000024f70      0x100 /usr/local/ps3dev/ppu/lib/gcc/powerpc64-ps3-elf/7.2.0/../../../../powerpc64-ps3-elf/lib/libc.a(lib_a-fwalk.o)
 .text._fwalk_reent
                0x0000000000025070      0x110 /usr/local/ps3dev/ppu/lib/gcc/powerpc64-ps3-elf/7.2.0/../../../../powerpc64-ps3-elf/lib/libc.a(lib_a-fwalk.o)
 .text          0x0000000000025180        0x0 /usr/local/ps3dev/ppu/lib/gcc/powerpc64-ps3-elf/7.2.0/../../../../powerpc64-ps3-elf/lib/libc.a(lib_a-getreent.o)
 .text.__getreent
                0x0000000000025180      0x1b4 /usr/local/ps3dev/ppu/lib/gcc/powerpc64-ps3-elf/7.2.0/../../../../powerpc64-ps3-elf/lib/libc.a(lib_a-getreent.o)
 .text          0x0000000000025334        0x0 /usr/local/ps3dev/ppu/lib/gcc/powerpc64-ps3-elf/7.2.0/../../../../powerpc64-ps3-elf/lib/libc.a(lib_a-impure.o)
 .text          0x0000000000025334        0x0 /usr/local/ps3dev/ppu/lib/gcc/powerpc64-ps3-elf/7.2.0/../../../../powerpc64-ps3-elf/lib/libc.a(lib_a-lock_recursive.o)
 *fill*         0x0000000000025334        0x4 60000000
 .text.__libc_lock_init_recursive
                0x0000000000025338       0x34 /usr/local/ps3dev/ppu/lib/gcc/powerpc64-ps3-elf/7.2.0/../../../../powerpc64-ps3-elf/lib/libc.a(lib_a-lock_recursive.o)
 *fill*         0x000000000002536c        0x4 60000000
 .text.__libc_lock_close_recursive
                0x0000000000025370       0x30 /usr/local/ps3dev/ppu/lib/gcc/powerpc64-ps3-elf/7.2.0/../../../../powerpc64-ps3-elf/lib/libc.a(lib_a-lock_recursive.o)
 .text.__libc_lock_acquire_recursive
                0x00000000000253a0       0x58 /usr/local/ps3dev/ppu/lib/gcc/powerpc64-ps3-elf/7.2.0/../../../../powerpc64-ps3-elf/lib/libc.a(lib_a-lock_recursive.o)
 .text.__libc_lock_try_acquire_recursive
                0x00000000000253f8       0x54 /usr/local/ps3dev/ppu/lib/gcc/powerpc64-ps3-elf/7.2.0/../../../../powerpc64-ps3-elf/lib/libc.a(lib_a-lock_recursive.o)
 *fill*         0x000000000002544c        0x4 60000000
 .text.__libc_lock_release_recursive
                0x0000000000025450       0x54 /usr/local/ps3dev/ppu/lib/gcc/powerpc64-ps3-elf/7.2.0/../../../../powerpc64-ps3-elf/lib/libc.a(lib_a-lock_recursive.o)
 .text          0x00000000000254a4        0x0 /usr/local/ps3dev/ppu/lib/gcc/powerpc64-ps3-elf/7.2.0/../../../../powerpc64-ps3-elf/lib/libc.a(lib_a-makebuf.o)
 *fill*         0x00000000000254a4        0x4 60000000
 .text.__smakebuf_r
                0x00000000000254a8      0x1f4 /usr/local/ps3dev/ppu/lib/gcc/powerpc64-ps3-elf/7.2.0/../../../../powerpc64-ps3-elf/lib/libc.a(lib_a-makebuf.o)
 .text          0x000000000002569c        0x0 /usr/local/ps3dev/ppu/lib/gcc/powerpc64-ps3-elf/7.2.0/../../../../powerpc64-ps3-elf/lib/libc.a(lib_a-malign.o)
 *fill*         0x000000000002569c        0x4 60000000
 .text.memalign
                0x00000000000256a0       0x58 /usr/local/ps3dev/ppu/lib/gcc/powerpc64-ps3-elf/7.2.0/../../../../powerpc64-ps3-elf/lib/libc.a(lib_a-malign.o)
 .text          0x00000000000256f8        0x0 /usr/local/ps3dev/ppu/lib/gcc/powerpc64-ps3-elf/7.2.0/../../../../powerpc64-ps3-elf/lib/libc.a(lib_a-malignr.o)
 .text._memalign_r
                0x00000000000256f8      0x224 /usr/local/ps3dev/ppu/lib/gcc/powerpc64-ps3-elf/7.2.0/../../../../powerpc64-ps3-elf/lib/libc.a(lib_a-malignr.o)
 .text          0x000000000002591c        0x0 /usr/local/ps3dev/ppu/lib/gcc/powerpc64-ps3-elf/7.2.0/../../../../powerpc64-ps3-elf/lib/libc.a(lib_a-malloc.o)
 *fill*         0x000000000002591c        0x4 60000000
 .text.malloc   0x0000000000025920       0x48 /usr/local/ps3dev/ppu/lib/gcc/powerpc64-ps3-elf/7.2.0/../../../../powerpc64-ps3-elf/lib/libc.a(lib_a-malloc.o)
 .text.free     0x0000000000025968       0x48 /usr/local/ps3dev/ppu/lib/gcc/powerpc64-ps3-elf/7.2.0/../../../../powerpc64-ps3-elf/lib/libc.a(lib_a-malloc.o)
 .text          0x00000000000259b0        0x0 /usr/local/ps3dev/ppu/lib/gcc/powerpc64-ps3-elf/7.2.0/../../../../powerpc64-ps3-elf/lib/libc.a(lib_a-mallocr.o)
 .text._malloc_r
                0x00000000000259b0      0x9e4 /usr/local/ps3dev/ppu/lib/gcc/powerpc64-ps3-elf/7.2.0/../../../../powerpc64-ps3-elf/lib/libc.a(lib_a-mallocr.o)
 .text          0x0000000000026394        0x0 /usr/local/ps3dev/ppu/lib/gcc/powerpc64-ps3-elf/7.2.0/../../../../powerpc64-ps3-elf/lib/libc.a(lib_a-memcpy.o)
 *fill*         0x0000000000026394        0x4 60000000
 .text.memcpy   0x0000000000026398      0x11c /usr/local/ps3dev/ppu/lib/gcc/powerpc64-ps3-elf/7.2.0/../../../../powerpc64-ps3-elf/lib/libc.a(lib_a-memcpy.o)
 .text          0x00000000000264b4        0x0 /usr/local/ps3dev/ppu/lib/gcc/powerpc64-ps3-elf/7.2.0/../../../../powerpc64-ps3-elf/lib/libc.a(lib_a-memset.o)
 *fill*         0x00000000000264b4        0x4 60000000
 .text.memset   0x00000000000264b8      0x138 /usr/local/ps3dev/ppu/lib/gcc/powerpc64-ps3-elf/7.2.0/../../../../powerpc64-ps3-elf/lib/libc.a(lib_a-memset.o)
 .text          0x00000000000265f0        0x0 /usr/local/ps3dev/ppu/lib/gcc/powerpc64-ps3-elf/7.2.0/../../../../powerpc64-ps3-elf/lib/libc.a(lib_a-mlock.o)
 .text.__malloc_lock
                0x00000000000265f0       0x34 /usr/local/ps3dev/ppu/lib/gcc/powerpc64-ps3-elf/7.2.0/../../../../powerpc64-ps3-elf/lib/libc.a(lib_a-mlock.o)
 *fill*         0x0000000000026624        0x4 60000000
 .text.__malloc_unlock
                0x0000000000026628       0x34 /usr/local/ps3dev/ppu/lib/gcc/powerpc64-ps3-elf/7.2.0/../../../../powerpc64-ps3-elf/lib/libc.a(lib_a-mlock.o)
 .text          0x000000000002665c        0x0 /usr/local/ps3dev/ppu/lib/gcc/powerpc64-ps3-elf/7.2.0/../../../../powerpc64-ps3-elf/lib/libc.a(lib_a-printf.o)
 *fill*         0x000000000002665c        0x4 60000000
 .text._printf_r
                0x0000000000026660       0x54 /usr/local/ps3dev/ppu/lib/gcc/powerpc64-ps3-elf/7.2.0/../../../../powerpc64-ps3-elf/lib/libc.a(lib_a-printf.o)
 *fill*         0x00000000000266b4        0x4 60000000
 .text.printf   0x00000000000266b8       0x6c /usr/local/ps3dev/ppu/lib/gcc/powerpc64-ps3-elf/7.2.0/../../../../powerpc64-ps3-elf/lib/libc.a(lib_a-printf.o)
 .text          0x0000000000026724        0x0 /usr/local/ps3dev/ppu/lib/gcc/powerpc64-ps3-elf/7.2.0/../../../../powerpc64-ps3-elf/lib/libc.a(lib_a-puts.o)
 *fill*         0x0000000000026724        0x4 60000000
 .text._puts_r  0x0000000000026728       0xfc /usr/local/ps3dev/ppu/lib/gcc/powerpc64-ps3-elf/7.2.0/../../../../powerpc64-ps3-elf/lib/libc.a(lib_a-puts.o)
 *fill*         0x0000000000026824        0x4 60000000
 .text.puts     0x0000000000026828       0x40 /usr/local/ps3dev/ppu/lib/gcc/powerpc64-ps3-elf/7.2.0/../../../../powerpc64-ps3-elf/lib/libc.a(lib_a-puts.o)
 .text          0x0000000000026868        0x0 /usr/local/ps3dev/ppu/lib/gcc/powerpc64-ps3-elf/7.2.0/../../../../powerpc64-ps3-elf/lib/libc.a(lib_a-realloc.o)
 .text.realloc  0x0000000000026868       0x58 /usr/local/ps3dev/ppu/lib/gcc/powerpc64-ps3-elf/7.2.0/../../../../powerpc64-ps3-elf/lib/libc.a(lib_a-realloc.o)
 .text          0x00000000000268c0        0x0 /usr/local/ps3dev/ppu/lib/gcc/powerpc64-ps3-elf/7.2.0/../../../../powerpc64-ps3-elf/lib/libc.a(lib_a-reallocr.o)
 .text._realloc_r
                0x00000000000268c0      0x6c4 /usr/local/ps3dev/ppu/lib/gcc/powerpc64-ps3-elf/7.2.0/../../../../powerpc64-ps3-elf/lib/libc.a(lib_a-reallocr.o)
 .text          0x0000000000026f84        0x0 /usr/local/ps3dev/ppu/lib/gcc/powerpc64-ps3-elf/7.2.0/../../../../powerpc64-ps3-elf/lib/libc.a(lib_a-refill.o)
 *fill*         0x0000000000026f84        0x4 60000000
 .text.lflush   0x0000000000026f88       0x50 /usr/local/ps3dev/ppu/lib/gcc/powerpc64-ps3-elf/7.2.0/../../../../powerpc64-ps3-elf/lib/libc.a(lib_a-refill.o)
 .text.__srefill_r
                0x0000000000026fd8      0x30c /usr/local/ps3dev/ppu/lib/gcc/powerpc64-ps3-elf/7.2.0/../../../../powerpc64-ps3-elf/lib/libc.a(lib_a-refill.o)
 .text          0x00000000000272e4        0x0 /usr/local/ps3dev/ppu/lib/gcc/powerpc64-ps3-elf/7.2.0/../../../../powerpc64-ps3-elf/lib/libc.a(lib_a-rewind.o)
 *fill*         0x00000000000272e4        0x4 60000000
 .text._rewind_r
                0x00000000000272e8       0x50 /usr/local/ps3dev/ppu/lib/gcc/powerpc64-ps3-elf/7.2.0/../../../../powerpc64-ps3-elf/lib/libc.a(lib_a-rewind.o)
 .text.rewind   0x0000000000027338       0x5c /usr/local/ps3dev/ppu/lib/gcc/powerpc64-ps3-elf/7.2.0/../../../../powerpc64-ps3-elf/lib/libc.a(lib_a-rewind.o)
 .text          0x0000000000027394        0x0 /usr/local/ps3dev/ppu/lib/gcc/powerpc64-ps3-elf/7.2.0/../../../../powerpc64-ps3-elf/lib/libc.a(lib_a-sscanf.o)
 *fill*         0x0000000000027394        0x4 60000000
 .text.sscanf   0x0000000000027398       0xa8 /usr/local/ps3dev/ppu/lib/gcc/powerpc64-ps3-elf/7.2.0/../../../../powerpc64-ps3-elf/lib/libc.a(lib_a-sscanf.o)
 .text._sscanf_r
                0x0000000000027440       0xa8 /usr/local/ps3dev/ppu/lib/gcc/powerpc64-ps3-elf/7.2.0/../../../../powerpc64-ps3-elf/lib/libc.a(lib_a-sscanf.o)
 .text          0x00000000000274e8        0x0 /usr/local/ps3dev/ppu/lib/gcc/powerpc64-ps3-elf/7.2.0/../../../../powerpc64-ps3-elf/lib/libc.a(lib_a-stdio.o)
 .text.__sread  0x00000000000274e8       0x7c /usr/local/ps3dev/ppu/lib/gcc/powerpc64-ps3-elf/7.2.0/../../../../powerpc64-ps3-elf/lib/libc.a(lib_a-stdio.o)
 *fill*         0x0000000000027564        0x4 60000000
 .text.__seofread
                0x0000000000027568       0x14 /usr/local/ps3dev/ppu/lib/gcc/powerpc64-ps3-elf/7.2.0/../../../../powerpc64-ps3-elf/lib/libc.a(lib_a-stdio.o)
 *fill*         0x000000000002757c        0x4 60000000
 .text.__swrite
                0x0000000000027580       0xb0 /usr/local/ps3dev/ppu/lib/gcc/powerpc64-ps3-elf/7.2.0/../../../../powerpc64-ps3-elf/lib/libc.a(lib_a-stdio.o)
 .text.__sseek  0x0000000000027630       0x78 /usr/local/ps3dev/ppu/lib/gcc/powerpc64-ps3-elf/7.2.0/../../../../powerpc64-ps3-elf/lib/libc.a(lib_a-stdio.o)
 .text.__sclose
                0x00000000000276a8       0x38 /usr/local/ps3dev/ppu/lib/gcc/powerpc64-ps3-elf/7.2.0/../../../../powerpc64-ps3-elf/lib/libc.a(lib_a-stdio.o)
 .text          0x00000000000276e0        0x0 /usr/local/ps3dev/ppu/lib/gcc/powerpc64-ps3-elf/7.2.0/../../../../powerpc64-ps3-elf/lib/libc.a(lib_a-strcasecmp.o)
 .text.strcasecmp
                0x00000000000276e0       0x8c /usr/local/ps3dev/ppu/lib/gcc/powerpc64-ps3-elf/7.2.0/../../../../powerpc64-ps3-elf/lib/libc.a(lib_a-strcasecmp.o)
 .text          0x000000000002776c        0x0 /usr/local/ps3dev/ppu/lib/gcc/powerpc64-ps3-elf/7.2.0/../../../../powerpc64-ps3-elf/lib/libc.a(lib_a-strchr.o)
 *fill*         0x000000000002776c        0x4 60000000
 .text.strchr   0x0000000000027770      0x1c0 /usr/local/ps3dev/ppu/lib/gcc/powerpc64-ps3-elf/7.2.0/../../../../powerpc64-ps3-elf/lib/libc.a(lib_a-strchr.o)
 .text          0x0000000000027930        0x0 /usr/local/ps3dev/ppu/lib/gcc/powerpc64-ps3-elf/7.2.0/../../../../powerpc64-ps3-elf/lib/libc.a(lib_a-strcpy.o)
 .text.strcpy   0x0000000000027930       0xc0 /usr/local/ps3dev/ppu/lib/gcc/powerpc64-ps3-elf/7.2.0/../../../../powerpc64-ps3-elf/lib/libc.a(lib_a-strcpy.o)
 .text          0x00000000000279f0        0x0 /usr/local/ps3dev/ppu/lib/gcc/powerpc64-ps3-elf/7.2.0/../../../../powerpc64-ps3-elf/lib/libc.a(lib_a-strdup.o)
 .text.strdup   0x00000000000279f0       0x48 /usr/local/ps3dev/ppu/lib/gcc/powerpc64-ps3-elf/7.2.0/../../../../powerpc64-ps3-elf/lib/libc.a(lib_a-strdup.o)
 .text          0x0000000000027a38        0x0 /usr/local/ps3dev/ppu/lib/gcc/powerpc64-ps3-elf/7.2.0/../../../../powerpc64-ps3-elf/lib/libc.a(lib_a-strdup_r.o)
 .text._strdup_r
                0x0000000000027a38       0x88 /usr/local/ps3dev/ppu/lib/gcc/powerpc64-ps3-elf/7.2.0/../../../../powerpc64-ps3-elf/lib/libc.a(lib_a-strdup_r.o)
 .text          0x0000000000027ac0        0x0 /usr/local/ps3dev/ppu/lib/gcc/powerpc64-ps3-elf/7.2.0/../../../../powerpc64-ps3-elf/lib/libc.a(lib_a-strlen.o)
 .text.strlen   0x0000000000027ac0       0xc4 /usr/local/ps3dev/ppu/lib/gcc/powerpc64-ps3-elf/7.2.0/../../../../powerpc64-ps3-elf/lib/libc.a(lib_a-strlen.o)
 .text          0x0000000000027b84        0x0 /usr/local/ps3dev/ppu/lib/gcc/powerpc64-ps3-elf/7.2.0/../../../../powerpc64-ps3-elf/lib/libc.a(lib_a-strncat.o)
 *fill*         0x0000000000027b84        0x4 60000000
 .text.strncat  0x0000000000027b88       0xe0 /usr/local/ps3dev/ppu/lib/gcc/powerpc64-ps3-elf/7.2.0/../../../../powerpc64-ps3-elf/lib/libc.a(lib_a-strncat.o)
 .text          0x0000000000027c68        0x0 /usr/local/ps3dev/ppu/lib/gcc/powerpc64-ps3-elf/7.2.0/../../../../powerpc64-ps3-elf/lib/libc.a(lib_a-strncpy.o)
 .text.strncpy  0x0000000000027c68      0x118 /usr/local/ps3dev/ppu/lib/gcc/powerpc64-ps3-elf/7.2.0/../../../../powerpc64-ps3-elf/lib/libc.a(lib_a-strncpy.o)
 .text          0x0000000000027d80        0x0 /usr/local/ps3dev/ppu/lib/gcc/powerpc64-ps3-elf/7.2.0/../../../../powerpc64-ps3-elf/lib/libc.a(lib_a-svfscanf.o)
 .text.__ssvfscanf_r
                0x0000000000027d80     0x1864 /usr/local/ps3dev/ppu/lib/gcc/powerpc64-ps3-elf/7.2.0/../../../../powerpc64-ps3-elf/lib/libc.a(lib_a-svfscanf.o)
 .text          0x00000000000295e4        0x0 /usr/local/ps3dev/ppu/lib/gcc/powerpc64-ps3-elf/7.2.0/../../../../powerpc64-ps3-elf/lib/libc.a(lib_a-time.o)
 *fill*         0x00000000000295e4        0x4 60000000
 .text.time     0x00000000000295e8       0x6c /usr/local/ps3dev/ppu/lib/gcc/powerpc64-ps3-elf/7.2.0/../../../../powerpc64-ps3-elf/lib/libc.a(lib_a-time.o)
 .text          0x0000000000029654        0x0 /usr/local/ps3dev/ppu/lib/gcc/powerpc64-ps3-elf/7.2.0/../../../../powerpc64-ps3-elf/lib/libc.a(lib_a-vfprintf.o)
 *fill*         0x0000000000029654        0x4 60000000
 .text._vfprintf_r
                0x0000000000029658     0x2300 /usr/local/ps3dev/ppu/lib/gcc/powerpc64-ps3-elf/7.2.0/../../../../powerpc64-ps3-elf/lib/libc.a(lib_a-vfprintf.o)
 .text.vfprintf
                0x000000000002b958       0x60 /usr/local/ps3dev/ppu/lib/gcc/powerpc64-ps3-elf/7.2.0/../../../../powerpc64-ps3-elf/lib/libc.a(lib_a-vfprintf.o)
 .text          0x000000000002b9b8        0x0 /usr/local/ps3dev/ppu/lib/gcc/powerpc64-ps3-elf/7.2.0/../../../../powerpc64-ps3-elf/lib/libc.a(lib_a-wsetup.o)
 .text.__swsetup_r
                0x000000000002b9b8      0x1f0 /usr/local/ps3dev/ppu/lib/gcc/powerpc64-ps3-elf/7.2.0/../../../../powerpc64-ps3-elf/lib/libc.a(lib_a-wsetup.o)
 .text          0x000000000002bba8        0x0 /usr/local/ps3dev/ppu/lib/gcc/powerpc64-ps3-elf/7.2.0/../../../../powerpc64-ps3-elf/lib/libc.a(lib_a-__call_atexit.o)
 .text.__call_exitprocs
                0x000000000002bba8      0x24c /usr/local/ps3dev/ppu/lib/gcc/powerpc64-ps3-elf/7.2.0/../../../../powerpc64-ps3-elf/lib/libc.a(lib_a-__call_atexit.o)
 .text          0x000000000002bdf4        0x0 /usr/local/ps3dev/ppu/lib/gcc/powerpc64-ps3-elf/7.2.0/../../../../powerpc64-ps3-elf/lib/libc.a(lib_a-ctype_.o)
 .text          0x000000000002bdf4        0x0 /usr/local/ps3dev/ppu/lib/gcc/powerpc64-ps3-elf/7.2.0/../../../../powerpc64-ps3-elf/lib/libc.a(lib_a-dtoa.o)
 *fill*         0x000000000002bdf4        0x4 60000000
 .text.quorem   0x000000000002bdf8      0x26c /usr/local/ps3dev/ppu/lib/gcc/powerpc64-ps3-elf/7.2.0/../../../../powerpc64-ps3-elf/lib/libc.a(lib_a-dtoa.o)
 *fill*         0x000000000002c064        0x4 60000000
 .text._dtoa_r  0x000000000002c068     0x1478 /usr/local/ps3dev/ppu/lib/gcc/powerpc64-ps3-elf/7.2.0/../../../../powerpc64-ps3-elf/lib/libc.a(lib_a-dtoa.o)
 .text          0x000000000002d4e0        0x0 /usr/local/ps3dev/ppu/lib/gcc/powerpc64-ps3-elf/7.2.0/../../../../powerpc64-ps3-elf/lib/libc.a(lib_a-flags.o)
 .text.__sflags
                0x000000000002d4e0       0xbc /usr/local/ps3dev/ppu/lib/gcc/powerpc64-ps3-elf/7.2.0/../../../../powerpc64-ps3-elf/lib/libc.a(lib_a-flags.o)
 .text          0x000000000002d59c        0x0 /usr/local/ps3dev/ppu/lib/gcc/powerpc64-ps3-elf/7.2.0/../../../../powerpc64-ps3-elf/lib/libc.a(lib_a-fvwrite.o)
 *fill*         0x000000000002d59c        0x4 60000000
 .text.__sfvwrite_r
                0x000000000002d5a0      0x688 /usr/local/ps3dev/ppu/lib/gcc/powerpc64-ps3-elf/7.2.0/../../../../powerpc64-ps3-elf/lib/libc.a(lib_a-fvwrite.o)
 .text          0x000000000002dc28        0x0 /usr/local/ps3dev/ppu/lib/gcc/powerpc64-ps3-elf/7.2.0/../../../../powerpc64-ps3-elf/lib/libc.a(lib_a-iswspace.o)
 .text.iswspace
                0x000000000002dc28       0x3c /usr/local/ps3dev/ppu/lib/gcc/powerpc64-ps3-elf/7.2.0/../../../../powerpc64-ps3-elf/lib/libc.a(lib_a-iswspace.o)
 .text          0x000000000002dc64        0x0 /usr/local/ps3dev/ppu/lib/gcc/powerpc64-ps3-elf/7.2.0/../../../../powerpc64-ps3-elf/lib/libc.a(lib_a-locale.o)
 *fill*         0x000000000002dc64        0x4 60000000
 .text._setlocale_r
                0x000000000002dc68       0xb4 /usr/local/ps3dev/ppu/lib/gcc/powerpc64-ps3-elf/7.2.0/../../../../powerpc64-ps3-elf/lib/libc.a(lib_a-locale.o)
 *fill*         0x000000000002dd1c        0x4 60000000
 .text.__locale_charset
                0x000000000002dd20       0x14 /usr/local/ps3dev/ppu/lib/gcc/powerpc64-ps3-elf/7.2.0/../../../../powerpc64-ps3-elf/lib/libc.a(lib_a-locale.o)
 *fill*         0x000000000002dd34        0x4 60000000
 .text.__locale_mb_cur_max
                0x000000000002dd38       0x1c /usr/local/ps3dev/ppu/lib/gcc/powerpc64-ps3-elf/7.2.0/../../../../powerpc64-ps3-elf/lib/libc.a(lib_a-locale.o)
 *fill*         0x000000000002dd54        0x4 60000000
 .text.__locale_msgcharset