Archive member included because of file (symbol)

/usr/local/ps3dev/ppu/lib/libgcm_sys.a(sprx.o)
                              rsxutil.o (gcmSetFlip)
/usr/local/ps3dev/ppu/lib/librsx.a(init.o)
                              rsxutil.o (rsxInit)
/usr/local/ps3dev/ppu/lib/librsx.a(buffer.o)
                              rsxutil.o (rsxFlushBuffer)
/usr/local/ps3dev/ppu/lib/librsx.a(commands.o)
                              /usr/local/ps3dev/ppu/lib/librsx.a(buffer.o) (rsxSetJumpCommandUnsafe)
/usr/local/ps3dev/ppu/lib/librsx.a(mm.o)
                              /usr/local/ps3dev/ppu/lib/librsx.a(init.o) (rsxHeapInit)
/usr/local/ps3dev/ppu/lib/librsx.a(vertex_program.o)
                              /usr/local/ps3dev/ppu/lib/librsx.a(commands.o) (rsxVertexProgramGetConsts)
/usr/local/ps3dev/ppu/lib/librsx.a(fragment_program.o)
                              /usr/local/ps3dev/ppu/lib/librsx.a(commands.o) (rsxFragmentProgramGetConstOffsetTable)
/usr/local/ps3dev/ppu/lib/librsx.a(rsx_internal.o)
                              /usr/local/ps3dev/ppu/lib/librsx.a(vertex_program.o) (__rsxGetAttrs)
/usr/local/ps3dev/ppu/lib/libsysutil.a(sprx.o)
                              rsxutil.o (videoConfigure)
/usr/local/ps3dev/ppu/lib/libio.a(sprx.o)
                              main.o (ioPadInit)
/usr/local/ps3dev/ppu/lib/librt.a(sbrk.o)
                              /usr/local/ps3dev/ppu/lib/gcc/powerpc64-ps3-elf/7.2.0/../../../../powerpc64-ps3-elf/lib/lv2-crt0.o (__librt_sbrk_r)
/usr/local/ps3dev/ppu/lib/librt.a(exit.o)
                              /usr/local/ps3dev/ppu/lib/gcc/powerpc64-ps3-elf/7.2.0/../../../../powerpc64-ps3-elf/lib/lv2-crt0.o (__librt_exit)
/usr/local/ps3dev/ppu/lib/librt.a(close.o)
                              /usr/local/ps3dev/ppu/lib/gcc/powerpc64-ps3-elf/7.2.0/../../../../powerpc64-ps3-elf/lib/lv2-crt0.o (__librt_close_r)
/usr/local/ps3dev/ppu/lib/librt.a(lseek.o)
                              /usr/local/ps3dev/ppu/lib/gcc/powerpc64-ps3-elf/7.2.0/../../../../powerpc64-ps3-elf/lib/lv2-crt0.o (__librt_lseek_r)
/usr/local/ps3dev/ppu/lib/librt.a(read.o)
                              /usr/local/ps3dev/ppu/lib/gcc/powerpc64-ps3-elf/7.2.0/../../../../powerpc64-ps3-elf/lib/lv2-crt0.o (__librt_read_r)
/usr/local/ps3dev/ppu/lib/librt.a(open.o)
                              /usr/local/ps3dev/ppu/lib/gcc/powerpc64-ps3-elf/7.2.0/../../../../powerpc64-ps3-elf/lib/lv2-crt0.o (__librt_open_r)
/usr/local/ps3dev/ppu/lib/librt.a(sleep.o)
                              /usr/local/ps3dev/ppu/lib/gcc/powerpc64-ps3-elf/7.2.0/../../../../powerpc64-ps3-elf/lib/lv2-crt0.o (__librt_usleep_r)
/usr/local/ps3dev/ppu/lib/librt.a(write.o)
                              /usr/local/ps3dev/ppu/lib/gcc/powerpc64-ps3-elf/7.2.0/../../../../powerpc64-ps3-elf/lib/lv2-crt0.o (__librt_write_r)
/usr/local/ps3dev/ppu/lib/librt.a(fstat.o)
                              /usr/local/ps3dev/ppu/lib/gcc/powerpc64-ps3-elf/7.2.0/../../../../powerpc64-ps3-elf/lib/lv2-crt0.o (__librt_fstat_r)
/usr/local/ps3dev/ppu/lib/librt.a(socket.o)
                              /usr/local/ps3dev/ppu/lib/librt.a(write.o) (send)
/usr/local/ps3dev/ppu/lib/librt.a(lock.o)
                              /usr/local/ps3dev/ppu/lib/gcc/powerpc64-ps3-elf/7.2.0/../../../../powerpc64-ps3-elf/lib/lv2-crt0.o (__librt_sys_lwmutex_create_r)
/usr/local/ps3dev/ppu/lib/librt.a(dirent.o)
                              /usr/local/ps3dev/ppu/lib/gcc/powerpc64-ps3-elf/7.2.0/../../../../powerpc64-ps3-elf/lib/lv2-crt0.o (__librt_opendir_r)
/usr/local/ps3dev/ppu/lib/librt.a(mkdir.o)
                              /usr/local/ps3dev/ppu/lib/gcc/powerpc64-ps3-elf/7.2.0/../../../../powerpc64-ps3-elf/lib/lv2-crt0.o (__librt_mkdir_r)
/usr/local/ps3dev/ppu/lib/librt.a(times.o)
                              /usr/local/ps3dev/ppu/lib/gcc/powerpc64-ps3-elf/7.2.0/../../../../powerpc64-ps3-elf/lib/lv2-crt0.o (__librt_times_r)
/usr/local/ps3dev/ppu/lib/librt.a(umask.o)
                              /usr/local/ps3dev/ppu/lib/gcc/powerpc64-ps3-elf/7.2.0/../../../../powerpc64-ps3-elf/lib/lv2-crt0.o (__librt_umask_r)
/usr/local/ps3dev/ppu/lib/librt.a(lv2errno.o)
                              /usr/local/ps3dev/ppu/lib/librt.a(socket.o) (lv2errno)
/usr/local/ps3dev/ppu/lib/librt.a(heap.o)
                              /usr/local/ps3dev/ppu/lib/librsx.a(mm.o) (heapInit)
/usr/local/ps3dev/ppu/lib/librt.a(chmod.o)
                              /usr/local/ps3dev/ppu/lib/gcc/powerpc64-ps3-elf/7.2.0/../../../../powerpc64-ps3-elf/lib/lv2-crt0.o (__librt_chmod_r)
/usr/local/ps3dev/ppu/lib/librt.a(rename.o)
                              /usr/local/ps3dev/ppu/lib/gcc/powerpc64-ps3-elf/7.2.0/../../../../powerpc64-ps3-elf/lib/lv2-crt0.o (__librt_rename_r)
/usr/local/ps3dev/ppu/lib/librt.a(rmdir.o)
                              /usr/local/ps3dev/ppu/lib/gcc/powerpc64-ps3-elf/7.2.0/../../../../powerpc64-ps3-elf/lib/lv2-crt0.o (__librt_rmdir_r)
/usr/local/ps3dev/ppu/lib/librt.a(isatty.o)
[...]
Memory Configuration

Name             Origin             Length             Attributes
*default*        0x0000000000000000 0xffffffffffffffff

Linker script and memory map

                0x0000000000010000                PROVIDE (__executable_start, 0x10000)
                0x0000000000010200                . = (0x10000 + SIZEOF_HEADERS)

.interp
 *(.interp)

.hash
 *(.hash)

.dynsym
 *(.dynsym)

.dynstr
 *(.dynstr)

.gnu.version
 *(.gnu.version)

.gnu.version_d
 *(.gnu.version_d)

.gnu.version_r
 *(.gnu.version_r)

.rel.dyn
 *(.rel.init)
 *(.rel.text .rel.text.* .rel.gnu.linkonce.t.*)
 *(.rel.fini)
 *(.rel.rodata .rel.rodata.* .rel.gnu.linkonce.r.*)
 *(.rel.data.rel.ro*)
 *(.rel.data .rel.data.* .rel.gnu.linkonce.d.*)
 *(.rel.tdata .rel.tdata.* .rel.gnu.linkonce.td.*)
 *(.rel.tbss .rel.tbss.* .rel.gnu.linkonce.tb.*)
 *(.rel.ctors)
 *(.rel.dtors)
 *(.rel.got)
 *(.rel.sdata .rel.sdata.* .rel.gnu.linkonce.s.*)
 *(.rel.sbss .rel.sbss.* .rel.gnu.linkonce.sb.*)
 *(.rel.sdata2 .rel.sdata2.* .rel.gnu.linkonce.s2.*)
 *(.rel.sbss2 .rel.sbss2.* .rel.gnu.linkonce.sb2.*)
 *(.rel.bss .rel.bss.* .rel.gnu.linkonce.b.*)

.rela.dyn       0x0000000000010200        0x0
 *(.rela.init)
 *(.rela.text .rela.text.* .rela.gnu.linkonce.t.*)
 *(.rela.fini)
 *(.rela.rodata .rela.rodata.* .rela.gnu.linkonce.r.*)
 *(.rela.data .rela.data.* .rela.gnu.linkonce.d.*)
 *(.rela.tdata .rela.tdata.* .rela.gnu.linkonce.td.*)
 *(.rela.tbss .rela.tbss.* .rela.gnu.linkonce.tb.*)
 *(.rela.ctors)
 *(.rela.dtors)
 *(.rela.got)
 *(.rela.toc)
 .rela.toc      0x0000000000000000        0x0 linker stubs
 *(.rela.sdata .rela.sdata.* .rela.gnu.linkonce.s.*)
 *(.rela.sbss .rela.sbss.* .rela.gnu.linkonce.sb.*)
 *(.rela.sdata2 .rela.sdata2.* .rela.gnu.linkonce.s2.*)
 *(.rela.sbss2 .rela.sbss2.* .rela.gnu.linkonce.sb2.*)
 *(.rela.bss .rela.bss.* .rela.gnu.linkonce.b.*)
 .rela.iplt     0x0000000000000000        0x0 linker stubs
 .rela.sys_proc_prx_param
                0x0000000000000000        0x0 linker stubs

.rel.plt
 *(.rel.plt)

.rela.plt
 *(.rela.plt)

.rela.tocbss
 *(.rela.tocbss)

.init           0x0000000000010200       0x2c
 *(.init)
 .init          0x0000000000010200        0xc /usr/local/ps3dev/ppu/lib/gcc/powerpc64-ps3-elf/7.2.0/../../../../powerpc64-ps3-elf/lib/lv2-crti.o
                0x0000000000010200                ._init
 .init          0x000000000001020c        0x8 /usr/local/ps3dev/ppu/lib/gcc/powerpc64-ps3-elf/7.2.0/crtbegin.o
 .init          0x0000000000010214        0x8 /usr/local/ps3dev/ppu/lib/gcc/powerpc64-ps3-elf/7.2.0/crtend.o
 .init          0x000000000001021c       0x10 /usr/local/ps3dev/ppu/lib/gcc/powerpc64-ps3-elf/7.2.0/../../../../powerpc64-ps3-elf/lib/lv2-crtn.o

.text           0x0000000000010230    0x2ad3c
 *(.text .stub .text.* .gnu.linkonce.t.*)
 .text          0x0000000000010230        0x0 /usr/local/ps3dev/ppu/lib/gcc/powerpc64-ps3-elf/7.2.0/../../../../powerpc64-ps3-elf/lib/lv2-crti.o
 .text          0x0000000000010230        0x0 /usr/local/ps3dev/ppu/lib/gcc/powerpc64-ps3-elf/7.2.0/crtbegin.o
 .text.deregister_tm_clones
                0x0000000000010230       0x54 /usr/local/ps3dev/ppu/lib/gcc/powerpc64-ps3-elf/7.2.0/crtbegin.o
 *fill*         0x0000000000010284        0x4 60000000
 .text.register_tm_clones
                0x0000000000010288       0x60 /usr/local/ps3dev/ppu/lib/gcc/powerpc64-ps3-elf/7.2.0/crtbegin.o
 .text.__do_global_dtors_aux
                0x00000000000102e8       0xd4 /usr/local/ps3dev/ppu/lib/gcc/powerpc64-ps3-elf/7.2.0/crtbegin.o
 *fill*         0x00000000000103bc        0x4 60000000
 .text.frame_dummy
                0x00000000000103c0       0x38 /usr/local/ps3dev/ppu/lib/gcc/powerpc64-ps3-elf/7.2.0/crtbegin.o
 .text          0x00000000000103f8       0x58 /usr/local/ps3dev/ppu/lib/gcc/powerpc64-ps3-elf/7.2.0/../../../../powerpc64-ps3-elf/lib/lv2-crt0.o
                0x00000000000103f8                ._start
 .text.startup.__syscalls_init
                0x0000000000010450      0x180 /usr/local/ps3dev/ppu/lib/gcc/powerpc64-ps3-elf/7.2.0/../../../../powerpc64-ps3-elf/lib/lv2-crt0.o
 .text._initialize
                0x00000000000105d0       0x40 /usr/local/ps3dev/ppu/lib/gcc/powerpc64-ps3-elf/7.2.0/../../../../powerpc64-ps3-elf/lib/lv2-crt0.o
 .text          0x0000000000010610        0x0 /usr/local/ps3dev/ppu/lib/gcc/powerpc64-ps3-elf/7.2.0/../../../../powerpc64-ps3-elf/lib/lv2-sprx.o
 .text          0x0000000000010610        0x0 main.o
 .text.load_image_to_RSX
                0x0000000000010610      0x204 main.o
 *fill*         0x0000000000010814        0x4 60000000
 .text.load_raw_argb
                0x0000000000010818      0x118 main.o
 .text.drawFrame
                0x0000000000010930      0x104 main.o
 *fill*         0x0000000000010a34        0x4 60000000
 .text.drawImage
                0x0000000000010a38      0x11c main.o
 *fill*         0x0000000000010b54        0x4 60000000
 .text.createTexture
                0x0000000000010b58      0x12c main.o
 *fill*         0x0000000000010c84        0x4 60000000
 .text.loadShader
                0x0000000000010c88      0x1c0 main.o
 .text.createQuad
                0x0000000000010e48      0x188 main.o
 .text.init_texture
                0x0000000000010fd0       0xcc main.o
 *fill*         0x000000000001109c        0x4 60000000
 .text.startup.main
                0x00000000000110a0      0x160 main.o
 .text          0x0000000000011200        0x0 rsxutil.o
 .text.waitFlip
                0x0000000000011200       0x50 rsxutil.o
 .text.flip     0x0000000000011250       0x7c rsxutil.o
 *fill*         0x00000000000112cc        0x4 60000000
 .text.makeBuffer
                0x00000000000112d0      0x104 rsxutil.o
 *fill*         0x00000000000113d4        0x4 60000000
 .text.getResolution
                0x00000000000113d8       0xb8 rsxutil.o
 .text.initScreen
                0x0000000000011490      0x20c rsxutil.o
 *fill*         0x000000000001169c        0x4 60000000
 .text.setRenderTarget
                0x00000000000116a0       0xac rsxutil.o
 .text          0x000000000001174c        0x0 /usr/local/ps3dev/ppu/lib/libgcm_sys.a(sprx.o)
 .text          0x000000000001174c        0x0 /usr/local/ps3dev/ppu/lib/librsx.a(init.o)
 *fill*         0x000000000001174c        0x4 60000000
 .text.rsxInit  0x0000000000011750       0x9c /usr/local/ps3dev/ppu/lib/librsx.a(init.o)
 *fill*         0x00000000000117ec        0x4 60000000
 .text.rsxSetupContextData
                0x00000000000117f0       0x48 /usr/local/ps3dev/ppu/lib/librsx.a(init.o)
 .text.rsxSetCurrentBuffer
                0x0000000000011838       0x48 /usr/local/ps3dev/ppu/lib/librsx.a(init.o)
 .text.rsxSetDefaultCommandBuffer
                0x0000000000011880       0x50 /usr/local/ps3dev/ppu/lib/librsx.a(init.o)
 .text.rsxSetUserCallback
                0x00000000000118d0       0x18 /usr/local/ps3dev/ppu/lib/librsx.a(init.o)
 .text.rsxGetCurrentBuffer
                0x00000000000118e8       0x1c /usr/local/ps3dev/ppu/lib/librsx.a(init.o)
 .text          0x0000000000011904        0x0 /usr/local/ps3dev/ppu/lib/librsx.a(buffer.o)
 *fill*         0x0000000000011904        0x4 60000000
 .text.rsxResetCommandBufferUnsafe
                0x0000000000011908       0x80 /usr/local/ps3dev/ppu/lib/librsx.a(buffer.o)
 .text.rsxFlushBufferUnsafe
                0x0000000000011988       0x78 /usr/local/ps3dev/ppu/lib/librsx.a(buffer.o)
 .text.rsxFinishUnsafe
                0x0000000000011a00       0x84 /usr/local/ps3dev/ppu/lib/librsx.a(buffer.o)
 *fill*         0x0000000000011a84        0x4 60000000
 .text.rsxResetCommandBuffer
                0x0000000000011a88       0x80 /usr/local/ps3dev/ppu/lib/librsx.a(buffer.o)
 .text.rsxFlushBuffer
                0x0000000000011b08       0x10 /usr/local/ps3dev/ppu/lib/librsx.a(buffer.o)
 .text.rsxFinish
                0x0000000000011b18       0x84 /usr/local/ps3dev/ppu/lib/librsx.a(buffer.o)
 .text          0x0000000000011b9c        0x0 /usr/local/ps3dev/ppu/lib/librsx.a(commands.o)
 *fill*         0x0000000000011b9c        0x4 60000000
 .text.rsxSetReturnCommandUnsafe
                0x0000000000011ba0       0x24 /usr/local/ps3dev/ppu/lib/librsx.a(commands.o)
 *fill*         0x0000000000011bc4        0x4 60000000
 .text.rsxSetCallCommandUnsafe
                0x0000000000011bc8       0x24 /usr/local/ps3dev/ppu/lib/librsx.a(commands.o)
 *fill*         0x0000000000011bec        0x4 60000000
 .text.rsxSetJumpCommandUnsafe
                0x0000000000011bf0       0x24 /usr/local/ps3dev/ppu/lib/librsx.a(commands.o)
 *fill*         0x0000000000011c14        0x4 60000000
 .text.rsxSetNopCommandUnsafe
                0x0000000000011c18       0x98 /usr/local/ps3dev/ppu/lib/librsx.a(commands.o)
 .text.rsxSetSkipNopUnsafe
                0x0000000000011cb0       0x34 /usr/local/ps3dev/ppu/lib/librsx.a(commands.o)
 *fill*         0x0000000000011ce4        0x4 60000000
 .text.rsxSetClearColorUnsafe
                0x0000000000011ce8       0x2c /usr/local/ps3dev/ppu/lib/librsx.a(commands.o)
 *fill*         0x0000000000011d14        0x4 60000000
 .text.rsxSetClearDepthStencilUnsafe
                0x0000000000011d18       0x2c /usr/local/ps3dev/ppu/lib/librsx.a(commands.o)
 *fill*         0x0000000000011d44        0x4 60000000
 .text.rsxSetReferenceCommandUnsafe
                0x0000000000011d48       0x2c /usr/local/ps3dev/ppu/lib/librsx.a(commands.o)
 *fill*         0x0000000000011d74        0x4 60000000
 .text.rsxSetWriteBackendLabelUnsafe
                0x0000000000011d78       0x58 /usr/local/ps3dev/ppu/lib/librsx.a(commands.o)
 .text.rsxSetWriteTextureLabelUnsafe
                0x0000000000011dd0       0x40 /usr/local/ps3dev/ppu/lib/librsx.a(commands.o)
 .text.rsxSetWaitLabelUnsafe
                0x0000000000011e10       0x40 /usr/local/ps3dev/ppu/lib/librsx.a(commands.o)
 .text.rsxSetWriteCommandLabelUnsafe
                0x0000000000011e50       0x40 /usr/local/ps3dev/ppu/lib/librsx.a(commands.o)
 .text.rsxSetSurfaceUnsafe
                0x0000000000011e90      0x1cc /usr/local/ps3dev/ppu/lib/librsx.a(commands.o)
 *fill*         0x000000000001205c        0x4 60000000
 .text.rsxSetColorMaskUnsafe
                0x0000000000012060       0x2c /usr/local/ps3dev/ppu/lib/librsx.a(commands.o)
 *fill*         0x000000000001208c        0x4 60000000
 .text.rsxSetColorMaskMrtUnsafe
                0x0000000000012090       0x2c /usr/local/ps3dev/ppu/lib/librsx.a(commands.o)
 *fill*         0x00000000000120bc        0x4 60000000
 .text.rsxSetShadeModelUnsafe
                0x00000000000120c0       0x2c /usr/local/ps3dev/ppu/lib/librsx.a(commands.o)
 *fill*         0x00000000000120ec        0x4 60000000
 .text.rsxSetViewportUnsafe
                0x00000000000120f0      0x108 /usr/local/ps3dev/ppu/lib/librsx.a(commands.o)
 .text.rsxSetViewportClipUnsafe
                0x00000000000121f8       0x44 /usr/local/ps3dev/ppu/lib/librsx.a(commands.o)
 *fill*         0x000000000001223c        0x4 60000000
 .text.rsxSetUserClipPlaneControlUnsafe
                0x0000000000012240       0x54 /usr/local/ps3dev/ppu/lib/librsx.a(commands.o)
 *fill*         0x0000000000012294        0x4 60000000
 .text.rsxSetDepthTestEnableUnsafe
                0x0000000000012298       0x2c /usr/local/ps3dev/ppu/lib/librsx.a(commands.o)
 *fill*         0x00000000000122c4        0x4 60000000
 .text.rsxSetDepthFuncUnsafe
                0x00000000000122c8       0x2c /usr/local/ps3dev/ppu/lib/librsx.a(commands.o)
 *fill*         0x00000000000122f4        0x4 60000000
 .text.rsxSetDepthWriteEnableUnsafe
                0x00000000000122f8       0x2c /usr/local/ps3dev/ppu/lib/librsx.a(commands.o)
 *fill*         0x0000000000012324        0x4 60000000
 .text.rsxSetDepthFormatUnsafe
                0x0000000000012328       0x34 /usr/local/ps3dev/ppu/lib/librsx.a(commands.o)
 *fill*         0x000000000001235c        0x4 60000000
 .text.rsxSetCullFaceEnableUnsafe
                0x0000000000012360       0x2c /usr/local/ps3dev/ppu/lib/librsx.a(commands.o)
 *fill*         0x000000000001238c        0x4 60000000
 .text.rsxSetCullFaceUnsafe
                0x0000000000012390       0x2c /usr/local/ps3dev/ppu/lib/librsx.a(commands.o)
 *fill*         0x00000000000123bc        0x4 60000000
 .text.rsxSetFrontFaceUnsafe
                0x00000000000123c0       0x2c /usr/local/ps3dev/ppu/lib/librsx.a(commands.o)
 *fill*         0x00000000000123ec        0x4 60000000
 .text.rsxSetFrontPolygonModeUnsafe
                0x00000000000123f0       0x2c /usr/local/ps3dev/ppu/lib/librsx.a(commands.o)
 *fill*         0x000000000001241c        0x4 60000000
 .text.rsxSetBackPolygonModeUnsafe
                0x0000000000012420       0x2c /usr/local/ps3dev/ppu/lib/librsx.a(commands.o)
 *fill*         0x000000000001244c        0x4 60000000
 .text.rsxSetPolygonOffsetFillEnableUnsafe
                0x0000000000012450       0x2c /usr/local/ps3dev/ppu/lib/librsx.a(commands.o)
 *fill*         0x000000000001247c        0x4 60000000
 .text.rsxSetPolygonOffsetUnsafe
                0x0000000000012480       0x40 /usr/local/ps3dev/ppu/lib/librsx.a(commands.o)
 .text.rsxSetPolygonOffsetLineEnableUnsafe
                0x00000000000124c0       0x2c /usr/local/ps3dev/ppu/lib/librsx.a(commands.o)
 *fill*         0x00000000000124ec        0x4 60000000
 .text.rsxClearSurfaceUnsafe
                0x00000000000124f0       0x3c /usr/local/ps3dev/ppu/lib/librsx.a(commands.o)
 *fill*         0x000000000001252c        0x4 60000000
 .text.rsxSetCylindricalWrapUnsafe
                0x0000000000012530       0x2c /usr/local/ps3dev/ppu/lib/librsx.a(commands.o)
 *fill*         0x000000000001255c        0x4 60000000
 .text.rsxSetTwoSideLightEnableUnsafe
                0x0000000000012560       0x2c /usr/local/ps3dev/ppu/lib/librsx.a(commands.o)
 *fill*         0x000000000001258c        0x4 60000000
 .text.rsxSetStencilFuncUnsafe
                0x0000000000012590       0x34 /usr/local/ps3dev/ppu/lib/librsx.a(commands.o)
 *fill*         0x00000000000125c4        0x4 60000000
 .text.rsxSetStencilMaskUnsafe
                0x00000000000125c8       0x2c /usr/local/ps3dev/ppu/lib/librsx.a(commands.o)
 *fill*         0x00000000000125f4        0x4 60000000
 .text.rsxSetStencilOpUnsafe
                0x00000000000125f8       0x34 /usr/local/ps3dev/ppu/lib/librsx.a(commands.o)
 *fill*         0x000000000001262c        0x4 60000000
 .text.rsxSetStencilTestEnableUnsafe
                0x0000000000012630       0x2c /usr/local/ps3dev/ppu/lib/librsx.a(commands.o)
 *fill*         0x000000000001265c        0x4 60000000
 .text.rsxSetBackStencilFuncUnsafe
                0x0000000000012660       0x34 /usr/local/ps3dev/ppu/lib/librsx.a(commands.o)
 *fill*         0x0000000000012694        0x4 60000000
 .text.rsxSetBackStencilMaskUnsafe
                0x0000000000012698       0x2c /usr/local/ps3dev/ppu/lib/librsx.a(commands.o)
 *fill*         0x00000000000126c4        0x4 60000000
 .text.rsxSetBackStencilOpUnsafe
                0x00000000000126c8       0x34 /usr/local/ps3dev/ppu/lib/librsx.a(commands.o)
 *fill*         0x00000000000126fc        0x4 60000000
 .text.rsxSetTwoSidedStencilTestEnableUnsafe
                0x0000000000012700       0x2c /usr/local/ps3dev/ppu/lib/librsx.a(commands.o)
 *fill*         0x000000000001272c        0x4 60000000
 .text.rsxSetRenderEnableUnsafe
                0x0000000000012730       0x70 /usr/local/ps3dev/ppu/lib/librsx.a(commands.o)
 .text.rsxSetReportUnsafe
                0x00000000000127a0       0x38 /usr/local/ps3dev/ppu/lib/librsx.a(commands.o)
 .text.rsxSetClearReportUnsafe
                0x00000000000127d8       0x2c /usr/local/ps3dev/ppu/lib/librsx.a(commands.o)
 *fill*         0x0000000000012804        0x4 60000000
 .text.rsxSetZPixelCountEnableUnsafe
                0x0000000000012808       0x2c /usr/local/ps3dev/ppu/lib/librsx.a(commands.o)
 *fill*         0x0000000000012834        0x4 60000000
 .text.rsxSetSCullControlUnsafe
                0x0000000000012838       0x3c /usr/local/ps3dev/ppu/lib/librsx.a(commands.o)
 *fill*         0x0000000000012874        0x4 60000000
 .text.rsxSetZCullLimitUnsafe
                0x0000000000012878       0x34 /usr/local/ps3dev/ppu/lib/librsx.a(commands.o)
 *fill*         0x00000000000128ac        0x4 60000000
 .text.rsxSetZCullStatsEnableUnsafe
                0x00000000000128b0       0x2c /usr/local/ps3dev/ppu/lib/librsx.a(commands.o)
 *fill*         0x00000000000128dc        0x4 60000000
 .text.rsxSetZCullControlUnsafe
                0x00000000000128e0       0x34 /usr/local/ps3dev/ppu/lib/librsx.a(commands.o)
 *fill*         0x0000000000012914        0x4 60000000
 .text.rsxSetClearZCullSurfaceUnsafe
                0x0000000000012918       0x34 /usr/local/ps3dev/ppu/lib/librsx.a(commands.o)
 *fill*         0x000000000001294c        0x4 60000000
 .text.rsxSetZCullEnableUnsafe
                0x0000000000012950       0x34 /usr/local/ps3dev/ppu/lib/librsx.a(commands.o)
 *fill*         0x0000000000012984        0x4 60000000
 .text.rsxSetZCullInvalidateUnsafe
                0x0000000000012988       0x2c /usr/local/ps3dev/ppu/lib/librsx.a(commands.o)
 *fill*         0x00000000000129b4        0x4 60000000
 .text.rsxSetPolygonSmoothEnableUnsafe
                0x00000000000129b8       0x2c /usr/local/ps3dev/ppu/lib/librsx.a(commands.o)
 *fill*         0x00000000000129e4        0x4 60000000
 .text.rsxSetDitherEnableUnsafe
                0x00000000000129e8       0x2c /usr/local/ps3dev/ppu/lib/librsx.a(commands.o)
 *fill*         0x0000000000012a14        0x4 60000000
 .text.rsxLoadVertexProgramBlockUnsafe
                0x0000000000012a18      0x2ac /usr/local/ps3dev/ppu/lib/librsx.a(commands.o)
 *fill*         0x0000000000012cc4        0x4 60000000
 .text.rsxLoadFragmentProgramLocationUnsafe
                0x0000000000012cc8      0x16c /usr/local/ps3dev/ppu/lib/librsx.a(commands.o)
 *fill*         0x0000000000012e34        0x4 60000000
 .text.rsxUpdateFragmentProgramLocationUnsafe
                0x0000000000012e38       0x38 /usr/local/ps3dev/ppu/lib/librsx.a(commands.o)
 .text.rsxSetFragmentProgramControlUnsafe
                0x0000000000012e70       0x54 /usr/local/ps3dev/ppu/lib/librsx.a(commands.o)
 *fill*         0x0000000000012ec4        0x4 60000000
 .text.rsxLoadVertexProgramParameterBlockUnsafe
                0x0000000000012ec8      0x290 /usr/local/ps3dev/ppu/lib/librsx.a(commands.o)
 .text.rsxLoadVertexProgramUnsafe
                0x0000000000013158       0xec /usr/local/ps3dev/ppu/lib/librsx.a(commands.o)
 *fill*         0x0000000000013244        0x4 60000000
 .text.rsxSetVertexProgramParameterUnsafe
                0x0000000000013248      0x218 /usr/local/ps3dev/ppu/lib/librsx.a(commands.o)
 .text.rsxSetVertexProgramConstantsUnsafe
                0x0000000000013460      0x210 /usr/local/ps3dev/ppu/lib/librsx.a(commands.o)
 .text.rsxSetVertexAttribOutputMaskUnsafe
                0x0000000000013670       0x2c /usr/local/ps3dev/ppu/lib/librsx.a(commands.o)
 *fill*         0x000000000001369c        0x4 60000000
 .text.rsxSetFragmentProgramGammaEnableUnsafe
                0x00000000000136a0       0x2c /usr/local/ps3dev/ppu/lib/librsx.a(commands.o)
 *fill*         0x00000000000136cc        0x4 60000000
 .text.rsxDrawVertexBeginUnsafe
                0x00000000000136d0       0x2c /usr/local/ps3dev/ppu/lib/librsx.a(commands.o)
 *fill*         0x00000000000136fc        0x4 60000000
 .text.rsxDrawVertexEndUnsafe
                0x0000000000013700       0x2c /usr/local/ps3dev/ppu/lib/librsx.a(commands.o)
 *fill*         0x000000000001372c        0x4 60000000
 .text.rsxDrawVertex1fUnsafe
                0x0000000000013730       0x38 /usr/local/ps3dev/ppu/lib/librsx.a(commands.o)
 .text.rsxDrawVertex2fUnsafe
                0x0000000000013768       0x40 /usr/local/ps3dev/ppu/lib/librsx.a(commands.o)
 .text.rsxDrawVertex3fUnsafe
                0x00000000000137a8       0x48 /usr/local/ps3dev/ppu/lib/librsx.a(commands.o)
 .text.rsxDrawVertex4fUnsafe
                0x00000000000137f0       0x48 /usr/local/ps3dev/ppu/lib/librsx.a(commands.o)
 .text.rsxDrawVertex4sUnsafe
                0x0000000000013838       0x5c /usr/local/ps3dev/ppu/lib/librsx.a(commands.o)
 *fill*         0x0000000000013894        0x4 60000000
 .text.rsxDrawVertexScaled4sUnsafe
                0x0000000000013898       0x5c /usr/local/ps3dev/ppu/lib/librsx.a(commands.o)
 *fill*         0x00000000000138f4        0x4 60000000
 .text.rsxDrawVertex2sUnsafe
                0x00000000000138f8       0x44 /usr/local/ps3dev/ppu/lib/librsx.a(commands.o)
 *fill*         0x000000000001393c        0x4 60000000
 .text.rsxDrawVertex4ubUnsafe
                0x0000000000013940       0x34 /usr/local/ps3dev/ppu/lib/librsx.a(commands.o)
 *fill*         0x0000000000013974        0x4 60000000
 .text.rsxSetFrequencyDividerOperationUnsafe
                0x0000000000013978       0x2c /usr/local/ps3dev/ppu/lib/librsx.a(commands.o)
 *fill*         0x00000000000139a4        0x4 60000000
 .text.rsxInvalidateVertexCacheUnsafe
                0x00000000000139a8       0x44 /usr/local/ps3dev/ppu/lib/librsx.a(commands.o)
 *fill*         0x00000000000139ec        0x4 60000000
 .text.rsxInvalidateTextureCacheUnsafe
                0x00000000000139f0       0x2c /usr/local/ps3dev/ppu/lib/librsx.a(commands.o)
 *fill*         0x0000000000013a1c        0x4 60000000
 .text.rsxLoadTextureUnsafe
                0x0000000000013a20       0xc0 /usr/local/ps3dev/ppu/lib/librsx.a(commands.o)
 .text.rsxLoadVertexTextureUnsafe
                0x0000000000013ae0       0x8c /usr/local/ps3dev/ppu/lib/librsx.a(commands.o)
 *fill*         0x0000000000013b6c        0x4 60000000
 .text.rsxTextureControlUnsafe
                0x0000000000013b70       0x4c /usr/local/ps3dev/ppu/lib/librsx.a(commands.o)
 *fill*         0x0000000000013bbc        0x4 60000000
 .text.rsxVertexTextureControlUnsafe
                0x0000000000013bc0       0x44 /usr/local/ps3dev/ppu/lib/librsx.a(commands.o)
 *fill*         0x0000000000013c04        0x4 60000000
 .text.rsxTextureFilterUnsafe
                0x0000000000013c08       0x44 /usr/local/ps3dev/ppu/lib/librsx.a(commands.o)
 *fill*         0x0000000000013c4c        0x4 60000000
 .text.rsxVertexTextureFilterUnsafe
                0x0000000000013c50       0x30 /usr/local/ps3dev/ppu/lib/librsx.a(commands.o)
 .text.rsxTextureWrapModeUnsafe
                0x0000000000013c80       0x58 /usr/local/ps3dev/ppu/lib/librsx.a(commands.o)
 .text.rsxVertexTextureWrapModeUnsafe
                0x0000000000013cd8       0x38 /usr/local/ps3dev/ppu/lib/librsx.a(commands.o)
 .text.rsxTextureBorderColorUnsafe
                0x0000000000013d10       0x30 /usr/local/ps3dev/ppu/lib/librsx.a(commands.o)
 .text.rsxVertexTextureBorderColorUnsafe
                0x0000000000013d40       0x30 /usr/local/ps3dev/ppu/lib/librsx.a(commands.o)
 .text.rsxTextureOptimizationUnsafe
                0x0000000000013d70       0x44 /usr/local/ps3dev/ppu/lib/librsx.a(commands.o)
 *fill*         0x0000000000013db4        0x4 60000000
 .text.rsxTextureAnisoSpreadUnsafe
                0x0000000000013db8       0x5c /usr/local/ps3dev/ppu/lib/librsx.a(commands.o)
 *fill*         0x0000000000013e14        0x4 60000000
 .text.rsxSetZMinMaxControlUnsafe
                0x0000000000013e18       0x3c /usr/local/ps3dev/ppu/lib/librsx.a(commands.o)
 *fill*         0x0000000000013e54        0x4 60000000
 .text.rsxSetDepthBoundsTestEnableUnsafe
                0x0000000000013e58       0x2c /usr/local/ps3dev/ppu/lib/librsx.a(commands.o)
 *fill*         0x0000000000013e84        0x4 60000000
 .text.rsxSetDepthBoundsUnsafe
                0x0000000000013e88       0x40 /usr/local/ps3dev/ppu/lib/librsx.a(commands.o)
 .text.rsxBindVertexArrayAttribUnsafe
                0x0000000000013ec8       0x60 /usr/local/ps3dev/ppu/lib/librsx.a(commands.o)
 .text.rsxDrawVertexArrayUnsafe
                0x0000000000013f28      0x1e4 /usr/local/ps3dev/ppu/lib/librsx.a(commands.o)
 *fill*         0x000000000001410c        0x4 60000000
 .text.rsxDrawInlineVertexArrayUnsafe
                0x0000000000014110      0x1a0 /usr/local/ps3dev/ppu/lib/librsx.a(commands.o)
 .text.rsxDrawIndexArrayUnsafe
                0x00000000000142b0      0x23c /usr/local/ps3dev/ppu/lib/librsx.a(commands.o)
 *fill*         0x00000000000144ec        0x4 60000000
 .text.rsxDrawInlineIndexArray16Unsafe
                0x00000000000144f0      0x208 /usr/local/ps3dev/ppu/lib/librsx.a(commands.o)
 .text.rsxDrawInlineIndexArray32Unsafe
                0x00000000000146f8      0x1a8 /usr/local/ps3dev/ppu/lib/librsx.a(commands.o)
 .text.rsxSetRestartIndexEnableUnsafe
                0x00000000000148a0       0x2c /usr/local/ps3dev/ppu/lib/librsx.a(commands.o)
 *fill*         0x00000000000148cc        0x4 60000000
 .text.rsxSetRestartIndexUnsafe
                0x00000000000148d0       0x2c /usr/local/ps3dev/ppu/lib/librsx.a(commands.o)
 *fill*         0x00000000000148fc        0x4 60000000
 .text.rsxSetScissorUnsafe
                0x0000000000014900       0x40 /usr/local/ps3dev/ppu/lib/librsx.a(commands.o)
 .text.rsxSetAntialiasingControlUnsafe
                0x0000000000014940       0x44 /usr/local/ps3dev/ppu/lib/librsx.a(commands.o)
 *fill*         0x0000000000014984        0x4 60000000
 .text.rsxInlineTransferUnsafe
                0x0000000000014988      0x18c /usr/local/ps3dev/ppu/lib/librsx.a(commands.o)
 *fill*         0x0000000000014b14        0x4 60000000
 .text.rsxSetFragmentProgramParameterUnsafe
                0x0000000000014b18      0x5d8 /usr/local/ps3dev/ppu/lib/librsx.a(commands.o)
 .text.rsxSetAlphaFuncUnsafe
                0x00000000000150f0       0x30 /usr/local/ps3dev/ppu/lib/librsx.a(commands.o)
 .text.rsxSetAlphaTestEnableUnsafe
                0x0000000000015120       0x2c /usr/local/ps3dev/ppu/lib/librsx.a(commands.o)
 *fill*         0x000000000001514c        0x4 60000000
 .text.rsxSetBlendFuncUnsafe
                0x0000000000015150       0x40 /usr/local/ps3dev/ppu/lib/librsx.a(commands.o)
 .text.rsxSetBlendEquationUnsafe
                0x0000000000015190       0x34 /usr/local/ps3dev/ppu/lib/librsx.a(commands.o)
 *fill*         0x00000000000151c4        0x4 60000000
 .text.rsxSetBlendColorUnsafe
                0x00000000000151c8       0x3c /usr/local/ps3dev/ppu/lib/librsx.a(commands.o)
 *fill*         0x0000000000015204        0x4 60000000
 .text.rsxSetBlendEnableUnsafe
                0x0000000000015208       0x2c /usr/local/ps3dev/ppu/lib/librsx.a(commands.o)
 *fill*         0x0000000000015234        0x4 60000000
 .text.rsxSetBlendOptimizationUnsafe
                0x0000000000015238       0x2c /usr/local/ps3dev/ppu/lib/librsx.a(commands.o)
 *fill*         0x0000000000015264        0x4 60000000
 .text.rsxSetBlendEnableMrtUnsafe
                0x0000000000015268       0x40 /usr/local/ps3dev/ppu/lib/librsx.a(commands.o)
 .text.rsxSetLogicOpUnsafe
                0x00000000000152a8       0x2c /usr/local/ps3dev/ppu/lib/librsx.a(commands.o)
 *fill*         0x00000000000152d4        0x4 60000000
 .text.rsxSetLogicOpEnableUnsafe
                0x00000000000152d8       0x2c /usr/local/ps3dev/ppu/lib/librsx.a(commands.o)
 *fill*         0x0000000000015304        0x4 60000000
 .text.rsxSetFogModeUnsafe
                0x0000000000015308       0x2c /usr/local/ps3dev/ppu/lib/librsx.a(commands.o)
 *fill*         0x0000000000015334        0x4 60000000
 .text.rsxSetFogParamsUnsafe
                0x0000000000015338       0x40 /usr/local/ps3dev/ppu/lib/librsx.a(commands.o)
 .text.rsxSetTransformBranchBitsUnsafe
                0x0000000000015378       0x2c /usr/local/ps3dev/ppu/lib/librsx.a(commands.o)
 *fill*         0x00000000000153a4        0x4 60000000
 .text.rsxSetPointSpriteControlUnsafe
                0x00000000000153a8       0x48 /usr/local/ps3dev/ppu/lib/librsx.a(commands.o)
 .text.rsxSetPointSizeUnsafe
                0x00000000000153f0       0x34 /usr/local/ps3dev/ppu/lib/librsx.a(commands.o)
 *fill*         0x0000000000015424        0x4 60000000
 .text.rsxSetTransferDataUnsafe
                0x0000000000015428      0x1a4 /usr/local/ps3dev/ppu/lib/librsx.a(commands.o)
 *fill*         0x00000000000155cc        0x4 60000000
 .text.rsxSetTransferDataModeUnsafe
                0x00000000000155d0       0x70 /usr/local/ps3dev/ppu/lib/librsx.a(commands.o)
 .text.rsxSetTransferDataOffsetUnsafe
                0x0000000000015640       0x5c /usr/local/ps3dev/ppu/lib/librsx.a(commands.o)
 *fill*         0x000000000001569c        0x4 60000000
 .text.rsxSetTransferDataFormatUnsafe
                0x00000000000156a0       0x44 /usr/local/ps3dev/ppu/lib/librsx.a(commands.o)
 *fill*         0x00000000000156e4        0x4 60000000
 .text.rsxSetTransferImageUnsafe
                0x00000000000156e8      0x4ac /usr/local/ps3dev/ppu/lib/librsx.a(commands.o)
 *fill*         0x0000000000015b94        0x4 60000000
 .text.rsxSetTransferScaleModeUnsafe
                0x0000000000015b98       0xe8 /usr/local/ps3dev/ppu/lib/librsx.a(commands.o)
 .text.rsxSetTransferScaleSurfaceUnsafe
                0x0000000000015c80      0x140 /usr/local/ps3dev/ppu/lib/librsx.a(commands.o)
 .text.rsxSetTransferScaleSwizzleUnsafe
                0x0000000000015dc0      0x140 /usr/local/ps3dev/ppu/lib/librsx.a(commands.o)
 .text.rsxSetTimeStampUnsafe
                0x0000000000015f00       0x34 /usr/local/ps3dev/ppu/lib/librsx.a(commands.o)
 *fill*         0x0000000000015f34        0x4 60000000
 .text.rsxSetWaitForIdleUnsafe
                0x0000000000015f38       0x2c /usr/local/ps3dev/ppu/lib/librsx.a(commands.o)
 *fill*         0x0000000000015f64        0x4 60000000
 .text.rsxContextCallback
                0x0000000000015f68       0x50 /usr/local/ps3dev/ppu/lib/librsx.a(commands.o)
 .text.rsxSetReturnCommand
                0x0000000000015fb8       0x90 /usr/local/ps3dev/ppu/lib/librsx.a(commands.o)
 .text.rsxSetCallCommand
                0x0000000000016048       0x9c /usr/local/ps3dev/ppu/lib/librsx.a(commands.o)
 *fill*         0x00000000000160e4        0x4 60000000
 .text.rsxSetJumpCommand
                0x00000000000160e8       0x9c /usr/local/ps3dev/ppu/lib/librsx.a(commands.o)
 *fill*         0x0000000000016184        0x4 60000000
 .text.rsxSetNopCommand
                0x0000000000016188      0x118 /usr/local/ps3dev/ppu/lib/librsx.a(commands.o)
 .text.rsxSetSkipNop
                0x00000000000162a0       0xc0 /usr/local/ps3dev/ppu/lib/librsx.a(commands.o)
 .text.rsxSetClearColor
                0x0000000000016360       0xa4 /usr/local/ps3dev/ppu/lib/librsx.a(commands.o)
 *fill*         0x0000000000016404        0x4 60000000
 .text.rsxSetClearDepthStencil
                0x0000000000016408       0xa4 /usr/local/ps3dev/ppu/lib/librsx.a(commands.o)
 *fill*         0x00000000000164ac        0x4 60000000
 .text.rsxSetReferenceCommand
                0x00000000000164b0       0xa4 /usr/local/ps3dev/ppu/lib/librsx.a(commands.o)
 *fill*         0x0000000000016554        0x4 60000000
 .text.rsxSetWriteBackendLabel
                0x0000000000016558       0xd8 /usr/local/ps3dev/ppu/lib/librsx.a(commands.o)
 .text.rsxSetWriteTextureLabel
                0x0000000000016630       0xbc /usr/local/ps3dev/ppu/lib/librsx.a(commands.o)
 *fill*         0x00000000000166ec        0x4 60000000
 .text.rsxSetWaitLabel
                0x00000000000166f0       0xbc /usr/local/ps3dev/ppu/lib/librsx.a(commands.o)
 *fill*         0x00000000000167ac        0x4 60000000
 .text.rsxSetWriteCommandLabel
                0x00000000000167b0       0xbc /usr/local/ps3dev/ppu/lib/librsx.a(commands.o)
 *fill*         0x000000000001686c        0x4 60000000
 .text.rsxSetSurface
                0x0000000000016870      0x254 /usr/local/ps3dev/ppu/lib/librsx.a(commands.o)
 *fill*         0x0000000000016ac4        0x4 60000000
 .text.rsxSetColorMask
                0x0000000000016ac8       0xa4 /usr/local/ps3dev/ppu/lib/librsx.a(commands.o)
 *fill*         0x0000000000016b6c        0x4 60000000
 .text.rsxSetColorMaskMrt
                0x0000000000016b70       0xa4 /usr/local/ps3dev/ppu/lib/librsx.a(commands.o)
 *fill*         0x0000000000016c14        0x4 60000000
 .text.rsxSetShadeModel
                0x0000000000016c18       0xa4 /usr/local/ps3dev/ppu/lib/librsx.a(commands.o)
 *fill*         0x0000000000016cbc        0x4 60000000
 .text.rsxSetViewport
                0x0000000000016cc0      0x1e8 /usr/local/ps3dev/ppu/lib/librsx.a(commands.o)
 .text.rsxSetViewportClip
                0x0000000000016ea8       0xcc /usr/local/ps3dev/ppu/lib/librsx.a(commands.o)
 *fill*         0x0000000000016f74        0x4 60000000
 .text.rsxSetUserClipPlaneControl
                0x0000000000016f78       0xf4 /usr/local/ps3dev/ppu/lib/librsx.a(commands.o)
 *fill*         0x000000000001706c        0x4 60000000
 .text.rsxSetDepthTestEnable
                0x0000000000017070       0xa4 /usr/local/ps3dev/ppu/lib/librsx.a(commands.o)
 *fill*         0x0000000000017114        0x4 60000000
 .text.rsxSetDepthFunc
                0x0000000000017118       0xa4 /usr/local/ps3dev/ppu/lib/librsx.a(commands.o)
 *fill*         0x00000000000171bc        0x4 60000000
 .text.rsxSetDepthWriteEnable
                0x00000000000171c0       0xa4 /usr/local/ps3dev/ppu/lib/librsx.a(commands.o)
 *fill*         0x0000000000017264        0x4 60000000
 .text.rsxSetDepthFormat
                0x0000000000017268       0xac /usr/local/ps3dev/ppu/lib/librsx.a(commands.o)
 *fill*         0x0000000000017314        0x4 60000000
 .text.rsxSetCullFaceEnable
                0x0000000000017318       0xa4 /usr/local/ps3dev/ppu/lib/librsx.a(commands.o)
 *fill*         0x00000000000173bc        0x4 60000000
 .text.rsxSetCullFace
                0x00000000000173c0       0xa4 /usr/local/ps3dev/ppu/lib/librsx.a(commands.o)
 *fill*         0x0000000000017464        0x4 60000000
 .text.rsxSetFrontFace
                0x0000000000017468       0xa4 /usr/local/ps3dev/ppu/lib/librsx.a(commands.o)
 *fill*         0x000000000001750c        0x4 60000000
 .text.rsxSetFrontPolygonMode
                0x0000000000017510       0xa4 /usr/local/ps3dev/ppu/lib/librsx.a(commands.o)
 *fill*         0x00000000000175b4        0x4 60000000
 .text.rsxSetBackPolygonMode
                0x00000000000175b8       0xa4 /usr/local/ps3dev/ppu/lib/librsx.a(commands.o)
 *fill*         0x000000000001765c        0x4 60000000
 .text.rsxSetPolygonOffsetFillEnable
                0x0000000000017660       0xa4 /usr/local/ps3dev/ppu/lib/librsx.a(commands.o)
 *fill*         0x0000000000017704        0x4 60000000
 .text.rsxSetPolygonOffset
                0x0000000000017708       0xc0 /usr/local/ps3dev/ppu/lib/librsx.a(commands.o)
 .text.rsxSetPolygonOffsetLineEnable
                0x00000000000177c8       0xa4 /usr/local/ps3dev/ppu/lib/librsx.a(commands.o)
 *fill*         0x000000000001786c        0x4 60000000
 .text.rsxClearSurface
                0x0000000000017870       0xb4 /usr/local/ps3dev/ppu/lib/librsx.a(commands.o)
 *fill*         0x0000000000017924        0x4 60000000
 .text.rsxSetCylindricalWrap
                0x0000000000017928       0xa4 /usr/local/ps3dev/ppu/lib/librsx.a(commands.o)
 *fill*         0x00000000000179cc        0x4 60000000
 .text.rsxSetTwoSideLightEnable
                0x00000000000179d0       0xa4 /usr/local/ps3dev/ppu/lib/librsx.a(commands.o)
 *fill*         0x0000000000017a74        0x4 60000000
 .text.rsxSetStencilFunc
                0x0000000000017a78       0xbc /usr/local/ps3dev/ppu/lib/librsx.a(commands.o)
 *fill*         0x0000000000017b34        0x4 60000000
 .text.rsxSetStencilMask
                0x0000000000017b38       0xa4 /usr/local/ps3dev/ppu/lib/librsx.a(commands.o)
 *fill*         0x0000000000017bdc        0x4 60000000
 .text.rsxSetStencilOp
                0x0000000000017be0       0xbc /usr/local/ps3dev/ppu/lib/librsx.a(commands.o)
 *fill*         0x0000000000017c9c        0x4 60000000
 .text.rsxSetStencilTestEnable
                0x0000000000017ca0       0xa4 /usr/local/ps3dev/ppu/lib/librsx.a(commands.o)
 *fill*         0x0000000000017d44        0x4 60000000
 .text.rsxSetBackStencilFunc
                0x0000000000017d48       0xbc /usr/local/ps3dev/ppu/lib/librsx.a(commands.o)
 *fill*         0x0000000000017e04        0x4 60000000
 .text.rsxSetBackStencilMask
                0x0000000000017e08       0xa4 /usr/local/ps3dev/ppu/lib/librsx.a(commands.o)
 *fill*         0x0000000000017eac        0x4 60000000
 .text.rsxSetBackStencilOp
                0x0000000000017eb0       0xbc /usr/local/ps3dev/ppu/lib/librsx.a(commands.o)
 *fill*         0x0000000000017f6c        0x4 60000000
 .text.rsxSetTwoSidedStencilTestEnable
                0x0000000000017f70       0xa4 /usr/local/ps3dev/ppu/lib/librsx.a(commands.o)
 *fill*         0x0000000000018014        0x4 60000000
 .text.rsxSetRenderEnable
                0x0000000000018018      0x124 /usr/local/ps3dev/ppu/lib/librsx.a(commands.o)
 *fill*         0x000000000001813c        0x4 60000000
 .text.rsxSetReport
                0x0000000000018140       0xc0 /usr/local/ps3dev/ppu/lib/librsx.a(commands.o)
 .text.rsxSetClearReport
                0x0000000000018200       0xa4 /usr/local/ps3dev/ppu/lib/librsx.a(commands.o)
 *fill*         0x00000000000182a4        0x4 60000000
 .text.rsxSetZPixelCountEnable
                0x00000000000182a8       0xa4 /usr/local/ps3dev/ppu/lib/librsx.a(commands.o)
 *fill*         0x000000000001834c        0x4 60000000
 .text.rsxSetSCullControl
                0x0000000000018350       0xc4 /usr/local/ps3dev/ppu/lib/librsx.a(commands.o)
 *fill*         0x0000000000018414        0x4 60000000
 .text.rsxSetZCullLimit
                0x0000000000018418       0xb4 /usr/local/ps3dev/ppu/lib/librsx.a(commands.o)
 *fill*         0x00000000000184cc        0x4 60000000
 .text.rsxSetZCullStatsEnable
                0x00000000000184d0       0xa4 /usr/local/ps3dev/ppu/lib/librsx.a(commands.o)
 *fill*         0x0000000000018574        0x4 60000000
 .text.rsxSetZCullControl
                0x0000000000018578       0xb4 /usr/local/ps3dev/ppu/lib/librsx.a(commands.o)
 *fill*         0x000000000001862c        0x4 60000000
 .text.rsxSetClearZCullSurface
                0x0000000000018630       0xb4 /usr/local/ps3dev/ppu/lib/librsx.a(commands.o)
 *fill*         0x00000000000186e4        0x4 60000000
 .text.rsxSetZCullEnable
                0x00000000000186e8       0xb4 /usr/local/ps3dev/ppu/lib/librsx.a(commands.o)
 *fill*         0x000000000001879c        0x4 60000000
 .text.rsxSetZCullInvalidate
                0x00000000000187a0       0x98 /usr/local/ps3dev/ppu/lib/librsx.a(commands.o)
 .text.rsxSetPolygonSmoothEnable
                0x0000000000018838       0xa4 /usr/local/ps3dev/ppu/lib/librsx.a(commands.o)
 *fill*         0x00000000000188dc        0x4 60000000
 .text.rsxSetDitherEnable
                0x00000000000188e0       0xa4 /usr/local/ps3dev/ppu/lib/librsx.a(commands.o)
 *fill*         0x0000000000018984        0x4 60000000
 .text.rsxLoadVertexProgramBlock
                0x0000000000018988      0x384 /usr/local/ps3dev/ppu/lib/librsx.a(commands.o)
 *fill*         0x0000000000018d0c        0x4 60000000
 .text.rsxLoadFragmentProgramLocation
                0x0000000000018d10      0x228 /usr/local/ps3dev/ppu/lib/librsx.a(commands.o)
 .text.rsxUpdateFragmentProgramLocation
                0x0000000000018f38       0xbc /usr/local/ps3dev/ppu/lib/librsx.a(commands.o)
 *fill*         0x0000000000018ff4        0x4 60000000
 .text.rsxSetFragmentProgramControl
                0x0000000000018ff8       0xd4 /usr/local/ps3dev/ppu/lib/librsx.a(commands.o)
 *fill*         0x00000000000190cc        0x4 60000000
 .text.rsxLoadVertexProgramParameterBlock
                0x00000000000190d0      0x320 /usr/local/ps3dev/ppu/lib/librsx.a(commands.o)
 .text.rsxLoadVertexProgram
                0x00000000000193f0       0xec /usr/local/ps3dev/ppu/lib/librsx.a(commands.o)
 *fill*         0x00000000000194dc        0x4 60000000
 .text.rsxSetVertexProgramParameter
                0x00000000000194e0      0x218 /usr/local/ps3dev/ppu/lib/librsx.a(commands.o)
 .text.rsxSetVertexProgramConstants
                0x00000000000196f8      0x29c /usr/local/ps3dev/ppu/lib/librsx.a(commands.o)
 *fill*         0x0000000000019994        0x4 60000000
 .text.rsxSetVertexAttribOutputMask
                0x0000000000019998       0xa4 /usr/local/ps3dev/ppu/lib/librsx.a(commands.o)
 *fill*         0x0000000000019a3c        0x4 60000000
 .text.rsxSetFragmentProgramGammaEnable
                0x0000000000019a40       0xa4 /usr/local/ps3dev/ppu/lib/librsx.a(commands.o)
 *fill*         0x0000000000019ae4        0x4 60000000
 .text.rsxDrawVertexBegin
                0x0000000000019ae8       0xa4 /usr/local/ps3dev/ppu/lib/librsx.a(commands.o)
 *fill*         0x0000000000019b8c        0x4 60000000
 .text.rsxDrawVertexEnd
                0x0000000000019b90       0x98 /usr/local/ps3dev/ppu/lib/librsx.a(commands.o)
 .text.rsxDrawVertex1f
                0x0000000000019c28       0xc0 /usr/local/ps3dev/ppu/lib/librsx.a(commands.o)
 .text.rsxDrawVertex2f
                0x0000000000019ce8       0xbc /usr/local/ps3dev/ppu/lib/librsx.a(commands.o)
 *fill*         0x0000000000019da4        0x4 60000000
 .text.rsxDrawVertex3f
                0x0000000000019da8       0xbc /usr/local/ps3dev/ppu/lib/librsx.a(commands.o)
 *fill*         0x0000000000019e64        0x4 60000000
 .text.rsxDrawVertex4f
                0x0000000000019e68       0xbc /usr/local/ps3dev/ppu/lib/librsx.a(commands.o)
 *fill*         0x0000000000019f24        0x4 60000000
 .text.rsxDrawVertex4s
                0x0000000000019f28       0xdc /usr/local/ps3dev/ppu/lib/librsx.a(commands.o)
 *fill*         0x000000000001a004        0x4 60000000
 .text.rsxDrawVertexScaled4s
                0x000000000001a008       0xdc /usr/local/ps3dev/ppu/lib/librsx.a(commands.o)
 *fill*         0x000000000001a0e4        0x4 60000000
 .text.rsxDrawVertex2s
                0x000000000001a0e8       0xc4 /usr/local/ps3dev/ppu/lib/librsx.a(commands.o)
 *fill*         0x000000000001a1ac        0x4 60000000
 .text.rsxDrawVertex4ub
                0x000000000001a1b0       0xb4 /usr/local/ps3dev/ppu/lib/librsx.a(commands.o)
 *fill*         0x000000000001a264        0x4 60000000
 .text.rsxSetFrequencyDividerOperation
                0x000000000001a268       0xa4 /usr/local/ps3dev/ppu/lib/librsx.a(commands.o)
 *fill*         0x000000000001a30c        0x4 60000000
 .text.rsxInvalidateVertexCache
                0x000000000001a310       0xb0 /usr/local/ps3dev/ppu/lib/librsx.a(commands.o)
 .text.rsxInvalidateTextureCache
                0x000000000001a3c0       0xa4 /usr/local/ps3dev/ppu/lib/librsx.a(commands.o)
 *fill*         0x000000000001a464        0x4 60000000
 .text.rsxLoadTexture
                0x000000000001a468      0x144 /usr/local/ps3dev/ppu/lib/librsx.a(commands.o)
 *fill*         0x000000000001a5ac        0x4 60000000
 .text.rsxLoadVertexTexture
                0x000000000001a5b0      0x134 /usr/local/ps3dev/ppu/lib/librsx.a(commands.o)
 *fill*         0x000000000001a6e4        0x4 60000000
 .text.rsxTextureControl
                0x000000000001a6e8       0xe4 /usr/local/ps3dev/ppu/lib/librsx.a(commands.o)
 *fill*         0x000000000001a7cc        0x4 60000000
 .text.rsxVertexTextureControl
                0x000000000001a7d0       0xd4 /usr/local/ps3dev/ppu/lib/librsx.a(commands.o)
 *fill*         0x000000000001a8a4        0x4 60000000
 .text.rsxTextureFilter
                0x000000000001a8a8       0xdc /usr/local/ps3dev/ppu/lib/librsx.a(commands.o)
 *fill*         0x000000000001a984        0x4 60000000
 .text.rsxVertexTextureFilter
                0x000000000001a988       0xb4 /usr/local/ps3dev/ppu/lib/librsx.a(commands.o)
 *fill*         0x000000000001aa3c        0x4 60000000
 .text.rsxTextureWrapMode
                0x000000000001aa40      0x104 /usr/local/ps3dev/ppu/lib/librsx.a(commands.o)
 *fill*         0x000000000001ab44        0x4 60000000
 .text.rsxVertexTextureWrapMode
                0x000000000001ab48       0xc4 /usr/local/ps3dev/ppu/lib/librsx.a(commands.o)
 *fill*         0x000000000001ac0c        0x4 60000000
 .text.rsxTextureBorderColor
                0x000000000001ac10       0xb4 /usr/local/ps3dev/ppu/lib/librsx.a(commands.o)
 *fill*         0x000000000001acc4        0x4 60000000
 .text.rsxVertexTextureBorderColor
                0x000000000001acc8       0xb4 /usr/local/ps3dev/ppu/lib/librsx.a(commands.o)
 *fill*         0x000000000001ad7c        0x4 60000000
 .text.rsxTextureOptimization
                0x000000000001ad80       0xd4 /usr/local/ps3dev/ppu/lib/librsx.a(commands.o)
 *fill*         0x000000000001ae54        0x4 60000000
 .text.rsxTextureAnisoSpread
                0x000000000001ae58       0xe0 /usr/local/ps3dev/ppu/lib/librsx.a(commands.o)
 .text.rsxSetZMinMaxControl
                0x000000000001af38       0xc4 /usr/local/ps3dev/ppu/lib/librsx.a(commands.o)
 *fill*         0x000000000001affc        0x4 60000000
 .text.rsxSetDepthBoundsTestEnable
                0x000000000001b000       0xa4 /usr/local/ps3dev/ppu/lib/librsx.a(commands.o)
 *fill*         0x000000000001b0a4        0x4 60000000
 .text.rsxSetDepthBounds
                0x000000000001b0a8       0xc0 /usr/local/ps3dev/ppu/lib/librsx.a(commands.o)
 .text.rsxBindVertexArrayAttrib
                0x000000000001b168      0x10c /usr/local/ps3dev/ppu/lib/librsx.a(commands.o)
 *fill*         0x000000000001b274        0x4 60000000
 .text.rsxDrawVertexArray
                0x000000000001b278      0x2ec /usr/local/ps3dev/ppu/lib/librsx.a(commands.o)
 *fill*         0x000000000001b564        0x4 60000000
 .text.rsxDrawInlineVertexArray
                0x000000000001b568      0x294 /usr/local/ps3dev/ppu/lib/librsx.a(commands.o)
 *fill*         0x000000000001b7fc        0x4 60000000
 .text.rsxDrawIndexArray
                0x000000000001b800      0x398 /usr/local/ps3dev/ppu/lib/librsx.a(commands.o)
 .text.rsxDrawInlineIndexArray16
                0x000000000001bb98      0x334 /usr/local/ps3dev/ppu/lib/librsx.a(commands.o)
 *fill*         0x000000000001becc        0x4 60000000
 .text.rsxDrawInlineIndexArray32
                0x000000000001bed0      0x29c /usr/local/ps3dev/ppu/lib/librsx.a(commands.o)
 *fill*         0x000000000001c16c        0x4 60000000
 .text.rsxSetRestartIndexEnable
                0x000000000001c170       0xa4 /usr/local/ps3dev/ppu/lib/librsx.a(commands.o)
 *fill*         0x000000000001c214        0x4 60000000
 .text.rsxSetRestartIndex
                0x000000000001c218       0xa4 /usr/local/ps3dev/ppu/lib/librsx.a(commands.o)
 *fill*         0x000000000001c2bc        0x4 60000000
 .text.rsxSetScissor
                0x000000000001c2c0       0xd4 /usr/local/ps3dev/ppu/lib/librsx.a(commands.o)
 *fill*         0x000000000001c394        0x4 60000000
 .text.rsxSetAntialiasingControl
                0x000000000001c398       0xd4 /usr/local/ps3dev/ppu/lib/librsx.a(commands.o)
 *fill*         0x000000000001c46c        0x4 60000000
 .text.rsxInlineTransfer
                0x000000000001c470      0x23c /usr/local/ps3dev/ppu/lib/librsx.a(commands.o)
 *fill*         0x000000000001c6ac        0x4 60000000
 .text.rsxSetFragmentProgramParameter
                0x000000000001c6b0      0x5d8 /usr/local/ps3dev/ppu/lib/librsx.a(commands.o)
 .text.rsxSetAlphaFunc
                0x000000000001cc88       0xb4 /usr/local/ps3dev/ppu/lib/librsx.a(commands.o)
 *fill*         0x000000000001cd3c        0x4 60000000
 .text.rsxSetAlphaTestEnable
                0x000000000001cd40       0xa4 /usr/local/ps3dev/ppu/lib/librsx.a(commands.o)
 *fill*         0x000000000001cde4        0x4 60000000
 .text.rsxSetBlendFunc
                0x000000000001cde8       0xd4 /usr/local/ps3dev/ppu/lib/librsx.a(commands.o)
 *fill*         0x000000000001cebc        0x4 60000000
 .text.rsxSetBlendEquation
                0x000000000001cec0       0xb4 /usr/local/ps3dev/ppu/lib/librsx.a(commands.o)
 *fill*         0x000000000001cf74        0x4 60000000
 .text.rsxSetBlendColor
                0x000000000001cf78       0xbc /usr/local/ps3dev/ppu/lib/librsx.a(commands.o)
 *fill*         0x000000000001d034        0x4 60000000
 .text.rsxSetBlendEnable
                0x000000000001d038       0xa4 /usr/local/ps3dev/ppu/lib/librsx.a(commands.o)
 *fill*         0x000000000001d0dc        0x4 60000000
 .text.rsxSetBlendOptimization
                0x000000000001d0e0       0xa4 /usr/local/ps3dev/ppu/lib/librsx.a(commands.o)
 *fill*         0x000000000001d184        0x4 60000000
 .text.rsxSetBlendEnableMrt
                0x000000000001d188       0xcc /usr/local/ps3dev/ppu/lib/librsx.a(commands.o)
 *fill*         0x000000000001d254        0x4 60000000
 .text.rsxSetLogicOp
                0x000000000001d258       0xa4 /usr/local/ps3dev/ppu/lib/librsx.a(commands.o)
 *fill*         0x000000000001d2fc        0x4 60000000
 .text.rsxSetLogicOpEnable
                0x000000000001d300       0xa4 /usr/local/ps3dev/ppu/lib/librsx.a(commands.o)
 *fill*         0x000000000001d3a4        0x4 60000000
 .text.rsxSetFogMode
                0x000000000001d3a8       0xa4 /usr/local/ps3dev/ppu/lib/librsx.a(commands.o)
 *fill*         0x000000000001d44c        0x4 60000000
 .text.rsxSetFogParams
                0x000000000001d450       0xc0 /usr/local/ps3dev/ppu/lib/librsx.a(commands.o)
 .text.rsxSetTransformBranchBits
                0x000000000001d510       0xa4 /usr/local/ps3dev/ppu/lib/librsx.a(commands.o)
 *fill*         0x000000000001d5b4        0x4 60000000
 .text.rsxSetPointSpriteControl
                0x000000000001d5b8       0xd4 /usr/local/ps3dev/ppu/lib/librsx.a(commands.o)
 *fill*         0x000000000001d68c        0x4 60000000
 .text.rsxSetPointSize
                0x000000000001d690       0xac /usr/local/ps3dev/ppu/lib/librsx.a(commands.o)
 *fill*         0x000000000001d73c        0x4 60000000
 .text.rsxSetTransferData
                0x000000000001d740      0x244 /usr/local/ps3dev/ppu/lib/librsx.a(commands.o)
 *fill*         0x000000000001d984        0x4 60000000
 .text.rsxSetConvertSwizzleFormatUnsafe
                0x000000000001d988      0x7a8 /usr/local/ps3dev/ppu/lib/librsx.a(commands.o)
 .text.rsxSetTransferDataMode
                0x000000000001e130       0xec /usr/local/ps3dev/ppu/lib/librsx.a(commands.o)
 *fill*         0x000000000001e21c        0x4 60000000
 .text.rsxSetTransferDataOffset
                0x000000000001e220      0x12c /usr/local/ps3dev/ppu/lib/librsx.a(commands.o)
 *fill*         0x000000000001e34c        0x4 60000000
 .text.rsxSetTransferDataFormat
                0x000000000001e350       0xe4 /usr/local/ps3dev/ppu/lib/librsx.a(commands.o)
 *fill*         0x000000000001e434        0x4 60000000
 .text.rsxSetTransferImage
                0x000000000001e438      0x43c /usr/local/ps3dev/ppu/lib/librsx.a(commands.o)
 *fill*         0x000000000001e874        0x4 60000000
 .text.rsxSetTransferScaleMode
                0x000000000001e878      0x178 /usr/local/ps3dev/ppu/lib/librsx.a(commands.o)
 .text.rsxSetTransferScaleSurface
                0x000000000001e9f0      0x1bc /usr/local/ps3dev/ppu/lib/librsx.a(commands.o)
 *fill*         0x000000000001ebac        0x4 60000000
 .text.rsxSetTransferScaleSwizzle
                0x000000000001ebb0      0x1bc /usr/local/ps3dev/ppu/lib/librsx.a(commands.o)
 *fill*         0x000000000001ed6c        0x4 60000000
 .text.rsxSetConvertSwizzleFormat
                0x000000000001ed70      0x750 /usr/local/ps3dev/ppu/lib/librsx.a(commands.o)
 .text.rsxSetTimeStamp
                0x000000000001f4c0       0xac /usr/local/ps3dev/ppu/lib/librsx.a(commands.o)
 *fill*         0x000000000001f56c        0x4 60000000
 .text.rsxSetWaitForIdle
                0x000000000001f570       0x98 /usr/local/ps3dev/ppu/lib/librsx.a(commands.o)
 .text          0x000000000001f608        0x0 /usr/local/ps3dev/ppu/lib/librsx.a(mm.o)
 .text.rsxHeapInit
                0x000000000001f608       0x80 /usr/local/ps3dev/ppu/lib/librsx.a(mm.o)
 .text.rsxMemalign
                0x000000000001f688       0x58 /usr/local/ps3dev/ppu/lib/librsx.a(mm.o)
 .text.rsxMalloc
                0x000000000001f6e0       0x58 /usr/local/ps3dev/ppu/lib/librsx.a(mm.o)
 .text.rsxFree  0x000000000001f738       0x48 /usr/local/ps3dev/ppu/lib/librsx.a(mm.o)
 .text          0x000000000001f780        0x0 /usr/local/ps3dev/ppu/lib/librsx.a(vertex_program.o)
 .text.rsxVertexProgramGetUCode
                0x000000000001f780       0x28 /usr/local/ps3dev/ppu/lib/librsx.a(vertex_program.o)
 .text.rsxVertexProgramGetNumConst
                0x000000000001f7a8       0x14 /usr/local/ps3dev/ppu/lib/librsx.a(vertex_program.o)
 *fill*         0x000000000001f7bc        0x4 60000000
 .text.rsxVertexProgramGetNumAttrib
                0x000000000001f7c0       0x14 /usr/local/ps3dev/ppu/lib/librsx.a(vertex_program.o)
 *fill*         0x000000000001f7d4        0x4 60000000
 .text.rsxVertexProgramGetConsts
                0x000000000001f7d8       0x30 /usr/local/ps3dev/ppu/lib/librsx.a(vertex_program.o)
 .text.rsxVertexProgramGetConst
                0x000000000001f808       0x74 /usr/local/ps3dev/ppu/lib/librsx.a(vertex_program.o)
 *fill*         0x000000000001f87c        0x4 60000000
 .text.rsxVertexProgramGetAttribs
                0x000000000001f880       0x30 /usr/local/ps3dev/ppu/lib/librsx.a(vertex_program.o)
 .text.rsxVertexProgramGetAttrib
                0x000000000001f8b0       0x30 /usr/local/ps3dev/ppu/lib/librsx.a(vertex_program.o)
 .text          0x000000000001f8e0        0x0 /usr/local/ps3dev/ppu/lib/librsx.a(fragment_program.o)
 .text.rsxFragmentProgramGetUCode
                0x000000000001f8e0       0x28 /usr/local/ps3dev/ppu/lib/librsx.a(fragment_program.o)
 .text.rsxFragmentProgramGetNumConst
                0x000000000001f908       0x14 /usr/local/ps3dev/ppu/lib/librsx.a(fragment_program.o)
 *fill*         0x000000000001f91c        0x4 60000000
 .text.rsxFragmentProgramGetConsts
                0x000000000001f920       0x30 /usr/local/ps3dev/ppu/lib/librsx.a(fragment_program.o)
 .text.rsxFragmentProgramGetConst
                0x000000000001f950       0x74 /usr/local/ps3dev/ppu/lib/librsx.a(fragment_program.o)
 *fill*         0x000000000001f9c4        0x4 60000000
 .text.rsxFragmentProgramGetNumAttrib
                0x000000000001f9c8       0x14 /usr/local/ps3dev/ppu/lib/librsx.a(fragment_program.o)
 *fill*         0x000000000001f9dc        0x4 60000000
 .text.rsxFragmentProgramGetAttribs
                0x000000000001f9e0       0x30 /usr/local/ps3dev/ppu/lib/librsx.a(fragment_program.o)
 .text.rsxFragmentProgramGetAttrib
                0x000000000001fa10       0x30 /usr/local/ps3dev/ppu/lib/librsx.a(fragment_program.o)
 .text.rsxFragmentProgramGetConstOffsetTable
                0x000000000001fa40       0x14 /usr/local/ps3dev/ppu/lib/librsx.a(fragment_program.o)
 .text          0x000000000001fa54        0x0 /usr/local/ps3dev/ppu/lib/librsx.a(rsx_internal.o)
 *fill*         0x000000000001fa54        0x4 60000000
 .text.__rsxGetAttrs
                0x000000000001fa58       0x18 /usr/local/ps3dev/ppu/lib/librsx.a(rsx_internal.o)
 .text.__rsxGetAttr
                0x000000000001fa70       0xcc /usr/local/ps3dev/ppu/lib/librsx.a(rsx_internal.o)
 *fill*         0x000000000001fb3c        0x4 60000000
 .text.__rsxGetConsts
                0x000000000001fb40       0x18 /usr/local/ps3dev/ppu/lib/librsx.a(rsx_internal.o)
 .text.__rsxGetConstIndex
                0x000000000001fb58       0xbc /usr/local/ps3dev/ppu/lib/librsx.a(rsx_internal.o)
 .text          0x000000000001fc14        0x0 /usr/local/ps3dev/ppu/lib/libsysutil.a(sprx.o)
 .text          0x000000000001fc14        0x0 /usr/local/ps3dev/ppu/lib/libio.a(sprx.o)
 .text          0x000000000001fc14        0x0 /usr/local/ps3dev/ppu/lib/librt.a(sbrk.o)
 *fill*         0x000000000001fc14        0x4 60000000
 .text.startup.sbrk_init
                0x000000000001fc18       0xb8 /usr/local/ps3dev/ppu/lib/librt.a(sbrk.o)
 .text.sbrk_deinit
                0x000000000001fcd0       0xc8 /usr/local/ps3dev/ppu/lib/librt.a(sbrk.o)
 .text.__librt_sbrk_r
                0x000000000001fd98      0x2f4 /usr/local/ps3dev/ppu/lib/librt.a(sbrk.o)
 .text          0x000000000002008c        0x0 /usr/local/ps3dev/ppu/lib/librt.a(exit.o)
 *fill*         0x000000000002008c        0x4 60000000
 .text.__librt_exit
                0x0000000000020090       0x30 /usr/local/ps3dev/ppu/lib/librt.a(exit.o)
 .text          0x00000000000200c0        0x0 /usr/local/ps3dev/ppu/lib/librt.a(close.o)
 .text.__librt_close_r
                0x00000000000200c0       0x88 /usr/local/ps3dev/ppu/lib/librt.a(close.o)
 .text          0x0000000000020148        0x0 /usr/local/ps3dev/ppu/lib/librt.a(lseek.o)
 .text.__librt_lseek_r
                0x0000000000020148       0x8c /usr/local/ps3dev/ppu/lib/librt.a(lseek.o)
 *fill*         0x00000000000201d4        0x4 60000000
 .text.__librt_lseek64_r
                0x00000000000201d8       0x10 /usr/local/ps3dev/ppu/lib/librt.a(lseek.o)
 .text          0x00000000000201e8        0x0 /usr/local/ps3dev/ppu/lib/librt.a(read.o)
 .text.__librt_read_r
                0x00000000000201e8      0x10c /usr/local/ps3dev/ppu/lib/librt.a(read.o)
 .text          0x00000000000202f4        0x0 /usr/local/ps3dev/ppu/lib/librt.a(open.o)
 *fill*         0x00000000000202f4        0x4 60000000
 .text.__librt_open_r
                0x00000000000202f8      0x180 /usr/local/ps3dev/ppu/lib/librt.a(open.o)
 .text          0x0000000000020478        0x0 /usr/local/ps3dev/ppu/lib/librt.a(sleep.o)
 .text.__librt_usleep_r
                0x0000000000020478       0x50 /usr/local/ps3dev/ppu/lib/librt.a(sleep.o)
 .text.__librt_sleep_r
                0x00000000000204c8       0x6c /usr/local/ps3dev/ppu/lib/librt.a(sleep.o)
 .text          0x0000000000020534        0x0 /usr/local/ps3dev/ppu/lib/librt.a(write.o)
 *fill*         0x0000000000020534        0x4 60000000
 .text.__librt_write_r
                0x0000000000020538      0x104 /usr/local/ps3dev/ppu/lib/librt.a(write.o)
 .text          0x000000000002063c        0x0 /usr/local/ps3dev/ppu/lib/librt.a(fstat.o)
 *fill*         0x000000000002063c        0x4 60000000
 .text.__librt_fstat_r
                0x0000000000020640       0xd0 /usr/local/ps3dev/ppu/lib/librt.a(fstat.o)
 .text.__librt_fstat64_r
                0x0000000000020710       0x10 /usr/local/ps3dev/ppu/lib/librt.a(fstat.o)
 .text.__librt_stat_r
                0x0000000000020720       0xd0 /usr/local/ps3dev/ppu/lib/librt.a(fstat.o)
 .text.__librt_stat64_r
                0x00000000000207f0       0x10 /usr/local/ps3dev/ppu/lib/librt.a(fstat.o)
 .text          0x0000000000020800        0x0 /usr/local/ps3dev/ppu/lib/librt.a(socket.o)
 .text.accept   0x0000000000020800       0xe0 /usr/local/ps3dev/ppu/lib/librt.a(socket.o)
 .text.bind     0x00000000000208e0       0x44 /usr/local/ps3dev/ppu/lib/librt.a(socket.o)
 *fill*         0x0000000000020924        0x4 60000000
 .text.connect  0x0000000000020928       0x44 /usr/local/ps3dev/ppu/lib/librt.a(socket.o)
 *fill*         0x000000000002096c        0x4 60000000
 .text.listen   0x0000000000020970       0x44 /usr/local/ps3dev/ppu/lib/librt.a(socket.o)
 *fill*         0x00000000000209b4        0x4 60000000
 .text.socket   0x00000000000209b8       0x5c /usr/local/ps3dev/ppu/lib/librt.a(socket.o)
 *fill*         0x0000000000020a14        0x4 60000000
 .text.send     0x0000000000020a18       0x4c /usr/local/ps3dev/ppu/lib/librt.a(socket.o)
 *fill*         0x0000000000020a64        0x4 60000000
 .text.sendto   0x0000000000020a68       0x44 /usr/local/ps3dev/ppu/lib/librt.a(socket.o)
 *fill*         0x0000000000020aac        0x4 60000000
 .text.recv     0x0000000000020ab0       0x4c /usr/local/ps3dev/ppu/lib/librt.a(socket.o)
 *fill*         0x0000000000020afc        0x4 60000000
 .text.recvfrom
                0x0000000000020b00       0xd8 /usr/local/ps3dev/ppu/lib/librt.a(socket.o)
 .text.shutdown
                0x0000000000020bd8       0x44 /usr/local/ps3dev/ppu/lib/librt.a(socket.o)
 *fill*         0x0000000000020c1c        0x4 60000000
 .text.inet_aton
                0x0000000000020c20       0xbc /usr/local/ps3dev/ppu/lib/librt.a(socket.o)
 *fill*         0x0000000000020cdc        0x4 60000000
 .text.inet_pton
                0x0000000000020ce0       0x48 /usr/local/ps3dev/ppu/lib/librt.a(socket.o)
 .text.select   0x0000000000020d28       0x3c /usr/local/ps3dev/ppu/lib/librt.a(socket.o)
 *fill*         0x0000000000020d64        0x4 60000000
 .text.closesocket
                0x0000000000020d68       0x44 /usr/local/ps3dev/ppu/lib/librt.a(socket.o)
 .text          0x0000000000020dac        0x0 /usr/local/ps3dev/ppu/lib/librt.a(lock.o)
 *fill*         0x0000000000020dac        0x4 60000000
 .text.__librt_sys_lwmutex_create_r
                0x0000000000020db0       0x38 /usr/local/ps3dev/ppu/lib/librt.a(lock.o)
 .text.__librt_sys_lwmutex_destroy_r
                0x0000000000020de8       0x34 /usr/local/ps3dev/ppu/lib/librt.a(lock.o)
 *fill*         0x0000000000020e1c        0x4 60000000
 .text.__librt_sys_lwmutex_lock_r
                0x0000000000020e20       0x38 /usr/local/ps3dev/ppu/lib/librt.a(lock.o)
 .text.__librt_sys_lwmutex_trylock_r
                0x0000000000020e58       0x34 /usr/local/ps3dev/ppu/lib/librt.a(lock.o)
 *fill*         0x0000000000020e8c        0x4 60000000
 .text.__librt_sys_lwmutex_unlock_r
                0x0000000000020e90       0x34 /usr/local/ps3dev/ppu/lib/librt.a(lock.o)
 .text          0x0000000000020ec4        0x0 /usr/local/ps3dev/ppu/lib/librt.a(dirent.o)
 *fill*         0x0000000000020ec4        0x4 60000000
 .text.readdir_i
                0x0000000000020ec8      0x10c /usr/local/ps3dev/ppu/lib/librt.a(dirent.o)
 *fill*         0x0000000000020fd4        0x4 60000000
 .text.__librt_opendir_r
                0x0000000000020fd8      0x114 /usr/local/ps3dev/ppu/lib/librt.a(dirent.o)
 *fill*         0x00000000000210ec        0x4 60000000
 .text.__librt_readdir_r
                0x00000000000210f0       0x84 /usr/local/ps3dev/ppu/lib/librt.a(dirent.o)
 *fill*         0x0000000000021174        0x4 60000000
 .text.__librt_readdir_r_r
                0x0000000000021178       0x58 /usr/local/ps3dev/ppu/lib/librt.a(dirent.o)
 .text.__librt_closedir_r
                0x00000000000211d0       0x84 /usr/local/ps3dev/ppu/lib/librt.a(dirent.o)
 *fill*         0x0000000000021254        0x4 60000000
 .text.__librt_telldir_r
                0x0000000000021258       0x24 /usr/local/ps3dev/ppu/lib/librt.a(dirent.o)
 *fill*         0x000000000002127c        0x4 60000000
 .text.__librt_rewinddir_r
                0x0000000000021280       0x18 /usr/local/ps3dev/ppu/lib/librt.a(dirent.o)
 .text.__librt_seekdir_r
                0x0000000000021298       0x18 /usr/local/ps3dev/ppu/lib/librt.a(dirent.o)
 .text          0x00000000000212b0        0x0 /usr/local/ps3dev/ppu/lib/librt.a(mkdir.o)
 .text.__librt_mkdir_r
                0x00000000000212b0       0x60 /usr/local/ps3dev/ppu/lib/librt.a(mkdir.o)
 .text          0x0000000000021310        0x0 /usr/local/ps3dev/ppu/lib/librt.a(times.o)
 .text.__librt_times_r
                0x0000000000021310       0x1c /usr/local/ps3dev/ppu/lib/librt.a(times.o)
 .text          0x000000000002132c        0x0 /usr/local/ps3dev/ppu/lib/librt.a(umask.o)
 *fill*         0x000000000002132c        0x4 60000000
 .text.__librt_umask_r
                0x0000000000021330       0x20 /usr/local/ps3dev/ppu/lib/librt.a(umask.o)
 .text          0x0000000000021350        0x0 /usr/local/ps3dev/ppu/lib/librt.a(lv2errno.o)
 .text.lv2error
                0x0000000000021350      0x434 /usr/local/ps3dev/ppu/lib/librt.a(lv2errno.o)
 *fill*         0x0000000000021784        0x4 60000000
 .text.lv2errno
                0x0000000000021788       0x68 /usr/local/ps3dev/ppu/lib/librt.a(lv2errno.o)
 .text.lv2errno_r
                0x00000000000217f0       0x58 /usr/local/ps3dev/ppu/lib/librt.a(lv2errno.o)
 .text          0x0000000000021848        0x0 /usr/local/ps3dev/ppu/lib/librt.a(heap.o)
 .text.__heap_block_split.isra.2
                0x0000000000021848      0x104 /usr/local/ps3dev/ppu/lib/librt.a(heap.o)
 *fill*         0x000000000002194c        0x4 60000000
 .text.heapInit
                0x0000000000021950      0x128 /usr/local/ps3dev/ppu/lib/librt.a(heap.o)
 .text.heapAllocateAligned
                0x0000000000021a78      0x230 /usr/local/ps3dev/ppu/lib/librt.a(heap.o)
 .text.heapAllocate
                0x0000000000021ca8       0x14 /usr/local/ps3dev/ppu/lib/librt.a(heap.o)
 *fill*         0x0000000000021cbc        0x4 60000000
 .text.heapFree
                0x0000000000021cc0      0x1fc /usr/local/ps3dev/ppu/lib/librt.a(heap.o)
 .text          0x0000000000021ebc        0x0 /usr/local/ps3dev/ppu/lib/librt.a(chmod.o)
 *fill*         0x0000000000021ebc        0x4 60000000
 .text.__librt_chmod_r
                0x0000000000021ec0       0x54 /usr/local/ps3dev/ppu/lib/librt.a(chmod.o)
 .text          0x0000000000021f14        0x0 /usr/local/ps3dev/ppu/lib/librt.a(rename.o)
 *fill*         0x0000000000021f14        0x4 60000000
 .text.__librt_rename_r
                0x0000000000021f18       0x54 /usr/local/ps3dev/ppu/lib/librt.a(rename.o)
 .text          0x0000000000021f6c        0x0 /usr/local/ps3dev/ppu/lib/librt.a(rmdir.o)
 *fill*         0x0000000000021f6c        0x4 60000000
 .text.__librt_rmdir_r
                0x0000000000021f70       0x50 /usr/local/ps3dev/ppu/lib/librt.a(rmdir.o)
 .text          0x0000000000021fc0        0x0 /usr/local/ps3dev/ppu/lib/librt.a(isatty.o)
 .text.__librt_isatty_r
                0x0000000000021fc0       0x2c /usr/local/ps3dev/ppu/lib/librt.a(isatty.o)
 .text          0x0000000000021fec        0x0 /usr/local/ps3dev/ppu/lib/librt.a(gettod.o)
 *fill*         0x0000000000021fec        0x4 60000000
 .text.__librt_gettod_r
                0x0000000000021ff0       0xb8 /usr/local/ps3dev/ppu/lib/librt.a(gettod.o)
 .text          0x00000000000220a8        0x0 /usr/local/ps3dev/ppu/lib/librt.a(settod.o)
 .text.__librt_settod_r
                0x00000000000220a8       0x58 /usr/local/ps3dev/ppu/lib/librt.a(settod.o)
 .text          0x0000000000022100        0x0 /usr/local/ps3dev/ppu/lib/librt.a(unlink.o)
 .text.__librt_unlink_r
                0x0000000000022100       0x50 /usr/local/ps3dev/ppu/lib/librt.a(unlink.o)
 .text          0x0000000000022150        0x0 /usr/local/ps3dev/ppu/lib/librt.a(link.o)
 .text.__librt_link_r
                0x0000000000022150       0x54 /usr/local/ps3dev/ppu/lib/librt.a(link.o)
 .text          0x00000000000221a4        0x0 /usr/local/ps3dev/ppu/lib/librt.a(truncate.o)
 *fill*         0x00000000000221a4        0x4 60000000
 .text.__librt_truncate_r
                0x00000000000221a8       0x54 /usr/local/ps3dev/ppu/lib/librt.a(truncate.o)
 *fill*         0x00000000000221fc        0x4 60000000
 .text.__librt_ftruncate_r
                0x0000000000022200       0x54 /usr/local/ps3dev/ppu/lib/librt.a(truncate.o)
 .text          0x0000000000022254        0x0 /usr/local/ps3dev/ppu/lib/librt.a(fsync.o)
 *fill*         0x0000000000022254        0x4 60000000
 .text.__librt_fsync_r
                0x0000000000022258       0x50 /usr/local/ps3dev/ppu/lib/librt.a(fsync.o)
 .text          0x00000000000222a8        0x0 /usr/local/ps3dev/ppu/lib/librt.a(utime.o)
 .text.__librt_utime_r
                0x00000000000222a8       0xbc /usr/local/ps3dev/ppu/lib/librt.a(utime.o)
 .text          0x0000000000022364        0x0 /usr/local/ps3dev/ppu/lib/librt.a(globfile.o)
 *fill*         0x0000000000022364        0x4 60000000
 .text.resolve_path
                0x0000000000022368      0x188 /usr/local/ps3dev/ppu/lib/librt.a(globfile.o)
 .text.flattenDirectory.constprop.0
                0x00000000000224f0      0x2d0 /usr/local/ps3dev/ppu/lib/librt.a(globfile.o)
 .text.startup.__glob_file_init
                0x00000000000227c0       0x3c /usr/local/ps3dev/ppu/lib/librt.a(globfile.o)
 *fill*         0x00000000000227fc        0x4 60000000
 .text.__full_path
                0x0000000000022800      0x12c /usr/local/ps3dev/ppu/lib/librt.a(globfile.o)
 *fill*         0x000000000002292c        0x4 60000000
 .text.__librt_chdir_r
                0x0000000000022930       0xbc /usr/local/ps3dev/ppu/lib/librt.a(globfile.o)
 *fill*         0x00000000000229ec        0x4 60000000
 .text.__librt_getcwd_r
                0x00000000000229f0       0xc0 /usr/local/ps3dev/ppu/lib/librt.a(globfile.o)
 .text          0x0000000000022ab0        0x0 /usr/local/ps3dev/ppu/lib/liblv2.a(sprx.o)
 .text          0x0000000000022ab0        0x0 /usr/local/ps3dev/ppu/lib/gcc/powerpc64-ps3-elf/7.2.0/../../../../powerpc64-ps3-elf/lib/libsysbase.a(syscalls.o)
 .text          0x0000000000022ab0        0x0 /usr/local/ps3dev/ppu/lib/gcc/powerpc64-ps3-elf/7.2.0/../../../../powerpc64-ps3-elf/lib/libsysbase.a(sleep.o)
 .text.usleep   0x0000000000022ab0       0x80 /usr/local/ps3dev/ppu/lib/gcc/powerpc64-ps3-elf/7.2.0/../../../../powerpc64-ps3-elf/lib/libsysbase.a(sleep.o)
 .text.sleep    0x0000000000022b30       0x84 /usr/local/ps3dev/ppu/lib/gcc/powerpc64-ps3-elf/7.2.0/../../../../powerpc64-ps3-elf/lib/libsysbase.a(sleep.o)
 .text          0x0000000000022bb4        0x0 /usr/local/ps3dev/ppu/lib/gcc/powerpc64-ps3-elf/7.2.0/../../../../powerpc64-ps3-elf/lib/libc.a(lib_a-calloc.o)
 *fill*         0x0000000000022bb4        0x4 60000000
 .text.calloc   0x0000000000022bb8       0x58 /usr/local/ps3dev/ppu/lib/gcc/powerpc64-ps3-elf/7.2.0/../../../../powerpc64-ps3-elf/lib/libc.a(lib_a-calloc.o)
 .text          0x0000000000022c10        0x0 /usr/local/ps3dev/ppu/lib/gcc/powerpc64-ps3-elf/7.2.0/../../../../powerpc64-ps3-elf/lib/libc.a(lib_a-callocr.o)
 .text._calloc_r
                0x0000000000022c10       0xdc /usr/local/ps3dev/ppu/lib/gcc/powerpc64-ps3-elf/7.2.0/../../../../powerpc64-ps3-elf/lib/libc.a(lib_a-callocr.o)
 .text          0x0000000000022cec        0x0 /usr/local/ps3dev/ppu/lib/gcc/powerpc64-ps3-elf/7.2.0/../../../../powerpc64-ps3-elf/lib/libc.a(lib_a-errno.o)
 *fill*         0x0000000000022cec        0x4 60000000
 .text.__errno  0x0000000000022cf0       0x30 /usr/local/ps3dev/ppu/lib/gcc/powerpc64-ps3-elf/7.2.0/../../../../powerpc64-ps3-elf/lib/libc.a(lib_a-errno.o)
 .text          0x0000000000022d20        0x0 /usr/local/ps3dev/ppu/lib/gcc/powerpc64-ps3-elf/7.2.0/../../../../powerpc64-ps3-elf/lib/libc.a(lib_a-exit.o)
 .text.exit     0x0000000000022d20       0x68 /usr/local/ps3dev/ppu/lib/gcc/powerpc64-ps3-elf/7.2.0/../../../../powerpc64-ps3-elf/lib/libc.a(lib_a-exit.o)
 .text          0x0000000000022d88        0x0 /usr/local/ps3dev/ppu/lib/gcc/powerpc64-ps3-elf/7.2.0/../../../../powerpc64-ps3-elf/lib/libc.a(lib_a-fclose.o)
 .text._fclose_r
                0x0000000000022d88      0x1e8 /usr/local/ps3dev/ppu/lib/gcc/powerpc64-ps3-elf/7.2.0/../../../../powerpc64-ps3-elf/lib/libc.a(lib_a-fclose.o)
 .text.fclose   0x0000000000022f70       0x40 /usr/local/ps3dev/ppu/lib/gcc/powerpc64-ps3-elf/7.2.0/../../../../powerpc64-ps3-elf/lib/libc.a(lib_a-fclose.o)
 .text          0x0000000000022fb0        0x0 /usr/local/ps3dev/ppu/lib/gcc/powerpc64-ps3-elf/7.2.0/../../../../powerpc64-ps3-elf/lib/libc.a(lib_a-fflush.o)
 .text.__sflush_r
                0x0000000000022fb0      0x3d0 /usr/local/ps3dev/ppu/lib/gcc/powerpc64-ps3-elf/7.2.0/../../../../powerpc64-ps3-elf/lib/libc.a(lib_a-fflush.o)
 .text._fflush_r
                0x0000000000023380      0x124 /usr/local/ps3dev/ppu/lib/gcc/powerpc64-ps3-elf/7.2.0/../../../../powerpc64-ps3-elf/lib/libc.a(lib_a-fflush.o)
 *fill*         0x00000000000234a4        0x4 60000000
 .text.fflush   0x00000000000234a8       0x70 /usr/local/ps3dev/ppu/lib/gcc/powerpc64-ps3-elf/7.2.0/../../../../powerpc64-ps3-elf/lib/libc.a(lib_a-fflush.o)
 .text          0x0000000000023518        0x0 /usr/local/ps3dev/ppu/lib/gcc/powerpc64-ps3-elf/7.2.0/../../../../powerpc64-ps3-elf/lib/libc.a(lib_a-findfp.o)
 .text._cleanup_r
                0x0000000000023518       0x34 /usr/local/ps3dev/ppu/lib/gcc/powerpc64-ps3-elf/7.2.0/../../../../powerpc64-ps3-elf/lib/libc.a(lib_a-findfp.o)
 *fill*         0x000000000002354c        0x4 60000000
 .text.__fp_lock
                0x0000000000023550       0x50 /usr/local/ps3dev/ppu/lib/gcc/powerpc64-ps3-elf/7.2.0/../../../../powerpc64-ps3-elf/lib/libc.a(lib_a-findfp.o)
 .text.__fp_unlock
                0x00000000000235a0       0x50 /usr/local/ps3dev/ppu/lib/gcc/powerpc64-ps3-elf/7.2.0/../../../../powerpc64-ps3-elf/lib/libc.a(lib_a-findfp.o)
 .text.std.isra.0
                0x00000000000235f0       0x9c /usr/local/ps3dev/ppu/lib/gcc/powerpc64-ps3-elf/7.2.0/../../../../powerpc64-ps3-elf/lib/libc.a(lib_a-findfp.o)
 *fill*         0x000000000002368c        0x4 60000000
 .text.__sfmoreglue
                0x0000000000023690       0x88 /usr/local/ps3dev/ppu/lib/gcc/powerpc64-ps3-elf/7.2.0/../../../../powerpc64-ps3-elf/lib/libc.a(lib_a-findfp.o)
 .text._cleanup
                0x0000000000023718       0x3c /usr/local/ps3dev/ppu/lib/gcc/powerpc64-ps3-elf/7.2.0/../../../../powerpc64-ps3-elf/lib/libc.a(lib_a-findfp.o)
 *fill*         0x0000000000023754        0x4 60000000
 .text.__sinit  0x0000000000023758       0xbc /usr/local/ps3dev/ppu/lib/gcc/powerpc64-ps3-elf/7.2.0/../../../../powerpc64-ps3-elf/lib/libc.a(lib_a-findfp.o)
 *fill*         0x0000000000023814        0x4 60000000
 .text.__sfp    0x0000000000023818      0x190 /usr/local/ps3dev/ppu/lib/gcc/powerpc64-ps3-elf/7.2.0/../../../../powerpc64-ps3-elf/lib/libc.a(lib_a-findfp.o)
 .text.__sfp_lock_acquire
                0x00000000000239a8       0x34 /usr/local/ps3dev/ppu/lib/gcc/powerpc64-ps3-elf/7.2.0/../../../../powerpc64-ps3-elf/lib/libc.a(lib_a-findfp.o)
 *fill*         0x00000000000239dc        0x4 60000000
 .text.__sfp_lock_release
                0x00000000000239e0       0x34 /usr/local/ps3dev/ppu/lib/gcc/powerpc64-ps3-elf/7.2.0/../../../../powerpc64-ps3-elf/lib/libc.a(lib_a-findfp.o)
 *fill*         0x0000000000023a14        0x4 60000000
 .text.__sinit_lock_acquire
                0x0000000000023a18       0x34 /usr/local/ps3dev/ppu/lib/gcc/powerpc64-ps3-elf/7.2.0/../../../../powerpc64-ps3-elf/lib/libc.a(lib_a-findfp.o)
 *fill*         0x0000000000023a4c        0x4 60000000
 .text.__sinit_lock_release
                0x0000000000023a50       0x34 /usr/local/ps3dev/ppu/lib/gcc/powerpc64-ps3-elf/7.2.0/../../../../powerpc64-ps3-elf/lib/libc.a(lib_a-findfp.o)
 *fill*         0x0000000000023a84        0x4 60000000
 .text.__fp_lock_all
                0x0000000000023a88       0x48 /usr/local/ps3dev/ppu/lib/gcc/powerpc64-ps3-elf/7.2.0/../../../../powerpc64-ps3-elf/lib/libc.a(lib_a-findfp.o)
 .text.__fp_unlock_all
                0x0000000000023ad0       0x48 /usr/local/ps3dev/ppu/lib/gcc/powerpc64-ps3-elf/7.2.0/../../../../powerpc64-ps3-elf/lib/libc.a(lib_a-findfp.o)
 .text          0x0000000000023b18        0x0 /usr/local/ps3dev/ppu/lib/gcc/powerpc64-ps3-elf/7.2.0/../../../../powerpc64-ps3-elf/lib/libc.a(lib_a-fopen.o)
 .text._fopen_r
                0x0000000000023b18      0x1cc /usr/local/ps3dev/ppu/lib/gcc/powerpc64-ps3-elf/7.2.0/../../../../powerpc64-ps3-elf/lib/libc.a(lib_a-fopen.o)
 *fill*         0x0000000000023ce4        0x4 60000000
 .text.fopen    0x0000000000023ce8       0x50 /usr/local/ps3dev/ppu/lib/gcc/powerpc64-ps3-elf/7.2.0/../../../../powerpc64-ps3-elf/lib/libc.a(lib_a-fopen.o)
 .text          0x0000000000023d38        0x0 /usr/local/ps3dev/ppu/lib/gcc/powerpc64-ps3-elf/7.2.0/../../../../powerpc64-ps3-elf/lib/libc.a(lib_a-fread.o)
 .text._fread_r
                0x0000000000023d38      0x39c /usr/local/ps3dev/ppu/lib/gcc/powerpc64-ps3-elf/7.2.0/../../../../powerpc64-ps3-elf/lib/libc.a(lib_a-fread.o)
 *fill*         0x00000000000240d4        0x4 60000000
 .text.fread    0x00000000000240d8       0x70 /usr/local/ps3dev/ppu/lib/gcc/powerpc64-ps3-elf/7.2.0/../../../../powerpc64-ps3-elf/lib/libc.a(lib_a-fread.o)
 .text          0x0000000000024148        0x0 /usr/local/ps3dev/ppu/lib/gcc/powerpc64-ps3-elf/7.2.0/../../../../powerpc64-ps3-elf/lib/libc.a(lib_a-freer.o)
 .text._malloc_trim_r
                0x0000000000024148      0x15c /usr/local/ps3dev/ppu/lib/gcc/powerpc64-ps3-elf/7.2.0/../../../../powerpc64-ps3-elf/lib/libc.a(lib_a-freer.o)
 *fill*         0x00000000000242a4        0x4 60000000
 .text._free_r  0x00000000000242a8      0x3b0 /usr/local/ps3dev/ppu/lib/gcc/powerpc64-ps3-elf/7.2.0/../../../../powerpc64-ps3-elf/lib/libc.a(lib_a-freer.o)
 .text          0x0000000000024658        0x0 /usr/local/ps3dev/ppu/lib/gcc/powerpc64-ps3-elf/7.2.0/../../../../powerpc64-ps3-elf/lib/libc.a(lib_a-fseek.o)
 .text._fseek_r
                0x0000000000024658      0x6c4 /usr/local/ps3dev/ppu/lib/gcc/powerpc64-ps3-elf/7.2.0/../../../../powerpc64-ps3-elf/lib/libc.a(lib_a-fseek.o)
 *fill*         0x0000000000024d1c        0x4 60000000
 .text.fseek    0x0000000000024d20       0x60 /usr/local/ps3dev/ppu/lib/gcc/powerpc64-ps3-elf/7.2.0/../../../../powerpc64-ps3-elf/lib/libc.a(lib_a-fseek.o)
 .text          0x0000000000024d80        0x0 /usr/local/ps3dev/ppu/lib/gcc/powerpc64-ps3-elf/7.2.0/../../../../powerpc64-ps3-elf/lib/libc.a(lib_a-ftell.o)
 .text._ftell_r
                0x0000000000024d80      0x248 /usr/local/ps3dev/ppu/lib/gcc/powerpc64-ps3-elf/7.2.0/../../../../powerpc64-ps3-elf/lib/libc.a(lib_a-ftell.o)
 .text.ftell    0x0000000000024fc8       0x40 /usr/local/ps3dev/ppu/lib/gcc/powerpc64-ps3-elf/7.2.0/../../../../powerpc64-ps3-elf/lib/libc.a(lib_a-ftell.o)
 .text          0x0000000000025008        0x0 /usr/local/ps3dev/ppu/lib/gcc/powerpc64-ps3-elf/7.2.0/../../../../powerpc64-ps3-elf/lib/libc.a(lib_a-fwalk.o)
 .text._fwalk   0x0000000000025008      0x100 /usr/local/ps3dev/ppu/lib/gcc/powerpc64-ps3-elf/7.2.0/../../../../powerpc64-ps3-elf/lib/libc.a(lib_a-fwalk.o)
 .text._fwalk_reent
                0x0000000000025108      0x110 /usr/local/ps3dev/ppu/lib/gcc/powerpc64-ps3-elf/7.2.0/../../../../powerpc64-ps3-elf/lib/libc.a(lib_a-fwalk.o)
 .text          0x0000000000025218        0x0 /usr/local/ps3dev/ppu/lib/gcc/powerpc64-ps3-elf/7.2.0/../../../../powerpc64-ps3-elf/lib/libc.a(lib_a-getreent.o)
 .text.__getreent
                0x0000000000025218      0x1b4 /usr/local/ps3dev/ppu/lib/gcc/powerpc64-ps3-elf/7.2.0/../../../../powerpc64-ps3-elf/lib/libc.a(lib_a-getreent.o)
 .text          0x00000000000253cc        0x0 /usr/local/ps3dev/ppu/lib/gcc/powerpc64-ps3-elf/7.2.0/../../../../powerpc64-ps3-elf/lib/libc.a(lib_a-impure.o)
 .text          0x00000000000253cc        0x0 /usr/local/ps3dev/ppu/lib/gcc/powerpc64-ps3-elf/7.2.0/../../../../powerpc64-ps3-elf/lib/libc.a(lib_a-lock_recursive.o)
 *fill*         0x00000000000253cc        0x4 60000000
 .text.__libc_lock_init_recursive
                0x00000000000253d0       0x34 /usr/local/ps3dev/ppu/lib/gcc/powerpc64-ps3-elf/7.2.0/../../../../powerpc64-ps3-elf/lib/libc.a(lib_a-lock_recursive.o)
 *fill*         0x0000000000025404        0x4 60000000
 .text.__libc_lock_close_recursive
                0x0000000000025408       0x30 /usr/local/ps3dev/ppu/lib/gcc/powerpc64-ps3-elf/7.2.0/../../../../powerpc64-ps3-elf/lib/libc.a(lib_a-lock_recursive.o)
 .text.__libc_lock_acquire_recursive
                0x0000000000025438       0x58 /usr/local/ps3dev/ppu/lib/gcc/powerpc64-ps3-elf/7.2.0/../../../../powerpc64-ps3-elf/lib/libc.a(lib_a-lock_recursive.o)
 .text.__libc_lock_try_acquire_recursive
                0x0000000000025490       0x54 /usr/local/ps3dev/ppu/lib/gcc/powerpc64-ps3-elf/7.2.0/../../../../powerpc64-ps3-elf/lib/libc.a(lib_a-lock_recursive.o)
 *fill*         0x00000000000254e4        0x4 60000000
 .text.__libc_lock_release_recursive
                0x00000000000254e8       0x54 /usr/local/ps3dev/ppu/lib/gcc/powerpc64-ps3-elf/7.2.0/../../../../powerpc64-ps3-elf/lib/libc.a(lib_a-lock_recursive.o)
 .text          0x000000000002553c        0x0 /usr/local/ps3dev/ppu/lib/gcc/powerpc64-ps3-elf/7.2.0/../../../../powerpc64-ps3-elf/lib/libc.a(lib_a-makebuf.o)
 *fill*         0x000000000002553c        0x4 60000000
 .text.__smakebuf_r
                0x0000000000025540      0x1f4 /usr/local/ps3dev/ppu/lib/gcc/powerpc64-ps3-elf/7.2.0/../../../../powerpc64-ps3-elf/lib/libc.a(lib_a-makebuf.o)
 .text          0x0000000000025734        0x0 /usr/local/ps3dev/ppu/lib/gcc/powerpc64-ps3-elf/7.2.0/../../../../powerpc64-ps3-elf/lib/libc.a(lib_a-malign.o)
 *fill*         0x0000000000025734        0x4 60000000
 .text.memalign
                0x0000000000025738       0x58 /usr/local/ps3dev/ppu/lib/gcc/powerpc64-ps3-elf/7.2.0/../../../../powerpc64-ps3-elf/lib/libc.a(lib_a-malign.o)
 .text          0x0000000000025790        0x0 /usr/local/ps3dev/ppu/lib/gcc/powerpc64-ps3-elf/7.2.0/../../../../powerpc64-ps3-elf/lib/libc.a(lib_a-malignr.o)
 .text._memalign_r
                0x0000000000025790      0x224 /usr/local/ps3dev/ppu/lib/gcc/powerpc64-ps3-elf/7.2.0/../../../../powerpc64-ps3-elf/lib/libc.a(lib_a-malignr.o)
 .text          0x00000000000259b4        0x0 /usr/local/ps3dev/ppu/lib/gcc/powerpc64-ps3-elf/7.2.0/../../../../powerpc64-ps3-elf/lib/libc.a(lib_a-malloc.o)
 *fill*         0x00000000000259b4        0x4 60000000
 .text.malloc   0x00000000000259b8       0x48 /usr/local/ps3dev/ppu/lib/gcc/powerpc64-ps3-elf/7.2.0/../../../../powerpc64-ps3-elf/lib/libc.a(lib_a-malloc.o)
 .text.free     0x0000000000025a00       0x48 /usr/local/ps3dev/ppu/lib/gcc/powerpc64-ps3-elf/7.2.0/../../../../powerpc64-ps3-elf/lib/libc.a(lib_a-malloc.o)
 .text          0x0000000000025a48        0x0 /usr/local/ps3dev/ppu/lib/gcc/powerpc64-ps3-elf/7.2.0/../../../../powerpc64-ps3-elf/lib/libc.a(lib_a-mallocr.o)
 .text._malloc_r
                0x0000000000025a48      0x9e4 /usr/local/ps3dev/ppu/lib/gcc/powerpc64-ps3-elf/7.2.0/../../../../powerpc64-ps3-elf/lib/libc.a(lib_a-mallocr.o)
 .text          0x000000000002642c        0x0 /usr/local/ps3dev/ppu/lib/gcc/powerpc64-ps3-elf/7.2.0/../../../../powerpc64-ps3-elf/lib/libc.a(lib_a-memcpy.o)
 *fill*         0x000000000002642c        0x4 60000000
 .text.memcpy   0x0000000000026430      0x11c /usr/local/ps3dev/ppu/lib/gcc/powerpc64-ps3-elf/7.2.0/../../../../powerpc64-ps3-elf/lib/libc.a(lib_a-memcpy.o)
 .text          0x000000000002654c        0x0 /usr/local/ps3dev/ppu/lib/gcc/powerpc64-ps3-elf/7.2.0/../../../../powerpc64-ps3-elf/lib/libc.a(lib_a-memset.o)
 *fill*         0x000000000002654c        0x4 60000000
 .text.memset   0x0000000000026550      0x138 /usr/local/ps3dev/ppu/lib/gcc/powerpc64-ps3-elf/7.2.0/../../../../powerpc64-ps3-elf/lib/libc.a(lib_a-memset.o)
 .text          0x0000000000026688        0x0 /usr/local/ps3dev/ppu/lib/gcc/powerpc64-ps3-elf/7.2.0/../../../../powerpc64-ps3-elf/lib/libc.a(lib_a-mlock.o)
 .text.__malloc_lock
                0x0000000000026688       0x34 /usr/local/ps3dev/ppu/lib/gcc/powerpc64-ps3-elf/7.2.0/../../../../powerpc64-ps3-elf/lib/libc.a(lib_a-mlock.o)
 *fill*         0x00000000000266bc        0x4 60000000
 .text.__malloc_unlock
                0x00000000000266c0       0x34 /usr/local/ps3dev/ppu/lib/gcc/powerpc64-ps3-elf/7.2.0/../../../../powerpc64-ps3-elf/lib/libc.a(lib_a-mlock.o)
 .text          0x00000000000266f4        0x0 /usr/local/ps3dev/ppu/lib/gcc/powerpc64-ps3-elf/7.2.0/../../../../powerpc64-ps3-elf/lib/libc.a(lib_a-printf.o)
 *fill*         0x00000000000266f4        0x4 60000000
 .text._printf_r
                0x00000000000266f8       0x54 /usr/local/ps3dev/ppu/lib/gcc/powerpc64-ps3-elf/7.2.0/../../../../powerpc64-ps3-elf/lib/libc.a(lib_a-printf.o)
 *fill*         0x000000000002674c        0x4 60000000
 .text.printf   0x0000000000026750       0x6c /usr/local/ps3dev/ppu/lib/gcc/powerpc64-ps3-elf/7.2.0/../../../../powerpc64-ps3-elf/lib/libc.a(lib_a-printf.o)
 .text          0x00000000000267bc        0x0 /usr/local/ps3dev/ppu/lib/gcc/powerpc64-ps3-elf/7.2.0/../../../../powerpc64-ps3-elf/lib/libc.a(lib_a-puts.o)
 *fill*         0x00000000000267bc        0x4 60000000
 .text._puts_r  0x00000000000267c0       0xfc /usr/local/ps3dev/ppu/lib/gcc/powerpc64-ps3-elf/7.2.0/../../../../powerpc64-ps3-elf/lib/libc.a(lib_a-puts.o)
 *fill*         0x00000000000268bc        0x4 60000000
 .text.puts     0x00000000000268c0       0x40 /usr/local/ps3dev/ppu/lib/gcc/powerpc64-ps3-elf/7.2.0/../../../../powerpc64-ps3-elf/lib/libc.a(lib_a-puts.o)
 .text          0x0000000000026900        0x0 /usr/local/ps3dev/ppu/lib/gcc/powerpc64-ps3-elf/7.2.0/../../../../powerpc64-ps3-elf/lib/libc.a(lib_a-realloc.o)
 .text.realloc  0x0000000000026900       0x58 /usr/local/ps3dev/ppu/lib/gcc/powerpc64-ps3-elf/7.2.0/../../../../powerpc64-ps3-elf/lib/libc.a(lib_a-realloc.o)
 .text          0x0000000000026958        0x0 /usr/local/ps3dev/ppu/lib/gcc/powerpc64-ps3-elf/7.2.0/../../../../powerpc64-ps3-elf/lib/libc.a(lib_a-reallocr.o)
 .text._realloc_r
                0x0000000000026958      0x6c4 /usr/local/ps3dev/ppu/lib/gcc/powerpc64-ps3-elf/7.2.0/../../../../powerpc64-ps3-elf/lib/libc.a(lib_a-reallocr.o)
 .text          0x000000000002701c        0x0 /usr/local/ps3dev/ppu/lib/gcc/powerpc64-ps3-elf/7.2.0/../../../../powerpc64-ps3-elf/lib/libc.a(lib_a-refill.o)
 *fill*         0x000000000002701c        0x4 60000000
 .text.lflush   0x0000000000027020       0x50 /usr/local/ps3dev/ppu/lib/gcc/powerpc64-ps3-elf/7.2.0/../../../../powerpc64-ps3-elf/lib/libc.a(lib_a-refill.o)
 .text.__srefill_r
                0x0000000000027070      0x30c /usr/local/ps3dev/ppu/lib/gcc/powerpc64-ps3-elf/7.2.0/../../../../powerpc64-ps3-elf/lib/libc.a(lib_a-refill.o)
 .text          0x000000000002737c        0x0 /usr/local/ps3dev/ppu/lib/gcc/powerpc64-ps3-elf/7.2.0/../../../../powerpc64-ps3-elf/lib/libc.a(lib_a-rewind.o)
 *fill*         0x000000000002737c        0x4 60000000
 .text._rewind_r
                0x0000000000027380       0x50 /usr/local/ps3dev/ppu/lib/gcc/powerpc64-ps3-elf/7.2.0/../../../../powerpc64-ps3-elf/lib/libc.a(lib_a-rewind.o)
 .text.rewind   0x00000000000273d0       0x5c /usr/local/ps3dev/ppu/lib/gcc/powerpc64-ps3-elf/7.2.0/../../../../powerpc64-ps3-elf/lib/libc.a(lib_a-rewind.o)
 .text          0x000000000002742c        0x0 /usr/local/ps3dev/ppu/lib/gcc/powerpc64-ps3-elf/7.2.0/../../../../powerpc64-ps3-elf/lib/libc.a(lib_a-snprintf.o)
 *fill*         0x000000000002742c        0x4 60000000
 .text._snprintf_r
                0x0000000000027430      0x11c /usr/local/ps3dev/ppu/lib/gcc/powerpc64-ps3-elf/7.2.0/../../../../powerpc64-ps3-elf/lib/libc.a(lib_a-snprintf.o)
 *fill*         0x000000000002754c        0x4 60000000
 .text.snprintf
                0x0000000000027550      0x154 /usr/local/ps3dev/ppu/lib/gcc/powerpc64-ps3-elf/7.2.0/../../../../powerpc64-ps3-elf/lib/libc.a(lib_a-snprintf.o)
 .text          0x00000000000276a4        0x0 /usr/local/ps3dev/ppu/lib/gcc/powerpc64-ps3-elf/7.2.0/../../../../powerpc64-ps3-elf/lib/libc.a(lib_a-sscanf.o)
 *fill*         0x00000000000276a4        0x4 60000000
 .text.sscanf   0x00000000000276a8       0xa8 /usr/local/ps3dev/ppu/lib/gcc/powerpc64-ps3-elf/7.2.0/../../../../powerpc64-ps3-elf/lib/libc.a(lib_a-sscanf.o)
 .text._sscanf_r
                0x0000000000027750       0xa8 /usr/local/ps3dev/ppu/lib/gcc/powerpc64-ps3-elf/7.2.0/../../../../powerpc64-ps3-elf/lib/libc.a(lib_a-sscanf.o)
 .text          0x00000000000277f8        0x0 /usr/local/ps3dev/ppu/lib/gcc/powerpc64-ps3-elf/7.2.0/../../../../powerpc64-ps3-elf/lib/libc.a(lib_a-stdio.o)
 .text.__sread  0x00000000000277f8       0x7c /usr/local/ps3dev/ppu/lib/gcc/powerpc64-ps3-elf/7.2.0/../../../../powerpc64-ps3-elf/lib/libc.a(lib_a-stdio.o)
 *fill*         0x0000000000027874        0x4 60000000
 .text.__seofread
                0x0000000000027878       0x14 /usr/local/ps3dev/ppu/lib/gcc/powerpc64-ps3-elf/7.2.0/../../../../powerpc64-ps3-elf/lib/libc.a(lib_a-stdio.o)
 *fill*         0x000000000002788c        0x4 60000000
 .text.__swrite
                0x0000000000027890       0xb0 /usr/local/ps3dev/ppu/lib/gcc/powerpc64-ps3-elf/7.2.0/../../../../powerpc64-ps3-elf/lib/libc.a(lib_a-stdio.o)
 .text.__sseek  0x0000000000027940       0x78 /usr/local/ps3dev/ppu/lib/gcc/powerpc64-ps3-elf/7.2.0/../../../../powerpc64-ps3-elf/lib/libc.a(lib_a-stdio.o)
 .text.__sclose
                0x00000000000279b8       0x38 /usr/local/ps3dev/ppu/lib/gcc/powerpc64-ps3-elf/7.2.0/../../../../powerpc64-ps3-elf/lib/libc.a(lib_a-stdio.o)
 .text          0x00000000000279f0        0x0 /usr/local/ps3dev/ppu/lib/gcc/powerpc64-ps3-elf/7.2.0/../../../../powerpc64-ps3-elf/lib/libc.a(lib_a-strcasecmp.o)
 .text.strcasecmp
                0x00000000000279f0       0x8c /usr/local/ps3dev/ppu/lib/gcc/powerpc64-ps3-elf/7.2.0/../../../../powerpc64-ps3-elf/lib/libc.a(lib_a-strcasecmp.o)
 .text          0x0000000000027a7c        0x0 /usr/local/ps3dev/ppu/lib/gcc/powerpc64-ps3-elf/7.2.0/../../../../powerpc64-ps3-elf/lib/libc.a(lib_a-strchr.o)
 *fill*         0x0000000000027a7c        0x4 60000000
 .text.strchr   0x0000000000027a80      0x1c0 /usr/local/ps3dev/ppu/lib/gcc/powerpc64-ps3-elf/7.2.0/../../../../powerpc64-ps3-elf/lib/libc.a(lib_a-strchr.o)
 .text          0x0000000000027c40        0x0 /usr/local/ps3dev/ppu/lib/gcc/powerpc64-ps3-elf/7.2.0/../../../../powerpc64-ps3-elf/lib/libc.a(lib_a-strcpy.o)
 .text.strcpy   0x0000000000027c40       0xc0 /usr/local/ps3dev/ppu/lib/gcc/powerpc64-ps3-elf/7.2.0/../../../../powerpc64-ps3-elf/lib/libc.a(lib_a-strcpy.o)
 .text          0x0000000000027d00        0x0 /usr/local/ps3dev/ppu/lib/gcc/powerpc64-ps3-elf/7.2.0/../../../../powerpc64-ps3-elf/lib/libc.a(lib_a-strdup.o)
 .text.strdup   0x0000000000027d00       0x48 /usr/local/ps3dev/ppu/lib/gcc/powerpc64-ps3-elf/7.2.0/../../../../powerpc64-ps3-elf/lib/libc.a(lib_a-strdup.o)
 .text          0x0000000000027d48        0x0 /usr/local/ps3dev/ppu/lib/gcc/powerpc64-ps3-elf/7.2.0/../../../../powerpc64-ps3-elf/lib/libc.a(lib_a-strdup_r.o)
 .text._strdup_r
                0x0000000000027d48       0x88 /usr/local/ps3dev/ppu/lib/gcc/powerpc64-ps3-elf/7.2.0/../../../../powerpc64-ps3-elf/lib/libc.a(lib_a-strdup_r.o)
 .text          0x0000000000027dd0        0x0 /usr/local/ps3dev/ppu/lib/gcc/powerpc64-ps3-elf/7.2.0/../../../../powerpc64-ps3-elf/lib/libc.a(lib_a-strlen.o)
 .text.strlen   0x0000000000027dd0       0xc4 /usr/local/ps3dev/ppu/lib/gcc/powerpc64-ps3-elf/7.2.0/../../../../powerpc64-ps3-elf/lib/libc.a(lib_a-strlen.o)
 .text          0x0000000000027e94        0x0 /usr/local/ps3dev/ppu/lib/gcc/powerpc64-ps3-elf/7.2.0/../../../../powerpc64-ps3-elf/lib/libc.a(lib_a-strncat.o)
 *fill*         0x0000000000027e94        0x4 60000000
 .text.strncat  0x0000000000027e98       0xe0 /usr/local/ps3dev/ppu/lib/gcc/powerpc64-ps3-elf/7.2.0/../../../../powerpc64-ps3-elf/lib/libc.a(lib_a-strncat.o)
 .text          0x0000000000027f78        0x0 /usr/local/ps3dev/ppu/lib/gcc/powerpc64-ps3-elf/7.2.0/../../../../powerpc64-ps3-elf/lib/libc.a(lib_a-strncpy.o)
 .text.strncpy  0x0000000000027f78      0x118 /usr/local/ps3dev/ppu/lib/gcc/powerpc64-ps3-elf/7.2.0/../../../../powerpc64-ps3-elf/lib/libc.a(lib_a-strncpy.o)
 .text          0x0000000000028090        0x0 /usr/local/ps3dev/ppu/lib/gcc/powerpc64-ps3-elf/7.2.0/../../../../powerpc64-ps3-elf/lib/libc.a(lib_a-svfprintf.o)
 .text._svfprintf_r
                0x0000000000028090     0x21c4 /usr/local/ps3dev/ppu/lib/gcc/powerpc64-ps3-elf/7.2.0/../../../../powerpc64-ps3-elf/lib/libc.a(lib_a-svfprintf.o)
 .text          0x000000000002a254        0x0 /usr/local/ps3dev/ppu/lib/gcc/powerpc64-ps3-elf/7.2.0/../../../../powerpc64-ps3-elf/lib/libc.a(lib_a-svfscanf.o)
 *fill*         0x000000000002a254        0x4 60000000
 .text.__ssvfscanf_r
                0x000000000002a258     0x1864 /usr/local/ps3dev/ppu/lib/gcc/powerpc64-ps3-elf/7.2.0/../../../../powerpc64-ps3-elf/lib/libc.a(lib_a-svfscanf.o)
 .text          0x000000000002babc        0x0 /usr/local/ps3dev/ppu/lib/gcc/powerpc64-ps3-elf/7.2.0/../../../../powerpc64-ps3-elf/lib/libc.a(lib_a-time.o)
 *fill*         0x000000000002babc        0x4 60000000
 .text.time     0x000000000002bac0       0x6c /usr/local/ps3dev/ppu/lib/gcc/powerpc64-ps3-elf/7.2.0/../../../../powerpc64-ps3-elf/lib/libc.a(lib_a-time.o)
 .text          0x000000000002bb2c        0x0 /usr/local/ps3dev/ppu/lib/gcc/powerpc64-ps3-elf/7.2.0/../../../../powerpc64-ps3-elf/lib/libc.a(lib_a-vfprintf.o)
 *fill*         0x000000000002bb2c        0x4 60000000
 .text._vfprintf_r
                0x000000000002bb30     0x2300 /usr/local/ps3dev/ppu/lib/gcc/powerpc64-ps3-elf/7.2.0/../../../../powerpc64-ps3-elf/lib/libc.a(lib_a-vfprintf.o)
 .text.vfprintf
                0x000000000002de30       0x60 /usr/local/ps3dev/ppu/lib/gcc/powerpc64-ps3-elf/7.2.0/../../../../powerpc64-ps3-elf/lib/libc.a(lib_a-vfprintf.o)
 .text          0x000000000002de90        0x0 /usr/local/ps3dev/ppu/lib/gcc/powerpc64-ps3-elf/7.2.0/../../../../powerpc64-ps3-elf/lib/libc.a(lib_a-wsetup.o)
 .text.__swsetup_r
                0x000000000002de90      0x1f0 /usr/local/ps3dev/ppu/lib/gcc/powerpc64-ps3-elf/7.2.0/../../../../powerpc64-ps3-elf/lib/libc.a(lib_a-wsetup.o)
 .text          0x000000000002e080        0x0 /usr/local/ps3dev/ppu/lib/gcc/powerpc64-ps3-elf/7.2.0/../../../../powerpc64-ps3-elf/lib/libc.a(lib_a-__call_atexit.o)
 .text.__call_exitprocs
                0x000000000002e080      0x24c /usr/local/ps3dev/ppu/lib/gcc/powerpc64-ps3-elf/7.2.0/../../../../powerpc64-ps3-elf/lib/libc.a(lib_a-__call_atexit.o)
 .text          0x000000000002e2cc        0x0 /usr/local/ps3dev/ppu/lib/gcc/powerpc64-ps3-elf/7.2.0/../../../../powerpc64-ps3-elf/lib/libc.a(lib_a-ctype_.o)
 .text          0x000000000002e2cc        0x0 /usr/local/ps3dev/ppu/lib/gcc/powerpc64-ps3-elf/7.2.0/../../../../powerpc64-ps3-elf/lib/libc.a(lib_a-dtoa.o)
 *fill*         0x000000000002e2cc        0x4 60000000
 .text.quorem   0x000000000002e2d0      0x26c /usr/local/ps3dev/ppu/lib/gcc/powerpc64-ps3-elf/7.2.0/../../../../powerpc64-ps3-elf/lib/libc.a(lib_a-dtoa.o)
 *fill*         0x000000000002e53c        0x4 60000000
 .text._dtoa_r  0x000000000002e540     0x1478 /usr/local/ps3dev/ppu/lib/gcc/powerpc64-ps3-elf/7.2.0/../../../../powerpc64-ps3-elf/lib/libc.a(lib_a-dtoa.o)
 .text          0x000000000002f9b8        0x0 /usr/local/ps3dev/ppu/lib/gcc/powerpc64-ps3-elf/7.2.0/../../../../powerpc64-ps3-elf/lib/libc.a(lib_a-flags.o)
 .text.__sflags
                0x000000000002f9b8       0xbc /usr/local/ps3dev/ppu/lib/gcc/powerpc64-ps3-elf/7.2.0/../../../../powerpc64-ps3-elf/lib/libc.a(lib_a-flags.o)
 .text          0x000000000002fa74        0x0 /usr/local/ps3dev/ppu/lib/gcc/powerpc64-ps3-elf/7.2.0/../../../../powerpc64-ps3-elf/lib/libc.a(lib_a-fvwrite.o)
 *fill*         0x000000000002fa74        0x4 60000000
 .text.__sfvwrite_r
                0x000000000002fa78      0x688 /usr/local/ps3dev/ppu/lib/gcc/powerpc64-ps3-elf/7.2.0/../../../../powerpc64-ps3-elf/lib/libc.a(lib_a-fvwrite.o)
 .text          0x0000000000030100        0x0 /usr/local/ps3dev/ppu/lib/gcc/powerpc64-ps3-elf/7.2.0/../../../../powerpc64-ps3-elf/lib/libc.a(lib_a-iswspace.o)
 .text.iswspace
                0x0000000000030100       0x3c /usr/local/ps3dev/ppu/lib/gcc/powerpc64-ps3-elf/7.2.0/../../../../powerpc64-ps3-elf/lib/libc.a(lib_a-iswspace.o)