Archive member included because of file (symbol)

/usr/local/ps3dev/ppu/lib/libgcm_sys.a(sprx.o)
                              rsxutil.o (gcmSetFlip)
/usr/local/ps3dev/ppu/lib/librsx.a(init.o)
                              rsxutil.o (rsxInit)
/usr/local/ps3dev/ppu/lib/librsx.a(buffer.o)
                              rsxutil.o (rsxFlushBuffer)
/usr/local/ps3dev/ppu/lib/librsx.a(commands.o)
                              /usr/local/ps3dev/ppu/lib/librsx.a(buffer.o) (rsxSetJumpCommandUnsafe)
/usr/local/ps3dev/ppu/lib/librsx.a(mm.o)
                              /usr/local/ps3dev/ppu/lib/librsx.a(init.o) (rsxHeapInit)
/usr/local/ps3dev/ppu/lib/librsx.a(vertex_program.o)
                              /usr/local/ps3dev/ppu/lib/librsx.a(commands.o) (rsxVertexProgramGetConsts)
/usr/local/ps3dev/ppu/lib/librsx.a(fragment_program.o)
                              /usr/local/ps3dev/ppu/lib/librsx.a(commands.o) (rsxFragmentProgramGetConstOffsetTable)
/usr/local/ps3dev/ppu/lib/librsx.a(rsx_internal.o)
                              /usr/local/ps3dev/ppu/lib/librsx.a(vertex_program.o) (__rsxGetAttrs)
/usr/local/ps3dev/ppu/lib/libsysutil.a(sprx.o)
                              rsxutil.o (videoConfigure)
/usr/local/ps3dev/ppu/lib/libio.a(sprx.o)
                              main.o (ioPadInit)
/usr/local/ps3dev/ppu/lib/librt.a(sbrk.o)
                              /usr/local/ps3dev/ppu/lib/gcc/powerpc64-ps3-elf/7.2.0/../../../../powerpc64-ps3-elf/lib/lv2-crt0.o (__librt_sbrk_r)
/usr/local/ps3dev/ppu/lib/librt.a(exit.o)
                              /usr/local/ps3dev/ppu/lib/gcc/powerpc64-ps3-elf/7.2.0/../../../../powerpc64-ps3-elf/lib/lv2-crt0.o (__librt_exit)
/usr/local/ps3dev/ppu/lib/librt.a(close.o)
                              /usr/local/ps3dev/ppu/lib/gcc/powerpc64-ps3-elf/7.2.0/../../../../powerpc64-ps3-elf/lib/lv2-crt0.o (__librt_close_r)
/usr/local/ps3dev/ppu/lib/librt.a(lseek.o)
                              /usr/local/ps3dev/ppu/lib/gcc/powerpc64-ps3-elf/7.2.0/../../../../powerpc64-ps3-elf/lib/lv2-crt0.o (__librt_lseek_r)
/usr/local/ps3dev/ppu/lib/librt.a(read.o)
                              /usr/local/ps3dev/ppu/lib/gcc/powerpc64-ps3-elf/7.2.0/../../../../powerpc64-ps3-elf/lib/lv2-crt0.o (__librt_read_r)
/usr/local/ps3dev/ppu/lib/librt.a(open.o)
                              /usr/local/ps3dev/ppu/lib/gcc/powerpc64-ps3-elf/7.2.0/../../../../powerpc64-ps3-elf/lib/lv2-crt0.o (__librt_open_r)
/usr/local/ps3dev/ppu/lib/librt.a(sleep.o)
                              /usr/local/ps3dev/ppu/lib/gcc/powerpc64-ps3-elf/7.2.0/../../../../powerpc64-ps3-elf/lib/lv2-crt0.o (__librt_usleep_r)
/usr/local/ps3dev/ppu/lib/librt.a(write.o)
                              /usr/local/ps3dev/ppu/lib/gcc/powerpc64-ps3-elf/7.2.0/../../../../powerpc64-ps3-elf/lib/lv2-crt0.o (__librt_write_r)
/usr/local/ps3dev/ppu/lib/librt.a(fstat.o)
                              /usr/local/ps3dev/ppu/lib/gcc/powerpc64-ps3-elf/7.2.0/../../../../powerpc64-ps3-elf/lib/lv2-crt0.o (__librt_fstat_r)
/usr/local/ps3dev/ppu/lib/librt.a(socket.o)
                              /usr/local/ps3dev/ppu/lib/librt.a(write.o) (send)
/usr/local/ps3dev/ppu/lib/librt.a(lock.o)
                              /usr/local/ps3dev/ppu/lib/gcc/powerpc64-ps3-elf/7.2.0/../../../../powerpc64-ps3-elf/lib/lv2-crt0.o (__librt_sys_lwmutex_create_r)
/usr/local/ps3dev/ppu/lib/librt.a(dirent.o)
                              /usr/local/ps3dev/ppu/lib/gcc/powerpc64-ps3-elf/7.2.0/../../../../powerpc64-ps3-elf/lib/lv2-crt0.o (__librt_opendir_r)
/usr/local/ps3dev/ppu/lib/librt.a(mkdir.o)
                              /usr/local/ps3dev/ppu/lib/gcc/powerpc64-ps3-elf/7.2.0/../../../../powerpc64-ps3-elf/lib/lv2-crt0.o (__librt_mkdir_r)
/usr/local/ps3dev/ppu/lib/librt.a(times.o)
                              /usr/local/ps3dev/ppu/lib/gcc/powerpc64-ps3-elf/7.2.0/../../../../powerpc64-ps3-elf/lib/lv2-crt0.o (__librt_times_r)
/usr/local/ps3dev/ppu/lib/librt.a(umask.o)
                              /usr/local/ps3dev/ppu/lib/gcc/powerpc64-ps3-elf/7.2.0/../../../../powerpc64-ps3-elf/lib/lv2-crt0.o (__librt_umask_r)
/usr/local/ps3dev/ppu/lib/librt.a(lv2errno.o)
                              /usr/local/ps3dev/ppu/lib/librt.a(socket.o) (lv2errno)
/usr/local/ps3dev/ppu/lib/librt.a(heap.o)
                              /usr/local/ps3dev/ppu/lib/librsx.a(mm.o) (heapInit)
/usr/local/ps3dev/ppu/lib/librt.a(chmod.o)
                              /usr/local/ps3dev/ppu/lib/gcc/powerpc64-ps3-elf/7.2.0/../../../../powerpc64-ps3-elf/lib/lv2-crt0.o (__librt_chmod_r)
/usr/local/ps3dev/ppu/lib/librt.a(rename.o)
                              /usr/local/ps3dev/ppu/lib/gcc/powerpc64-ps3-elf/7.2.0/../../../../powerpc64-ps3-elf/lib/lv2-crt0.o (__librt_rename_r)
/usr/local/ps3dev/ppu/lib/librt.a(rmdir.o)
                              /usr/local/ps3dev/ppu/lib/gcc/powerpc64-ps3-elf/7.2.0/../../../../powerpc64-ps3-elf/lib/lv2-crt0.o (__librt_rmdir_r)
/usr/local/ps3dev/ppu/lib/librt.a(isatty.o)
[...]
Memory Configuration

Name             Origin             Length             Attributes
*default*        0x0000000000000000 0xffffffffffffffff

Linker script and memory map

                0x0000000000010000                PROVIDE (__executable_start, 0x10000)
                0x0000000000010200                . = (0x10000 + SIZEOF_HEADERS)

.interp
 *(.interp)

.hash
 *(.hash)

.dynsym
 *(.dynsym)

.dynstr
 *(.dynstr)

.gnu.version
 *(.gnu.version)

.gnu.version_d
 *(.gnu.version_d)

.gnu.version_r
 *(.gnu.version_r)

.rel.dyn
 *(.rel.init)
 *(.rel.text .rel.text.* .rel.gnu.linkonce.t.*)
 *(.rel.fini)
 *(.rel.rodata .rel.rodata.* .rel.gnu.linkonce.r.*)
 *(.rel.data.rel.ro*)
 *(.rel.data .rel.data.* .rel.gnu.linkonce.d.*)
 *(.rel.tdata .rel.tdata.* .rel.gnu.linkonce.td.*)
 *(.rel.tbss .rel.tbss.* .rel.gnu.linkonce.tb.*)
 *(.rel.ctors)
 *(.rel.dtors)
 *(.rel.got)
 *(.rel.sdata .rel.sdata.* .rel.gnu.linkonce.s.*)
 *(.rel.sbss .rel.sbss.* .rel.gnu.linkonce.sb.*)
 *(.rel.sdata2 .rel.sdata2.* .rel.gnu.linkonce.s2.*)
 *(.rel.sbss2 .rel.sbss2.* .rel.gnu.linkonce.sb2.*)
 *(.rel.bss .rel.bss.* .rel.gnu.linkonce.b.*)

.rela.dyn       0x0000000000010200        0x0
 *(.rela.init)
 *(.rela.text .rela.text.* .rela.gnu.linkonce.t.*)
 *(.rela.fini)
 *(.rela.rodata .rela.rodata.* .rela.gnu.linkonce.r.*)
 *(.rela.data .rela.data.* .rela.gnu.linkonce.d.*)
 *(.rela.tdata .rela.tdata.* .rela.gnu.linkonce.td.*)
 *(.rela.tbss .rela.tbss.* .rela.gnu.linkonce.tb.*)
 *(.rela.ctors)
 *(.rela.dtors)
 *(.rela.got)
 *(.rela.toc)
 .rela.toc      0x0000000000000000        0x0 linker stubs
 *(.rela.sdata .rela.sdata.* .rela.gnu.linkonce.s.*)
 *(.rela.sbss .rela.sbss.* .rela.gnu.linkonce.sb.*)
 *(.rela.sdata2 .rela.sdata2.* .rela.gnu.linkonce.s2.*)
 *(.rela.sbss2 .rela.sbss2.* .rela.gnu.linkonce.sb2.*)
 *(.rela.bss .rela.bss.* .rela.gnu.linkonce.b.*)
 .rela.iplt     0x0000000000000000        0x0 linker stubs
 .rela.sys_proc_prx_param
                0x0000000000000000        0x0 linker stubs

.rel.plt
 *(.rel.plt)

.rela.plt
 *(.rela.plt)

.rela.tocbss
 *(.rela.tocbss)

.init           0x0000000000010200       0x2c
 *(.init)
 .init          0x0000000000010200        0xc /usr/local/ps3dev/ppu/lib/gcc/powerpc64-ps3-elf/7.2.0/../../../../powerpc64-ps3-elf/lib/lv2-crti.o
                0x0000000000010200                ._init
 .init          0x000000000001020c        0x8 /usr/local/ps3dev/ppu/lib/gcc/powerpc64-ps3-elf/7.2.0/crtbegin.o
 .init          0x0000000000010214        0x8 /usr/local/ps3dev/ppu/lib/gcc/powerpc64-ps3-elf/7.2.0/crtend.o
 .init          0x000000000001021c       0x10 /usr/local/ps3dev/ppu/lib/gcc/powerpc64-ps3-elf/7.2.0/../../../../powerpc64-ps3-elf/lib/lv2-crtn.o

.text           0x0000000000010230    0x2a69c
 *(.text .stub .text.* .gnu.linkonce.t.*)
 .text          0x0000000000010230        0x0 /usr/local/ps3dev/ppu/lib/gcc/powerpc64-ps3-elf/7.2.0/../../../../powerpc64-ps3-elf/lib/lv2-crti.o
 .text          0x0000000000010230        0x0 /usr/local/ps3dev/ppu/lib/gcc/powerpc64-ps3-elf/7.2.0/crtbegin.o
 .text.deregister_tm_clones
                0x0000000000010230       0x54 /usr/local/ps3dev/ppu/lib/gcc/powerpc64-ps3-elf/7.2.0/crtbegin.o
 *fill*         0x0000000000010284        0x4 60000000
 .text.register_tm_clones
                0x0000000000010288       0x60 /usr/local/ps3dev/ppu/lib/gcc/powerpc64-ps3-elf/7.2.0/crtbegin.o
 .text.__do_global_dtors_aux
                0x00000000000102e8       0xd4 /usr/local/ps3dev/ppu/lib/gcc/powerpc64-ps3-elf/7.2.0/crtbegin.o
 *fill*         0x00000000000103bc        0x4 60000000
 .text.frame_dummy
                0x00000000000103c0       0x38 /usr/local/ps3dev/ppu/lib/gcc/powerpc64-ps3-elf/7.2.0/crtbegin.o
 .text          0x00000000000103f8       0x58 /usr/local/ps3dev/ppu/lib/gcc/powerpc64-ps3-elf/7.2.0/../../../../powerpc64-ps3-elf/lib/lv2-crt0.o
                0x00000000000103f8                ._start
 .text.startup.__syscalls_init
                0x0000000000010450      0x180 /usr/local/ps3dev/ppu/lib/gcc/powerpc64-ps3-elf/7.2.0/../../../../powerpc64-ps3-elf/lib/lv2-crt0.o
 .text._initialize
                0x00000000000105d0       0x40 /usr/local/ps3dev/ppu/lib/gcc/powerpc64-ps3-elf/7.2.0/../../../../powerpc64-ps3-elf/lib/lv2-crt0.o
 .text          0x0000000000010610        0x0 /usr/local/ps3dev/ppu/lib/gcc/powerpc64-ps3-elf/7.2.0/../../../../powerpc64-ps3-elf/lib/lv2-sprx.o
 .text          0x0000000000010610        0x0 main.o
 .text.load_image_to_RSX
                0x0000000000010610      0x204 main.o
 *fill*         0x0000000000010814        0x4 60000000
 .text.drawFrame
                0x0000000000010818      0x104 main.o
 *fill*         0x000000000001091c        0x4 60000000
 .text.drawImage
                0x0000000000010920      0x11c main.o
 *fill*         0x0000000000010a3c        0x4 60000000
 .text.load_raw_argb
                0x0000000000010a40      0x144 main.o
 *fill*         0x0000000000010b84        0x4 60000000
 .text.createTexture
                0x0000000000010b88      0x11c main.o
 *fill*         0x0000000000010ca4        0x4 60000000
 .text.createQuad
                0x0000000000010ca8       0xd0 main.o
 .text.startup.main
                0x0000000000010d78      0x120 main.o
 .text          0x0000000000010e98        0x0 rsxutil.o
 .text.waitFlip
                0x0000000000010e98       0x50 rsxutil.o
 .text.flip     0x0000000000010ee8       0x7c rsxutil.o
 *fill*         0x0000000000010f64        0x4 60000000
 .text.makeBuffer
                0x0000000000010f68      0x104 rsxutil.o
 *fill*         0x000000000001106c        0x4 60000000
 .text.getResolution
                0x0000000000011070       0xb8 rsxutil.o
 .text.initScreen
                0x0000000000011128      0x20c rsxutil.o
 *fill*         0x0000000000011334        0x4 60000000
 .text.setRenderTarget
                0x0000000000011338       0xac rsxutil.o
 .text          0x00000000000113e4        0x0 /usr/local/ps3dev/ppu/lib/libgcm_sys.a(sprx.o)
 .text          0x00000000000113e4        0x0 /usr/local/ps3dev/ppu/lib/librsx.a(init.o)
 *fill*         0x00000000000113e4        0x4 60000000
 .text.rsxInit  0x00000000000113e8       0x9c /usr/local/ps3dev/ppu/lib/librsx.a(init.o)
 *fill*         0x0000000000011484        0x4 60000000
 .text.rsxSetupContextData
                0x0000000000011488       0x48 /usr/local/ps3dev/ppu/lib/librsx.a(init.o)
 .text.rsxSetCurrentBuffer
                0x00000000000114d0       0x48 /usr/local/ps3dev/ppu/lib/librsx.a(init.o)
 .text.rsxSetDefaultCommandBuffer
                0x0000000000011518       0x50 /usr/local/ps3dev/ppu/lib/librsx.a(init.o)
 .text.rsxSetUserCallback
                0x0000000000011568       0x18 /usr/local/ps3dev/ppu/lib/librsx.a(init.o)
 .text.rsxGetCurrentBuffer
                0x0000000000011580       0x1c /usr/local/ps3dev/ppu/lib/librsx.a(init.o)
 .text          0x000000000001159c        0x0 /usr/local/ps3dev/ppu/lib/librsx.a(buffer.o)
 *fill*         0x000000000001159c        0x4 60000000
 .text.rsxResetCommandBufferUnsafe
                0x00000000000115a0       0x80 /usr/local/ps3dev/ppu/lib/librsx.a(buffer.o)
 .text.rsxFlushBufferUnsafe
                0x0000000000011620       0x78 /usr/local/ps3dev/ppu/lib/librsx.a(buffer.o)
 .text.rsxFinishUnsafe
                0x0000000000011698       0x84 /usr/local/ps3dev/ppu/lib/librsx.a(buffer.o)
 *fill*         0x000000000001171c        0x4 60000000
 .text.rsxResetCommandBuffer
                0x0000000000011720       0x80 /usr/local/ps3dev/ppu/lib/librsx.a(buffer.o)
 .text.rsxFlushBuffer
                0x00000000000117a0       0x10 /usr/local/ps3dev/ppu/lib/librsx.a(buffer.o)
 .text.rsxFinish
                0x00000000000117b0       0x84 /usr/local/ps3dev/ppu/lib/librsx.a(buffer.o)
 .text          0x0000000000011834        0x0 /usr/local/ps3dev/ppu/lib/librsx.a(commands.o)
 *fill*         0x0000000000011834        0x4 60000000
 .text.rsxSetReturnCommandUnsafe
                0x0000000000011838       0x24 /usr/local/ps3dev/ppu/lib/librsx.a(commands.o)
 *fill*         0x000000000001185c        0x4 60000000
 .text.rsxSetCallCommandUnsafe
                0x0000000000011860       0x24 /usr/local/ps3dev/ppu/lib/librsx.a(commands.o)
 *fill*         0x0000000000011884        0x4 60000000
 .text.rsxSetJumpCommandUnsafe
                0x0000000000011888       0x24 /usr/local/ps3dev/ppu/lib/librsx.a(commands.o)
 *fill*         0x00000000000118ac        0x4 60000000
 .text.rsxSetNopCommandUnsafe
                0x00000000000118b0       0x98 /usr/local/ps3dev/ppu/lib/librsx.a(commands.o)
 .text.rsxSetSkipNopUnsafe
                0x0000000000011948       0x34 /usr/local/ps3dev/ppu/lib/librsx.a(commands.o)
 *fill*         0x000000000001197c        0x4 60000000
 .text.rsxSetClearColorUnsafe
                0x0000000000011980       0x2c /usr/local/ps3dev/ppu/lib/librsx.a(commands.o)
 *fill*         0x00000000000119ac        0x4 60000000
 .text.rsxSetClearDepthStencilUnsafe
                0x00000000000119b0       0x2c /usr/local/ps3dev/ppu/lib/librsx.a(commands.o)
 *fill*         0x00000000000119dc        0x4 60000000
 .text.rsxSetReferenceCommandUnsafe
                0x00000000000119e0       0x2c /usr/local/ps3dev/ppu/lib/librsx.a(commands.o)
 *fill*         0x0000000000011a0c        0x4 60000000
 .text.rsxSetWriteBackendLabelUnsafe
                0x0000000000011a10       0x58 /usr/local/ps3dev/ppu/lib/librsx.a(commands.o)
 .text.rsxSetWriteTextureLabelUnsafe
                0x0000000000011a68       0x40 /usr/local/ps3dev/ppu/lib/librsx.a(commands.o)
 .text.rsxSetWaitLabelUnsafe
                0x0000000000011aa8       0x40 /usr/local/ps3dev/ppu/lib/librsx.a(commands.o)
 .text.rsxSetWriteCommandLabelUnsafe
                0x0000000000011ae8       0x40 /usr/local/ps3dev/ppu/lib/librsx.a(commands.o)
 .text.rsxSetSurfaceUnsafe
                0x0000000000011b28      0x1cc /usr/local/ps3dev/ppu/lib/librsx.a(commands.o)
 *fill*         0x0000000000011cf4        0x4 60000000
 .text.rsxSetColorMaskUnsafe
                0x0000000000011cf8       0x2c /usr/local/ps3dev/ppu/lib/librsx.a(commands.o)
 *fill*         0x0000000000011d24        0x4 60000000
 .text.rsxSetColorMaskMrtUnsafe
                0x0000000000011d28       0x2c /usr/local/ps3dev/ppu/lib/librsx.a(commands.o)
 *fill*         0x0000000000011d54        0x4 60000000
 .text.rsxSetShadeModelUnsafe
                0x0000000000011d58       0x2c /usr/local/ps3dev/ppu/lib/librsx.a(commands.o)
 *fill*         0x0000000000011d84        0x4 60000000
 .text.rsxSetViewportUnsafe
                0x0000000000011d88      0x108 /usr/local/ps3dev/ppu/lib/librsx.a(commands.o)
 .text.rsxSetViewportClipUnsafe
                0x0000000000011e90       0x44 /usr/local/ps3dev/ppu/lib/librsx.a(commands.o)
 *fill*         0x0000000000011ed4        0x4 60000000
 .text.rsxSetUserClipPlaneControlUnsafe
                0x0000000000011ed8       0x54 /usr/local/ps3dev/ppu/lib/librsx.a(commands.o)
 *fill*         0x0000000000011f2c        0x4 60000000
 .text.rsxSetDepthTestEnableUnsafe
                0x0000000000011f30       0x2c /usr/local/ps3dev/ppu/lib/librsx.a(commands.o)
 *fill*         0x0000000000011f5c        0x4 60000000
 .text.rsxSetDepthFuncUnsafe
                0x0000000000011f60       0x2c /usr/local/ps3dev/ppu/lib/librsx.a(commands.o)
 *fill*         0x0000000000011f8c        0x4 60000000
 .text.rsxSetDepthWriteEnableUnsafe
                0x0000000000011f90       0x2c /usr/local/ps3dev/ppu/lib/librsx.a(commands.o)
 *fill*         0x0000000000011fbc        0x4 60000000
 .text.rsxSetDepthFormatUnsafe
                0x0000000000011fc0       0x34 /usr/local/ps3dev/ppu/lib/librsx.a(commands.o)
 *fill*         0x0000000000011ff4        0x4 60000000
 .text.rsxSetCullFaceEnableUnsafe
                0x0000000000011ff8       0x2c /usr/local/ps3dev/ppu/lib/librsx.a(commands.o)
 *fill*         0x0000000000012024        0x4 60000000
 .text.rsxSetCullFaceUnsafe
                0x0000000000012028       0x2c /usr/local/ps3dev/ppu/lib/librsx.a(commands.o)
 *fill*         0x0000000000012054        0x4 60000000
 .text.rsxSetFrontFaceUnsafe
                0x0000000000012058       0x2c /usr/local/ps3dev/ppu/lib/librsx.a(commands.o)
 *fill*         0x0000000000012084        0x4 60000000
 .text.rsxSetFrontPolygonModeUnsafe
                0x0000000000012088       0x2c /usr/local/ps3dev/ppu/lib/librsx.a(commands.o)
 *fill*         0x00000000000120b4        0x4 60000000
 .text.rsxSetBackPolygonModeUnsafe
                0x00000000000120b8       0x2c /usr/local/ps3dev/ppu/lib/librsx.a(commands.o)
 *fill*         0x00000000000120e4        0x4 60000000
 .text.rsxSetPolygonOffsetFillEnableUnsafe
                0x00000000000120e8       0x2c /usr/local/ps3dev/ppu/lib/librsx.a(commands.o)
 *fill*         0x0000000000012114        0x4 60000000
 .text.rsxSetPolygonOffsetUnsafe
                0x0000000000012118       0x40 /usr/local/ps3dev/ppu/lib/librsx.a(commands.o)
 .text.rsxSetPolygonOffsetLineEnableUnsafe
                0x0000000000012158       0x2c /usr/local/ps3dev/ppu/lib/librsx.a(commands.o)
 *fill*         0x0000000000012184        0x4 60000000
 .text.rsxClearSurfaceUnsafe
                0x0000000000012188       0x3c /usr/local/ps3dev/ppu/lib/librsx.a(commands.o)
 *fill*         0x00000000000121c4        0x4 60000000
 .text.rsxSetCylindricalWrapUnsafe
                0x00000000000121c8       0x2c /usr/local/ps3dev/ppu/lib/librsx.a(commands.o)
 *fill*         0x00000000000121f4        0x4 60000000
 .text.rsxSetTwoSideLightEnableUnsafe
                0x00000000000121f8       0x2c /usr/local/ps3dev/ppu/lib/librsx.a(commands.o)
 *fill*         0x0000000000012224        0x4 60000000
 .text.rsxSetStencilFuncUnsafe
                0x0000000000012228       0x34 /usr/local/ps3dev/ppu/lib/librsx.a(commands.o)
 *fill*         0x000000000001225c        0x4 60000000
 .text.rsxSetStencilMaskUnsafe
                0x0000000000012260       0x2c /usr/local/ps3dev/ppu/lib/librsx.a(commands.o)
 *fill*         0x000000000001228c        0x4 60000000
 .text.rsxSetStencilOpUnsafe
                0x0000000000012290       0x34 /usr/local/ps3dev/ppu/lib/librsx.a(commands.o)
 *fill*         0x00000000000122c4        0x4 60000000
 .text.rsxSetStencilTestEnableUnsafe
                0x00000000000122c8       0x2c /usr/local/ps3dev/ppu/lib/librsx.a(commands.o)
 *fill*         0x00000000000122f4        0x4 60000000
 .text.rsxSetBackStencilFuncUnsafe
                0x00000000000122f8       0x34 /usr/local/ps3dev/ppu/lib/librsx.a(commands.o)
 *fill*         0x000000000001232c        0x4 60000000
 .text.rsxSetBackStencilMaskUnsafe
                0x0000000000012330       0x2c /usr/local/ps3dev/ppu/lib/librsx.a(commands.o)
 *fill*         0x000000000001235c        0x4 60000000
 .text.rsxSetBackStencilOpUnsafe
                0x0000000000012360       0x34 /usr/local/ps3dev/ppu/lib/librsx.a(commands.o)
 *fill*         0x0000000000012394        0x4 60000000
 .text.rsxSetTwoSidedStencilTestEnableUnsafe
                0x0000000000012398       0x2c /usr/local/ps3dev/ppu/lib/librsx.a(commands.o)
 *fill*         0x00000000000123c4        0x4 60000000
 .text.rsxSetRenderEnableUnsafe
                0x00000000000123c8       0x70 /usr/local/ps3dev/ppu/lib/librsx.a(commands.o)
 .text.rsxSetReportUnsafe
                0x0000000000012438       0x38 /usr/local/ps3dev/ppu/lib/librsx.a(commands.o)
 .text.rsxSetClearReportUnsafe
                0x0000000000012470       0x2c /usr/local/ps3dev/ppu/lib/librsx.a(commands.o)
 *fill*         0x000000000001249c        0x4 60000000
 .text.rsxSetZPixelCountEnableUnsafe
                0x00000000000124a0       0x2c /usr/local/ps3dev/ppu/lib/librsx.a(commands.o)
 *fill*         0x00000000000124cc        0x4 60000000
 .text.rsxSetSCullControlUnsafe
                0x00000000000124d0       0x3c /usr/local/ps3dev/ppu/lib/librsx.a(commands.o)
 *fill*         0x000000000001250c        0x4 60000000
 .text.rsxSetZCullLimitUnsafe
                0x0000000000012510       0x34 /usr/local/ps3dev/ppu/lib/librsx.a(commands.o)
 *fill*         0x0000000000012544        0x4 60000000
 .text.rsxSetZCullStatsEnableUnsafe
                0x0000000000012548       0x2c /usr/local/ps3dev/ppu/lib/librsx.a(commands.o)
 *fill*         0x0000000000012574        0x4 60000000
 .text.rsxSetZCullControlUnsafe
                0x0000000000012578       0x34 /usr/local/ps3dev/ppu/lib/librsx.a(commands.o)
 *fill*         0x00000000000125ac        0x4 60000000
 .text.rsxSetClearZCullSurfaceUnsafe
                0x00000000000125b0       0x34 /usr/local/ps3dev/ppu/lib/librsx.a(commands.o)
 *fill*         0x00000000000125e4        0x4 60000000
 .text.rsxSetZCullEnableUnsafe
                0x00000000000125e8       0x34 /usr/local/ps3dev/ppu/lib/librsx.a(commands.o)
 *fill*         0x000000000001261c        0x4 60000000
 .text.rsxSetZCullInvalidateUnsafe
                0x0000000000012620       0x2c /usr/local/ps3dev/ppu/lib/librsx.a(commands.o)
 *fill*         0x000000000001264c        0x4 60000000
 .text.rsxSetPolygonSmoothEnableUnsafe
                0x0000000000012650       0x2c /usr/local/ps3dev/ppu/lib/librsx.a(commands.o)
 *fill*         0x000000000001267c        0x4 60000000
 .text.rsxSetDitherEnableUnsafe
                0x0000000000012680       0x2c /usr/local/ps3dev/ppu/lib/librsx.a(commands.o)
 *fill*         0x00000000000126ac        0x4 60000000
 .text.rsxLoadVertexProgramBlockUnsafe
                0x00000000000126b0      0x2ac /usr/local/ps3dev/ppu/lib/librsx.a(commands.o)
 *fill*         0x000000000001295c        0x4 60000000
 .text.rsxLoadFragmentProgramLocationUnsafe
                0x0000000000012960      0x16c /usr/local/ps3dev/ppu/lib/librsx.a(commands.o)
 *fill*         0x0000000000012acc        0x4 60000000
 .text.rsxUpdateFragmentProgramLocationUnsafe
                0x0000000000012ad0       0x38 /usr/local/ps3dev/ppu/lib/librsx.a(commands.o)
 .text.rsxSetFragmentProgramControlUnsafe
                0x0000000000012b08       0x54 /usr/local/ps3dev/ppu/lib/librsx.a(commands.o)
 *fill*         0x0000000000012b5c        0x4 60000000
 .text.rsxLoadVertexProgramParameterBlockUnsafe
                0x0000000000012b60      0x290 /usr/local/ps3dev/ppu/lib/librsx.a(commands.o)
 .text.rsxLoadVertexProgramUnsafe
                0x0000000000012df0       0xec /usr/local/ps3dev/ppu/lib/librsx.a(commands.o)
 *fill*         0x0000000000012edc        0x4 60000000
 .text.rsxSetVertexProgramParameterUnsafe
                0x0000000000012ee0      0x218 /usr/local/ps3dev/ppu/lib/librsx.a(commands.o)
 .text.rsxSetVertexProgramConstantsUnsafe
                0x00000000000130f8      0x210 /usr/local/ps3dev/ppu/lib/librsx.a(commands.o)
 .text.rsxSetVertexAttribOutputMaskUnsafe
                0x0000000000013308       0x2c /usr/local/ps3dev/ppu/lib/librsx.a(commands.o)
 *fill*         0x0000000000013334        0x4 60000000
 .text.rsxSetFragmentProgramGammaEnableUnsafe
                0x0000000000013338       0x2c /usr/local/ps3dev/ppu/lib/librsx.a(commands.o)
 *fill*         0x0000000000013364        0x4 60000000
 .text.rsxDrawVertexBeginUnsafe
                0x0000000000013368       0x2c /usr/local/ps3dev/ppu/lib/librsx.a(commands.o)
 *fill*         0x0000000000013394        0x4 60000000
 .text.rsxDrawVertexEndUnsafe
                0x0000000000013398       0x2c /usr/local/ps3dev/ppu/lib/librsx.a(commands.o)
 *fill*         0x00000000000133c4        0x4 60000000
 .text.rsxDrawVertex1fUnsafe
                0x00000000000133c8       0x38 /usr/local/ps3dev/ppu/lib/librsx.a(commands.o)
 .text.rsxDrawVertex2fUnsafe
                0x0000000000013400       0x40 /usr/local/ps3dev/ppu/lib/librsx.a(commands.o)
 .text.rsxDrawVertex3fUnsafe
                0x0000000000013440       0x48 /usr/local/ps3dev/ppu/lib/librsx.a(commands.o)
 .text.rsxDrawVertex4fUnsafe
                0x0000000000013488       0x48 /usr/local/ps3dev/ppu/lib/librsx.a(commands.o)
 .text.rsxDrawVertex4sUnsafe
                0x00000000000134d0       0x5c /usr/local/ps3dev/ppu/lib/librsx.a(commands.o)
 *fill*         0x000000000001352c        0x4 60000000
 .text.rsxDrawVertexScaled4sUnsafe
                0x0000000000013530       0x5c /usr/local/ps3dev/ppu/lib/librsx.a(commands.o)
 *fill*         0x000000000001358c        0x4 60000000
 .text.rsxDrawVertex2sUnsafe
                0x0000000000013590       0x44 /usr/local/ps3dev/ppu/lib/librsx.a(commands.o)
 *fill*         0x00000000000135d4        0x4 60000000
 .text.rsxDrawVertex4ubUnsafe
                0x00000000000135d8       0x34 /usr/local/ps3dev/ppu/lib/librsx.a(commands.o)
 *fill*         0x000000000001360c        0x4 60000000
 .text.rsxSetFrequencyDividerOperationUnsafe
                0x0000000000013610       0x2c /usr/local/ps3dev/ppu/lib/librsx.a(commands.o)
 *fill*         0x000000000001363c        0x4 60000000
 .text.rsxInvalidateVertexCacheUnsafe
                0x0000000000013640       0x44 /usr/local/ps3dev/ppu/lib/librsx.a(commands.o)
 *fill*         0x0000000000013684        0x4 60000000
 .text.rsxInvalidateTextureCacheUnsafe
                0x0000000000013688       0x2c /usr/local/ps3dev/ppu/lib/librsx.a(commands.o)
 *fill*         0x00000000000136b4        0x4 60000000
 .text.rsxLoadTextureUnsafe
                0x00000000000136b8       0xc0 /usr/local/ps3dev/ppu/lib/librsx.a(commands.o)
 .text.rsxLoadVertexTextureUnsafe
                0x0000000000013778       0x8c /usr/local/ps3dev/ppu/lib/librsx.a(commands.o)
 *fill*         0x0000000000013804        0x4 60000000
 .text.rsxTextureControlUnsafe
                0x0000000000013808       0x4c /usr/local/ps3dev/ppu/lib/librsx.a(commands.o)
 *fill*         0x0000000000013854        0x4 60000000
 .text.rsxVertexTextureControlUnsafe
                0x0000000000013858       0x44 /usr/local/ps3dev/ppu/lib/librsx.a(commands.o)
 *fill*         0x000000000001389c        0x4 60000000
 .text.rsxTextureFilterUnsafe
                0x00000000000138a0       0x44 /usr/local/ps3dev/ppu/lib/librsx.a(commands.o)
 *fill*         0x00000000000138e4        0x4 60000000
 .text.rsxVertexTextureFilterUnsafe
                0x00000000000138e8       0x30 /usr/local/ps3dev/ppu/lib/librsx.a(commands.o)
 .text.rsxTextureWrapModeUnsafe
                0x0000000000013918       0x58 /usr/local/ps3dev/ppu/lib/librsx.a(commands.o)
 .text.rsxVertexTextureWrapModeUnsafe
                0x0000000000013970       0x38 /usr/local/ps3dev/ppu/lib/librsx.a(commands.o)
 .text.rsxTextureBorderColorUnsafe
                0x00000000000139a8       0x30 /usr/local/ps3dev/ppu/lib/librsx.a(commands.o)
 .text.rsxVertexTextureBorderColorUnsafe
                0x00000000000139d8       0x30 /usr/local/ps3dev/ppu/lib/librsx.a(commands.o)
 .text.rsxTextureOptimizationUnsafe
                0x0000000000013a08       0x44 /usr/local/ps3dev/ppu/lib/librsx.a(commands.o)
 *fill*         0x0000000000013a4c        0x4 60000000
 .text.rsxTextureAnisoSpreadUnsafe
                0x0000000000013a50       0x5c /usr/local/ps3dev/ppu/lib/librsx.a(commands.o)
 *fill*         0x0000000000013aac        0x4 60000000
 .text.rsxSetZMinMaxControlUnsafe
                0x0000000000013ab0       0x3c /usr/local/ps3dev/ppu/lib/librsx.a(commands.o)
 *fill*         0x0000000000013aec        0x4 60000000
 .text.rsxSetDepthBoundsTestEnableUnsafe
                0x0000000000013af0       0x2c /usr/local/ps3dev/ppu/lib/librsx.a(commands.o)
 *fill*         0x0000000000013b1c        0x4 60000000
 .text.rsxSetDepthBoundsUnsafe
                0x0000000000013b20       0x40 /usr/local/ps3dev/ppu/lib/librsx.a(commands.o)
 .text.rsxBindVertexArrayAttribUnsafe
                0x0000000000013b60       0x60 /usr/local/ps3dev/ppu/lib/librsx.a(commands.o)
 .text.rsxDrawVertexArrayUnsafe
                0x0000000000013bc0      0x1e4 /usr/local/ps3dev/ppu/lib/librsx.a(commands.o)
 *fill*         0x0000000000013da4        0x4 60000000
 .text.rsxDrawInlineVertexArrayUnsafe
                0x0000000000013da8      0x1a0 /usr/local/ps3dev/ppu/lib/librsx.a(commands.o)
 .text.rsxDrawIndexArrayUnsafe
                0x0000000000013f48      0x23c /usr/local/ps3dev/ppu/lib/librsx.a(commands.o)
 *fill*         0x0000000000014184        0x4 60000000
 .text.rsxDrawInlineIndexArray16Unsafe
                0x0000000000014188      0x208 /usr/local/ps3dev/ppu/lib/librsx.a(commands.o)
 .text.rsxDrawInlineIndexArray32Unsafe
                0x0000000000014390      0x1a8 /usr/local/ps3dev/ppu/lib/librsx.a(commands.o)
 .text.rsxSetRestartIndexEnableUnsafe
                0x0000000000014538       0x2c /usr/local/ps3dev/ppu/lib/librsx.a(commands.o)
 *fill*         0x0000000000014564        0x4 60000000
 .text.rsxSetRestartIndexUnsafe
                0x0000000000014568       0x2c /usr/local/ps3dev/ppu/lib/librsx.a(commands.o)
 *fill*         0x0000000000014594        0x4 60000000
 .text.rsxSetScissorUnsafe
                0x0000000000014598       0x40 /usr/local/ps3dev/ppu/lib/librsx.a(commands.o)
 .text.rsxSetAntialiasingControlUnsafe
                0x00000000000145d8       0x44 /usr/local/ps3dev/ppu/lib/librsx.a(commands.o)
 *fill*         0x000000000001461c        0x4 60000000
 .text.rsxInlineTransferUnsafe
                0x0000000000014620      0x18c /usr/local/ps3dev/ppu/lib/librsx.a(commands.o)
 *fill*         0x00000000000147ac        0x4 60000000
 .text.rsxSetFragmentProgramParameterUnsafe
                0x00000000000147b0      0x5d8 /usr/local/ps3dev/ppu/lib/librsx.a(commands.o)
 .text.rsxSetAlphaFuncUnsafe
                0x0000000000014d88       0x30 /usr/local/ps3dev/ppu/lib/librsx.a(commands.o)
 .text.rsxSetAlphaTestEnableUnsafe
                0x0000000000014db8       0x2c /usr/local/ps3dev/ppu/lib/librsx.a(commands.o)
 *fill*         0x0000000000014de4        0x4 60000000
 .text.rsxSetBlendFuncUnsafe
                0x0000000000014de8       0x40 /usr/local/ps3dev/ppu/lib/librsx.a(commands.o)
 .text.rsxSetBlendEquationUnsafe
                0x0000000000014e28       0x34 /usr/local/ps3dev/ppu/lib/librsx.a(commands.o)
 *fill*         0x0000000000014e5c        0x4 60000000
 .text.rsxSetBlendColorUnsafe
                0x0000000000014e60       0x3c /usr/local/ps3dev/ppu/lib/librsx.a(commands.o)
 *fill*         0x0000000000014e9c        0x4 60000000
 .text.rsxSetBlendEnableUnsafe
                0x0000000000014ea0       0x2c /usr/local/ps3dev/ppu/lib/librsx.a(commands.o)
 *fill*         0x0000000000014ecc        0x4 60000000
 .text.rsxSetBlendOptimizationUnsafe
                0x0000000000014ed0       0x2c /usr/local/ps3dev/ppu/lib/librsx.a(commands.o)
 *fill*         0x0000000000014efc        0x4 60000000
 .text.rsxSetBlendEnableMrtUnsafe
                0x0000000000014f00       0x40 /usr/local/ps3dev/ppu/lib/librsx.a(commands.o)
 .text.rsxSetLogicOpUnsafe
                0x0000000000014f40       0x2c /usr/local/ps3dev/ppu/lib/librsx.a(commands.o)
 *fill*         0x0000000000014f6c        0x4 60000000
 .text.rsxSetLogicOpEnableUnsafe
                0x0000000000014f70       0x2c /usr/local/ps3dev/ppu/lib/librsx.a(commands.o)
 *fill*         0x0000000000014f9c        0x4 60000000
 .text.rsxSetFogModeUnsafe
                0x0000000000014fa0       0x2c /usr/local/ps3dev/ppu/lib/librsx.a(commands.o)
 *fill*         0x0000000000014fcc        0x4 60000000
 .text.rsxSetFogParamsUnsafe
                0x0000000000014fd0       0x40 /usr/local/ps3dev/ppu/lib/librsx.a(commands.o)
 .text.rsxSetTransformBranchBitsUnsafe
                0x0000000000015010       0x2c /usr/local/ps3dev/ppu/lib/librsx.a(commands.o)
 *fill*         0x000000000001503c        0x4 60000000
 .text.rsxSetPointSpriteControlUnsafe
                0x0000000000015040       0x48 /usr/local/ps3dev/ppu/lib/librsx.a(commands.o)
 .text.rsxSetPointSizeUnsafe
                0x0000000000015088       0x34 /usr/local/ps3dev/ppu/lib/librsx.a(commands.o)
 *fill*         0x00000000000150bc        0x4 60000000
 .text.rsxSetTransferDataUnsafe
                0x00000000000150c0      0x1a4 /usr/local/ps3dev/ppu/lib/librsx.a(commands.o)
 *fill*         0x0000000000015264        0x4 60000000
 .text.rsxSetTransferDataModeUnsafe
                0x0000000000015268       0x70 /usr/local/ps3dev/ppu/lib/librsx.a(commands.o)
 .text.rsxSetTransferDataOffsetUnsafe
                0x00000000000152d8       0x5c /usr/local/ps3dev/ppu/lib/librsx.a(commands.o)
 *fill*         0x0000000000015334        0x4 60000000
 .text.rsxSetTransferDataFormatUnsafe
                0x0000000000015338       0x44 /usr/local/ps3dev/ppu/lib/librsx.a(commands.o)
 *fill*         0x000000000001537c        0x4 60000000
 .text.rsxSetTransferImageUnsafe
                0x0000000000015380      0x4ac /usr/local/ps3dev/ppu/lib/librsx.a(commands.o)
 *fill*         0x000000000001582c        0x4 60000000
 .text.rsxSetTransferScaleModeUnsafe
                0x0000000000015830       0xe8 /usr/local/ps3dev/ppu/lib/librsx.a(commands.o)
 .text.rsxSetTransferScaleSurfaceUnsafe
                0x0000000000015918      0x140 /usr/local/ps3dev/ppu/lib/librsx.a(commands.o)
 .text.rsxSetTransferScaleSwizzleUnsafe
                0x0000000000015a58      0x140 /usr/local/ps3dev/ppu/lib/librsx.a(commands.o)
 .text.rsxSetTimeStampUnsafe
                0x0000000000015b98       0x34 /usr/local/ps3dev/ppu/lib/librsx.a(commands.o)
 *fill*         0x0000000000015bcc        0x4 60000000
 .text.rsxSetWaitForIdleUnsafe
                0x0000000000015bd0       0x2c /usr/local/ps3dev/ppu/lib/librsx.a(commands.o)
 *fill*         0x0000000000015bfc        0x4 60000000
 .text.rsxContextCallback
                0x0000000000015c00       0x50 /usr/local/ps3dev/ppu/lib/librsx.a(commands.o)
 .text.rsxSetReturnCommand
                0x0000000000015c50       0x90 /usr/local/ps3dev/ppu/lib/librsx.a(commands.o)
 .text.rsxSetCallCommand
                0x0000000000015ce0       0x9c /usr/local/ps3dev/ppu/lib/librsx.a(commands.o)
 *fill*         0x0000000000015d7c        0x4 60000000
 .text.rsxSetJumpCommand
                0x0000000000015d80       0x9c /usr/local/ps3dev/ppu/lib/librsx.a(commands.o)
 *fill*         0x0000000000015e1c        0x4 60000000
 .text.rsxSetNopCommand
                0x0000000000015e20      0x118 /usr/local/ps3dev/ppu/lib/librsx.a(commands.o)
 .text.rsxSetSkipNop
                0x0000000000015f38       0xc0 /usr/local/ps3dev/ppu/lib/librsx.a(commands.o)
 .text.rsxSetClearColor
                0x0000000000015ff8       0xa4 /usr/local/ps3dev/ppu/lib/librsx.a(commands.o)
 *fill*         0x000000000001609c        0x4 60000000
 .text.rsxSetClearDepthStencil
                0x00000000000160a0       0xa4 /usr/local/ps3dev/ppu/lib/librsx.a(commands.o)
 *fill*         0x0000000000016144        0x4 60000000
 .text.rsxSetReferenceCommand
                0x0000000000016148       0xa4 /usr/local/ps3dev/ppu/lib/librsx.a(commands.o)
 *fill*         0x00000000000161ec        0x4 60000000
 .text.rsxSetWriteBackendLabel
                0x00000000000161f0       0xd8 /usr/local/ps3dev/ppu/lib/librsx.a(commands.o)
 .text.rsxSetWriteTextureLabel
                0x00000000000162c8       0xbc /usr/local/ps3dev/ppu/lib/librsx.a(commands.o)
 *fill*         0x0000000000016384        0x4 60000000
 .text.rsxSetWaitLabel
                0x0000000000016388       0xbc /usr/local/ps3dev/ppu/lib/librsx.a(commands.o)
 *fill*         0x0000000000016444        0x4 60000000
 .text.rsxSetWriteCommandLabel
                0x0000000000016448       0xbc /usr/local/ps3dev/ppu/lib/librsx.a(commands.o)
 *fill*         0x0000000000016504        0x4 60000000
 .text.rsxSetSurface
                0x0000000000016508      0x254 /usr/local/ps3dev/ppu/lib/librsx.a(commands.o)
 *fill*         0x000000000001675c        0x4 60000000
 .text.rsxSetColorMask
                0x0000000000016760       0xa4 /usr/local/ps3dev/ppu/lib/librsx.a(commands.o)
 *fill*         0x0000000000016804        0x4 60000000
 .text.rsxSetColorMaskMrt
                0x0000000000016808       0xa4 /usr/local/ps3dev/ppu/lib/librsx.a(commands.o)
 *fill*         0x00000000000168ac        0x4 60000000
 .text.rsxSetShadeModel
                0x00000000000168b0       0xa4 /usr/local/ps3dev/ppu/lib/librsx.a(commands.o)
 *fill*         0x0000000000016954        0x4 60000000
 .text.rsxSetViewport
                0x0000000000016958      0x1e8 /usr/local/ps3dev/ppu/lib/librsx.a(commands.o)
 .text.rsxSetViewportClip
                0x0000000000016b40       0xcc /usr/local/ps3dev/ppu/lib/librsx.a(commands.o)
 *fill*         0x0000000000016c0c        0x4 60000000
 .text.rsxSetUserClipPlaneControl
                0x0000000000016c10       0xf4 /usr/local/ps3dev/ppu/lib/librsx.a(commands.o)
 *fill*         0x0000000000016d04        0x4 60000000
 .text.rsxSetDepthTestEnable
                0x0000000000016d08       0xa4 /usr/local/ps3dev/ppu/lib/librsx.a(commands.o)
 *fill*         0x0000000000016dac        0x4 60000000
 .text.rsxSetDepthFunc
                0x0000000000016db0       0xa4 /usr/local/ps3dev/ppu/lib/librsx.a(commands.o)
 *fill*         0x0000000000016e54        0x4 60000000
 .text.rsxSetDepthWriteEnable
                0x0000000000016e58       0xa4 /usr/local/ps3dev/ppu/lib/librsx.a(commands.o)
 *fill*         0x0000000000016efc        0x4 60000000
 .text.rsxSetDepthFormat
                0x0000000000016f00       0xac /usr/local/ps3dev/ppu/lib/librsx.a(commands.o)
 *fill*         0x0000000000016fac        0x4 60000000
 .text.rsxSetCullFaceEnable
                0x0000000000016fb0       0xa4 /usr/local/ps3dev/ppu/lib/librsx.a(commands.o)
 *fill*         0x0000000000017054        0x4 60000000
 .text.rsxSetCullFace
                0x0000000000017058       0xa4 /usr/local/ps3dev/ppu/lib/librsx.a(commands.o)
 *fill*         0x00000000000170fc        0x4 60000000
 .text.rsxSetFrontFace
                0x0000000000017100       0xa4 /usr/local/ps3dev/ppu/lib/librsx.a(commands.o)
 *fill*         0x00000000000171a4        0x4 60000000
 .text.rsxSetFrontPolygonMode
                0x00000000000171a8       0xa4 /usr/local/ps3dev/ppu/lib/librsx.a(commands.o)
 *fill*         0x000000000001724c        0x4 60000000
 .text.rsxSetBackPolygonMode
                0x0000000000017250       0xa4 /usr/local/ps3dev/ppu/lib/librsx.a(commands.o)
 *fill*         0x00000000000172f4        0x4 60000000
 .text.rsxSetPolygonOffsetFillEnable
                0x00000000000172f8       0xa4 /usr/local/ps3dev/ppu/lib/librsx.a(commands.o)
 *fill*         0x000000000001739c        0x4 60000000
 .text.rsxSetPolygonOffset
                0x00000000000173a0       0xc0 /usr/local/ps3dev/ppu/lib/librsx.a(commands.o)
 .text.rsxSetPolygonOffsetLineEnable
                0x0000000000017460       0xa4 /usr/local/ps3dev/ppu/lib/librsx.a(commands.o)
 *fill*         0x0000000000017504        0x4 60000000
 .text.rsxClearSurface
                0x0000000000017508       0xb4 /usr/local/ps3dev/ppu/lib/librsx.a(commands.o)
 *fill*         0x00000000000175bc        0x4 60000000
 .text.rsxSetCylindricalWrap
                0x00000000000175c0       0xa4 /usr/local/ps3dev/ppu/lib/librsx.a(commands.o)
 *fill*         0x0000000000017664        0x4 60000000
 .text.rsxSetTwoSideLightEnable
                0x0000000000017668       0xa4 /usr/local/ps3dev/ppu/lib/librsx.a(commands.o)
 *fill*         0x000000000001770c        0x4 60000000
 .text.rsxSetStencilFunc
                0x0000000000017710       0xbc /usr/local/ps3dev/ppu/lib/librsx.a(commands.o)
 *fill*         0x00000000000177cc        0x4 60000000
 .text.rsxSetStencilMask
                0x00000000000177d0       0xa4 /usr/local/ps3dev/ppu/lib/librsx.a(commands.o)
 *fill*         0x0000000000017874        0x4 60000000
 .text.rsxSetStencilOp
                0x0000000000017878       0xbc /usr/local/ps3dev/ppu/lib/librsx.a(commands.o)
 *fill*         0x0000000000017934        0x4 60000000
 .text.rsxSetStencilTestEnable
                0x0000000000017938       0xa4 /usr/local/ps3dev/ppu/lib/librsx.a(commands.o)
 *fill*         0x00000000000179dc        0x4 60000000
 .text.rsxSetBackStencilFunc
                0x00000000000179e0       0xbc /usr/local/ps3dev/ppu/lib/librsx.a(commands.o)
 *fill*         0x0000000000017a9c        0x4 60000000
 .text.rsxSetBackStencilMask
                0x0000000000017aa0       0xa4 /usr/local/ps3dev/ppu/lib/librsx.a(commands.o)
 *fill*         0x0000000000017b44        0x4 60000000
 .text.rsxSetBackStencilOp
                0x0000000000017b48       0xbc /usr/local/ps3dev/ppu/lib/librsx.a(commands.o)
 *fill*         0x0000000000017c04        0x4 60000000
 .text.rsxSetTwoSidedStencilTestEnable
                0x0000000000017c08       0xa4 /usr/local/ps3dev/ppu/lib/librsx.a(commands.o)
 *fill*         0x0000000000017cac        0x4 60000000
 .text.rsxSetRenderEnable
                0x0000000000017cb0      0x124 /usr/local/ps3dev/ppu/lib/librsx.a(commands.o)
 *fill*         0x0000000000017dd4        0x4 60000000
 .text.rsxSetReport
                0x0000000000017dd8       0xc0 /usr/local/ps3dev/ppu/lib/librsx.a(commands.o)
 .text.rsxSetClearReport
                0x0000000000017e98       0xa4 /usr/local/ps3dev/ppu/lib/librsx.a(commands.o)
 *fill*         0x0000000000017f3c        0x4 60000000
 .text.rsxSetZPixelCountEnable
                0x0000000000017f40       0xa4 /usr/local/ps3dev/ppu/lib/librsx.a(commands.o)
 *fill*         0x0000000000017fe4        0x4 60000000
 .text.rsxSetSCullControl
                0x0000000000017fe8       0xc4 /usr/local/ps3dev/ppu/lib/librsx.a(commands.o)
 *fill*         0x00000000000180ac        0x4 60000000
 .text.rsxSetZCullLimit
                0x00000000000180b0       0xb4 /usr/local/ps3dev/ppu/lib/librsx.a(commands.o)
 *fill*         0x0000000000018164        0x4 60000000
 .text.rsxSetZCullStatsEnable
                0x0000000000018168       0xa4 /usr/local/ps3dev/ppu/lib/librsx.a(commands.o)
 *fill*         0x000000000001820c        0x4 60000000
 .text.rsxSetZCullControl
                0x0000000000018210       0xb4 /usr/local/ps3dev/ppu/lib/librsx.a(commands.o)
 *fill*         0x00000000000182c4        0x4 60000000
 .text.rsxSetClearZCullSurface
                0x00000000000182c8       0xb4 /usr/local/ps3dev/ppu/lib/librsx.a(commands.o)
 *fill*         0x000000000001837c        0x4 60000000
 .text.rsxSetZCullEnable
                0x0000000000018380       0xb4 /usr/local/ps3dev/ppu/lib/librsx.a(commands.o)
 *fill*         0x0000000000018434        0x4 60000000
 .text.rsxSetZCullInvalidate
                0x0000000000018438       0x98 /usr/local/ps3dev/ppu/lib/librsx.a(commands.o)
 .text.rsxSetPolygonSmoothEnable
                0x00000000000184d0       0xa4 /usr/local/ps3dev/ppu/lib/librsx.a(commands.o)
 *fill*         0x0000000000018574        0x4 60000000
 .text.rsxSetDitherEnable
                0x0000000000018578       0xa4 /usr/local/ps3dev/ppu/lib/librsx.a(commands.o)
 *fill*         0x000000000001861c        0x4 60000000
 .text.rsxLoadVertexProgramBlock
                0x0000000000018620      0x384 /usr/local/ps3dev/ppu/lib/librsx.a(commands.o)
 *fill*         0x00000000000189a4        0x4 60000000
 .text.rsxLoadFragmentProgramLocation
                0x00000000000189a8      0x228 /usr/local/ps3dev/ppu/lib/librsx.a(commands.o)
 .text.rsxUpdateFragmentProgramLocation
                0x0000000000018bd0       0xbc /usr/local/ps3dev/ppu/lib/librsx.a(commands.o)
 *fill*         0x0000000000018c8c        0x4 60000000
 .text.rsxSetFragmentProgramControl
                0x0000000000018c90       0xd4 /usr/local/ps3dev/ppu/lib/librsx.a(commands.o)
 *fill*         0x0000000000018d64        0x4 60000000
 .text.rsxLoadVertexProgramParameterBlock
                0x0000000000018d68      0x320 /usr/local/ps3dev/ppu/lib/librsx.a(commands.o)
 .text.rsxLoadVertexProgram
                0x0000000000019088       0xec /usr/local/ps3dev/ppu/lib/librsx.a(commands.o)
 *fill*         0x0000000000019174        0x4 60000000
 .text.rsxSetVertexProgramParameter
                0x0000000000019178      0x218 /usr/local/ps3dev/ppu/lib/librsx.a(commands.o)
 .text.rsxSetVertexProgramConstants
                0x0000000000019390      0x29c /usr/local/ps3dev/ppu/lib/librsx.a(commands.o)
 *fill*         0x000000000001962c        0x4 60000000
 .text.rsxSetVertexAttribOutputMask
                0x0000000000019630       0xa4 /usr/local/ps3dev/ppu/lib/librsx.a(commands.o)
 *fill*         0x00000000000196d4        0x4 60000000
 .text.rsxSetFragmentProgramGammaEnable
                0x00000000000196d8       0xa4 /usr/local/ps3dev/ppu/lib/librsx.a(commands.o)
 *fill*         0x000000000001977c        0x4 60000000
 .text.rsxDrawVertexBegin
                0x0000000000019780       0xa4 /usr/local/ps3dev/ppu/lib/librsx.a(commands.o)
 *fill*         0x0000000000019824        0x4 60000000
 .text.rsxDrawVertexEnd
                0x0000000000019828       0x98 /usr/local/ps3dev/ppu/lib/librsx.a(commands.o)
 .text.rsxDrawVertex1f
                0x00000000000198c0       0xc0 /usr/local/ps3dev/ppu/lib/librsx.a(commands.o)
 .text.rsxDrawVertex2f
                0x0000000000019980       0xbc /usr/local/ps3dev/ppu/lib/librsx.a(commands.o)
 *fill*         0x0000000000019a3c        0x4 60000000
 .text.rsxDrawVertex3f
                0x0000000000019a40       0xbc /usr/local/ps3dev/ppu/lib/librsx.a(commands.o)
 *fill*         0x0000000000019afc        0x4 60000000
 .text.rsxDrawVertex4f
                0x0000000000019b00       0xbc /usr/local/ps3dev/ppu/lib/librsx.a(commands.o)
 *fill*         0x0000000000019bbc        0x4 60000000
 .text.rsxDrawVertex4s
                0x0000000000019bc0       0xdc /usr/local/ps3dev/ppu/lib/librsx.a(commands.o)
 *fill*         0x0000000000019c9c        0x4 60000000
 .text.rsxDrawVertexScaled4s
                0x0000000000019ca0       0xdc /usr/local/ps3dev/ppu/lib/librsx.a(commands.o)
 *fill*         0x0000000000019d7c        0x4 60000000
 .text.rsxDrawVertex2s
                0x0000000000019d80       0xc4 /usr/local/ps3dev/ppu/lib/librsx.a(commands.o)
 *fill*         0x0000000000019e44        0x4 60000000
 .text.rsxDrawVertex4ub
                0x0000000000019e48       0xb4 /usr/local/ps3dev/ppu/lib/librsx.a(commands.o)
 *fill*         0x0000000000019efc        0x4 60000000
 .text.rsxSetFrequencyDividerOperation
                0x0000000000019f00       0xa4 /usr/local/ps3dev/ppu/lib/librsx.a(commands.o)
 *fill*         0x0000000000019fa4        0x4 60000000
 .text.rsxInvalidateVertexCache
                0x0000000000019fa8       0xb0 /usr/local/ps3dev/ppu/lib/librsx.a(commands.o)
 .text.rsxInvalidateTextureCache
                0x000000000001a058       0xa4 /usr/local/ps3dev/ppu/lib/librsx.a(commands.o)
 *fill*         0x000000000001a0fc        0x4 60000000
 .text.rsxLoadTexture
                0x000000000001a100      0x144 /usr/local/ps3dev/ppu/lib/librsx.a(commands.o)
 *fill*         0x000000000001a244        0x4 60000000
 .text.rsxLoadVertexTexture
                0x000000000001a248      0x134 /usr/local/ps3dev/ppu/lib/librsx.a(commands.o)
 *fill*         0x000000000001a37c        0x4 60000000
 .text.rsxTextureControl
                0x000000000001a380       0xe4 /usr/local/ps3dev/ppu/lib/librsx.a(commands.o)
 *fill*         0x000000000001a464        0x4 60000000
 .text.rsxVertexTextureControl
                0x000000000001a468       0xd4 /usr/local/ps3dev/ppu/lib/librsx.a(commands.o)
 *fill*         0x000000000001a53c        0x4 60000000
 .text.rsxTextureFilter
                0x000000000001a540       0xdc /usr/local/ps3dev/ppu/lib/librsx.a(commands.o)
 *fill*         0x000000000001a61c        0x4 60000000
 .text.rsxVertexTextureFilter
                0x000000000001a620       0xb4 /usr/local/ps3dev/ppu/lib/librsx.a(commands.o)
 *fill*         0x000000000001a6d4        0x4 60000000
 .text.rsxTextureWrapMode
                0x000000000001a6d8      0x104 /usr/local/ps3dev/ppu/lib/librsx.a(commands.o)
 *fill*         0x000000000001a7dc        0x4 60000000
 .text.rsxVertexTextureWrapMode
                0x000000000001a7e0       0xc4 /usr/local/ps3dev/ppu/lib/librsx.a(commands.o)
 *fill*         0x000000000001a8a4        0x4 60000000
 .text.rsxTextureBorderColor
                0x000000000001a8a8       0xb4 /usr/local/ps3dev/ppu/lib/librsx.a(commands.o)
 *fill*         0x000000000001a95c        0x4 60000000
 .text.rsxVertexTextureBorderColor
                0x000000000001a960       0xb4 /usr/local/ps3dev/ppu/lib/librsx.a(commands.o)
 *fill*         0x000000000001aa14        0x4 60000000
 .text.rsxTextureOptimization
                0x000000000001aa18       0xd4 /usr/local/ps3dev/ppu/lib/librsx.a(commands.o)
 *fill*         0x000000000001aaec        0x4 60000000
 .text.rsxTextureAnisoSpread
                0x000000000001aaf0       0xe0 /usr/local/ps3dev/ppu/lib/librsx.a(commands.o)
 .text.rsxSetZMinMaxControl
                0x000000000001abd0       0xc4 /usr/local/ps3dev/ppu/lib/librsx.a(commands.o)
 *fill*         0x000000000001ac94        0x4 60000000
 .text.rsxSetDepthBoundsTestEnable
                0x000000000001ac98       0xa4 /usr/local/ps3dev/ppu/lib/librsx.a(commands.o)
 *fill*         0x000000000001ad3c        0x4 60000000
 .text.rsxSetDepthBounds
                0x000000000001ad40       0xc0 /usr/local/ps3dev/ppu/lib/librsx.a(commands.o)
 .text.rsxBindVertexArrayAttrib
                0x000000000001ae00      0x10c /usr/local/ps3dev/ppu/lib/librsx.a(commands.o)
 *fill*         0x000000000001af0c        0x4 60000000
 .text.rsxDrawVertexArray
                0x000000000001af10      0x2ec /usr/local/ps3dev/ppu/lib/librsx.a(commands.o)
 *fill*         0x000000000001b1fc        0x4 60000000
 .text.rsxDrawInlineVertexArray
                0x000000000001b200      0x294 /usr/local/ps3dev/ppu/lib/librsx.a(commands.o)
 *fill*         0x000000000001b494        0x4 60000000
 .text.rsxDrawIndexArray
                0x000000000001b498      0x398 /usr/local/ps3dev/ppu/lib/librsx.a(commands.o)
 .text.rsxDrawInlineIndexArray16
                0x000000000001b830      0x334 /usr/local/ps3dev/ppu/lib/librsx.a(commands.o)
 *fill*         0x000000000001bb64        0x4 60000000
 .text.rsxDrawInlineIndexArray32
                0x000000000001bb68      0x29c /usr/local/ps3dev/ppu/lib/librsx.a(commands.o)
 *fill*         0x000000000001be04        0x4 60000000
 .text.rsxSetRestartIndexEnable
                0x000000000001be08       0xa4 /usr/local/ps3dev/ppu/lib/librsx.a(commands.o)
 *fill*         0x000000000001beac        0x4 60000000
 .text.rsxSetRestartIndex
                0x000000000001beb0       0xa4 /usr/local/ps3dev/ppu/lib/librsx.a(commands.o)
 *fill*         0x000000000001bf54        0x4 60000000
 .text.rsxSetScissor
                0x000000000001bf58       0xd4 /usr/local/ps3dev/ppu/lib/librsx.a(commands.o)
 *fill*         0x000000000001c02c        0x4 60000000
 .text.rsxSetAntialiasingControl
                0x000000000001c030       0xd4 /usr/local/ps3dev/ppu/lib/librsx.a(commands.o)
 *fill*         0x000000000001c104        0x4 60000000
 .text.rsxInlineTransfer
                0x000000000001c108      0x23c /usr/local/ps3dev/ppu/lib/librsx.a(commands.o)
 *fill*         0x000000000001c344        0x4 60000000
 .text.rsxSetFragmentProgramParameter
                0x000000000001c348      0x5d8 /usr/local/ps3dev/ppu/lib/librsx.a(commands.o)
 .text.rsxSetAlphaFunc
                0x000000000001c920       0xb4 /usr/local/ps3dev/ppu/lib/librsx.a(commands.o)
 *fill*         0x000000000001c9d4        0x4 60000000
 .text.rsxSetAlphaTestEnable
                0x000000000001c9d8       0xa4 /usr/local/ps3dev/ppu/lib/librsx.a(commands.o)
 *fill*         0x000000000001ca7c        0x4 60000000
 .text.rsxSetBlendFunc
                0x000000000001ca80       0xd4 /usr/local/ps3dev/ppu/lib/librsx.a(commands.o)
 *fill*         0x000000000001cb54        0x4 60000000
 .text.rsxSetBlendEquation
                0x000000000001cb58       0xb4 /usr/local/ps3dev/ppu/lib/librsx.a(commands.o)
 *fill*         0x000000000001cc0c        0x4 60000000
 .text.rsxSetBlendColor
                0x000000000001cc10       0xbc /usr/local/ps3dev/ppu/lib/librsx.a(commands.o)
 *fill*         0x000000000001cccc        0x4 60000000
 .text.rsxSetBlendEnable
                0x000000000001ccd0       0xa4 /usr/local/ps3dev/ppu/lib/librsx.a(commands.o)
 *fill*         0x000000000001cd74        0x4 60000000
 .text.rsxSetBlendOptimization
                0x000000000001cd78       0xa4 /usr/local/ps3dev/ppu/lib/librsx.a(commands.o)
 *fill*         0x000000000001ce1c        0x4 60000000
 .text.rsxSetBlendEnableMrt
                0x000000000001ce20       0xcc /usr/local/ps3dev/ppu/lib/librsx.a(commands.o)
 *fill*         0x000000000001ceec        0x4 60000000
 .text.rsxSetLogicOp
                0x000000000001cef0       0xa4 /usr/local/ps3dev/ppu/lib/librsx.a(commands.o)
 *fill*         0x000000000001cf94        0x4 60000000
 .text.rsxSetLogicOpEnable
                0x000000000001cf98       0xa4 /usr/local/ps3dev/ppu/lib/librsx.a(commands.o)
 *fill*         0x000000000001d03c        0x4 60000000
 .text.rsxSetFogMode
                0x000000000001d040       0xa4 /usr/local/ps3dev/ppu/lib/librsx.a(commands.o)
 *fill*         0x000000000001d0e4        0x4 60000000
 .text.rsxSetFogParams
                0x000000000001d0e8       0xc0 /usr/local/ps3dev/ppu/lib/librsx.a(commands.o)
 .text.rsxSetTransformBranchBits
                0x000000000001d1a8       0xa4 /usr/local/ps3dev/ppu/lib/librsx.a(commands.o)
 *fill*         0x000000000001d24c        0x4 60000000
 .text.rsxSetPointSpriteControl
                0x000000000001d250       0xd4 /usr/local/ps3dev/ppu/lib/librsx.a(commands.o)
 *fill*         0x000000000001d324        0x4 60000000
 .text.rsxSetPointSize
                0x000000000001d328       0xac /usr/local/ps3dev/ppu/lib/librsx.a(commands.o)
 *fill*         0x000000000001d3d4        0x4 60000000
 .text.rsxSetTransferData
                0x000000000001d3d8      0x244 /usr/local/ps3dev/ppu/lib/librsx.a(commands.o)
 *fill*         0x000000000001d61c        0x4 60000000
 .text.rsxSetConvertSwizzleFormatUnsafe
                0x000000000001d620      0x7a8 /usr/local/ps3dev/ppu/lib/librsx.a(commands.o)
 .text.rsxSetTransferDataMode
                0x000000000001ddc8       0xec /usr/local/ps3dev/ppu/lib/librsx.a(commands.o)
 *fill*         0x000000000001deb4        0x4 60000000
 .text.rsxSetTransferDataOffset
                0x000000000001deb8      0x12c /usr/local/ps3dev/ppu/lib/librsx.a(commands.o)
 *fill*         0x000000000001dfe4        0x4 60000000
 .text.rsxSetTransferDataFormat
                0x000000000001dfe8       0xe4 /usr/local/ps3dev/ppu/lib/librsx.a(commands.o)
 *fill*         0x000000000001e0cc        0x4 60000000
 .text.rsxSetTransferImage
                0x000000000001e0d0      0x43c /usr/local/ps3dev/ppu/lib/librsx.a(commands.o)
 *fill*         0x000000000001e50c        0x4 60000000
 .text.rsxSetTransferScaleMode
                0x000000000001e510      0x178 /usr/local/ps3dev/ppu/lib/librsx.a(commands.o)
 .text.rsxSetTransferScaleSurface
                0x000000000001e688      0x1bc /usr/local/ps3dev/ppu/lib/librsx.a(commands.o)
 *fill*         0x000000000001e844        0x4 60000000
 .text.rsxSetTransferScaleSwizzle
                0x000000000001e848      0x1bc /usr/local/ps3dev/ppu/lib/librsx.a(commands.o)
 *fill*         0x000000000001ea04        0x4 60000000
 .text.rsxSetConvertSwizzleFormat
                0x000000000001ea08      0x750 /usr/local/ps3dev/ppu/lib/librsx.a(commands.o)
 .text.rsxSetTimeStamp
                0x000000000001f158       0xac /usr/local/ps3dev/ppu/lib/librsx.a(commands.o)
 *fill*         0x000000000001f204        0x4 60000000
 .text.rsxSetWaitForIdle
                0x000000000001f208       0x98 /usr/local/ps3dev/ppu/lib/librsx.a(commands.o)
 .text          0x000000000001f2a0        0x0 /usr/local/ps3dev/ppu/lib/librsx.a(mm.o)
 .text.rsxHeapInit
                0x000000000001f2a0       0x80 /usr/local/ps3dev/ppu/lib/librsx.a(mm.o)
 .text.rsxMemalign
                0x000000000001f320       0x58 /usr/local/ps3dev/ppu/lib/librsx.a(mm.o)
 .text.rsxMalloc
                0x000000000001f378       0x58 /usr/local/ps3dev/ppu/lib/librsx.a(mm.o)
 .text.rsxFree  0x000000000001f3d0       0x48 /usr/local/ps3dev/ppu/lib/librsx.a(mm.o)
 .text          0x000000000001f418        0x0 /usr/local/ps3dev/ppu/lib/librsx.a(vertex_program.o)
 .text.rsxVertexProgramGetUCode
                0x000000000001f418       0x28 /usr/local/ps3dev/ppu/lib/librsx.a(vertex_program.o)
 .text.rsxVertexProgramGetNumConst
                0x000000000001f440       0x14 /usr/local/ps3dev/ppu/lib/librsx.a(vertex_program.o)
 *fill*         0x000000000001f454        0x4 60000000
 .text.rsxVertexProgramGetNumAttrib
                0x000000000001f458       0x14 /usr/local/ps3dev/ppu/lib/librsx.a(vertex_program.o)
 *fill*         0x000000000001f46c        0x4 60000000
 .text.rsxVertexProgramGetConsts
                0x000000000001f470       0x30 /usr/local/ps3dev/ppu/lib/librsx.a(vertex_program.o)
 .text.rsxVertexProgramGetConst
                0x000000000001f4a0       0x74 /usr/local/ps3dev/ppu/lib/librsx.a(vertex_program.o)
 *fill*         0x000000000001f514        0x4 60000000
 .text.rsxVertexProgramGetAttribs
                0x000000000001f518       0x30 /usr/local/ps3dev/ppu/lib/librsx.a(vertex_program.o)
 .text.rsxVertexProgramGetAttrib
                0x000000000001f548       0x30 /usr/local/ps3dev/ppu/lib/librsx.a(vertex_program.o)
 .text          0x000000000001f578        0x0 /usr/local/ps3dev/ppu/lib/librsx.a(fragment_program.o)
 .text.rsxFragmentProgramGetUCode
                0x000000000001f578       0x28 /usr/local/ps3dev/ppu/lib/librsx.a(fragment_program.o)
 .text.rsxFragmentProgramGetNumConst
                0x000000000001f5a0       0x14 /usr/local/ps3dev/ppu/lib/librsx.a(fragment_program.o)
 *fill*         0x000000000001f5b4        0x4 60000000
 .text.rsxFragmentProgramGetConsts
                0x000000000001f5b8       0x30 /usr/local/ps3dev/ppu/lib/librsx.a(fragment_program.o)
 .text.rsxFragmentProgramGetConst
                0x000000000001f5e8       0x74 /usr/local/ps3dev/ppu/lib/librsx.a(fragment_program.o)
 *fill*         0x000000000001f65c        0x4 60000000
 .text.rsxFragmentProgramGetNumAttrib
                0x000000000001f660       0x14 /usr/local/ps3dev/ppu/lib/librsx.a(fragment_program.o)
 *fill*         0x000000000001f674        0x4 60000000
 .text.rsxFragmentProgramGetAttribs
                0x000000000001f678       0x30 /usr/local/ps3dev/ppu/lib/librsx.a(fragment_program.o)
 .text.rsxFragmentProgramGetAttrib
                0x000000000001f6a8       0x30 /usr/local/ps3dev/ppu/lib/librsx.a(fragment_program.o)
 .text.rsxFragmentProgramGetConstOffsetTable
                0x000000000001f6d8       0x14 /usr/local/ps3dev/ppu/lib/librsx.a(fragment_program.o)
 .text          0x000000000001f6ec        0x0 /usr/local/ps3dev/ppu/lib/librsx.a(rsx_internal.o)
 *fill*         0x000000000001f6ec        0x4 60000000
 .text.__rsxGetAttrs
                0x000000000001f6f0       0x18 /usr/local/ps3dev/ppu/lib/librsx.a(rsx_internal.o)
 .text.__rsxGetAttr
                0x000000000001f708       0xcc /usr/local/ps3dev/ppu/lib/librsx.a(rsx_internal.o)
 *fill*         0x000000000001f7d4        0x4 60000000
 .text.__rsxGetConsts
                0x000000000001f7d8       0x18 /usr/local/ps3dev/ppu/lib/librsx.a(rsx_internal.o)
 .text.__rsxGetConstIndex
                0x000000000001f7f0       0xbc /usr/local/ps3dev/ppu/lib/librsx.a(rsx_internal.o)
 .text          0x000000000001f8ac        0x0 /usr/local/ps3dev/ppu/lib/libsysutil.a(sprx.o)
 .text          0x000000000001f8ac        0x0 /usr/local/ps3dev/ppu/lib/libio.a(sprx.o)
 .text          0x000000000001f8ac        0x0 /usr/local/ps3dev/ppu/lib/librt.a(sbrk.o)
 *fill*         0x000000000001f8ac        0x4 60000000
 .text.startup.sbrk_init
                0x000000000001f8b0       0xb8 /usr/local/ps3dev/ppu/lib/librt.a(sbrk.o)
 .text.sbrk_deinit
                0x000000000001f968       0xc8 /usr/local/ps3dev/ppu/lib/librt.a(sbrk.o)
 .text.__librt_sbrk_r
                0x000000000001fa30      0x2f4 /usr/local/ps3dev/ppu/lib/librt.a(sbrk.o)
 .text          0x000000000001fd24        0x0 /usr/local/ps3dev/ppu/lib/librt.a(exit.o)
 *fill*         0x000000000001fd24        0x4 60000000
 .text.__librt_exit
                0x000000000001fd28       0x30 /usr/local/ps3dev/ppu/lib/librt.a(exit.o)
 .text          0x000000000001fd58        0x0 /usr/local/ps3dev/ppu/lib/librt.a(close.o)
 .text.__librt_close_r
                0x000000000001fd58       0x88 /usr/local/ps3dev/ppu/lib/librt.a(close.o)
 .text          0x000000000001fde0        0x0 /usr/local/ps3dev/ppu/lib/librt.a(lseek.o)
 .text.__librt_lseek_r
                0x000000000001fde0       0x8c /usr/local/ps3dev/ppu/lib/librt.a(lseek.o)
 *fill*         0x000000000001fe6c        0x4 60000000
 .text.__librt_lseek64_r
                0x000000000001fe70       0x10 /usr/local/ps3dev/ppu/lib/librt.a(lseek.o)
 .text          0x000000000001fe80        0x0 /usr/local/ps3dev/ppu/lib/librt.a(read.o)
 .text.__librt_read_r
                0x000000000001fe80      0x10c /usr/local/ps3dev/ppu/lib/librt.a(read.o)
 .text          0x000000000001ff8c        0x0 /usr/local/ps3dev/ppu/lib/librt.a(open.o)
 *fill*         0x000000000001ff8c        0x4 60000000
 .text.__librt_open_r
                0x000000000001ff90      0x180 /usr/local/ps3dev/ppu/lib/librt.a(open.o)
 .text          0x0000000000020110        0x0 /usr/local/ps3dev/ppu/lib/librt.a(sleep.o)
 .text.__librt_usleep_r
                0x0000000000020110       0x50 /usr/local/ps3dev/ppu/lib/librt.a(sleep.o)
 .text.__librt_sleep_r
                0x0000000000020160       0x6c /usr/local/ps3dev/ppu/lib/librt.a(sleep.o)
 .text          0x00000000000201cc        0x0 /usr/local/ps3dev/ppu/lib/librt.a(write.o)
 *fill*         0x00000000000201cc        0x4 60000000
 .text.__librt_write_r
                0x00000000000201d0      0x104 /usr/local/ps3dev/ppu/lib/librt.a(write.o)
 .text          0x00000000000202d4        0x0 /usr/local/ps3dev/ppu/lib/librt.a(fstat.o)
 *fill*         0x00000000000202d4        0x4 60000000
 .text.__librt_fstat_r
                0x00000000000202d8       0xd0 /usr/local/ps3dev/ppu/lib/librt.a(fstat.o)
 .text.__librt_fstat64_r
                0x00000000000203a8       0x10 /usr/local/ps3dev/ppu/lib/librt.a(fstat.o)
 .text.__librt_stat_r
                0x00000000000203b8       0xd0 /usr/local/ps3dev/ppu/lib/librt.a(fstat.o)
 .text.__librt_stat64_r
                0x0000000000020488       0x10 /usr/local/ps3dev/ppu/lib/librt.a(fstat.o)
 .text          0x0000000000020498        0x0 /usr/local/ps3dev/ppu/lib/librt.a(socket.o)
 .text.accept   0x0000000000020498       0xe0 /usr/local/ps3dev/ppu/lib/librt.a(socket.o)
 .text.bind     0x0000000000020578       0x44 /usr/local/ps3dev/ppu/lib/librt.a(socket.o)
 *fill*         0x00000000000205bc        0x4 60000000
 .text.connect  0x00000000000205c0       0x44 /usr/local/ps3dev/ppu/lib/librt.a(socket.o)
 *fill*         0x0000000000020604        0x4 60000000
 .text.listen   0x0000000000020608       0x44 /usr/local/ps3dev/ppu/lib/librt.a(socket.o)
 *fill*         0x000000000002064c        0x4 60000000
 .text.socket   0x0000000000020650       0x5c /usr/local/ps3dev/ppu/lib/librt.a(socket.o)
 *fill*         0x00000000000206ac        0x4 60000000
 .text.send     0x00000000000206b0       0x4c /usr/local/ps3dev/ppu/lib/librt.a(socket.o)
 *fill*         0x00000000000206fc        0x4 60000000
 .text.sendto   0x0000000000020700       0x44 /usr/local/ps3dev/ppu/lib/librt.a(socket.o)
 *fill*         0x0000000000020744        0x4 60000000
 .text.recv     0x0000000000020748       0x4c /usr/local/ps3dev/ppu/lib/librt.a(socket.o)
 *fill*         0x0000000000020794        0x4 60000000
 .text.recvfrom
                0x0000000000020798       0xd8 /usr/local/ps3dev/ppu/lib/librt.a(socket.o)
 .text.shutdown
                0x0000000000020870       0x44 /usr/local/ps3dev/ppu/lib/librt.a(socket.o)
 *fill*         0x00000000000208b4        0x4 60000000
 .text.inet_aton
                0x00000000000208b8       0xbc /usr/local/ps3dev/ppu/lib/librt.a(socket.o)
 *fill*         0x0000000000020974        0x4 60000000
 .text.inet_pton
                0x0000000000020978       0x48 /usr/local/ps3dev/ppu/lib/librt.a(socket.o)
 .text.select   0x00000000000209c0       0x3c /usr/local/ps3dev/ppu/lib/librt.a(socket.o)
 *fill*         0x00000000000209fc        0x4 60000000
 .text.closesocket
                0x0000000000020a00       0x44 /usr/local/ps3dev/ppu/lib/librt.a(socket.o)
 .text          0x0000000000020a44        0x0 /usr/local/ps3dev/ppu/lib/librt.a(lock.o)
 *fill*         0x0000000000020a44        0x4 60000000
 .text.__librt_sys_lwmutex_create_r
                0x0000000000020a48       0x38 /usr/local/ps3dev/ppu/lib/librt.a(lock.o)
 .text.__librt_sys_lwmutex_destroy_r
                0x0000000000020a80       0x34 /usr/local/ps3dev/ppu/lib/librt.a(lock.o)
 *fill*         0x0000000000020ab4        0x4 60000000
 .text.__librt_sys_lwmutex_lock_r
                0x0000000000020ab8       0x38 /usr/local/ps3dev/ppu/lib/librt.a(lock.o)
 .text.__librt_sys_lwmutex_trylock_r
                0x0000000000020af0       0x34 /usr/local/ps3dev/ppu/lib/librt.a(lock.o)
 *fill*         0x0000000000020b24        0x4 60000000
 .text.__librt_sys_lwmutex_unlock_r
                0x0000000000020b28       0x34 /usr/local/ps3dev/ppu/lib/librt.a(lock.o)
 .text          0x0000000000020b5c        0x0 /usr/local/ps3dev/ppu/lib/librt.a(dirent.o)
 *fill*         0x0000000000020b5c        0x4 60000000
 .text.readdir_i
                0x0000000000020b60      0x10c /usr/local/ps3dev/ppu/lib/librt.a(dirent.o)
 *fill*         0x0000000000020c6c        0x4 60000000
 .text.__librt_opendir_r
                0x0000000000020c70      0x114 /usr/local/ps3dev/ppu/lib/librt.a(dirent.o)
 *fill*         0x0000000000020d84        0x4 60000000
 .text.__librt_readdir_r
                0x0000000000020d88       0x84 /usr/local/ps3dev/ppu/lib/librt.a(dirent.o)
 *fill*         0x0000000000020e0c        0x4 60000000
 .text.__librt_readdir_r_r
                0x0000000000020e10       0x58 /usr/local/ps3dev/ppu/lib/librt.a(dirent.o)
 .text.__librt_closedir_r
                0x0000000000020e68       0x84 /usr/local/ps3dev/ppu/lib/librt.a(dirent.o)
 *fill*         0x0000000000020eec        0x4 60000000
 .text.__librt_telldir_r
                0x0000000000020ef0       0x24 /usr/local/ps3dev/ppu/lib/librt.a(dirent.o)
 *fill*         0x0000000000020f14        0x4 60000000
 .text.__librt_rewinddir_r
                0x0000000000020f18       0x18 /usr/local/ps3dev/ppu/lib/librt.a(dirent.o)
 .text.__librt_seekdir_r
                0x0000000000020f30       0x18 /usr/local/ps3dev/ppu/lib/librt.a(dirent.o)
 .text          0x0000000000020f48        0x0 /usr/local/ps3dev/ppu/lib/librt.a(mkdir.o)
 .text.__librt_mkdir_r
                0x0000000000020f48       0x60 /usr/local/ps3dev/ppu/lib/librt.a(mkdir.o)
 .text          0x0000000000020fa8        0x0 /usr/local/ps3dev/ppu/lib/librt.a(times.o)
 .text.__librt_times_r
                0x0000000000020fa8       0x1c /usr/local/ps3dev/ppu/lib/librt.a(times.o)
 .text          0x0000000000020fc4        0x0 /usr/local/ps3dev/ppu/lib/librt.a(umask.o)
 *fill*         0x0000000000020fc4        0x4 60000000
 .text.__librt_umask_r
                0x0000000000020fc8       0x20 /usr/local/ps3dev/ppu/lib/librt.a(umask.o)
 .text          0x0000000000020fe8        0x0 /usr/local/ps3dev/ppu/lib/librt.a(lv2errno.o)
 .text.lv2error
                0x0000000000020fe8      0x434 /usr/local/ps3dev/ppu/lib/librt.a(lv2errno.o)
 *fill*         0x000000000002141c        0x4 60000000
 .text.lv2errno
                0x0000000000021420       0x68 /usr/local/ps3dev/ppu/lib/librt.a(lv2errno.o)
 .text.lv2errno_r
                0x0000000000021488       0x58 /usr/local/ps3dev/ppu/lib/librt.a(lv2errno.o)
 .text          0x00000000000214e0        0x0 /usr/local/ps3dev/ppu/lib/librt.a(heap.o)
 .text.__heap_block_split.isra.2
                0x00000000000214e0      0x104 /usr/local/ps3dev/ppu/lib/librt.a(heap.o)
 *fill*         0x00000000000215e4        0x4 60000000
 .text.heapInit
                0x00000000000215e8      0x128 /usr/local/ps3dev/ppu/lib/librt.a(heap.o)
 .text.heapAllocateAligned
                0x0000000000021710      0x230 /usr/local/ps3dev/ppu/lib/librt.a(heap.o)
 .text.heapAllocate
                0x0000000000021940       0x14 /usr/local/ps3dev/ppu/lib/librt.a(heap.o)
 *fill*         0x0000000000021954        0x4 60000000
 .text.heapFree
                0x0000000000021958      0x1fc /usr/local/ps3dev/ppu/lib/librt.a(heap.o)
 .text          0x0000000000021b54        0x0 /usr/local/ps3dev/ppu/lib/librt.a(chmod.o)
 *fill*         0x0000000000021b54        0x4 60000000
 .text.__librt_chmod_r
                0x0000000000021b58       0x54 /usr/local/ps3dev/ppu/lib/librt.a(chmod.o)
 .text          0x0000000000021bac        0x0 /usr/local/ps3dev/ppu/lib/librt.a(rename.o)
 *fill*         0x0000000000021bac        0x4 60000000
 .text.__librt_rename_r
                0x0000000000021bb0       0x54 /usr/local/ps3dev/ppu/lib/librt.a(rename.o)
 .text          0x0000000000021c04        0x0 /usr/local/ps3dev/ppu/lib/librt.a(rmdir.o)
 *fill*         0x0000000000021c04        0x4 60000000
 .text.__librt_rmdir_r
                0x0000000000021c08       0x50 /usr/local/ps3dev/ppu/lib/librt.a(rmdir.o)
 .text          0x0000000000021c58        0x0 /usr/local/ps3dev/ppu/lib/librt.a(isatty.o)
 .text.__librt_isatty_r
                0x0000000000021c58       0x2c /usr/local/ps3dev/ppu/lib/librt.a(isatty.o)
 .text          0x0000000000021c84        0x0 /usr/local/ps3dev/ppu/lib/librt.a(gettod.o)
 *fill*         0x0000000000021c84        0x4 60000000
 .text.__librt_gettod_r
                0x0000000000021c88       0xb8 /usr/local/ps3dev/ppu/lib/librt.a(gettod.o)
 .text          0x0000000000021d40        0x0 /usr/local/ps3dev/ppu/lib/librt.a(settod.o)
 .text.__librt_settod_r
                0x0000000000021d40       0x58 /usr/local/ps3dev/ppu/lib/librt.a(settod.o)
 .text          0x0000000000021d98        0x0 /usr/local/ps3dev/ppu/lib/librt.a(unlink.o)
 .text.__librt_unlink_r
                0x0000000000021d98       0x50 /usr/local/ps3dev/ppu/lib/librt.a(unlink.o)
 .text          0x0000000000021de8        0x0 /usr/local/ps3dev/ppu/lib/librt.a(link.o)
 .text.__librt_link_r
                0x0000000000021de8       0x54 /usr/local/ps3dev/ppu/lib/librt.a(link.o)
 .text          0x0000000000021e3c        0x0 /usr/local/ps3dev/ppu/lib/librt.a(truncate.o)
 *fill*         0x0000000000021e3c        0x4 60000000
 .text.__librt_truncate_r
                0x0000000000021e40       0x54 /usr/local/ps3dev/ppu/lib/librt.a(truncate.o)
 *fill*         0x0000000000021e94        0x4 60000000
 .text.__librt_ftruncate_r
                0x0000000000021e98       0x54 /usr/local/ps3dev/ppu/lib/librt.a(truncate.o)
 .text          0x0000000000021eec        0x0 /usr/local/ps3dev/ppu/lib/librt.a(fsync.o)
 *fill*         0x0000000000021eec        0x4 60000000
 .text.__librt_fsync_r
                0x0000000000021ef0       0x50 /usr/local/ps3dev/ppu/lib/librt.a(fsync.o)
 .text          0x0000000000021f40        0x0 /usr/local/ps3dev/ppu/lib/librt.a(utime.o)
 .text.__librt_utime_r
                0x0000000000021f40       0xbc /usr/local/ps3dev/ppu/lib/librt.a(utime.o)
 .text          0x0000000000021ffc        0x0 /usr/local/ps3dev/ppu/lib/librt.a(globfile.o)
 *fill*         0x0000000000021ffc        0x4 60000000
 .text.resolve_path
                0x0000000000022000      0x188 /usr/local/ps3dev/ppu/lib/librt.a(globfile.o)
 .text.flattenDirectory.constprop.0
                0x0000000000022188      0x2d0 /usr/local/ps3dev/ppu/lib/librt.a(globfile.o)
 .text.startup.__glob_file_init
                0x0000000000022458       0x3c /usr/local/ps3dev/ppu/lib/librt.a(globfile.o)
 *fill*         0x0000000000022494        0x4 60000000
 .text.__full_path
                0x0000000000022498      0x12c /usr/local/ps3dev/ppu/lib/librt.a(globfile.o)
 *fill*         0x00000000000225c4        0x4 60000000
 .text.__librt_chdir_r
                0x00000000000225c8       0xbc /usr/local/ps3dev/ppu/lib/librt.a(globfile.o)
 *fill*         0x0000000000022684        0x4 60000000
 .text.__librt_getcwd_r
                0x0000000000022688       0xc0 /usr/local/ps3dev/ppu/lib/librt.a(globfile.o)
 .text          0x0000000000022748        0x0 /usr/local/ps3dev/ppu/lib/liblv2.a(sprx.o)
 .text          0x0000000000022748        0x0 /usr/local/ps3dev/ppu/lib/gcc/powerpc64-ps3-elf/7.2.0/../../../../powerpc64-ps3-elf/lib/libsysbase.a(syscalls.o)
 .text          0x0000000000022748        0x0 /usr/local/ps3dev/ppu/lib/gcc/powerpc64-ps3-elf/7.2.0/../../../../powerpc64-ps3-elf/lib/libsysbase.a(sleep.o)
 .text.usleep   0x0000000000022748       0x80 /usr/local/ps3dev/ppu/lib/gcc/powerpc64-ps3-elf/7.2.0/../../../../powerpc64-ps3-elf/lib/libsysbase.a(sleep.o)
 .text.sleep    0x00000000000227c8       0x84 /usr/local/ps3dev/ppu/lib/gcc/powerpc64-ps3-elf/7.2.0/../../../../powerpc64-ps3-elf/lib/libsysbase.a(sleep.o)
 .text          0x000000000002284c        0x0 /usr/local/ps3dev/ppu/lib/gcc/powerpc64-ps3-elf/7.2.0/../../../../powerpc64-ps3-elf/lib/libc.a(lib_a-calloc.o)
 *fill*         0x000000000002284c        0x4 60000000
 .text.calloc   0x0000000000022850       0x58 /usr/local/ps3dev/ppu/lib/gcc/powerpc64-ps3-elf/7.2.0/../../../../powerpc64-ps3-elf/lib/libc.a(lib_a-calloc.o)
 .text          0x00000000000228a8        0x0 /usr/local/ps3dev/ppu/lib/gcc/powerpc64-ps3-elf/7.2.0/../../../../powerpc64-ps3-elf/lib/libc.a(lib_a-callocr.o)
 .text._calloc_r
                0x00000000000228a8       0xdc /usr/local/ps3dev/ppu/lib/gcc/powerpc64-ps3-elf/7.2.0/../../../../powerpc64-ps3-elf/lib/libc.a(lib_a-callocr.o)
 .text          0x0000000000022984        0x0 /usr/local/ps3dev/ppu/lib/gcc/powerpc64-ps3-elf/7.2.0/../../../../powerpc64-ps3-elf/lib/libc.a(lib_a-errno.o)
 *fill*         0x0000000000022984        0x4 60000000
 .text.__errno  0x0000000000022988       0x30 /usr/local/ps3dev/ppu/lib/gcc/powerpc64-ps3-elf/7.2.0/../../../../powerpc64-ps3-elf/lib/libc.a(lib_a-errno.o)
 .text          0x00000000000229b8        0x0 /usr/local/ps3dev/ppu/lib/gcc/powerpc64-ps3-elf/7.2.0/../../../../powerpc64-ps3-elf/lib/libc.a(lib_a-exit.o)
 .text.exit     0x00000000000229b8       0x68 /usr/local/ps3dev/ppu/lib/gcc/powerpc64-ps3-elf/7.2.0/../../../../powerpc64-ps3-elf/lib/libc.a(lib_a-exit.o)
 .text          0x0000000000022a20        0x0 /usr/local/ps3dev/ppu/lib/gcc/powerpc64-ps3-elf/7.2.0/../../../../powerpc64-ps3-elf/lib/libc.a(lib_a-fclose.o)
 .text._fclose_r
                0x0000000000022a20      0x1e8 /usr/local/ps3dev/ppu/lib/gcc/powerpc64-ps3-elf/7.2.0/../../../../powerpc64-ps3-elf/lib/libc.a(lib_a-fclose.o)
 .text.fclose   0x0000000000022c08       0x40 /usr/local/ps3dev/ppu/lib/gcc/powerpc64-ps3-elf/7.2.0/../../../../powerpc64-ps3-elf/lib/libc.a(lib_a-fclose.o)
 .text          0x0000000000022c48        0x0 /usr/local/ps3dev/ppu/lib/gcc/powerpc64-ps3-elf/7.2.0/../../../../powerpc64-ps3-elf/lib/libc.a(lib_a-fflush.o)
 .text.__sflush_r
                0x0000000000022c48      0x3d0 /usr/local/ps3dev/ppu/lib/gcc/powerpc64-ps3-elf/7.2.0/../../../../powerpc64-ps3-elf/lib/libc.a(lib_a-fflush.o)
 .text._fflush_r
                0x0000000000023018      0x124 /usr/local/ps3dev/ppu/lib/gcc/powerpc64-ps3-elf/7.2.0/../../../../powerpc64-ps3-elf/lib/libc.a(lib_a-fflush.o)
 *fill*         0x000000000002313c        0x4 60000000
 .text.fflush   0x0000000000023140       0x70 /usr/local/ps3dev/ppu/lib/gcc/powerpc64-ps3-elf/7.2.0/../../../../powerpc64-ps3-elf/lib/libc.a(lib_a-fflush.o)
 .text          0x00000000000231b0        0x0 /usr/local/ps3dev/ppu/lib/gcc/powerpc64-ps3-elf/7.2.0/../../../../powerpc64-ps3-elf/lib/libc.a(lib_a-findfp.o)
 .text._cleanup_r
                0x00000000000231b0       0x34 /usr/local/ps3dev/ppu/lib/gcc/powerpc64-ps3-elf/7.2.0/../../../../powerpc64-ps3-elf/lib/libc.a(lib_a-findfp.o)
 *fill*         0x00000000000231e4        0x4 60000000
 .text.__fp_lock
                0x00000000000231e8       0x50 /usr/local/ps3dev/ppu/lib/gcc/powerpc64-ps3-elf/7.2.0/../../../../powerpc64-ps3-elf/lib/libc.a(lib_a-findfp.o)
 .text.__fp_unlock
                0x0000000000023238       0x50 /usr/local/ps3dev/ppu/lib/gcc/powerpc64-ps3-elf/7.2.0/../../../../powerpc64-ps3-elf/lib/libc.a(lib_a-findfp.o)
 .text.std.isra.0
                0x0000000000023288       0x9c /usr/local/ps3dev/ppu/lib/gcc/powerpc64-ps3-elf/7.2.0/../../../../powerpc64-ps3-elf/lib/libc.a(lib_a-findfp.o)
 *fill*         0x0000000000023324        0x4 60000000
 .text.__sfmoreglue
                0x0000000000023328       0x88 /usr/local/ps3dev/ppu/lib/gcc/powerpc64-ps3-elf/7.2.0/../../../../powerpc64-ps3-elf/lib/libc.a(lib_a-findfp.o)
 .text._cleanup
                0x00000000000233b0       0x3c /usr/local/ps3dev/ppu/lib/gcc/powerpc64-ps3-elf/7.2.0/../../../../powerpc64-ps3-elf/lib/libc.a(lib_a-findfp.o)
 *fill*         0x00000000000233ec        0x4 60000000
 .text.__sinit  0x00000000000233f0       0xbc /usr/local/ps3dev/ppu/lib/gcc/powerpc64-ps3-elf/7.2.0/../../../../powerpc64-ps3-elf/lib/libc.a(lib_a-findfp.o)
 *fill*         0x00000000000234ac        0x4 60000000
 .text.__sfp    0x00000000000234b0      0x190 /usr/local/ps3dev/ppu/lib/gcc/powerpc64-ps3-elf/7.2.0/../../../../powerpc64-ps3-elf/lib/libc.a(lib_a-findfp.o)
 .text.__sfp_lock_acquire
                0x0000000000023640       0x34 /usr/local/ps3dev/ppu/lib/gcc/powerpc64-ps3-elf/7.2.0/../../../../powerpc64-ps3-elf/lib/libc.a(lib_a-findfp.o)
 *fill*         0x0000000000023674        0x4 60000000
 .text.__sfp_lock_release
                0x0000000000023678       0x34 /usr/local/ps3dev/ppu/lib/gcc/powerpc64-ps3-elf/7.2.0/../../../../powerpc64-ps3-elf/lib/libc.a(lib_a-findfp.o)
 *fill*         0x00000000000236ac        0x4 60000000
 .text.__sinit_lock_acquire
                0x00000000000236b0       0x34 /usr/local/ps3dev/ppu/lib/gcc/powerpc64-ps3-elf/7.2.0/../../../../powerpc64-ps3-elf/lib/libc.a(lib_a-findfp.o)
 *fill*         0x00000000000236e4        0x4 60000000
 .text.__sinit_lock_release
                0x00000000000236e8       0x34 /usr/local/ps3dev/ppu/lib/gcc/powerpc64-ps3-elf/7.2.0/../../../../powerpc64-ps3-elf/lib/libc.a(lib_a-findfp.o)
 *fill*         0x000000000002371c        0x4 60000000
 .text.__fp_lock_all
                0x0000000000023720       0x48 /usr/local/ps3dev/ppu/lib/gcc/powerpc64-ps3-elf/7.2.0/../../../../powerpc64-ps3-elf/lib/libc.a(lib_a-findfp.o)
 .text.__fp_unlock_all
                0x0000000000023768       0x48 /usr/local/ps3dev/ppu/lib/gcc/powerpc64-ps3-elf/7.2.0/../../../../powerpc64-ps3-elf/lib/libc.a(lib_a-findfp.o)
 .text          0x00000000000237b0        0x0 /usr/local/ps3dev/ppu/lib/gcc/powerpc64-ps3-elf/7.2.0/../../../../powerpc64-ps3-elf/lib/libc.a(lib_a-fopen.o)
 .text._fopen_r
                0x00000000000237b0      0x1cc /usr/local/ps3dev/ppu/lib/gcc/powerpc64-ps3-elf/7.2.0/../../../../powerpc64-ps3-elf/lib/libc.a(lib_a-fopen.o)
 *fill*         0x000000000002397c        0x4 60000000
 .text.fopen    0x0000000000023980       0x50 /usr/local/ps3dev/ppu/lib/gcc/powerpc64-ps3-elf/7.2.0/../../../../powerpc64-ps3-elf/lib/libc.a(lib_a-fopen.o)
 .text          0x00000000000239d0        0x0 /usr/local/ps3dev/ppu/lib/gcc/powerpc64-ps3-elf/7.2.0/../../../../powerpc64-ps3-elf/lib/libc.a(lib_a-fread.o)
 .text._fread_r
                0x00000000000239d0      0x39c /usr/local/ps3dev/ppu/lib/gcc/powerpc64-ps3-elf/7.2.0/../../../../powerpc64-ps3-elf/lib/libc.a(lib_a-fread.o)
 *fill*         0x0000000000023d6c        0x4 60000000
 .text.fread    0x0000000000023d70       0x70 /usr/local/ps3dev/ppu/lib/gcc/powerpc64-ps3-elf/7.2.0/../../../../powerpc64-ps3-elf/lib/libc.a(lib_a-fread.o)
 .text          0x0000000000023de0        0x0 /usr/local/ps3dev/ppu/lib/gcc/powerpc64-ps3-elf/7.2.0/../../../../powerpc64-ps3-elf/lib/libc.a(lib_a-freer.o)
 .text._malloc_trim_r
                0x0000000000023de0      0x15c /usr/local/ps3dev/ppu/lib/gcc/powerpc64-ps3-elf/7.2.0/../../../../powerpc64-ps3-elf/lib/libc.a(lib_a-freer.o)
 *fill*         0x0000000000023f3c        0x4 60000000
 .text._free_r  0x0000000000023f40      0x3b0 /usr/local/ps3dev/ppu/lib/gcc/powerpc64-ps3-elf/7.2.0/../../../../powerpc64-ps3-elf/lib/libc.a(lib_a-freer.o)
 .text          0x00000000000242f0        0x0 /usr/local/ps3dev/ppu/lib/gcc/powerpc64-ps3-elf/7.2.0/../../../../powerpc64-ps3-elf/lib/libc.a(lib_a-fseek.o)
 .text._fseek_r
                0x00000000000242f0      0x6c4 /usr/local/ps3dev/ppu/lib/gcc/powerpc64-ps3-elf/7.2.0/../../../../powerpc64-ps3-elf/lib/libc.a(lib_a-fseek.o)
 *fill*         0x00000000000249b4        0x4 60000000
 .text.fseek    0x00000000000249b8       0x60 /usr/local/ps3dev/ppu/lib/gcc/powerpc64-ps3-elf/7.2.0/../../../../powerpc64-ps3-elf/lib/libc.a(lib_a-fseek.o)
 .text          0x0000000000024a18        0x0 /usr/local/ps3dev/ppu/lib/gcc/powerpc64-ps3-elf/7.2.0/../../../../powerpc64-ps3-elf/lib/libc.a(lib_a-fwalk.o)
 .text._fwalk   0x0000000000024a18      0x100 /usr/local/ps3dev/ppu/lib/gcc/powerpc64-ps3-elf/7.2.0/../../../../powerpc64-ps3-elf/lib/libc.a(lib_a-fwalk.o)
 .text._fwalk_reent
                0x0000000000024b18      0x110 /usr/local/ps3dev/ppu/lib/gcc/powerpc64-ps3-elf/7.2.0/../../../../powerpc64-ps3-elf/lib/libc.a(lib_a-fwalk.o)
 .text          0x0000000000024c28        0x0 /usr/local/ps3dev/ppu/lib/gcc/powerpc64-ps3-elf/7.2.0/../../../../powerpc64-ps3-elf/lib/libc.a(lib_a-getreent.o)
 .text.__getreent
                0x0000000000024c28      0x1b4 /usr/local/ps3dev/ppu/lib/gcc/powerpc64-ps3-elf/7.2.0/../../../../powerpc64-ps3-elf/lib/libc.a(lib_a-getreent.o)
 .text          0x0000000000024ddc        0x0 /usr/local/ps3dev/ppu/lib/gcc/powerpc64-ps3-elf/7.2.0/../../../../powerpc64-ps3-elf/lib/libc.a(lib_a-impure.o)
 .text          0x0000000000024ddc        0x0 /usr/local/ps3dev/ppu/lib/gcc/powerpc64-ps3-elf/7.2.0/../../../../powerpc64-ps3-elf/lib/libc.a(lib_a-lock_recursive.o)
 *fill*         0x0000000000024ddc        0x4 60000000
 .text.__libc_lock_init_recursive
                0x0000000000024de0       0x34 /usr/local/ps3dev/ppu/lib/gcc/powerpc64-ps3-elf/7.2.0/../../../../powerpc64-ps3-elf/lib/libc.a(lib_a-lock_recursive.o)
 *fill*         0x0000000000024e14        0x4 60000000
 .text.__libc_lock_close_recursive
                0x0000000000024e18       0x30 /usr/local/ps3dev/ppu/lib/gcc/powerpc64-ps3-elf/7.2.0/../../../../powerpc64-ps3-elf/lib/libc.a(lib_a-lock_recursive.o)
 .text.__libc_lock_acquire_recursive
                0x0000000000024e48       0x58 /usr/local/ps3dev/ppu/lib/gcc/powerpc64-ps3-elf/7.2.0/../../../../powerpc64-ps3-elf/lib/libc.a(lib_a-lock_recursive.o)
 .text.__libc_lock_try_acquire_recursive
                0x0000000000024ea0       0x54 /usr/local/ps3dev/ppu/lib/gcc/powerpc64-ps3-elf/7.2.0/../../../../powerpc64-ps3-elf/lib/libc.a(lib_a-lock_recursive.o)
 *fill*         0x0000000000024ef4        0x4 60000000
 .text.__libc_lock_release_recursive
                0x0000000000024ef8       0x54 /usr/local/ps3dev/ppu/lib/gcc/powerpc64-ps3-elf/7.2.0/../../../../powerpc64-ps3-elf/lib/libc.a(lib_a-lock_recursive.o)
 .text          0x0000000000024f4c        0x0 /usr/local/ps3dev/ppu/lib/gcc/powerpc64-ps3-elf/7.2.0/../../../../powerpc64-ps3-elf/lib/libc.a(lib_a-makebuf.o)
 *fill*         0x0000000000024f4c        0x4 60000000
 .text.__smakebuf_r
                0x0000000000024f50      0x1f4 /usr/local/ps3dev/ppu/lib/gcc/powerpc64-ps3-elf/7.2.0/../../../../powerpc64-ps3-elf/lib/libc.a(lib_a-makebuf.o)
 .text          0x0000000000025144        0x0 /usr/local/ps3dev/ppu/lib/gcc/powerpc64-ps3-elf/7.2.0/../../../../powerpc64-ps3-elf/lib/libc.a(lib_a-malign.o)
 *fill*         0x0000000000025144        0x4 60000000
 .text.memalign
                0x0000000000025148       0x58 /usr/local/ps3dev/ppu/lib/gcc/powerpc64-ps3-elf/7.2.0/../../../../powerpc64-ps3-elf/lib/libc.a(lib_a-malign.o)
 .text          0x00000000000251a0        0x0 /usr/local/ps3dev/ppu/lib/gcc/powerpc64-ps3-elf/7.2.0/../../../../powerpc64-ps3-elf/lib/libc.a(lib_a-malignr.o)
 .text._memalign_r
                0x00000000000251a0      0x224 /usr/local/ps3dev/ppu/lib/gcc/powerpc64-ps3-elf/7.2.0/../../../../powerpc64-ps3-elf/lib/libc.a(lib_a-malignr.o)
 .text          0x00000000000253c4        0x0 /usr/local/ps3dev/ppu/lib/gcc/powerpc64-ps3-elf/7.2.0/../../../../powerpc64-ps3-elf/lib/libc.a(lib_a-malloc.o)
 *fill*         0x00000000000253c4        0x4 60000000
 .text.malloc   0x00000000000253c8       0x48 /usr/local/ps3dev/ppu/lib/gcc/powerpc64-ps3-elf/7.2.0/../../../../powerpc64-ps3-elf/lib/libc.a(lib_a-malloc.o)
 .text.free     0x0000000000025410       0x48 /usr/local/ps3dev/ppu/lib/gcc/powerpc64-ps3-elf/7.2.0/../../../../powerpc64-ps3-elf/lib/libc.a(lib_a-malloc.o)
 .text          0x0000000000025458        0x0 /usr/local/ps3dev/ppu/lib/gcc/powerpc64-ps3-elf/7.2.0/../../../../powerpc64-ps3-elf/lib/libc.a(lib_a-mallocr.o)
 .text._malloc_r
                0x0000000000025458      0x9e4 /usr/local/ps3dev/ppu/lib/gcc/powerpc64-ps3-elf/7.2.0/../../../../powerpc64-ps3-elf/lib/libc.a(lib_a-mallocr.o)
 .text          0x0000000000025e3c        0x0 /usr/local/ps3dev/ppu/lib/gcc/powerpc64-ps3-elf/7.2.0/../../../../powerpc64-ps3-elf/lib/libc.a(lib_a-memcpy.o)
 *fill*         0x0000000000025e3c        0x4 60000000
 .text.memcpy   0x0000000000025e40      0x11c /usr/local/ps3dev/ppu/lib/gcc/powerpc64-ps3-elf/7.2.0/../../../../powerpc64-ps3-elf/lib/libc.a(lib_a-memcpy.o)
 .text          0x0000000000025f5c        0x0 /usr/local/ps3dev/ppu/lib/gcc/powerpc64-ps3-elf/7.2.0/../../../../powerpc64-ps3-elf/lib/libc.a(lib_a-memset.o)
 *fill*         0x0000000000025f5c        0x4 60000000
 .text.memset   0x0000000000025f60      0x138 /usr/local/ps3dev/ppu/lib/gcc/powerpc64-ps3-elf/7.2.0/../../../../powerpc64-ps3-elf/lib/libc.a(lib_a-memset.o)
 .text          0x0000000000026098        0x0 /usr/local/ps3dev/ppu/lib/gcc/powerpc64-ps3-elf/7.2.0/../../../../powerpc64-ps3-elf/lib/libc.a(lib_a-mlock.o)
 .text.__malloc_lock
                0x0000000000026098       0x34 /usr/local/ps3dev/ppu/lib/gcc/powerpc64-ps3-elf/7.2.0/../../../../powerpc64-ps3-elf/lib/libc.a(lib_a-mlock.o)
 *fill*         0x00000000000260cc        0x4 60000000
 .text.__malloc_unlock
                0x00000000000260d0       0x34 /usr/local/ps3dev/ppu/lib/gcc/powerpc64-ps3-elf/7.2.0/../../../../powerpc64-ps3-elf/lib/libc.a(lib_a-mlock.o)
 .text          0x0000000000026104        0x0 /usr/local/ps3dev/ppu/lib/gcc/powerpc64-ps3-elf/7.2.0/../../../../powerpc64-ps3-elf/lib/libc.a(lib_a-printf.o)
 *fill*         0x0000000000026104        0x4 60000000
 .text._printf_r
                0x0000000000026108       0x54 /usr/local/ps3dev/ppu/lib/gcc/powerpc64-ps3-elf/7.2.0/../../../../powerpc64-ps3-elf/lib/libc.a(lib_a-printf.o)
 *fill*         0x000000000002615c        0x4 60000000
 .text.printf   0x0000000000026160       0x6c /usr/local/ps3dev/ppu/lib/gcc/powerpc64-ps3-elf/7.2.0/../../../../powerpc64-ps3-elf/lib/libc.a(lib_a-printf.o)
 .text          0x00000000000261cc        0x0 /usr/local/ps3dev/ppu/lib/gcc/powerpc64-ps3-elf/7.2.0/../../../../powerpc64-ps3-elf/lib/libc.a(lib_a-puts.o)
 *fill*         0x00000000000261cc        0x4 60000000
 .text._puts_r  0x00000000000261d0       0xfc /usr/local/ps3dev/ppu/lib/gcc/powerpc64-ps3-elf/7.2.0/../../../../powerpc64-ps3-elf/lib/libc.a(lib_a-puts.o)
 *fill*         0x00000000000262cc        0x4 60000000
 .text.puts     0x00000000000262d0       0x40 /usr/local/ps3dev/ppu/lib/gcc/powerpc64-ps3-elf/7.2.0/../../../../powerpc64-ps3-elf/lib/libc.a(lib_a-puts.o)
 .text          0x0000000000026310        0x0 /usr/local/ps3dev/ppu/lib/gcc/powerpc64-ps3-elf/7.2.0/../../../../powerpc64-ps3-elf/lib/libc.a(lib_a-realloc.o)
 .text.realloc  0x0000000000026310       0x58 /usr/local/ps3dev/ppu/lib/gcc/powerpc64-ps3-elf/7.2.0/../../../../powerpc64-ps3-elf/lib/libc.a(lib_a-realloc.o)
 .text          0x0000000000026368        0x0 /usr/local/ps3dev/ppu/lib/gcc/powerpc64-ps3-elf/7.2.0/../../../../powerpc64-ps3-elf/lib/libc.a(lib_a-reallocr.o)
 .text._realloc_r
                0x0000000000026368      0x6c4 /usr/local/ps3dev/ppu/lib/gcc/powerpc64-ps3-elf/7.2.0/../../../../powerpc64-ps3-elf/lib/libc.a(lib_a-reallocr.o)
 .text          0x0000000000026a2c        0x0 /usr/local/ps3dev/ppu/lib/gcc/powerpc64-ps3-elf/7.2.0/../../../../powerpc64-ps3-elf/lib/libc.a(lib_a-refill.o)
 *fill*         0x0000000000026a2c        0x4 60000000
 .text.lflush   0x0000000000026a30       0x50 /usr/local/ps3dev/ppu/lib/gcc/powerpc64-ps3-elf/7.2.0/../../../../powerpc64-ps3-elf/lib/libc.a(lib_a-refill.o)
 .text.__srefill_r
                0x0000000000026a80      0x30c /usr/local/ps3dev/ppu/lib/gcc/powerpc64-ps3-elf/7.2.0/../../../../powerpc64-ps3-elf/lib/libc.a(lib_a-refill.o)
 .text          0x0000000000026d8c        0x0 /usr/local/ps3dev/ppu/lib/gcc/powerpc64-ps3-elf/7.2.0/../../../../powerpc64-ps3-elf/lib/libc.a(lib_a-snprintf.o)
 *fill*         0x0000000000026d8c        0x4 60000000
 .text._snprintf_r
                0x0000000000026d90      0x11c /usr/local/ps3dev/ppu/lib/gcc/powerpc64-ps3-elf/7.2.0/../../../../powerpc64-ps3-elf/lib/libc.a(lib_a-snprintf.o)
 *fill*         0x0000000000026eac        0x4 60000000
 .text.snprintf
                0x0000000000026eb0      0x154 /usr/local/ps3dev/ppu/lib/gcc/powerpc64-ps3-elf/7.2.0/../../../../powerpc64-ps3-elf/lib/libc.a(lib_a-snprintf.o)
 .text          0x0000000000027004        0x0 /usr/local/ps3dev/ppu/lib/gcc/powerpc64-ps3-elf/7.2.0/../../../../powerpc64-ps3-elf/lib/libc.a(lib_a-sscanf.o)
 *fill*         0x0000000000027004        0x4 60000000
 .text.sscanf   0x0000000000027008       0xa8 /usr/local/ps3dev/ppu/lib/gcc/powerpc64-ps3-elf/7.2.0/../../../../powerpc64-ps3-elf/lib/libc.a(lib_a-sscanf.o)
 .text._sscanf_r
                0x00000000000270b0       0xa8 /usr/local/ps3dev/ppu/lib/gcc/powerpc64-ps3-elf/7.2.0/../../../../powerpc64-ps3-elf/lib/libc.a(lib_a-sscanf.o)
 .text          0x0000000000027158        0x0 /usr/local/ps3dev/ppu/lib/gcc/powerpc64-ps3-elf/7.2.0/../../../../powerpc64-ps3-elf/lib/libc.a(lib_a-stdio.o)
 .text.__sread  0x0000000000027158       0x7c /usr/local/ps3dev/ppu/lib/gcc/powerpc64-ps3-elf/7.2.0/../../../../powerpc64-ps3-elf/lib/libc.a(lib_a-stdio.o)
 *fill*         0x00000000000271d4        0x4 60000000
 .text.__seofread
                0x00000000000271d8       0x14 /usr/local/ps3dev/ppu/lib/gcc/powerpc64-ps3-elf/7.2.0/../../../../powerpc64-ps3-elf/lib/libc.a(lib_a-stdio.o)
 *fill*         0x00000000000271ec        0x4 60000000
 .text.__swrite
                0x00000000000271f0       0xb0 /usr/local/ps3dev/ppu/lib/gcc/powerpc64-ps3-elf/7.2.0/../../../../powerpc64-ps3-elf/lib/libc.a(lib_a-stdio.o)
 .text.__sseek  0x00000000000272a0       0x78 /usr/local/ps3dev/ppu/lib/gcc/powerpc64-ps3-elf/7.2.0/../../../../powerpc64-ps3-elf/lib/libc.a(lib_a-stdio.o)
 .text.__sclose
                0x0000000000027318       0x38 /usr/local/ps3dev/ppu/lib/gcc/powerpc64-ps3-elf/7.2.0/../../../../powerpc64-ps3-elf/lib/libc.a(lib_a-stdio.o)
 .text          0x0000000000027350        0x0 /usr/local/ps3dev/ppu/lib/gcc/powerpc64-ps3-elf/7.2.0/../../../../powerpc64-ps3-elf/lib/libc.a(lib_a-strcasecmp.o)
 .text.strcasecmp
                0x0000000000027350       0x8c /usr/local/ps3dev/ppu/lib/gcc/powerpc64-ps3-elf/7.2.0/../../../../powerpc64-ps3-elf/lib/libc.a(lib_a-strcasecmp.o)
 .text          0x00000000000273dc        0x0 /usr/local/ps3dev/ppu/lib/gcc/powerpc64-ps3-elf/7.2.0/../../../../powerpc64-ps3-elf/lib/libc.a(lib_a-strchr.o)
 *fill*         0x00000000000273dc        0x4 60000000
 .text.strchr   0x00000000000273e0      0x1c0 /usr/local/ps3dev/ppu/lib/gcc/powerpc64-ps3-elf/7.2.0/../../../../powerpc64-ps3-elf/lib/libc.a(lib_a-strchr.o)
 .text          0x00000000000275a0        0x0 /usr/local/ps3dev/ppu/lib/gcc/powerpc64-ps3-elf/7.2.0/../../../../powerpc64-ps3-elf/lib/libc.a(lib_a-strcpy.o)
 .text.strcpy   0x00000000000275a0       0xc0 /usr/local/ps3dev/ppu/lib/gcc/powerpc64-ps3-elf/7.2.0/../../../../powerpc64-ps3-elf/lib/libc.a(lib_a-strcpy.o)
 .text          0x0000000000027660        0x0 /usr/local/ps3dev/ppu/lib/gcc/powerpc64-ps3-elf/7.2.0/../../../../powerpc64-ps3-elf/lib/libc.a(lib_a-strdup.o)
 .text.strdup   0x0000000000027660       0x48 /usr/local/ps3dev/ppu/lib/gcc/powerpc64-ps3-elf/7.2.0/../../../../powerpc64-ps3-elf/lib/libc.a(lib_a-strdup.o)
 .text          0x00000000000276a8        0x0 /usr/local/ps3dev/ppu/lib/gcc/powerpc64-ps3-elf/7.2.0/../../../../powerpc64-ps3-elf/lib/libc.a(lib_a-strdup_r.o)
 .text._strdup_r
                0x00000000000276a8       0x88 /usr/local/ps3dev/ppu/lib/gcc/powerpc64-ps3-elf/7.2.0/../../../../powerpc64-ps3-elf/lib/libc.a(lib_a-strdup_r.o)
 .text          0x0000000000027730        0x0 /usr/local/ps3dev/ppu/lib/gcc/powerpc64-ps3-elf/7.2.0/../../../../powerpc64-ps3-elf/lib/libc.a(lib_a-strlen.o)
 .text.strlen   0x0000000000027730       0xc4 /usr/local/ps3dev/ppu/lib/gcc/powerpc64-ps3-elf/7.2.0/../../../../powerpc64-ps3-elf/lib/libc.a(lib_a-strlen.o)
 .text          0x00000000000277f4        0x0 /usr/local/ps3dev/ppu/lib/gcc/powerpc64-ps3-elf/7.2.0/../../../../powerpc64-ps3-elf/lib/libc.a(lib_a-strncat.o)
 *fill*         0x00000000000277f4        0x4 60000000
 .text.strncat  0x00000000000277f8       0xe0 /usr/local/ps3dev/ppu/lib/gcc/powerpc64-ps3-elf/7.2.0/../../../../powerpc64-ps3-elf/lib/libc.a(lib_a-strncat.o)
 .text          0x00000000000278d8        0x0 /usr/local/ps3dev/ppu/lib/gcc/powerpc64-ps3-elf/7.2.0/../../../../powerpc64-ps3-elf/lib/libc.a(lib_a-strncpy.o)
 .text.strncpy  0x00000000000278d8      0x118 /usr/local/ps3dev/ppu/lib/gcc/powerpc64-ps3-elf/7.2.0/../../../../powerpc64-ps3-elf/lib/libc.a(lib_a-strncpy.o)
 .text          0x00000000000279f0        0x0 /usr/local/ps3dev/ppu/lib/gcc/powerpc64-ps3-elf/7.2.0/../../../../powerpc64-ps3-elf/lib/libc.a(lib_a-svfprintf.o)
 .text._svfprintf_r
                0x00000000000279f0     0x21c4 /usr/local/ps3dev/ppu/lib/gcc/powerpc64-ps3-elf/7.2.0/../../../../powerpc64-ps3-elf/lib/libc.a(lib_a-svfprintf.o)
 .text          0x0000000000029bb4        0x0 /usr/local/ps3dev/ppu/lib/gcc/powerpc64-ps3-elf/7.2.0/../../../../powerpc64-ps3-elf/lib/libc.a(lib_a-svfscanf.o)
 *fill*         0x0000000000029bb4        0x4 60000000
 .text.__ssvfscanf_r
                0x0000000000029bb8     0x1864 /usr/local/ps3dev/ppu/lib/gcc/powerpc64-ps3-elf/7.2.0/../../../../powerpc64-ps3-elf/lib/libc.a(lib_a-svfscanf.o)
 .text          0x000000000002b41c        0x0 /usr/local/ps3dev/ppu/lib/gcc/powerpc64-ps3-elf/7.2.0/../../../../powerpc64-ps3-elf/lib/libc.a(lib_a-time.o)
 *fill*         0x000000000002b41c        0x4 60000000
 .text.time     0x000000000002b420       0x6c /usr/local/ps3dev/ppu/lib/gcc/powerpc64-ps3-elf/7.2.0/../../../../powerpc64-ps3-elf/lib/libc.a(lib_a-time.o)
 .text          0x000000000002b48c        0x0 /usr/local/ps3dev/ppu/lib/gcc/powerpc64-ps3-elf/7.2.0/../../../../powerpc64-ps3-elf/lib/libc.a(lib_a-vfprintf.o)
 *fill*         0x000000000002b48c        0x4 60000000
 .text._vfprintf_r
                0x000000000002b490     0x2300 /usr/local/ps3dev/ppu/lib/gcc/powerpc64-ps3-elf/7.2.0/../../../../powerpc64-ps3-elf/lib/libc.a(lib_a-vfprintf.o)
 .text.vfprintf
                0x000000000002d790       0x60 /usr/local/ps3dev/ppu/lib/gcc/powerpc64-ps3-elf/7.2.0/../../../../powerpc64-ps3-elf/lib/libc.a(lib_a-vfprintf.o)
 .text          0x000000000002d7f0        0x0 /usr/local/ps3dev/ppu/lib/gcc/powerpc64-ps3-elf/7.2.0/../../../../powerpc64-ps3-elf/lib/libc.a(lib_a-wsetup.o)
 .text.__swsetup_r
                0x000000000002d7f0      0x1f0 /usr/local/ps3dev/ppu/lib/gcc/powerpc64-ps3-elf/7.2.0/../../../../powerpc64-ps3-elf/lib/libc.a(lib_a-wsetup.o)
 .text          0x000000000002d9e0        0x0 /usr/local/ps3dev/ppu/lib/gcc/powerpc64-ps3-elf/7.2.0/../../../../powerpc64-ps3-elf/lib/libc.a(lib_a-__call_atexit.o)
 .text.__call_exitprocs
                0x000000000002d9e0      0x24c /usr/local/ps3dev/ppu/lib/gcc/powerpc64-ps3-elf/7.2.0/../../../../powerpc64-ps3-elf/lib/libc.a(lib_a-__call_atexit.o)
 .text          0x000000000002dc2c        0x0 /usr/local/ps3dev/ppu/lib/gcc/powerpc64-ps3-elf/7.2.0/../../../../powerpc64-ps3-elf/lib/libc.a(lib_a-ctype_.o)
 .text          0x000000000002dc2c        0x0 /usr/local/ps3dev/ppu/lib/gcc/powerpc64-ps3-elf/7.2.0/../../../../powerpc64-ps3-elf/lib/libc.a(lib_a-dtoa.o)
 *fill*         0x000000000002dc2c        0x4 60000000
 .text.quorem   0x000000000002dc30      0x26c /usr/local/ps3dev/ppu/lib/gcc/powerpc64-ps3-elf/7.2.0/../../../../powerpc64-ps3-elf/lib/libc.a(lib_a-dtoa.o)
 *fill*         0x000000000002de9c        0x4 60000000
 .text._dtoa_r  0x000000000002dea0     0x1478 /usr/local/ps3dev/ppu/lib/gcc/powerpc64-ps3-elf/7.2.0/../../../../powerpc64-ps3-elf/lib/libc.a(lib_a-dtoa.o)
 .text          0x000000000002f318        0x0 /usr/local/ps3dev/ppu/lib/gcc/powerpc64-ps3-elf/7.2.0/../../../../powerpc64-ps3-elf/lib/libc.a(lib_a-flags.o)
 .text.__sflags
                0x000000000002f318       0xbc /usr/local/ps3dev/ppu/lib/gcc/powerpc64-ps3-elf/7.2.0/../../../../powerpc64-ps3-elf/lib/libc.a(lib_a-flags.o)
 .text          0x000000000002f3d4        0x0 /usr/local/ps3dev/ppu/lib/gcc/powerpc64-ps3-elf/7.2.0/../../../../powerpc64-ps3-elf/lib/libc.a(lib_a-fvwrite.o)
 *fill*         0x000000000002f3d4        0x4 60000000
 .text.__sfvwrite_r
                0x000000000002f3d8      0x688 /usr/local/ps3dev/ppu/lib/gcc/powerpc64-ps3-elf/7.2.0/../../../../powerpc64-ps3-elf/lib/libc.a(lib_a-fvwrite.o)
 .text          0x000000000002fa60        0x0 /usr/local/ps3dev/ppu/lib/gcc/powerpc64-ps3-elf/7.2.0/../../../../powerpc64-ps3-elf/lib/libc.a(lib_a-iswspace.o)
 .text.iswspace
                0x000000000002fa60       0x3c /usr/local/ps3dev/ppu/lib/gcc/powerpc64-ps3-elf/7.2.0/../../../../powerpc64-ps3-elf/lib/libc.a(lib_a-iswspace.o)
 .text          0x000000000002fa9c        0x0 /usr/local/ps3dev/ppu/lib/gcc/powerpc64-ps3-elf/7.2.0/../../../../powerpc64-ps3-elf/lib/libc.a(lib_a-locale.o)
 *fill*         0x000000000002fa9c        0x4 60000000
 .text._setlocale_r
                0x000000000002faa0       0xb4 /usr/local/ps3dev/ppu/lib/gcc/powerpc64-ps3-elf/7.2.0/../../../../powerpc64-ps3-elf/lib/libc.a(lib_a-locale.o)
 *fill*         0x000000000002fb54        0x4 60000000
 .text.__locale_charset
                0x000000000002fb58       0x14 /usr/local/ps3dev/ppu/lib/gcc/powerpc64-ps3-elf/7.2.0/../../../../powerpc64-ps3-elf/lib/libc.a(lib_a-locale.o)
 *fill*         0x000000000002fb6c        0x4 60000000
 .text.__locale_mb_cur_max
                0x000000000002fb70       0x1c /usr/local/ps3dev/ppu/lib/gcc/powerpc64-ps3-elf/7.2.0/../../../../powerpc64-ps3-elf/lib/libc.a(lib_a-locale.o)
 *fill*         0x000000000002fb8c        0x4 60000000
 .text.__locale_msgcharset
                0x000000000002fb90       0x14 /usr/local/ps3dev/ppu/lib/gcc/powerpc64-ps3-elf/7.2.0/../../../../powerpc64-ps3-elf/lib/libc.a(lib_a-locale.o)
 *fill*         0x000000000002fba4        0x4 60000000
 .text.__locale_cjk_lang