Archive member included because of file (symbol)

/usr/local/ps3dev/ppu/lib/libgcm_sys.a(sprx.o)
                              rsxutil.o (gcmSetFlip)
/usr/local/ps3dev/ppu/lib/librsx.a(init.o)
                              rsxutil.o (rsxInit)
/usr/local/ps3dev/ppu/lib/librsx.a(buffer.o)
                              rsxutil.o (rsxFlushBuffer)
/usr/local/ps3dev/ppu/lib/librsx.a(commands.o)
                              /usr/local/ps3dev/ppu/lib/librsx.a(buffer.o) (rsxSetJumpCommandUnsafe)
/usr/local/ps3dev/ppu/lib/librsx.a(mm.o)
                              /usr/local/ps3dev/ppu/lib/librsx.a(init.o) (rsxHeapInit)
/usr/local/ps3dev/ppu/lib/librsx.a(vertex_program.o)
                              /usr/local/ps3dev/ppu/lib/librsx.a(commands.o) (rsxVertexProgramGetConsts)
/usr/local/ps3dev/ppu/lib/librsx.a(fragment_program.o)
                              /usr/local/ps3dev/ppu/lib/librsx.a(commands.o) (rsxFragmentProgramGetConstOffsetTable)
/usr/local/ps3dev/ppu/lib/librsx.a(rsx_internal.o)
                              /usr/local/ps3dev/ppu/lib/librsx.a(vertex_program.o) (__rsxGetAttrs)
/usr/local/ps3dev/ppu/lib/libsysutil.a(sprx.o)
                              rsxutil.o (videoConfigure)
/usr/local/ps3dev/ppu/lib/libio.a(sprx.o)
                              main.o (ioPadInit)
/usr/local/ps3dev/ppu/lib/librt.a(sbrk.o)
                              /usr/local/ps3dev/ppu/lib/gcc/powerpc64-ps3-elf/7.2.0/../../../../powerpc64-ps3-elf/lib/lv2-crt0.o (__librt_sbrk_r)
/usr/local/ps3dev/ppu/lib/librt.a(exit.o)
                              /usr/local/ps3dev/ppu/lib/gcc/powerpc64-ps3-elf/7.2.0/../../../../powerpc64-ps3-elf/lib/lv2-crt0.o (__librt_exit)
/usr/local/ps3dev/ppu/lib/librt.a(close.o)
                              /usr/local/ps3dev/ppu/lib/gcc/powerpc64-ps3-elf/7.2.0/../../../../powerpc64-ps3-elf/lib/lv2-crt0.o (__librt_close_r)
/usr/local/ps3dev/ppu/lib/librt.a(lseek.o)
                              /usr/local/ps3dev/ppu/lib/gcc/powerpc64-ps3-elf/7.2.0/../../../../powerpc64-ps3-elf/lib/lv2-crt0.o (__librt_lseek_r)
/usr/local/ps3dev/ppu/lib/librt.a(read.o)
                              /usr/local/ps3dev/ppu/lib/gcc/powerpc64-ps3-elf/7.2.0/../../../../powerpc64-ps3-elf/lib/lv2-crt0.o (__librt_read_r)
/usr/local/ps3dev/ppu/lib/librt.a(open.o)
                              /usr/local/ps3dev/ppu/lib/gcc/powerpc64-ps3-elf/7.2.0/../../../../powerpc64-ps3-elf/lib/lv2-crt0.o (__librt_open_r)
/usr/local/ps3dev/ppu/lib/librt.a(sleep.o)
                              /usr/local/ps3dev/ppu/lib/gcc/powerpc64-ps3-elf/7.2.0/../../../../powerpc64-ps3-elf/lib/lv2-crt0.o (__librt_usleep_r)
/usr/local/ps3dev/ppu/lib/librt.a(write.o)
                              /usr/local/ps3dev/ppu/lib/gcc/powerpc64-ps3-elf/7.2.0/../../../../powerpc64-ps3-elf/lib/lv2-crt0.o (__librt_write_r)
/usr/local/ps3dev/ppu/lib/librt.a(fstat.o)
                              /usr/local/ps3dev/ppu/lib/gcc/powerpc64-ps3-elf/7.2.0/../../../../powerpc64-ps3-elf/lib/lv2-crt0.o (__librt_fstat_r)
/usr/local/ps3dev/ppu/lib/librt.a(socket.o)
                              /usr/local/ps3dev/ppu/lib/librt.a(write.o) (send)
/usr/local/ps3dev/ppu/lib/librt.a(lock.o)
                              /usr/local/ps3dev/ppu/lib/gcc/powerpc64-ps3-elf/7.2.0/../../../../powerpc64-ps3-elf/lib/lv2-crt0.o (__librt_sys_lwmutex_create_r)
/usr/local/ps3dev/ppu/lib/librt.a(dirent.o)
                              /usr/local/ps3dev/ppu/lib/gcc/powerpc64-ps3-elf/7.2.0/../../../../powerpc64-ps3-elf/lib/lv2-crt0.o (__librt_opendir_r)
/usr/local/ps3dev/ppu/lib/librt.a(mkdir.o)
                              /usr/local/ps3dev/ppu/lib/gcc/powerpc64-ps3-elf/7.2.0/../../../../powerpc64-ps3-elf/lib/lv2-crt0.o (__librt_mkdir_r)
/usr/local/ps3dev/ppu/lib/librt.a(times.o)
                              /usr/local/ps3dev/ppu/lib/gcc/powerpc64-ps3-elf/7.2.0/../../../../powerpc64-ps3-elf/lib/lv2-crt0.o (__librt_times_r)
/usr/local/ps3dev/ppu/lib/librt.a(umask.o)
                              /usr/local/ps3dev/ppu/lib/gcc/powerpc64-ps3-elf/7.2.0/../../../../powerpc64-ps3-elf/lib/lv2-crt0.o (__librt_umask_r)
/usr/local/ps3dev/ppu/lib/librt.a(lv2errno.o)
                              /usr/local/ps3dev/ppu/lib/librt.a(socket.o) (lv2errno)
/usr/local/ps3dev/ppu/lib/librt.a(heap.o)
                              /usr/local/ps3dev/ppu/lib/librsx.a(mm.o) (heapInit)
/usr/local/ps3dev/ppu/lib/librt.a(chmod.o)
                              /usr/local/ps3dev/ppu/lib/gcc/powerpc64-ps3-elf/7.2.0/../../../../powerpc64-ps3-elf/lib/lv2-crt0.o (__librt_chmod_r)
/usr/local/ps3dev/ppu/lib/librt.a(rename.o)
                              /usr/local/ps3dev/ppu/lib/gcc/powerpc64-ps3-elf/7.2.0/../../../../powerpc64-ps3-elf/lib/lv2-crt0.o (__librt_rename_r)
/usr/local/ps3dev/ppu/lib/librt.a(rmdir.o)
                              /usr/local/ps3dev/ppu/lib/gcc/powerpc64-ps3-elf/7.2.0/../../../../powerpc64-ps3-elf/lib/lv2-crt0.o (__librt_rmdir_r)
/usr/local/ps3dev/ppu/lib/librt.a(isatty.o)
[...]
Memory Configuration

Name             Origin             Length             Attributes
*default*        0x0000000000000000 0xffffffffffffffff

Linker script and memory map

                0x0000000000010000                PROVIDE (__executable_start, 0x10000)
                0x0000000000010200                . = (0x10000 + SIZEOF_HEADERS)

.interp
 *(.interp)

.hash
 *(.hash)

.dynsym
 *(.dynsym)

.dynstr
 *(.dynstr)

.gnu.version
 *(.gnu.version)

.gnu.version_d
 *(.gnu.version_d)

.gnu.version_r
 *(.gnu.version_r)

.rel.dyn
 *(.rel.init)
 *(.rel.text .rel.text.* .rel.gnu.linkonce.t.*)
 *(.rel.fini)
 *(.rel.rodata .rel.rodata.* .rel.gnu.linkonce.r.*)
 *(.rel.data.rel.ro*)
 *(.rel.data .rel.data.* .rel.gnu.linkonce.d.*)
 *(.rel.tdata .rel.tdata.* .rel.gnu.linkonce.td.*)
 *(.rel.tbss .rel.tbss.* .rel.gnu.linkonce.tb.*)
 *(.rel.ctors)
 *(.rel.dtors)
 *(.rel.got)
 *(.rel.sdata .rel.sdata.* .rel.gnu.linkonce.s.*)
 *(.rel.sbss .rel.sbss.* .rel.gnu.linkonce.sb.*)
 *(.rel.sdata2 .rel.sdata2.* .rel.gnu.linkonce.s2.*)
 *(.rel.sbss2 .rel.sbss2.* .rel.gnu.linkonce.sb2.*)
 *(.rel.bss .rel.bss.* .rel.gnu.linkonce.b.*)

.rela.dyn       0x0000000000010200        0x0
 *(.rela.init)
 *(.rela.text .rela.text.* .rela.gnu.linkonce.t.*)
 *(.rela.fini)
 *(.rela.rodata .rela.rodata.* .rela.gnu.linkonce.r.*)
 *(.rela.data .rela.data.* .rela.gnu.linkonce.d.*)
 *(.rela.tdata .rela.tdata.* .rela.gnu.linkonce.td.*)
 *(.rela.tbss .rela.tbss.* .rela.gnu.linkonce.tb.*)
 *(.rela.ctors)
 *(.rela.dtors)
 *(.rela.got)
 *(.rela.toc)
 .rela.toc      0x0000000000000000        0x0 linker stubs
 *(.rela.sdata .rela.sdata.* .rela.gnu.linkonce.s.*)
 *(.rela.sbss .rela.sbss.* .rela.gnu.linkonce.sb.*)
 *(.rela.sdata2 .rela.sdata2.* .rela.gnu.linkonce.s2.*)
 *(.rela.sbss2 .rela.sbss2.* .rela.gnu.linkonce.sb2.*)
 *(.rela.bss .rela.bss.* .rela.gnu.linkonce.b.*)
 .rela.iplt     0x0000000000000000        0x0 linker stubs
 .rela.sys_proc_prx_param
                0x0000000000000000        0x0 linker stubs

.rel.plt
 *(.rel.plt)

.rela.plt
 *(.rela.plt)

.rela.tocbss
 *(.rela.tocbss)

.init           0x0000000000010200       0x2c
 *(.init)
 .init          0x0000000000010200        0xc /usr/local/ps3dev/ppu/lib/gcc/powerpc64-ps3-elf/7.2.0/../../../../powerpc64-ps3-elf/lib/lv2-crti.o
                0x0000000000010200                ._init
 .init          0x000000000001020c        0x8 /usr/local/ps3dev/ppu/lib/gcc/powerpc64-ps3-elf/7.2.0/crtbegin.o
 .init          0x0000000000010214        0x8 /usr/local/ps3dev/ppu/lib/gcc/powerpc64-ps3-elf/7.2.0/crtend.o
 .init          0x000000000001021c       0x10 /usr/local/ps3dev/ppu/lib/gcc/powerpc64-ps3-elf/7.2.0/../../../../powerpc64-ps3-elf/lib/lv2-crtn.o

.text           0x0000000000010230    0x2a3bc
 *(.text .stub .text.* .gnu.linkonce.t.*)
 .text          0x0000000000010230        0x0 /usr/local/ps3dev/ppu/lib/gcc/powerpc64-ps3-elf/7.2.0/../../../../powerpc64-ps3-elf/lib/lv2-crti.o
 .text          0x0000000000010230        0x0 /usr/local/ps3dev/ppu/lib/gcc/powerpc64-ps3-elf/7.2.0/crtbegin.o
 .text.deregister_tm_clones
                0x0000000000010230       0x54 /usr/local/ps3dev/ppu/lib/gcc/powerpc64-ps3-elf/7.2.0/crtbegin.o
 *fill*         0x0000000000010284        0x4 60000000
 .text.register_tm_clones
                0x0000000000010288       0x60 /usr/local/ps3dev/ppu/lib/gcc/powerpc64-ps3-elf/7.2.0/crtbegin.o
 .text.__do_global_dtors_aux
                0x00000000000102e8       0xd4 /usr/local/ps3dev/ppu/lib/gcc/powerpc64-ps3-elf/7.2.0/crtbegin.o
 *fill*         0x00000000000103bc        0x4 60000000
 .text.frame_dummy
                0x00000000000103c0       0x38 /usr/local/ps3dev/ppu/lib/gcc/powerpc64-ps3-elf/7.2.0/crtbegin.o
 .text          0x00000000000103f8       0x58 /usr/local/ps3dev/ppu/lib/gcc/powerpc64-ps3-elf/7.2.0/../../../../powerpc64-ps3-elf/lib/lv2-crt0.o
                0x00000000000103f8                ._start
 .text.startup.__syscalls_init
                0x0000000000010450      0x180 /usr/local/ps3dev/ppu/lib/gcc/powerpc64-ps3-elf/7.2.0/../../../../powerpc64-ps3-elf/lib/lv2-crt0.o
 .text._initialize
                0x00000000000105d0       0x40 /usr/local/ps3dev/ppu/lib/gcc/powerpc64-ps3-elf/7.2.0/../../../../powerpc64-ps3-elf/lib/lv2-crt0.o
 .text          0x0000000000010610        0x0 /usr/local/ps3dev/ppu/lib/gcc/powerpc64-ps3-elf/7.2.0/../../../../powerpc64-ps3-elf/lib/lv2-sprx.o
 .text          0x0000000000010610        0x0 main.o
 .text.load_image_to_RSX
                0x0000000000010610      0x204 main.o
 *fill*         0x0000000000010814        0x4 60000000
 .text.drawFrame
                0x0000000000010818      0x104 main.o
 *fill*         0x000000000001091c        0x4 60000000
 .text.drawImage
                0x0000000000010920      0x11c main.o
 *fill*         0x0000000000010a3c        0x4 60000000
 .text.load_raw_argb
                0x0000000000010a40      0x144 main.o
 *fill*         0x0000000000010b84        0x4 60000000
 .text.createTexture
                0x0000000000010b88       0x58 main.o
 .text.startup.main
                0x0000000000010be0      0x118 main.o
 .text          0x0000000000010cf8        0x0 rsxutil.o
 .text.waitFlip
                0x0000000000010cf8       0x50 rsxutil.o
 .text.flip     0x0000000000010d48       0x7c rsxutil.o
 *fill*         0x0000000000010dc4        0x4 60000000
 .text.makeBuffer
                0x0000000000010dc8      0x104 rsxutil.o
 *fill*         0x0000000000010ecc        0x4 60000000
 .text.getResolution
                0x0000000000010ed0       0xb8 rsxutil.o
 .text.initScreen
                0x0000000000010f88      0x20c rsxutil.o
 *fill*         0x0000000000011194        0x4 60000000
 .text.setRenderTarget
                0x0000000000011198       0xac rsxutil.o
 .text          0x0000000000011244        0x0 /usr/local/ps3dev/ppu/lib/libgcm_sys.a(sprx.o)
 .text          0x0000000000011244        0x0 /usr/local/ps3dev/ppu/lib/librsx.a(init.o)
 *fill*         0x0000000000011244        0x4 60000000
 .text.rsxInit  0x0000000000011248       0x9c /usr/local/ps3dev/ppu/lib/librsx.a(init.o)
 *fill*         0x00000000000112e4        0x4 60000000
 .text.rsxSetupContextData
                0x00000000000112e8       0x48 /usr/local/ps3dev/ppu/lib/librsx.a(init.o)
 .text.rsxSetCurrentBuffer
                0x0000000000011330       0x48 /usr/local/ps3dev/ppu/lib/librsx.a(init.o)
 .text.rsxSetDefaultCommandBuffer
                0x0000000000011378       0x50 /usr/local/ps3dev/ppu/lib/librsx.a(init.o)
 .text.rsxSetUserCallback
                0x00000000000113c8       0x18 /usr/local/ps3dev/ppu/lib/librsx.a(init.o)
 .text.rsxGetCurrentBuffer
                0x00000000000113e0       0x1c /usr/local/ps3dev/ppu/lib/librsx.a(init.o)
 .text          0x00000000000113fc        0x0 /usr/local/ps3dev/ppu/lib/librsx.a(buffer.o)
 *fill*         0x00000000000113fc        0x4 60000000
 .text.rsxResetCommandBufferUnsafe
                0x0000000000011400       0x80 /usr/local/ps3dev/ppu/lib/librsx.a(buffer.o)
 .text.rsxFlushBufferUnsafe
                0x0000000000011480       0x78 /usr/local/ps3dev/ppu/lib/librsx.a(buffer.o)
 .text.rsxFinishUnsafe
                0x00000000000114f8       0x84 /usr/local/ps3dev/ppu/lib/librsx.a(buffer.o)
 *fill*         0x000000000001157c        0x4 60000000
 .text.rsxResetCommandBuffer
                0x0000000000011580       0x80 /usr/local/ps3dev/ppu/lib/librsx.a(buffer.o)
 .text.rsxFlushBuffer
                0x0000000000011600       0x10 /usr/local/ps3dev/ppu/lib/librsx.a(buffer.o)
 .text.rsxFinish
                0x0000000000011610       0x84 /usr/local/ps3dev/ppu/lib/librsx.a(buffer.o)
 .text          0x0000000000011694        0x0 /usr/local/ps3dev/ppu/lib/librsx.a(commands.o)
 *fill*         0x0000000000011694        0x4 60000000
 .text.rsxSetReturnCommandUnsafe
                0x0000000000011698       0x24 /usr/local/ps3dev/ppu/lib/librsx.a(commands.o)
 *fill*         0x00000000000116bc        0x4 60000000
 .text.rsxSetCallCommandUnsafe
                0x00000000000116c0       0x24 /usr/local/ps3dev/ppu/lib/librsx.a(commands.o)
 *fill*         0x00000000000116e4        0x4 60000000
 .text.rsxSetJumpCommandUnsafe
                0x00000000000116e8       0x24 /usr/local/ps3dev/ppu/lib/librsx.a(commands.o)
 *fill*         0x000000000001170c        0x4 60000000
 .text.rsxSetNopCommandUnsafe
                0x0000000000011710       0x98 /usr/local/ps3dev/ppu/lib/librsx.a(commands.o)
 .text.rsxSetSkipNopUnsafe
                0x00000000000117a8       0x34 /usr/local/ps3dev/ppu/lib/librsx.a(commands.o)
 *fill*         0x00000000000117dc        0x4 60000000
 .text.rsxSetClearColorUnsafe
                0x00000000000117e0       0x2c /usr/local/ps3dev/ppu/lib/librsx.a(commands.o)
 *fill*         0x000000000001180c        0x4 60000000
 .text.rsxSetClearDepthStencilUnsafe
                0x0000000000011810       0x2c /usr/local/ps3dev/ppu/lib/librsx.a(commands.o)
 *fill*         0x000000000001183c        0x4 60000000
 .text.rsxSetReferenceCommandUnsafe
                0x0000000000011840       0x2c /usr/local/ps3dev/ppu/lib/librsx.a(commands.o)
 *fill*         0x000000000001186c        0x4 60000000
 .text.rsxSetWriteBackendLabelUnsafe
                0x0000000000011870       0x58 /usr/local/ps3dev/ppu/lib/librsx.a(commands.o)
 .text.rsxSetWriteTextureLabelUnsafe
                0x00000000000118c8       0x40 /usr/local/ps3dev/ppu/lib/librsx.a(commands.o)
 .text.rsxSetWaitLabelUnsafe
                0x0000000000011908       0x40 /usr/local/ps3dev/ppu/lib/librsx.a(commands.o)
 .text.rsxSetWriteCommandLabelUnsafe
                0x0000000000011948       0x40 /usr/local/ps3dev/ppu/lib/librsx.a(commands.o)
 .text.rsxSetSurfaceUnsafe
                0x0000000000011988      0x1cc /usr/local/ps3dev/ppu/lib/librsx.a(commands.o)
 *fill*         0x0000000000011b54        0x4 60000000
 .text.rsxSetColorMaskUnsafe
                0x0000000000011b58       0x2c /usr/local/ps3dev/ppu/lib/librsx.a(commands.o)
 *fill*         0x0000000000011b84        0x4 60000000
 .text.rsxSetColorMaskMrtUnsafe
                0x0000000000011b88       0x2c /usr/local/ps3dev/ppu/lib/librsx.a(commands.o)
 *fill*         0x0000000000011bb4        0x4 60000000
 .text.rsxSetShadeModelUnsafe
                0x0000000000011bb8       0x2c /usr/local/ps3dev/ppu/lib/librsx.a(commands.o)
 *fill*         0x0000000000011be4        0x4 60000000
 .text.rsxSetViewportUnsafe
                0x0000000000011be8      0x108 /usr/local/ps3dev/ppu/lib/librsx.a(commands.o)
 .text.rsxSetViewportClipUnsafe
                0x0000000000011cf0       0x44 /usr/local/ps3dev/ppu/lib/librsx.a(commands.o)
 *fill*         0x0000000000011d34        0x4 60000000
 .text.rsxSetUserClipPlaneControlUnsafe
                0x0000000000011d38       0x54 /usr/local/ps3dev/ppu/lib/librsx.a(commands.o)
 *fill*         0x0000000000011d8c        0x4 60000000
 .text.rsxSetDepthTestEnableUnsafe
                0x0000000000011d90       0x2c /usr/local/ps3dev/ppu/lib/librsx.a(commands.o)
 *fill*         0x0000000000011dbc        0x4 60000000
 .text.rsxSetDepthFuncUnsafe
                0x0000000000011dc0       0x2c /usr/local/ps3dev/ppu/lib/librsx.a(commands.o)
 *fill*         0x0000000000011dec        0x4 60000000
 .text.rsxSetDepthWriteEnableUnsafe
                0x0000000000011df0       0x2c /usr/local/ps3dev/ppu/lib/librsx.a(commands.o)
 *fill*         0x0000000000011e1c        0x4 60000000
 .text.rsxSetDepthFormatUnsafe
                0x0000000000011e20       0x34 /usr/local/ps3dev/ppu/lib/librsx.a(commands.o)
 *fill*         0x0000000000011e54        0x4 60000000
 .text.rsxSetCullFaceEnableUnsafe
                0x0000000000011e58       0x2c /usr/local/ps3dev/ppu/lib/librsx.a(commands.o)
 *fill*         0x0000000000011e84        0x4 60000000
 .text.rsxSetCullFaceUnsafe
                0x0000000000011e88       0x2c /usr/local/ps3dev/ppu/lib/librsx.a(commands.o)
 *fill*         0x0000000000011eb4        0x4 60000000
 .text.rsxSetFrontFaceUnsafe
                0x0000000000011eb8       0x2c /usr/local/ps3dev/ppu/lib/librsx.a(commands.o)
 *fill*         0x0000000000011ee4        0x4 60000000
 .text.rsxSetFrontPolygonModeUnsafe
                0x0000000000011ee8       0x2c /usr/local/ps3dev/ppu/lib/librsx.a(commands.o)
 *fill*         0x0000000000011f14        0x4 60000000
 .text.rsxSetBackPolygonModeUnsafe
                0x0000000000011f18       0x2c /usr/local/ps3dev/ppu/lib/librsx.a(commands.o)
 *fill*         0x0000000000011f44        0x4 60000000
 .text.rsxSetPolygonOffsetFillEnableUnsafe
                0x0000000000011f48       0x2c /usr/local/ps3dev/ppu/lib/librsx.a(commands.o)
 *fill*         0x0000000000011f74        0x4 60000000
 .text.rsxSetPolygonOffsetUnsafe
                0x0000000000011f78       0x40 /usr/local/ps3dev/ppu/lib/librsx.a(commands.o)
 .text.rsxSetPolygonOffsetLineEnableUnsafe
                0x0000000000011fb8       0x2c /usr/local/ps3dev/ppu/lib/librsx.a(commands.o)
 *fill*         0x0000000000011fe4        0x4 60000000
 .text.rsxClearSurfaceUnsafe
                0x0000000000011fe8       0x3c /usr/local/ps3dev/ppu/lib/librsx.a(commands.o)
 *fill*         0x0000000000012024        0x4 60000000
 .text.rsxSetCylindricalWrapUnsafe
                0x0000000000012028       0x2c /usr/local/ps3dev/ppu/lib/librsx.a(commands.o)
 *fill*         0x0000000000012054        0x4 60000000
 .text.rsxSetTwoSideLightEnableUnsafe
                0x0000000000012058       0x2c /usr/local/ps3dev/ppu/lib/librsx.a(commands.o)
 *fill*         0x0000000000012084        0x4 60000000
 .text.rsxSetStencilFuncUnsafe
                0x0000000000012088       0x34 /usr/local/ps3dev/ppu/lib/librsx.a(commands.o)
 *fill*         0x00000000000120bc        0x4 60000000
 .text.rsxSetStencilMaskUnsafe
                0x00000000000120c0       0x2c /usr/local/ps3dev/ppu/lib/librsx.a(commands.o)
 *fill*         0x00000000000120ec        0x4 60000000
 .text.rsxSetStencilOpUnsafe
                0x00000000000120f0       0x34 /usr/local/ps3dev/ppu/lib/librsx.a(commands.o)
 *fill*         0x0000000000012124        0x4 60000000
 .text.rsxSetStencilTestEnableUnsafe
                0x0000000000012128       0x2c /usr/local/ps3dev/ppu/lib/librsx.a(commands.o)
 *fill*         0x0000000000012154        0x4 60000000
 .text.rsxSetBackStencilFuncUnsafe
                0x0000000000012158       0x34 /usr/local/ps3dev/ppu/lib/librsx.a(commands.o)
 *fill*         0x000000000001218c        0x4 60000000
 .text.rsxSetBackStencilMaskUnsafe
                0x0000000000012190       0x2c /usr/local/ps3dev/ppu/lib/librsx.a(commands.o)
 *fill*         0x00000000000121bc        0x4 60000000
 .text.rsxSetBackStencilOpUnsafe
                0x00000000000121c0       0x34 /usr/local/ps3dev/ppu/lib/librsx.a(commands.o)
 *fill*         0x00000000000121f4        0x4 60000000
 .text.rsxSetTwoSidedStencilTestEnableUnsafe
                0x00000000000121f8       0x2c /usr/local/ps3dev/ppu/lib/librsx.a(commands.o)
 *fill*         0x0000000000012224        0x4 60000000
 .text.rsxSetRenderEnableUnsafe
                0x0000000000012228       0x70 /usr/local/ps3dev/ppu/lib/librsx.a(commands.o)
 .text.rsxSetReportUnsafe
                0x0000000000012298       0x38 /usr/local/ps3dev/ppu/lib/librsx.a(commands.o)
 .text.rsxSetClearReportUnsafe
                0x00000000000122d0       0x2c /usr/local/ps3dev/ppu/lib/librsx.a(commands.o)
 *fill*         0x00000000000122fc        0x4 60000000
 .text.rsxSetZPixelCountEnableUnsafe
                0x0000000000012300       0x2c /usr/local/ps3dev/ppu/lib/librsx.a(commands.o)
 *fill*         0x000000000001232c        0x4 60000000
 .text.rsxSetSCullControlUnsafe
                0x0000000000012330       0x3c /usr/local/ps3dev/ppu/lib/librsx.a(commands.o)
 *fill*         0x000000000001236c        0x4 60000000
 .text.rsxSetZCullLimitUnsafe
                0x0000000000012370       0x34 /usr/local/ps3dev/ppu/lib/librsx.a(commands.o)
 *fill*         0x00000000000123a4        0x4 60000000
 .text.rsxSetZCullStatsEnableUnsafe
                0x00000000000123a8       0x2c /usr/local/ps3dev/ppu/lib/librsx.a(commands.o)
 *fill*         0x00000000000123d4        0x4 60000000
 .text.rsxSetZCullControlUnsafe
                0x00000000000123d8       0x34 /usr/local/ps3dev/ppu/lib/librsx.a(commands.o)
 *fill*         0x000000000001240c        0x4 60000000
 .text.rsxSetClearZCullSurfaceUnsafe
                0x0000000000012410       0x34 /usr/local/ps3dev/ppu/lib/librsx.a(commands.o)
 *fill*         0x0000000000012444        0x4 60000000
 .text.rsxSetZCullEnableUnsafe
                0x0000000000012448       0x34 /usr/local/ps3dev/ppu/lib/librsx.a(commands.o)
 *fill*         0x000000000001247c        0x4 60000000
 .text.rsxSetZCullInvalidateUnsafe
                0x0000000000012480       0x2c /usr/local/ps3dev/ppu/lib/librsx.a(commands.o)
 *fill*         0x00000000000124ac        0x4 60000000
 .text.rsxSetPolygonSmoothEnableUnsafe
                0x00000000000124b0       0x2c /usr/local/ps3dev/ppu/lib/librsx.a(commands.o)
 *fill*         0x00000000000124dc        0x4 60000000
 .text.rsxSetDitherEnableUnsafe
                0x00000000000124e0       0x2c /usr/local/ps3dev/ppu/lib/librsx.a(commands.o)
 *fill*         0x000000000001250c        0x4 60000000
 .text.rsxLoadVertexProgramBlockUnsafe
                0x0000000000012510      0x2ac /usr/local/ps3dev/ppu/lib/librsx.a(commands.o)
 *fill*         0x00000000000127bc        0x4 60000000
 .text.rsxLoadFragmentProgramLocationUnsafe
                0x00000000000127c0      0x16c /usr/local/ps3dev/ppu/lib/librsx.a(commands.o)
 *fill*         0x000000000001292c        0x4 60000000
 .text.rsxUpdateFragmentProgramLocationUnsafe
                0x0000000000012930       0x38 /usr/local/ps3dev/ppu/lib/librsx.a(commands.o)
 .text.rsxSetFragmentProgramControlUnsafe
                0x0000000000012968       0x54 /usr/local/ps3dev/ppu/lib/librsx.a(commands.o)
 *fill*         0x00000000000129bc        0x4 60000000
 .text.rsxLoadVertexProgramParameterBlockUnsafe
                0x00000000000129c0      0x290 /usr/local/ps3dev/ppu/lib/librsx.a(commands.o)
 .text.rsxLoadVertexProgramUnsafe
                0x0000000000012c50       0xec /usr/local/ps3dev/ppu/lib/librsx.a(commands.o)
 *fill*         0x0000000000012d3c        0x4 60000000
 .text.rsxSetVertexProgramParameterUnsafe
                0x0000000000012d40      0x218 /usr/local/ps3dev/ppu/lib/librsx.a(commands.o)
 .text.rsxSetVertexProgramConstantsUnsafe
                0x0000000000012f58      0x210 /usr/local/ps3dev/ppu/lib/librsx.a(commands.o)
 .text.rsxSetVertexAttribOutputMaskUnsafe
                0x0000000000013168       0x2c /usr/local/ps3dev/ppu/lib/librsx.a(commands.o)
 *fill*         0x0000000000013194        0x4 60000000
 .text.rsxSetFragmentProgramGammaEnableUnsafe
                0x0000000000013198       0x2c /usr/local/ps3dev/ppu/lib/librsx.a(commands.o)
 *fill*         0x00000000000131c4        0x4 60000000
 .text.rsxDrawVertexBeginUnsafe
                0x00000000000131c8       0x2c /usr/local/ps3dev/ppu/lib/librsx.a(commands.o)
 *fill*         0x00000000000131f4        0x4 60000000
 .text.rsxDrawVertexEndUnsafe
                0x00000000000131f8       0x2c /usr/local/ps3dev/ppu/lib/librsx.a(commands.o)
 *fill*         0x0000000000013224        0x4 60000000
 .text.rsxDrawVertex1fUnsafe
                0x0000000000013228       0x38 /usr/local/ps3dev/ppu/lib/librsx.a(commands.o)
 .text.rsxDrawVertex2fUnsafe
                0x0000000000013260       0x40 /usr/local/ps3dev/ppu/lib/librsx.a(commands.o)
 .text.rsxDrawVertex3fUnsafe
                0x00000000000132a0       0x48 /usr/local/ps3dev/ppu/lib/librsx.a(commands.o)
 .text.rsxDrawVertex4fUnsafe
                0x00000000000132e8       0x48 /usr/local/ps3dev/ppu/lib/librsx.a(commands.o)
 .text.rsxDrawVertex4sUnsafe
                0x0000000000013330       0x5c /usr/local/ps3dev/ppu/lib/librsx.a(commands.o)
 *fill*         0x000000000001338c        0x4 60000000
 .text.rsxDrawVertexScaled4sUnsafe
                0x0000000000013390       0x5c /usr/local/ps3dev/ppu/lib/librsx.a(commands.o)
 *fill*         0x00000000000133ec        0x4 60000000
 .text.rsxDrawVertex2sUnsafe
                0x00000000000133f0       0x44 /usr/local/ps3dev/ppu/lib/librsx.a(commands.o)
 *fill*         0x0000000000013434        0x4 60000000
 .text.rsxDrawVertex4ubUnsafe
                0x0000000000013438       0x34 /usr/local/ps3dev/ppu/lib/librsx.a(commands.o)
 *fill*         0x000000000001346c        0x4 60000000
 .text.rsxSetFrequencyDividerOperationUnsafe
                0x0000000000013470       0x2c /usr/local/ps3dev/ppu/lib/librsx.a(commands.o)
 *fill*         0x000000000001349c        0x4 60000000
 .text.rsxInvalidateVertexCacheUnsafe
                0x00000000000134a0       0x44 /usr/local/ps3dev/ppu/lib/librsx.a(commands.o)
 *fill*         0x00000000000134e4        0x4 60000000
 .text.rsxInvalidateTextureCacheUnsafe
                0x00000000000134e8       0x2c /usr/local/ps3dev/ppu/lib/librsx.a(commands.o)
 *fill*         0x0000000000013514        0x4 60000000
 .text.rsxLoadTextureUnsafe
                0x0000000000013518       0xc0 /usr/local/ps3dev/ppu/lib/librsx.a(commands.o)
 .text.rsxLoadVertexTextureUnsafe
                0x00000000000135d8       0x8c /usr/local/ps3dev/ppu/lib/librsx.a(commands.o)
 *fill*         0x0000000000013664        0x4 60000000
 .text.rsxTextureControlUnsafe
                0x0000000000013668       0x4c /usr/local/ps3dev/ppu/lib/librsx.a(commands.o)
 *fill*         0x00000000000136b4        0x4 60000000
 .text.rsxVertexTextureControlUnsafe
                0x00000000000136b8       0x44 /usr/local/ps3dev/ppu/lib/librsx.a(commands.o)
 *fill*         0x00000000000136fc        0x4 60000000
 .text.rsxTextureFilterUnsafe
                0x0000000000013700       0x44 /usr/local/ps3dev/ppu/lib/librsx.a(commands.o)
 *fill*         0x0000000000013744        0x4 60000000
 .text.rsxVertexTextureFilterUnsafe
                0x0000000000013748       0x30 /usr/local/ps3dev/ppu/lib/librsx.a(commands.o)
 .text.rsxTextureWrapModeUnsafe
                0x0000000000013778       0x58 /usr/local/ps3dev/ppu/lib/librsx.a(commands.o)
 .text.rsxVertexTextureWrapModeUnsafe
                0x00000000000137d0       0x38 /usr/local/ps3dev/ppu/lib/librsx.a(commands.o)
 .text.rsxTextureBorderColorUnsafe
                0x0000000000013808       0x30 /usr/local/ps3dev/ppu/lib/librsx.a(commands.o)
 .text.rsxVertexTextureBorderColorUnsafe
                0x0000000000013838       0x30 /usr/local/ps3dev/ppu/lib/librsx.a(commands.o)
 .text.rsxTextureOptimizationUnsafe
                0x0000000000013868       0x44 /usr/local/ps3dev/ppu/lib/librsx.a(commands.o)
 *fill*         0x00000000000138ac        0x4 60000000
 .text.rsxTextureAnisoSpreadUnsafe
                0x00000000000138b0       0x5c /usr/local/ps3dev/ppu/lib/librsx.a(commands.o)
 *fill*         0x000000000001390c        0x4 60000000
 .text.rsxSetZMinMaxControlUnsafe
                0x0000000000013910       0x3c /usr/local/ps3dev/ppu/lib/librsx.a(commands.o)
 *fill*         0x000000000001394c        0x4 60000000
 .text.rsxSetDepthBoundsTestEnableUnsafe
                0x0000000000013950       0x2c /usr/local/ps3dev/ppu/lib/librsx.a(commands.o)
 *fill*         0x000000000001397c        0x4 60000000
 .text.rsxSetDepthBoundsUnsafe
                0x0000000000013980       0x40 /usr/local/ps3dev/ppu/lib/librsx.a(commands.o)
 .text.rsxBindVertexArrayAttribUnsafe
                0x00000000000139c0       0x60 /usr/local/ps3dev/ppu/lib/librsx.a(commands.o)
 .text.rsxDrawVertexArrayUnsafe
                0x0000000000013a20      0x1e4 /usr/local/ps3dev/ppu/lib/librsx.a(commands.o)
 *fill*         0x0000000000013c04        0x4 60000000
 .text.rsxDrawInlineVertexArrayUnsafe
                0x0000000000013c08      0x1a0 /usr/local/ps3dev/ppu/lib/librsx.a(commands.o)
 .text.rsxDrawIndexArrayUnsafe
                0x0000000000013da8      0x23c /usr/local/ps3dev/ppu/lib/librsx.a(commands.o)
 *fill*         0x0000000000013fe4        0x4 60000000
 .text.rsxDrawInlineIndexArray16Unsafe
                0x0000000000013fe8      0x208 /usr/local/ps3dev/ppu/lib/librsx.a(commands.o)
 .text.rsxDrawInlineIndexArray32Unsafe
                0x00000000000141f0      0x1a8 /usr/local/ps3dev/ppu/lib/librsx.a(commands.o)
 .text.rsxSetRestartIndexEnableUnsafe
                0x0000000000014398       0x2c /usr/local/ps3dev/ppu/lib/librsx.a(commands.o)
 *fill*         0x00000000000143c4        0x4 60000000
 .text.rsxSetRestartIndexUnsafe
                0x00000000000143c8       0x2c /usr/local/ps3dev/ppu/lib/librsx.a(commands.o)
 *fill*         0x00000000000143f4        0x4 60000000
 .text.rsxSetScissorUnsafe
                0x00000000000143f8       0x40 /usr/local/ps3dev/ppu/lib/librsx.a(commands.o)
 .text.rsxSetAntialiasingControlUnsafe
                0x0000000000014438       0x44 /usr/local/ps3dev/ppu/lib/librsx.a(commands.o)
 *fill*         0x000000000001447c        0x4 60000000
 .text.rsxInlineTransferUnsafe
                0x0000000000014480      0x18c /usr/local/ps3dev/ppu/lib/librsx.a(commands.o)
 *fill*         0x000000000001460c        0x4 60000000
 .text.rsxSetFragmentProgramParameterUnsafe
                0x0000000000014610      0x5d8 /usr/local/ps3dev/ppu/lib/librsx.a(commands.o)
 .text.rsxSetAlphaFuncUnsafe
                0x0000000000014be8       0x30 /usr/local/ps3dev/ppu/lib/librsx.a(commands.o)
 .text.rsxSetAlphaTestEnableUnsafe
                0x0000000000014c18       0x2c /usr/local/ps3dev/ppu/lib/librsx.a(commands.o)
 *fill*         0x0000000000014c44        0x4 60000000
 .text.rsxSetBlendFuncUnsafe
                0x0000000000014c48       0x40 /usr/local/ps3dev/ppu/lib/librsx.a(commands.o)
 .text.rsxSetBlendEquationUnsafe
                0x0000000000014c88       0x34 /usr/local/ps3dev/ppu/lib/librsx.a(commands.o)
 *fill*         0x0000000000014cbc        0x4 60000000
 .text.rsxSetBlendColorUnsafe
                0x0000000000014cc0       0x3c /usr/local/ps3dev/ppu/lib/librsx.a(commands.o)
 *fill*         0x0000000000014cfc        0x4 60000000
 .text.rsxSetBlendEnableUnsafe
                0x0000000000014d00       0x2c /usr/local/ps3dev/ppu/lib/librsx.a(commands.o)
 *fill*         0x0000000000014d2c        0x4 60000000
 .text.rsxSetBlendOptimizationUnsafe
                0x0000000000014d30       0x2c /usr/local/ps3dev/ppu/lib/librsx.a(commands.o)
 *fill*         0x0000000000014d5c        0x4 60000000
 .text.rsxSetBlendEnableMrtUnsafe
                0x0000000000014d60       0x40 /usr/local/ps3dev/ppu/lib/librsx.a(commands.o)
 .text.rsxSetLogicOpUnsafe
                0x0000000000014da0       0x2c /usr/local/ps3dev/ppu/lib/librsx.a(commands.o)
 *fill*         0x0000000000014dcc        0x4 60000000
 .text.rsxSetLogicOpEnableUnsafe
                0x0000000000014dd0       0x2c /usr/local/ps3dev/ppu/lib/librsx.a(commands.o)
 *fill*         0x0000000000014dfc        0x4 60000000
 .text.rsxSetFogModeUnsafe
                0x0000000000014e00       0x2c /usr/local/ps3dev/ppu/lib/librsx.a(commands.o)
 *fill*         0x0000000000014e2c        0x4 60000000
 .text.rsxSetFogParamsUnsafe
                0x0000000000014e30       0x40 /usr/local/ps3dev/ppu/lib/librsx.a(commands.o)
 .text.rsxSetTransformBranchBitsUnsafe
                0x0000000000014e70       0x2c /usr/local/ps3dev/ppu/lib/librsx.a(commands.o)
 *fill*         0x0000000000014e9c        0x4 60000000
 .text.rsxSetPointSpriteControlUnsafe
                0x0000000000014ea0       0x48 /usr/local/ps3dev/ppu/lib/librsx.a(commands.o)
 .text.rsxSetPointSizeUnsafe
                0x0000000000014ee8       0x34 /usr/local/ps3dev/ppu/lib/librsx.a(commands.o)
 *fill*         0x0000000000014f1c        0x4 60000000
 .text.rsxSetTransferDataUnsafe
                0x0000000000014f20      0x1a4 /usr/local/ps3dev/ppu/lib/librsx.a(commands.o)
 *fill*         0x00000000000150c4        0x4 60000000
 .text.rsxSetTransferDataModeUnsafe
                0x00000000000150c8       0x70 /usr/local/ps3dev/ppu/lib/librsx.a(commands.o)
 .text.rsxSetTransferDataOffsetUnsafe
                0x0000000000015138       0x5c /usr/local/ps3dev/ppu/lib/librsx.a(commands.o)
 *fill*         0x0000000000015194        0x4 60000000
 .text.rsxSetTransferDataFormatUnsafe
                0x0000000000015198       0x44 /usr/local/ps3dev/ppu/lib/librsx.a(commands.o)
 *fill*         0x00000000000151dc        0x4 60000000
 .text.rsxSetTransferImageUnsafe
                0x00000000000151e0      0x4ac /usr/local/ps3dev/ppu/lib/librsx.a(commands.o)
 *fill*         0x000000000001568c        0x4 60000000
 .text.rsxSetTransferScaleModeUnsafe
                0x0000000000015690       0xe8 /usr/local/ps3dev/ppu/lib/librsx.a(commands.o)
 .text.rsxSetTransferScaleSurfaceUnsafe
                0x0000000000015778      0x140 /usr/local/ps3dev/ppu/lib/librsx.a(commands.o)
 .text.rsxSetTransferScaleSwizzleUnsafe
                0x00000000000158b8      0x140 /usr/local/ps3dev/ppu/lib/librsx.a(commands.o)
 .text.rsxSetTimeStampUnsafe
                0x00000000000159f8       0x34 /usr/local/ps3dev/ppu/lib/librsx.a(commands.o)
 *fill*         0x0000000000015a2c        0x4 60000000
 .text.rsxSetWaitForIdleUnsafe
                0x0000000000015a30       0x2c /usr/local/ps3dev/ppu/lib/librsx.a(commands.o)
 *fill*         0x0000000000015a5c        0x4 60000000
 .text.rsxContextCallback
                0x0000000000015a60       0x50 /usr/local/ps3dev/ppu/lib/librsx.a(commands.o)
 .text.rsxSetReturnCommand
                0x0000000000015ab0       0x90 /usr/local/ps3dev/ppu/lib/librsx.a(commands.o)
 .text.rsxSetCallCommand
                0x0000000000015b40       0x9c /usr/local/ps3dev/ppu/lib/librsx.a(commands.o)
 *fill*         0x0000000000015bdc        0x4 60000000
 .text.rsxSetJumpCommand
                0x0000000000015be0       0x9c /usr/local/ps3dev/ppu/lib/librsx.a(commands.o)
 *fill*         0x0000000000015c7c        0x4 60000000
 .text.rsxSetNopCommand
                0x0000000000015c80      0x118 /usr/local/ps3dev/ppu/lib/librsx.a(commands.o)
 .text.rsxSetSkipNop
                0x0000000000015d98       0xc0 /usr/local/ps3dev/ppu/lib/librsx.a(commands.o)
 .text.rsxSetClearColor
                0x0000000000015e58       0xa4 /usr/local/ps3dev/ppu/lib/librsx.a(commands.o)
 *fill*         0x0000000000015efc        0x4 60000000
 .text.rsxSetClearDepthStencil
                0x0000000000015f00       0xa4 /usr/local/ps3dev/ppu/lib/librsx.a(commands.o)
 *fill*         0x0000000000015fa4        0x4 60000000
 .text.rsxSetReferenceCommand
                0x0000000000015fa8       0xa4 /usr/local/ps3dev/ppu/lib/librsx.a(commands.o)
 *fill*         0x000000000001604c        0x4 60000000
 .text.rsxSetWriteBackendLabel
                0x0000000000016050       0xd8 /usr/local/ps3dev/ppu/lib/librsx.a(commands.o)
 .text.rsxSetWriteTextureLabel
                0x0000000000016128       0xbc /usr/local/ps3dev/ppu/lib/librsx.a(commands.o)
 *fill*         0x00000000000161e4        0x4 60000000
 .text.rsxSetWaitLabel
                0x00000000000161e8       0xbc /usr/local/ps3dev/ppu/lib/librsx.a(commands.o)
 *fill*         0x00000000000162a4        0x4 60000000
 .text.rsxSetWriteCommandLabel
                0x00000000000162a8       0xbc /usr/local/ps3dev/ppu/lib/librsx.a(commands.o)
 *fill*         0x0000000000016364        0x4 60000000
 .text.rsxSetSurface
                0x0000000000016368      0x254 /usr/local/ps3dev/ppu/lib/librsx.a(commands.o)
 *fill*         0x00000000000165bc        0x4 60000000
 .text.rsxSetColorMask
                0x00000000000165c0       0xa4 /usr/local/ps3dev/ppu/lib/librsx.a(commands.o)
 *fill*         0x0000000000016664        0x4 60000000
 .text.rsxSetColorMaskMrt
                0x0000000000016668       0xa4 /usr/local/ps3dev/ppu/lib/librsx.a(commands.o)
 *fill*         0x000000000001670c        0x4 60000000
 .text.rsxSetShadeModel
                0x0000000000016710       0xa4 /usr/local/ps3dev/ppu/lib/librsx.a(commands.o)
 *fill*         0x00000000000167b4        0x4 60000000
 .text.rsxSetViewport
                0x00000000000167b8      0x1e8 /usr/local/ps3dev/ppu/lib/librsx.a(commands.o)
 .text.rsxSetViewportClip
                0x00000000000169a0       0xcc /usr/local/ps3dev/ppu/lib/librsx.a(commands.o)
 *fill*         0x0000000000016a6c        0x4 60000000
 .text.rsxSetUserClipPlaneControl
                0x0000000000016a70       0xf4 /usr/local/ps3dev/ppu/lib/librsx.a(commands.o)
 *fill*         0x0000000000016b64        0x4 60000000
 .text.rsxSetDepthTestEnable
                0x0000000000016b68       0xa4 /usr/local/ps3dev/ppu/lib/librsx.a(commands.o)
 *fill*         0x0000000000016c0c        0x4 60000000
 .text.rsxSetDepthFunc
                0x0000000000016c10       0xa4 /usr/local/ps3dev/ppu/lib/librsx.a(commands.o)
 *fill*         0x0000000000016cb4        0x4 60000000
 .text.rsxSetDepthWriteEnable
                0x0000000000016cb8       0xa4 /usr/local/ps3dev/ppu/lib/librsx.a(commands.o)
 *fill*         0x0000000000016d5c        0x4 60000000
 .text.rsxSetDepthFormat
                0x0000000000016d60       0xac /usr/local/ps3dev/ppu/lib/librsx.a(commands.o)
 *fill*         0x0000000000016e0c        0x4 60000000
 .text.rsxSetCullFaceEnable
                0x0000000000016e10       0xa4 /usr/local/ps3dev/ppu/lib/librsx.a(commands.o)
 *fill*         0x0000000000016eb4        0x4 60000000
 .text.rsxSetCullFace
                0x0000000000016eb8       0xa4 /usr/local/ps3dev/ppu/lib/librsx.a(commands.o)
 *fill*         0x0000000000016f5c        0x4 60000000
 .text.rsxSetFrontFace
                0x0000000000016f60       0xa4 /usr/local/ps3dev/ppu/lib/librsx.a(commands.o)
 *fill*         0x0000000000017004        0x4 60000000
 .text.rsxSetFrontPolygonMode
                0x0000000000017008       0xa4 /usr/local/ps3dev/ppu/lib/librsx.a(commands.o)
 *fill*         0x00000000000170ac        0x4 60000000
 .text.rsxSetBackPolygonMode
                0x00000000000170b0       0xa4 /usr/local/ps3dev/ppu/lib/librsx.a(commands.o)
 *fill*         0x0000000000017154        0x4 60000000
 .text.rsxSetPolygonOffsetFillEnable
                0x0000000000017158       0xa4 /usr/local/ps3dev/ppu/lib/librsx.a(commands.o)
 *fill*         0x00000000000171fc        0x4 60000000
 .text.rsxSetPolygonOffset
                0x0000000000017200       0xc0 /usr/local/ps3dev/ppu/lib/librsx.a(commands.o)
 .text.rsxSetPolygonOffsetLineEnable
                0x00000000000172c0       0xa4 /usr/local/ps3dev/ppu/lib/librsx.a(commands.o)
 *fill*         0x0000000000017364        0x4 60000000
 .text.rsxClearSurface
                0x0000000000017368       0xb4 /usr/local/ps3dev/ppu/lib/librsx.a(commands.o)
 *fill*         0x000000000001741c        0x4 60000000
 .text.rsxSetCylindricalWrap
                0x0000000000017420       0xa4 /usr/local/ps3dev/ppu/lib/librsx.a(commands.o)
 *fill*         0x00000000000174c4        0x4 60000000
 .text.rsxSetTwoSideLightEnable
                0x00000000000174c8       0xa4 /usr/local/ps3dev/ppu/lib/librsx.a(commands.o)
 *fill*         0x000000000001756c        0x4 60000000
 .text.rsxSetStencilFunc
                0x0000000000017570       0xbc /usr/local/ps3dev/ppu/lib/librsx.a(commands.o)
 *fill*         0x000000000001762c        0x4 60000000
 .text.rsxSetStencilMask
                0x0000000000017630       0xa4 /usr/local/ps3dev/ppu/lib/librsx.a(commands.o)
 *fill*         0x00000000000176d4        0x4 60000000
 .text.rsxSetStencilOp
                0x00000000000176d8       0xbc /usr/local/ps3dev/ppu/lib/librsx.a(commands.o)
 *fill*         0x0000000000017794        0x4 60000000
 .text.rsxSetStencilTestEnable
                0x0000000000017798       0xa4 /usr/local/ps3dev/ppu/lib/librsx.a(commands.o)
 *fill*         0x000000000001783c        0x4 60000000
 .text.rsxSetBackStencilFunc
                0x0000000000017840       0xbc /usr/local/ps3dev/ppu/lib/librsx.a(commands.o)
 *fill*         0x00000000000178fc        0x4 60000000
 .text.rsxSetBackStencilMask
                0x0000000000017900       0xa4 /usr/local/ps3dev/ppu/lib/librsx.a(commands.o)
 *fill*         0x00000000000179a4        0x4 60000000
 .text.rsxSetBackStencilOp
                0x00000000000179a8       0xbc /usr/local/ps3dev/ppu/lib/librsx.a(commands.o)
 *fill*         0x0000000000017a64        0x4 60000000
 .text.rsxSetTwoSidedStencilTestEnable
                0x0000000000017a68       0xa4 /usr/local/ps3dev/ppu/lib/librsx.a(commands.o)
 *fill*         0x0000000000017b0c        0x4 60000000
 .text.rsxSetRenderEnable
                0x0000000000017b10      0x124 /usr/local/ps3dev/ppu/lib/librsx.a(commands.o)
 *fill*         0x0000000000017c34        0x4 60000000
 .text.rsxSetReport
                0x0000000000017c38       0xc0 /usr/local/ps3dev/ppu/lib/librsx.a(commands.o)
 .text.rsxSetClearReport
                0x0000000000017cf8       0xa4 /usr/local/ps3dev/ppu/lib/librsx.a(commands.o)
 *fill*         0x0000000000017d9c        0x4 60000000
 .text.rsxSetZPixelCountEnable
                0x0000000000017da0       0xa4 /usr/local/ps3dev/ppu/lib/librsx.a(commands.o)
 *fill*         0x0000000000017e44        0x4 60000000
 .text.rsxSetSCullControl
                0x0000000000017e48       0xc4 /usr/local/ps3dev/ppu/lib/librsx.a(commands.o)
 *fill*         0x0000000000017f0c        0x4 60000000
 .text.rsxSetZCullLimit
                0x0000000000017f10       0xb4 /usr/local/ps3dev/ppu/lib/librsx.a(commands.o)
 *fill*         0x0000000000017fc4        0x4 60000000
 .text.rsxSetZCullStatsEnable
                0x0000000000017fc8       0xa4 /usr/local/ps3dev/ppu/lib/librsx.a(commands.o)
 *fill*         0x000000000001806c        0x4 60000000
 .text.rsxSetZCullControl
                0x0000000000018070       0xb4 /usr/local/ps3dev/ppu/lib/librsx.a(commands.o)
 *fill*         0x0000000000018124        0x4 60000000
 .text.rsxSetClearZCullSurface
                0x0000000000018128       0xb4 /usr/local/ps3dev/ppu/lib/librsx.a(commands.o)
 *fill*         0x00000000000181dc        0x4 60000000
 .text.rsxSetZCullEnable
                0x00000000000181e0       0xb4 /usr/local/ps3dev/ppu/lib/librsx.a(commands.o)
 *fill*         0x0000000000018294        0x4 60000000
 .text.rsxSetZCullInvalidate
                0x0000000000018298       0x98 /usr/local/ps3dev/ppu/lib/librsx.a(commands.o)
 .text.rsxSetPolygonSmoothEnable
                0x0000000000018330       0xa4 /usr/local/ps3dev/ppu/lib/librsx.a(commands.o)
 *fill*         0x00000000000183d4        0x4 60000000
 .text.rsxSetDitherEnable
                0x00000000000183d8       0xa4 /usr/local/ps3dev/ppu/lib/librsx.a(commands.o)
 *fill*         0x000000000001847c        0x4 60000000
 .text.rsxLoadVertexProgramBlock
                0x0000000000018480      0x384 /usr/local/ps3dev/ppu/lib/librsx.a(commands.o)
 *fill*         0x0000000000018804        0x4 60000000
 .text.rsxLoadFragmentProgramLocation
                0x0000000000018808      0x228 /usr/local/ps3dev/ppu/lib/librsx.a(commands.o)
 .text.rsxUpdateFragmentProgramLocation
                0x0000000000018a30       0xbc /usr/local/ps3dev/ppu/lib/librsx.a(commands.o)
 *fill*         0x0000000000018aec        0x4 60000000
 .text.rsxSetFragmentProgramControl
                0x0000000000018af0       0xd4 /usr/local/ps3dev/ppu/lib/librsx.a(commands.o)
 *fill*         0x0000000000018bc4        0x4 60000000
 .text.rsxLoadVertexProgramParameterBlock
                0x0000000000018bc8      0x320 /usr/local/ps3dev/ppu/lib/librsx.a(commands.o)
 .text.rsxLoadVertexProgram
                0x0000000000018ee8       0xec /usr/local/ps3dev/ppu/lib/librsx.a(commands.o)
 *fill*         0x0000000000018fd4        0x4 60000000
 .text.rsxSetVertexProgramParameter
                0x0000000000018fd8      0x218 /usr/local/ps3dev/ppu/lib/librsx.a(commands.o)
 .text.rsxSetVertexProgramConstants
                0x00000000000191f0      0x29c /usr/local/ps3dev/ppu/lib/librsx.a(commands.o)
 *fill*         0x000000000001948c        0x4 60000000
 .text.rsxSetVertexAttribOutputMask
                0x0000000000019490       0xa4 /usr/local/ps3dev/ppu/lib/librsx.a(commands.o)
 *fill*         0x0000000000019534        0x4 60000000
 .text.rsxSetFragmentProgramGammaEnable
                0x0000000000019538       0xa4 /usr/local/ps3dev/ppu/lib/librsx.a(commands.o)
 *fill*         0x00000000000195dc        0x4 60000000
 .text.rsxDrawVertexBegin
                0x00000000000195e0       0xa4 /usr/local/ps3dev/ppu/lib/librsx.a(commands.o)
 *fill*         0x0000000000019684        0x4 60000000
 .text.rsxDrawVertexEnd
                0x0000000000019688       0x98 /usr/local/ps3dev/ppu/lib/librsx.a(commands.o)
 .text.rsxDrawVertex1f
                0x0000000000019720       0xc0 /usr/local/ps3dev/ppu/lib/librsx.a(commands.o)
 .text.rsxDrawVertex2f
                0x00000000000197e0       0xbc /usr/local/ps3dev/ppu/lib/librsx.a(commands.o)
 *fill*         0x000000000001989c        0x4 60000000
 .text.rsxDrawVertex3f
                0x00000000000198a0       0xbc /usr/local/ps3dev/ppu/lib/librsx.a(commands.o)
 *fill*         0x000000000001995c        0x4 60000000
 .text.rsxDrawVertex4f
                0x0000000000019960       0xbc /usr/local/ps3dev/ppu/lib/librsx.a(commands.o)
 *fill*         0x0000000000019a1c        0x4 60000000
 .text.rsxDrawVertex4s
                0x0000000000019a20       0xdc /usr/local/ps3dev/ppu/lib/librsx.a(commands.o)
 *fill*         0x0000000000019afc        0x4 60000000
 .text.rsxDrawVertexScaled4s
                0x0000000000019b00       0xdc /usr/local/ps3dev/ppu/lib/librsx.a(commands.o)
 *fill*         0x0000000000019bdc        0x4 60000000
 .text.rsxDrawVertex2s
                0x0000000000019be0       0xc4 /usr/local/ps3dev/ppu/lib/librsx.a(commands.o)
 *fill*         0x0000000000019ca4        0x4 60000000
 .text.rsxDrawVertex4ub
                0x0000000000019ca8       0xb4 /usr/local/ps3dev/ppu/lib/librsx.a(commands.o)
 *fill*         0x0000000000019d5c        0x4 60000000
 .text.rsxSetFrequencyDividerOperation
                0x0000000000019d60       0xa4 /usr/local/ps3dev/ppu/lib/librsx.a(commands.o)
 *fill*         0x0000000000019e04        0x4 60000000
 .text.rsxInvalidateVertexCache
                0x0000000000019e08       0xb0 /usr/local/ps3dev/ppu/lib/librsx.a(commands.o)
 .text.rsxInvalidateTextureCache
                0x0000000000019eb8       0xa4 /usr/local/ps3dev/ppu/lib/librsx.a(commands.o)
 *fill*         0x0000000000019f5c        0x4 60000000
 .text.rsxLoadTexture
                0x0000000000019f60      0x144 /usr/local/ps3dev/ppu/lib/librsx.a(commands.o)
 *fill*         0x000000000001a0a4        0x4 60000000
 .text.rsxLoadVertexTexture
                0x000000000001a0a8      0x134 /usr/local/ps3dev/ppu/lib/librsx.a(commands.o)
 *fill*         0x000000000001a1dc        0x4 60000000
 .text.rsxTextureControl
                0x000000000001a1e0       0xe4 /usr/local/ps3dev/ppu/lib/librsx.a(commands.o)
 *fill*         0x000000000001a2c4        0x4 60000000
 .text.rsxVertexTextureControl
                0x000000000001a2c8       0xd4 /usr/local/ps3dev/ppu/lib/librsx.a(commands.o)
 *fill*         0x000000000001a39c        0x4 60000000
 .text.rsxTextureFilter
                0x000000000001a3a0       0xdc /usr/local/ps3dev/ppu/lib/librsx.a(commands.o)
 *fill*         0x000000000001a47c        0x4 60000000
 .text.rsxVertexTextureFilter
                0x000000000001a480       0xb4 /usr/local/ps3dev/ppu/lib/librsx.a(commands.o)
 *fill*         0x000000000001a534        0x4 60000000
 .text.rsxTextureWrapMode
                0x000000000001a538      0x104 /usr/local/ps3dev/ppu/lib/librsx.a(commands.o)
 *fill*         0x000000000001a63c        0x4 60000000
 .text.rsxVertexTextureWrapMode
                0x000000000001a640       0xc4 /usr/local/ps3dev/ppu/lib/librsx.a(commands.o)
 *fill*         0x000000000001a704        0x4 60000000
 .text.rsxTextureBorderColor
                0x000000000001a708       0xb4 /usr/local/ps3dev/ppu/lib/librsx.a(commands.o)
 *fill*         0x000000000001a7bc        0x4 60000000
 .text.rsxVertexTextureBorderColor
                0x000000000001a7c0       0xb4 /usr/local/ps3dev/ppu/lib/librsx.a(commands.o)
 *fill*         0x000000000001a874        0x4 60000000
 .text.rsxTextureOptimization
                0x000000000001a878       0xd4 /usr/local/ps3dev/ppu/lib/librsx.a(commands.o)
 *fill*         0x000000000001a94c        0x4 60000000
 .text.rsxTextureAnisoSpread
                0x000000000001a950       0xe0 /usr/local/ps3dev/ppu/lib/librsx.a(commands.o)
 .text.rsxSetZMinMaxControl
                0x000000000001aa30       0xc4 /usr/local/ps3dev/ppu/lib/librsx.a(commands.o)
 *fill*         0x000000000001aaf4        0x4 60000000
 .text.rsxSetDepthBoundsTestEnable
                0x000000000001aaf8       0xa4 /usr/local/ps3dev/ppu/lib/librsx.a(commands.o)
 *fill*         0x000000000001ab9c        0x4 60000000
 .text.rsxSetDepthBounds
                0x000000000001aba0       0xc0 /usr/local/ps3dev/ppu/lib/librsx.a(commands.o)
 .text.rsxBindVertexArrayAttrib
                0x000000000001ac60      0x10c /usr/local/ps3dev/ppu/lib/librsx.a(commands.o)
 *fill*         0x000000000001ad6c        0x4 60000000
 .text.rsxDrawVertexArray
                0x000000000001ad70      0x2ec /usr/local/ps3dev/ppu/lib/librsx.a(commands.o)
 *fill*         0x000000000001b05c        0x4 60000000
 .text.rsxDrawInlineVertexArray
                0x000000000001b060      0x294 /usr/local/ps3dev/ppu/lib/librsx.a(commands.o)
 *fill*         0x000000000001b2f4        0x4 60000000
 .text.rsxDrawIndexArray
                0x000000000001b2f8      0x398 /usr/local/ps3dev/ppu/lib/librsx.a(commands.o)
 .text.rsxDrawInlineIndexArray16
                0x000000000001b690      0x334 /usr/local/ps3dev/ppu/lib/librsx.a(commands.o)
 *fill*         0x000000000001b9c4        0x4 60000000
 .text.rsxDrawInlineIndexArray32
                0x000000000001b9c8      0x29c /usr/local/ps3dev/ppu/lib/librsx.a(commands.o)
 *fill*         0x000000000001bc64        0x4 60000000
 .text.rsxSetRestartIndexEnable
                0x000000000001bc68       0xa4 /usr/local/ps3dev/ppu/lib/librsx.a(commands.o)
 *fill*         0x000000000001bd0c        0x4 60000000
 .text.rsxSetRestartIndex
                0x000000000001bd10       0xa4 /usr/local/ps3dev/ppu/lib/librsx.a(commands.o)
 *fill*         0x000000000001bdb4        0x4 60000000
 .text.rsxSetScissor
                0x000000000001bdb8       0xd4 /usr/local/ps3dev/ppu/lib/librsx.a(commands.o)
 *fill*         0x000000000001be8c        0x4 60000000
 .text.rsxSetAntialiasingControl
                0x000000000001be90       0xd4 /usr/local/ps3dev/ppu/lib/librsx.a(commands.o)
 *fill*         0x000000000001bf64        0x4 60000000
 .text.rsxInlineTransfer
                0x000000000001bf68      0x23c /usr/local/ps3dev/ppu/lib/librsx.a(commands.o)
 *fill*         0x000000000001c1a4        0x4 60000000
 .text.rsxSetFragmentProgramParameter
                0x000000000001c1a8      0x5d8 /usr/local/ps3dev/ppu/lib/librsx.a(commands.o)
 .text.rsxSetAlphaFunc
                0x000000000001c780       0xb4 /usr/local/ps3dev/ppu/lib/librsx.a(commands.o)
 *fill*         0x000000000001c834        0x4 60000000
 .text.rsxSetAlphaTestEnable
                0x000000000001c838       0xa4 /usr/local/ps3dev/ppu/lib/librsx.a(commands.o)
 *fill*         0x000000000001c8dc        0x4 60000000
 .text.rsxSetBlendFunc
                0x000000000001c8e0       0xd4 /usr/local/ps3dev/ppu/lib/librsx.a(commands.o)
 *fill*         0x000000000001c9b4        0x4 60000000
 .text.rsxSetBlendEquation
                0x000000000001c9b8       0xb4 /usr/local/ps3dev/ppu/lib/librsx.a(commands.o)
 *fill*         0x000000000001ca6c        0x4 60000000
 .text.rsxSetBlendColor
                0x000000000001ca70       0xbc /usr/local/ps3dev/ppu/lib/librsx.a(commands.o)
 *fill*         0x000000000001cb2c        0x4 60000000
 .text.rsxSetBlendEnable
                0x000000000001cb30       0xa4 /usr/local/ps3dev/ppu/lib/librsx.a(commands.o)
 *fill*         0x000000000001cbd4        0x4 60000000
 .text.rsxSetBlendOptimization
                0x000000000001cbd8       0xa4 /usr/local/ps3dev/ppu/lib/librsx.a(commands.o)
 *fill*         0x000000000001cc7c        0x4 60000000
 .text.rsxSetBlendEnableMrt
                0x000000000001cc80       0xcc /usr/local/ps3dev/ppu/lib/librsx.a(commands.o)
 *fill*         0x000000000001cd4c        0x4 60000000
 .text.rsxSetLogicOp
                0x000000000001cd50       0xa4 /usr/local/ps3dev/ppu/lib/librsx.a(commands.o)
 *fill*         0x000000000001cdf4        0x4 60000000
 .text.rsxSetLogicOpEnable
                0x000000000001cdf8       0xa4 /usr/local/ps3dev/ppu/lib/librsx.a(commands.o)
 *fill*         0x000000000001ce9c        0x4 60000000
 .text.rsxSetFogMode
                0x000000000001cea0       0xa4 /usr/local/ps3dev/ppu/lib/librsx.a(commands.o)
 *fill*         0x000000000001cf44        0x4 60000000
 .text.rsxSetFogParams
                0x000000000001cf48       0xc0 /usr/local/ps3dev/ppu/lib/librsx.a(commands.o)
 .text.rsxSetTransformBranchBits
                0x000000000001d008       0xa4 /usr/local/ps3dev/ppu/lib/librsx.a(commands.o)
 *fill*         0x000000000001d0ac        0x4 60000000
 .text.rsxSetPointSpriteControl
                0x000000000001d0b0       0xd4 /usr/local/ps3dev/ppu/lib/librsx.a(commands.o)
 *fill*         0x000000000001d184        0x4 60000000
 .text.rsxSetPointSize
                0x000000000001d188       0xac /usr/local/ps3dev/ppu/lib/librsx.a(commands.o)
 *fill*         0x000000000001d234        0x4 60000000
 .text.rsxSetTransferData
                0x000000000001d238      0x244 /usr/local/ps3dev/ppu/lib/librsx.a(commands.o)
 *fill*         0x000000000001d47c        0x4 60000000
 .text.rsxSetConvertSwizzleFormatUnsafe
                0x000000000001d480      0x7a8 /usr/local/ps3dev/ppu/lib/librsx.a(commands.o)
 .text.rsxSetTransferDataMode
                0x000000000001dc28       0xec /usr/local/ps3dev/ppu/lib/librsx.a(commands.o)
 *fill*         0x000000000001dd14        0x4 60000000
 .text.rsxSetTransferDataOffset
                0x000000000001dd18      0x12c /usr/local/ps3dev/ppu/lib/librsx.a(commands.o)
 *fill*         0x000000000001de44        0x4 60000000
 .text.rsxSetTransferDataFormat
                0x000000000001de48       0xe4 /usr/local/ps3dev/ppu/lib/librsx.a(commands.o)
 *fill*         0x000000000001df2c        0x4 60000000
 .text.rsxSetTransferImage
                0x000000000001df30      0x43c /usr/local/ps3dev/ppu/lib/librsx.a(commands.o)
 *fill*         0x000000000001e36c        0x4 60000000
 .text.rsxSetTransferScaleMode
                0x000000000001e370      0x178 /usr/local/ps3dev/ppu/lib/librsx.a(commands.o)
 .text.rsxSetTransferScaleSurface
                0x000000000001e4e8      0x1bc /usr/local/ps3dev/ppu/lib/librsx.a(commands.o)
 *fill*         0x000000000001e6a4        0x4 60000000
 .text.rsxSetTransferScaleSwizzle
                0x000000000001e6a8      0x1bc /usr/local/ps3dev/ppu/lib/librsx.a(commands.o)
 *fill*         0x000000000001e864        0x4 60000000
 .text.rsxSetConvertSwizzleFormat
                0x000000000001e868      0x750 /usr/local/ps3dev/ppu/lib/librsx.a(commands.o)
 .text.rsxSetTimeStamp
                0x000000000001efb8       0xac /usr/local/ps3dev/ppu/lib/librsx.a(commands.o)
 *fill*         0x000000000001f064        0x4 60000000
 .text.rsxSetWaitForIdle
                0x000000000001f068       0x98 /usr/local/ps3dev/ppu/lib/librsx.a(commands.o)
 .text          0x000000000001f100        0x0 /usr/local/ps3dev/ppu/lib/librsx.a(mm.o)
 .text.rsxHeapInit
                0x000000000001f100       0x80 /usr/local/ps3dev/ppu/lib/librsx.a(mm.o)
 .text.rsxMemalign
                0x000000000001f180       0x58 /usr/local/ps3dev/ppu/lib/librsx.a(mm.o)
 .text.rsxMalloc
                0x000000000001f1d8       0x58 /usr/local/ps3dev/ppu/lib/librsx.a(mm.o)
 .text.rsxFree  0x000000000001f230       0x48 /usr/local/ps3dev/ppu/lib/librsx.a(mm.o)
 .text          0x000000000001f278        0x0 /usr/local/ps3dev/ppu/lib/librsx.a(vertex_program.o)
 .text.rsxVertexProgramGetUCode
                0x000000000001f278       0x28 /usr/local/ps3dev/ppu/lib/librsx.a(vertex_program.o)
 .text.rsxVertexProgramGetNumConst
                0x000000000001f2a0       0x14 /usr/local/ps3dev/ppu/lib/librsx.a(vertex_program.o)
 *fill*         0x000000000001f2b4        0x4 60000000
 .text.rsxVertexProgramGetNumAttrib
                0x000000000001f2b8       0x14 /usr/local/ps3dev/ppu/lib/librsx.a(vertex_program.o)
 *fill*         0x000000000001f2cc        0x4 60000000
 .text.rsxVertexProgramGetConsts
                0x000000000001f2d0       0x30 /usr/local/ps3dev/ppu/lib/librsx.a(vertex_program.o)
 .text.rsxVertexProgramGetConst
                0x000000000001f300       0x74 /usr/local/ps3dev/ppu/lib/librsx.a(vertex_program.o)
 *fill*         0x000000000001f374        0x4 60000000
 .text.rsxVertexProgramGetAttribs
                0x000000000001f378       0x30 /usr/local/ps3dev/ppu/lib/librsx.a(vertex_program.o)
 .text.rsxVertexProgramGetAttrib
                0x000000000001f3a8       0x30 /usr/local/ps3dev/ppu/lib/librsx.a(vertex_program.o)
 .text          0x000000000001f3d8        0x0 /usr/local/ps3dev/ppu/lib/librsx.a(fragment_program.o)
 .text.rsxFragmentProgramGetUCode
                0x000000000001f3d8       0x28 /usr/local/ps3dev/ppu/lib/librsx.a(fragment_program.o)
 .text.rsxFragmentProgramGetNumConst
                0x000000000001f400       0x14 /usr/local/ps3dev/ppu/lib/librsx.a(fragment_program.o)
 *fill*         0x000000000001f414        0x4 60000000
 .text.rsxFragmentProgramGetConsts
                0x000000000001f418       0x30 /usr/local/ps3dev/ppu/lib/librsx.a(fragment_program.o)
 .text.rsxFragmentProgramGetConst
                0x000000000001f448       0x74 /usr/local/ps3dev/ppu/lib/librsx.a(fragment_program.o)
 *fill*         0x000000000001f4bc        0x4 60000000
 .text.rsxFragmentProgramGetNumAttrib
                0x000000000001f4c0       0x14 /usr/local/ps3dev/ppu/lib/librsx.a(fragment_program.o)
 *fill*         0x000000000001f4d4        0x4 60000000
 .text.rsxFragmentProgramGetAttribs
                0x000000000001f4d8       0x30 /usr/local/ps3dev/ppu/lib/librsx.a(fragment_program.o)
 .text.rsxFragmentProgramGetAttrib
                0x000000000001f508       0x30 /usr/local/ps3dev/ppu/lib/librsx.a(fragment_program.o)
 .text.rsxFragmentProgramGetConstOffsetTable
                0x000000000001f538       0x14 /usr/local/ps3dev/ppu/lib/librsx.a(fragment_program.o)
 .text          0x000000000001f54c        0x0 /usr/local/ps3dev/ppu/lib/librsx.a(rsx_internal.o)
 *fill*         0x000000000001f54c        0x4 60000000
 .text.__rsxGetAttrs
                0x000000000001f550       0x18 /usr/local/ps3dev/ppu/lib/librsx.a(rsx_internal.o)
 .text.__rsxGetAttr
                0x000000000001f568       0xcc /usr/local/ps3dev/ppu/lib/librsx.a(rsx_internal.o)
 *fill*         0x000000000001f634        0x4 60000000
 .text.__rsxGetConsts
                0x000000000001f638       0x18 /usr/local/ps3dev/ppu/lib/librsx.a(rsx_internal.o)
 .text.__rsxGetConstIndex
                0x000000000001f650       0xbc /usr/local/ps3dev/ppu/lib/librsx.a(rsx_internal.o)
 .text          0x000000000001f70c        0x0 /usr/local/ps3dev/ppu/lib/libsysutil.a(sprx.o)
 .text          0x000000000001f70c        0x0 /usr/local/ps3dev/ppu/lib/libio.a(sprx.o)
 .text          0x000000000001f70c        0x0 /usr/local/ps3dev/ppu/lib/librt.a(sbrk.o)
 *fill*         0x000000000001f70c        0x4 60000000
 .text.startup.sbrk_init
                0x000000000001f710       0xb8 /usr/local/ps3dev/ppu/lib/librt.a(sbrk.o)
 .text.sbrk_deinit
                0x000000000001f7c8       0xc8 /usr/local/ps3dev/ppu/lib/librt.a(sbrk.o)
 .text.__librt_sbrk_r
                0x000000000001f890      0x2f4 /usr/local/ps3dev/ppu/lib/librt.a(sbrk.o)
 .text          0x000000000001fb84        0x0 /usr/local/ps3dev/ppu/lib/librt.a(exit.o)
 *fill*         0x000000000001fb84        0x4 60000000
 .text.__librt_exit
                0x000000000001fb88       0x30 /usr/local/ps3dev/ppu/lib/librt.a(exit.o)
 .text          0x000000000001fbb8        0x0 /usr/local/ps3dev/ppu/lib/librt.a(close.o)
 .text.__librt_close_r
                0x000000000001fbb8       0x88 /usr/local/ps3dev/ppu/lib/librt.a(close.o)
 .text          0x000000000001fc40        0x0 /usr/local/ps3dev/ppu/lib/librt.a(lseek.o)
 .text.__librt_lseek_r
                0x000000000001fc40       0x8c /usr/local/ps3dev/ppu/lib/librt.a(lseek.o)
 *fill*         0x000000000001fccc        0x4 60000000
 .text.__librt_lseek64_r
                0x000000000001fcd0       0x10 /usr/local/ps3dev/ppu/lib/librt.a(lseek.o)
 .text          0x000000000001fce0        0x0 /usr/local/ps3dev/ppu/lib/librt.a(read.o)
 .text.__librt_read_r
                0x000000000001fce0      0x10c /usr/local/ps3dev/ppu/lib/librt.a(read.o)
 .text          0x000000000001fdec        0x0 /usr/local/ps3dev/ppu/lib/librt.a(open.o)
 *fill*         0x000000000001fdec        0x4 60000000
 .text.__librt_open_r
                0x000000000001fdf0      0x180 /usr/local/ps3dev/ppu/lib/librt.a(open.o)
 .text          0x000000000001ff70        0x0 /usr/local/ps3dev/ppu/lib/librt.a(sleep.o)
 .text.__librt_usleep_r
                0x000000000001ff70       0x50 /usr/local/ps3dev/ppu/lib/librt.a(sleep.o)
 .text.__librt_sleep_r
                0x000000000001ffc0       0x6c /usr/local/ps3dev/ppu/lib/librt.a(sleep.o)
 .text          0x000000000002002c        0x0 /usr/local/ps3dev/ppu/lib/librt.a(write.o)
 *fill*         0x000000000002002c        0x4 60000000
 .text.__librt_write_r
                0x0000000000020030      0x104 /usr/local/ps3dev/ppu/lib/librt.a(write.o)
 .text          0x0000000000020134        0x0 /usr/local/ps3dev/ppu/lib/librt.a(fstat.o)
 *fill*         0x0000000000020134        0x4 60000000
 .text.__librt_fstat_r
                0x0000000000020138       0xd0 /usr/local/ps3dev/ppu/lib/librt.a(fstat.o)
 .text.__librt_fstat64_r
                0x0000000000020208       0x10 /usr/local/ps3dev/ppu/lib/librt.a(fstat.o)
 .text.__librt_stat_r
                0x0000000000020218       0xd0 /usr/local/ps3dev/ppu/lib/librt.a(fstat.o)
 .text.__librt_stat64_r
                0x00000000000202e8       0x10 /usr/local/ps3dev/ppu/lib/librt.a(fstat.o)
 .text          0x00000000000202f8        0x0 /usr/local/ps3dev/ppu/lib/librt.a(socket.o)
 .text.accept   0x00000000000202f8       0xe0 /usr/local/ps3dev/ppu/lib/librt.a(socket.o)
 .text.bind     0x00000000000203d8       0x44 /usr/local/ps3dev/ppu/lib/librt.a(socket.o)
 *fill*         0x000000000002041c        0x4 60000000
 .text.connect  0x0000000000020420       0x44 /usr/local/ps3dev/ppu/lib/librt.a(socket.o)
 *fill*         0x0000000000020464        0x4 60000000
 .text.listen   0x0000000000020468       0x44 /usr/local/ps3dev/ppu/lib/librt.a(socket.o)
 *fill*         0x00000000000204ac        0x4 60000000
 .text.socket   0x00000000000204b0       0x5c /usr/local/ps3dev/ppu/lib/librt.a(socket.o)
 *fill*         0x000000000002050c        0x4 60000000
 .text.send     0x0000000000020510       0x4c /usr/local/ps3dev/ppu/lib/librt.a(socket.o)
 *fill*         0x000000000002055c        0x4 60000000
 .text.sendto   0x0000000000020560       0x44 /usr/local/ps3dev/ppu/lib/librt.a(socket.o)
 *fill*         0x00000000000205a4        0x4 60000000
 .text.recv     0x00000000000205a8       0x4c /usr/local/ps3dev/ppu/lib/librt.a(socket.o)
 *fill*         0x00000000000205f4        0x4 60000000
 .text.recvfrom
                0x00000000000205f8       0xd8 /usr/local/ps3dev/ppu/lib/librt.a(socket.o)
 .text.shutdown
                0x00000000000206d0       0x44 /usr/local/ps3dev/ppu/lib/librt.a(socket.o)
 *fill*         0x0000000000020714        0x4 60000000
 .text.inet_aton
                0x0000000000020718       0xbc /usr/local/ps3dev/ppu/lib/librt.a(socket.o)
 *fill*         0x00000000000207d4        0x4 60000000
 .text.inet_pton
                0x00000000000207d8       0x48 /usr/local/ps3dev/ppu/lib/librt.a(socket.o)
 .text.select   0x0000000000020820       0x3c /usr/local/ps3dev/ppu/lib/librt.a(socket.o)
 *fill*         0x000000000002085c        0x4 60000000
 .text.closesocket
                0x0000000000020860       0x44 /usr/local/ps3dev/ppu/lib/librt.a(socket.o)
 .text          0x00000000000208a4        0x0 /usr/local/ps3dev/ppu/lib/librt.a(lock.o)
 *fill*         0x00000000000208a4        0x4 60000000
 .text.__librt_sys_lwmutex_create_r
                0x00000000000208a8       0x38 /usr/local/ps3dev/ppu/lib/librt.a(lock.o)
 .text.__librt_sys_lwmutex_destroy_r
                0x00000000000208e0       0x34 /usr/local/ps3dev/ppu/lib/librt.a(lock.o)
 *fill*         0x0000000000020914        0x4 60000000
 .text.__librt_sys_lwmutex_lock_r
                0x0000000000020918       0x38 /usr/local/ps3dev/ppu/lib/librt.a(lock.o)
 .text.__librt_sys_lwmutex_trylock_r
                0x0000000000020950       0x34 /usr/local/ps3dev/ppu/lib/librt.a(lock.o)
 *fill*         0x0000000000020984        0x4 60000000
 .text.__librt_sys_lwmutex_unlock_r
                0x0000000000020988       0x34 /usr/local/ps3dev/ppu/lib/librt.a(lock.o)
 .text          0x00000000000209bc        0x0 /usr/local/ps3dev/ppu/lib/librt.a(dirent.o)
 *fill*         0x00000000000209bc        0x4 60000000
 .text.readdir_i
                0x00000000000209c0      0x10c /usr/local/ps3dev/ppu/lib/librt.a(dirent.o)
 *fill*         0x0000000000020acc        0x4 60000000
 .text.__librt_opendir_r
                0x0000000000020ad0      0x114 /usr/local/ps3dev/ppu/lib/librt.a(dirent.o)
 *fill*         0x0000000000020be4        0x4 60000000
 .text.__librt_readdir_r
                0x0000000000020be8       0x84 /usr/local/ps3dev/ppu/lib/librt.a(dirent.o)
 *fill*         0x0000000000020c6c        0x4 60000000
 .text.__librt_readdir_r_r
                0x0000000000020c70       0x58 /usr/local/ps3dev/ppu/lib/librt.a(dirent.o)
 .text.__librt_closedir_r
                0x0000000000020cc8       0x84 /usr/local/ps3dev/ppu/lib/librt.a(dirent.o)
 *fill*         0x0000000000020d4c        0x4 60000000
 .text.__librt_telldir_r
                0x0000000000020d50       0x24 /usr/local/ps3dev/ppu/lib/librt.a(dirent.o)
 *fill*         0x0000000000020d74        0x4 60000000
 .text.__librt_rewinddir_r
                0x0000000000020d78       0x18 /usr/local/ps3dev/ppu/lib/librt.a(dirent.o)
 .text.__librt_seekdir_r
                0x0000000000020d90       0x18 /usr/local/ps3dev/ppu/lib/librt.a(dirent.o)
 .text          0x0000000000020da8        0x0 /usr/local/ps3dev/ppu/lib/librt.a(mkdir.o)
 .text.__librt_mkdir_r
                0x0000000000020da8       0x60 /usr/local/ps3dev/ppu/lib/librt.a(mkdir.o)
 .text          0x0000000000020e08        0x0 /usr/local/ps3dev/ppu/lib/librt.a(times.o)
 .text.__librt_times_r
                0x0000000000020e08       0x1c /usr/local/ps3dev/ppu/lib/librt.a(times.o)
 .text          0x0000000000020e24        0x0 /usr/local/ps3dev/ppu/lib/librt.a(umask.o)
 *fill*         0x0000000000020e24        0x4 60000000
 .text.__librt_umask_r
                0x0000000000020e28       0x20 /usr/local/ps3dev/ppu/lib/librt.a(umask.o)
 .text          0x0000000000020e48        0x0 /usr/local/ps3dev/ppu/lib/librt.a(lv2errno.o)
 .text.lv2error
                0x0000000000020e48      0x434 /usr/local/ps3dev/ppu/lib/librt.a(lv2errno.o)
 *fill*         0x000000000002127c        0x4 60000000
 .text.lv2errno
                0x0000000000021280       0x68 /usr/local/ps3dev/ppu/lib/librt.a(lv2errno.o)
 .text.lv2errno_r
                0x00000000000212e8       0x58 /usr/local/ps3dev/ppu/lib/librt.a(lv2errno.o)
 .text          0x0000000000021340        0x0 /usr/local/ps3dev/ppu/lib/librt.a(heap.o)
 .text.__heap_block_split.isra.2
                0x0000000000021340      0x104 /usr/local/ps3dev/ppu/lib/librt.a(heap.o)
 *fill*         0x0000000000021444        0x4 60000000
 .text.heapInit
                0x0000000000021448      0x128 /usr/local/ps3dev/ppu/lib/librt.a(heap.o)
 .text.heapAllocateAligned
                0x0000000000021570      0x230 /usr/local/ps3dev/ppu/lib/librt.a(heap.o)
 .text.heapAllocate
                0x00000000000217a0       0x14 /usr/local/ps3dev/ppu/lib/librt.a(heap.o)
 *fill*         0x00000000000217b4        0x4 60000000
 .text.heapFree
                0x00000000000217b8      0x1fc /usr/local/ps3dev/ppu/lib/librt.a(heap.o)
 .text          0x00000000000219b4        0x0 /usr/local/ps3dev/ppu/lib/librt.a(chmod.o)
 *fill*         0x00000000000219b4        0x4 60000000
 .text.__librt_chmod_r
                0x00000000000219b8       0x54 /usr/local/ps3dev/ppu/lib/librt.a(chmod.o)
 .text          0x0000000000021a0c        0x0 /usr/local/ps3dev/ppu/lib/librt.a(rename.o)
 *fill*         0x0000000000021a0c        0x4 60000000
 .text.__librt_rename_r
                0x0000000000021a10       0x54 /usr/local/ps3dev/ppu/lib/librt.a(rename.o)
 .text          0x0000000000021a64        0x0 /usr/local/ps3dev/ppu/lib/librt.a(rmdir.o)
 *fill*         0x0000000000021a64        0x4 60000000
 .text.__librt_rmdir_r
                0x0000000000021a68       0x50 /usr/local/ps3dev/ppu/lib/librt.a(rmdir.o)
 .text          0x0000000000021ab8        0x0 /usr/local/ps3dev/ppu/lib/librt.a(isatty.o)
 .text.__librt_isatty_r
                0x0000000000021ab8       0x2c /usr/local/ps3dev/ppu/lib/librt.a(isatty.o)
 .text          0x0000000000021ae4        0x0 /usr/local/ps3dev/ppu/lib/librt.a(gettod.o)
 *fill*         0x0000000000021ae4        0x4 60000000
 .text.__librt_gettod_r
                0x0000000000021ae8       0xb8 /usr/local/ps3dev/ppu/lib/librt.a(gettod.o)
 .text          0x0000000000021ba0        0x0 /usr/local/ps3dev/ppu/lib/librt.a(settod.o)
 .text.__librt_settod_r
                0x0000000000021ba0       0x58 /usr/local/ps3dev/ppu/lib/librt.a(settod.o)
 .text          0x0000000000021bf8        0x0 /usr/local/ps3dev/ppu/lib/librt.a(unlink.o)
 .text.__librt_unlink_r
                0x0000000000021bf8       0x50 /usr/local/ps3dev/ppu/lib/librt.a(unlink.o)
 .text          0x0000000000021c48        0x0 /usr/local/ps3dev/ppu/lib/librt.a(link.o)
 .text.__librt_link_r
                0x0000000000021c48       0x54 /usr/local/ps3dev/ppu/lib/librt.a(link.o)
 .text          0x0000000000021c9c        0x0 /usr/local/ps3dev/ppu/lib/librt.a(truncate.o)
 *fill*         0x0000000000021c9c        0x4 60000000
 .text.__librt_truncate_r
                0x0000000000021ca0       0x54 /usr/local/ps3dev/ppu/lib/librt.a(truncate.o)
 *fill*         0x0000000000021cf4        0x4 60000000
 .text.__librt_ftruncate_r
                0x0000000000021cf8       0x54 /usr/local/ps3dev/ppu/lib/librt.a(truncate.o)
 .text          0x0000000000021d4c        0x0 /usr/local/ps3dev/ppu/lib/librt.a(fsync.o)
 *fill*         0x0000000000021d4c        0x4 60000000
 .text.__librt_fsync_r
                0x0000000000021d50       0x50 /usr/local/ps3dev/ppu/lib/librt.a(fsync.o)
 .text          0x0000000000021da0        0x0 /usr/local/ps3dev/ppu/lib/librt.a(utime.o)
 .text.__librt_utime_r
                0x0000000000021da0       0xbc /usr/local/ps3dev/ppu/lib/librt.a(utime.o)
 .text          0x0000000000021e5c        0x0 /usr/local/ps3dev/ppu/lib/librt.a(globfile.o)
 *fill*         0x0000000000021e5c        0x4 60000000
 .text.resolve_path
                0x0000000000021e60      0x188 /usr/local/ps3dev/ppu/lib/librt.a(globfile.o)
 .text.flattenDirectory.constprop.0
                0x0000000000021fe8      0x2d0 /usr/local/ps3dev/ppu/lib/librt.a(globfile.o)
 .text.startup.__glob_file_init
                0x00000000000222b8       0x3c /usr/local/ps3dev/ppu/lib/librt.a(globfile.o)
 *fill*         0x00000000000222f4        0x4 60000000
 .text.__full_path
                0x00000000000222f8      0x12c /usr/local/ps3dev/ppu/lib/librt.a(globfile.o)
 *fill*         0x0000000000022424        0x4 60000000
 .text.__librt_chdir_r
                0x0000000000022428       0xbc /usr/local/ps3dev/ppu/lib/librt.a(globfile.o)
 *fill*         0x00000000000224e4        0x4 60000000
 .text.__librt_getcwd_r
                0x00000000000224e8       0xc0 /usr/local/ps3dev/ppu/lib/librt.a(globfile.o)
 .text          0x00000000000225a8        0x0 /usr/local/ps3dev/ppu/lib/liblv2.a(sprx.o)
 .text          0x00000000000225a8        0x0 /usr/local/ps3dev/ppu/lib/gcc/powerpc64-ps3-elf/7.2.0/../../../../powerpc64-ps3-elf/lib/libsysbase.a(syscalls.o)
 .text          0x00000000000225a8        0x0 /usr/local/ps3dev/ppu/lib/gcc/powerpc64-ps3-elf/7.2.0/../../../../powerpc64-ps3-elf/lib/libsysbase.a(sleep.o)
 .text.usleep   0x00000000000225a8       0x80 /usr/local/ps3dev/ppu/lib/gcc/powerpc64-ps3-elf/7.2.0/../../../../powerpc64-ps3-elf/lib/libsysbase.a(sleep.o)
 .text.sleep    0x0000000000022628       0x84 /usr/local/ps3dev/ppu/lib/gcc/powerpc64-ps3-elf/7.2.0/../../../../powerpc64-ps3-elf/lib/libsysbase.a(sleep.o)
 .text          0x00000000000226ac        0x0 /usr/local/ps3dev/ppu/lib/gcc/powerpc64-ps3-elf/7.2.0/../../../../powerpc64-ps3-elf/lib/libc.a(lib_a-calloc.o)
 *fill*         0x00000000000226ac        0x4 60000000
 .text.calloc   0x00000000000226b0       0x58 /usr/local/ps3dev/ppu/lib/gcc/powerpc64-ps3-elf/7.2.0/../../../../powerpc64-ps3-elf/lib/libc.a(lib_a-calloc.o)
 .text          0x0000000000022708        0x0 /usr/local/ps3dev/ppu/lib/gcc/powerpc64-ps3-elf/7.2.0/../../../../powerpc64-ps3-elf/lib/libc.a(lib_a-callocr.o)
 .text._calloc_r
                0x0000000000022708       0xdc /usr/local/ps3dev/ppu/lib/gcc/powerpc64-ps3-elf/7.2.0/../../../../powerpc64-ps3-elf/lib/libc.a(lib_a-callocr.o)
 .text          0x00000000000227e4        0x0 /usr/local/ps3dev/ppu/lib/gcc/powerpc64-ps3-elf/7.2.0/../../../../powerpc64-ps3-elf/lib/libc.a(lib_a-errno.o)
 *fill*         0x00000000000227e4        0x4 60000000
 .text.__errno  0x00000000000227e8       0x30 /usr/local/ps3dev/ppu/lib/gcc/powerpc64-ps3-elf/7.2.0/../../../../powerpc64-ps3-elf/lib/libc.a(lib_a-errno.o)
 .text          0x0000000000022818        0x0 /usr/local/ps3dev/ppu/lib/gcc/powerpc64-ps3-elf/7.2.0/../../../../powerpc64-ps3-elf/lib/libc.a(lib_a-exit.o)
 .text.exit     0x0000000000022818       0x68 /usr/local/ps3dev/ppu/lib/gcc/powerpc64-ps3-elf/7.2.0/../../../../powerpc64-ps3-elf/lib/libc.a(lib_a-exit.o)
 .text          0x0000000000022880        0x0 /usr/local/ps3dev/ppu/lib/gcc/powerpc64-ps3-elf/7.2.0/../../../../powerpc64-ps3-elf/lib/libc.a(lib_a-fclose.o)
 .text._fclose_r
                0x0000000000022880      0x1e8 /usr/local/ps3dev/ppu/lib/gcc/powerpc64-ps3-elf/7.2.0/../../../../powerpc64-ps3-elf/lib/libc.a(lib_a-fclose.o)
 .text.fclose   0x0000000000022a68       0x40 /usr/local/ps3dev/ppu/lib/gcc/powerpc64-ps3-elf/7.2.0/../../../../powerpc64-ps3-elf/lib/libc.a(lib_a-fclose.o)
 .text          0x0000000000022aa8        0x0 /usr/local/ps3dev/ppu/lib/gcc/powerpc64-ps3-elf/7.2.0/../../../../powerpc64-ps3-elf/lib/libc.a(lib_a-fflush.o)
 .text.__sflush_r
                0x0000000000022aa8      0x3d0 /usr/local/ps3dev/ppu/lib/gcc/powerpc64-ps3-elf/7.2.0/../../../../powerpc64-ps3-elf/lib/libc.a(lib_a-fflush.o)
 .text._fflush_r
                0x0000000000022e78      0x124 /usr/local/ps3dev/ppu/lib/gcc/powerpc64-ps3-elf/7.2.0/../../../../powerpc64-ps3-elf/lib/libc.a(lib_a-fflush.o)
 *fill*         0x0000000000022f9c        0x4 60000000
 .text.fflush   0x0000000000022fa0       0x70 /usr/local/ps3dev/ppu/lib/gcc/powerpc64-ps3-elf/7.2.0/../../../../powerpc64-ps3-elf/lib/libc.a(lib_a-fflush.o)
 .text          0x0000000000023010        0x0 /usr/local/ps3dev/ppu/lib/gcc/powerpc64-ps3-elf/7.2.0/../../../../powerpc64-ps3-elf/lib/libc.a(lib_a-findfp.o)
 .text._cleanup_r
                0x0000000000023010       0x34 /usr/local/ps3dev/ppu/lib/gcc/powerpc64-ps3-elf/7.2.0/../../../../powerpc64-ps3-elf/lib/libc.a(lib_a-findfp.o)
 *fill*         0x0000000000023044        0x4 60000000
 .text.__fp_lock
                0x0000000000023048       0x50 /usr/local/ps3dev/ppu/lib/gcc/powerpc64-ps3-elf/7.2.0/../../../../powerpc64-ps3-elf/lib/libc.a(lib_a-findfp.o)
 .text.__fp_unlock
                0x0000000000023098       0x50 /usr/local/ps3dev/ppu/lib/gcc/powerpc64-ps3-elf/7.2.0/../../../../powerpc64-ps3-elf/lib/libc.a(lib_a-findfp.o)
 .text.std.isra.0
                0x00000000000230e8       0x9c /usr/local/ps3dev/ppu/lib/gcc/powerpc64-ps3-elf/7.2.0/../../../../powerpc64-ps3-elf/lib/libc.a(lib_a-findfp.o)
 *fill*         0x0000000000023184        0x4 60000000
 .text.__sfmoreglue
                0x0000000000023188       0x88 /usr/local/ps3dev/ppu/lib/gcc/powerpc64-ps3-elf/7.2.0/../../../../powerpc64-ps3-elf/lib/libc.a(lib_a-findfp.o)
 .text._cleanup
                0x0000000000023210       0x3c /usr/local/ps3dev/ppu/lib/gcc/powerpc64-ps3-elf/7.2.0/../../../../powerpc64-ps3-elf/lib/libc.a(lib_a-findfp.o)
 *fill*         0x000000000002324c        0x4 60000000
 .text.__sinit  0x0000000000023250       0xbc /usr/local/ps3dev/ppu/lib/gcc/powerpc64-ps3-elf/7.2.0/../../../../powerpc64-ps3-elf/lib/libc.a(lib_a-findfp.o)
 *fill*         0x000000000002330c        0x4 60000000
 .text.__sfp    0x0000000000023310      0x190 /usr/local/ps3dev/ppu/lib/gcc/powerpc64-ps3-elf/7.2.0/../../../../powerpc64-ps3-elf/lib/libc.a(lib_a-findfp.o)
 .text.__sfp_lock_acquire
                0x00000000000234a0       0x34 /usr/local/ps3dev/ppu/lib/gcc/powerpc64-ps3-elf/7.2.0/../../../../powerpc64-ps3-elf/lib/libc.a(lib_a-findfp.o)
 *fill*         0x00000000000234d4        0x4 60000000
 .text.__sfp_lock_release
                0x00000000000234d8       0x34 /usr/local/ps3dev/ppu/lib/gcc/powerpc64-ps3-elf/7.2.0/../../../../powerpc64-ps3-elf/lib/libc.a(lib_a-findfp.o)
 *fill*         0x000000000002350c        0x4 60000000
 .text.__sinit_lock_acquire
                0x0000000000023510       0x34 /usr/local/ps3dev/ppu/lib/gcc/powerpc64-ps3-elf/7.2.0/../../../../powerpc64-ps3-elf/lib/libc.a(lib_a-findfp.o)
 *fill*         0x0000000000023544        0x4 60000000
 .text.__sinit_lock_release
                0x0000000000023548       0x34 /usr/local/ps3dev/ppu/lib/gcc/powerpc64-ps3-elf/7.2.0/../../../../powerpc64-ps3-elf/lib/libc.a(lib_a-findfp.o)
 *fill*         0x000000000002357c        0x4 60000000
 .text.__fp_lock_all
                0x0000000000023580       0x48 /usr/local/ps3dev/ppu/lib/gcc/powerpc64-ps3-elf/7.2.0/../../../../powerpc64-ps3-elf/lib/libc.a(lib_a-findfp.o)
 .text.__fp_unlock_all
                0x00000000000235c8       0x48 /usr/local/ps3dev/ppu/lib/gcc/powerpc64-ps3-elf/7.2.0/../../../../powerpc64-ps3-elf/lib/libc.a(lib_a-findfp.o)
 .text          0x0000000000023610        0x0 /usr/local/ps3dev/ppu/lib/gcc/powerpc64-ps3-elf/7.2.0/../../../../powerpc64-ps3-elf/lib/libc.a(lib_a-fopen.o)
 .text._fopen_r
                0x0000000000023610      0x1cc /usr/local/ps3dev/ppu/lib/gcc/powerpc64-ps3-elf/7.2.0/../../../../powerpc64-ps3-elf/lib/libc.a(lib_a-fopen.o)
 *fill*         0x00000000000237dc        0x4 60000000
 .text.fopen    0x00000000000237e0       0x50 /usr/local/ps3dev/ppu/lib/gcc/powerpc64-ps3-elf/7.2.0/../../../../powerpc64-ps3-elf/lib/libc.a(lib_a-fopen.o)
 .text          0x0000000000023830        0x0 /usr/local/ps3dev/ppu/lib/gcc/powerpc64-ps3-elf/7.2.0/../../../../powerpc64-ps3-elf/lib/libc.a(lib_a-fread.o)
 .text._fread_r
                0x0000000000023830      0x39c /usr/local/ps3dev/ppu/lib/gcc/powerpc64-ps3-elf/7.2.0/../../../../powerpc64-ps3-elf/lib/libc.a(lib_a-fread.o)
 *fill*         0x0000000000023bcc        0x4 60000000
 .text.fread    0x0000000000023bd0       0x70 /usr/local/ps3dev/ppu/lib/gcc/powerpc64-ps3-elf/7.2.0/../../../../powerpc64-ps3-elf/lib/libc.a(lib_a-fread.o)
 .text          0x0000000000023c40        0x0 /usr/local/ps3dev/ppu/lib/gcc/powerpc64-ps3-elf/7.2.0/../../../../powerpc64-ps3-elf/lib/libc.a(lib_a-freer.o)
 .text._malloc_trim_r
                0x0000000000023c40      0x15c /usr/local/ps3dev/ppu/lib/gcc/powerpc64-ps3-elf/7.2.0/../../../../powerpc64-ps3-elf/lib/libc.a(lib_a-freer.o)
 *fill*         0x0000000000023d9c        0x4 60000000
 .text._free_r  0x0000000000023da0      0x3b0 /usr/local/ps3dev/ppu/lib/gcc/powerpc64-ps3-elf/7.2.0/../../../../powerpc64-ps3-elf/lib/libc.a(lib_a-freer.o)
 .text          0x0000000000024150        0x0 /usr/local/ps3dev/ppu/lib/gcc/powerpc64-ps3-elf/7.2.0/../../../../powerpc64-ps3-elf/lib/libc.a(lib_a-fseek.o)
 .text._fseek_r
                0x0000000000024150      0x6c4 /usr/local/ps3dev/ppu/lib/gcc/powerpc64-ps3-elf/7.2.0/../../../../powerpc64-ps3-elf/lib/libc.a(lib_a-fseek.o)
 *fill*         0x0000000000024814        0x4 60000000
 .text.fseek    0x0000000000024818       0x60 /usr/local/ps3dev/ppu/lib/gcc/powerpc64-ps3-elf/7.2.0/../../../../powerpc64-ps3-elf/lib/libc.a(lib_a-fseek.o)
 .text          0x0000000000024878        0x0 /usr/local/ps3dev/ppu/lib/gcc/powerpc64-ps3-elf/7.2.0/../../../../powerpc64-ps3-elf/lib/libc.a(lib_a-fwalk.o)
 .text._fwalk   0x0000000000024878      0x100 /usr/local/ps3dev/ppu/lib/gcc/powerpc64-ps3-elf/7.2.0/../../../../powerpc64-ps3-elf/lib/libc.a(lib_a-fwalk.o)
 .text._fwalk_reent
                0x0000000000024978      0x110 /usr/local/ps3dev/ppu/lib/gcc/powerpc64-ps3-elf/7.2.0/../../../../powerpc64-ps3-elf/lib/libc.a(lib_a-fwalk.o)
 .text          0x0000000000024a88        0x0 /usr/local/ps3dev/ppu/lib/gcc/powerpc64-ps3-elf/7.2.0/../../../../powerpc64-ps3-elf/lib/libc.a(lib_a-getreent.o)
 .text.__getreent
                0x0000000000024a88      0x1b4 /usr/local/ps3dev/ppu/lib/gcc/powerpc64-ps3-elf/7.2.0/../../../../powerpc64-ps3-elf/lib/libc.a(lib_a-getreent.o)
 .text          0x0000000000024c3c        0x0 /usr/local/ps3dev/ppu/lib/gcc/powerpc64-ps3-elf/7.2.0/../../../../powerpc64-ps3-elf/lib/libc.a(lib_a-impure.o)
 .text          0x0000000000024c3c        0x0 /usr/local/ps3dev/ppu/lib/gcc/powerpc64-ps3-elf/7.2.0/../../../../powerpc64-ps3-elf/lib/libc.a(lib_a-lock_recursive.o)
 *fill*         0x0000000000024c3c        0x4 60000000
 .text.__libc_lock_init_recursive
                0x0000000000024c40       0x34 /usr/local/ps3dev/ppu/lib/gcc/powerpc64-ps3-elf/7.2.0/../../../../powerpc64-ps3-elf/lib/libc.a(lib_a-lock_recursive.o)
 *fill*         0x0000000000024c74        0x4 60000000
 .text.__libc_lock_close_recursive
                0x0000000000024c78       0x30 /usr/local/ps3dev/ppu/lib/gcc/powerpc64-ps3-elf/7.2.0/../../../../powerpc64-ps3-elf/lib/libc.a(lib_a-lock_recursive.o)
 .text.__libc_lock_acquire_recursive
                0x0000000000024ca8       0x58 /usr/local/ps3dev/ppu/lib/gcc/powerpc64-ps3-elf/7.2.0/../../../../powerpc64-ps3-elf/lib/libc.a(lib_a-lock_recursive.o)
 .text.__libc_lock_try_acquire_recursive
                0x0000000000024d00       0x54 /usr/local/ps3dev/ppu/lib/gcc/powerpc64-ps3-elf/7.2.0/../../../../powerpc64-ps3-elf/lib/libc.a(lib_a-lock_recursive.o)
 *fill*         0x0000000000024d54        0x4 60000000
 .text.__libc_lock_release_recursive
                0x0000000000024d58       0x54 /usr/local/ps3dev/ppu/lib/gcc/powerpc64-ps3-elf/7.2.0/../../../../powerpc64-ps3-elf/lib/libc.a(lib_a-lock_recursive.o)
 .text          0x0000000000024dac        0x0 /usr/local/ps3dev/ppu/lib/gcc/powerpc64-ps3-elf/7.2.0/../../../../powerpc64-ps3-elf/lib/libc.a(lib_a-makebuf.o)
 *fill*         0x0000000000024dac        0x4 60000000
 .text.__smakebuf_r
                0x0000000000024db0      0x1f4 /usr/local/ps3dev/ppu/lib/gcc/powerpc64-ps3-elf/7.2.0/../../../../powerpc64-ps3-elf/lib/libc.a(lib_a-makebuf.o)
 .text          0x0000000000024fa4        0x0 /usr/local/ps3dev/ppu/lib/gcc/powerpc64-ps3-elf/7.2.0/../../../../powerpc64-ps3-elf/lib/libc.a(lib_a-malign.o)
 *fill*         0x0000000000024fa4        0x4 60000000
 .text.memalign
                0x0000000000024fa8       0x58 /usr/local/ps3dev/ppu/lib/gcc/powerpc64-ps3-elf/7.2.0/../../../../powerpc64-ps3-elf/lib/libc.a(lib_a-malign.o)
 .text          0x0000000000025000        0x0 /usr/local/ps3dev/ppu/lib/gcc/powerpc64-ps3-elf/7.2.0/../../../../powerpc64-ps3-elf/lib/libc.a(lib_a-malignr.o)
 .text._memalign_r
                0x0000000000025000      0x224 /usr/local/ps3dev/ppu/lib/gcc/powerpc64-ps3-elf/7.2.0/../../../../powerpc64-ps3-elf/lib/libc.a(lib_a-malignr.o)
 .text          0x0000000000025224        0x0 /usr/local/ps3dev/ppu/lib/gcc/powerpc64-ps3-elf/7.2.0/../../../../powerpc64-ps3-elf/lib/libc.a(lib_a-malloc.o)
 *fill*         0x0000000000025224        0x4 60000000
 .text.malloc   0x0000000000025228       0x48 /usr/local/ps3dev/ppu/lib/gcc/powerpc64-ps3-elf/7.2.0/../../../../powerpc64-ps3-elf/lib/libc.a(lib_a-malloc.o)
 .text.free     0x0000000000025270       0x48 /usr/local/ps3dev/ppu/lib/gcc/powerpc64-ps3-elf/7.2.0/../../../../powerpc64-ps3-elf/lib/libc.a(lib_a-malloc.o)
 .text          0x00000000000252b8        0x0 /usr/local/ps3dev/ppu/lib/gcc/powerpc64-ps3-elf/7.2.0/../../../../powerpc64-ps3-elf/lib/libc.a(lib_a-mallocr.o)
 .text._malloc_r
                0x00000000000252b8      0x9e4 /usr/local/ps3dev/ppu/lib/gcc/powerpc64-ps3-elf/7.2.0/../../../../powerpc64-ps3-elf/lib/libc.a(lib_a-mallocr.o)
 .text          0x0000000000025c9c        0x0 /usr/local/ps3dev/ppu/lib/gcc/powerpc64-ps3-elf/7.2.0/../../../../powerpc64-ps3-elf/lib/libc.a(lib_a-memcpy.o)
 *fill*         0x0000000000025c9c        0x4 60000000
 .text.memcpy   0x0000000000025ca0      0x11c /usr/local/ps3dev/ppu/lib/gcc/powerpc64-ps3-elf/7.2.0/../../../../powerpc64-ps3-elf/lib/libc.a(lib_a-memcpy.o)
 .text          0x0000000000025dbc        0x0 /usr/local/ps3dev/ppu/lib/gcc/powerpc64-ps3-elf/7.2.0/../../../../powerpc64-ps3-elf/lib/libc.a(lib_a-memset.o)
 *fill*         0x0000000000025dbc        0x4 60000000
 .text.memset   0x0000000000025dc0      0x138 /usr/local/ps3dev/ppu/lib/gcc/powerpc64-ps3-elf/7.2.0/../../../../powerpc64-ps3-elf/lib/libc.a(lib_a-memset.o)
 .text          0x0000000000025ef8        0x0 /usr/local/ps3dev/ppu/lib/gcc/powerpc64-ps3-elf/7.2.0/../../../../powerpc64-ps3-elf/lib/libc.a(lib_a-mlock.o)
 .text.__malloc_lock
                0x0000000000025ef8       0x34 /usr/local/ps3dev/ppu/lib/gcc/powerpc64-ps3-elf/7.2.0/../../../../powerpc64-ps3-elf/lib/libc.a(lib_a-mlock.o)
 *fill*         0x0000000000025f2c        0x4 60000000
 .text.__malloc_unlock
                0x0000000000025f30       0x34 /usr/local/ps3dev/ppu/lib/gcc/powerpc64-ps3-elf/7.2.0/../../../../powerpc64-ps3-elf/lib/libc.a(lib_a-mlock.o)
 .text          0x0000000000025f64        0x0 /usr/local/ps3dev/ppu/lib/gcc/powerpc64-ps3-elf/7.2.0/../../../../powerpc64-ps3-elf/lib/libc.a(lib_a-printf.o)
 *fill*         0x0000000000025f64        0x4 60000000
 .text._printf_r
                0x0000000000025f68       0x54 /usr/local/ps3dev/ppu/lib/gcc/powerpc64-ps3-elf/7.2.0/../../../../powerpc64-ps3-elf/lib/libc.a(lib_a-printf.o)
 *fill*         0x0000000000025fbc        0x4 60000000
 .text.printf   0x0000000000025fc0       0x6c /usr/local/ps3dev/ppu/lib/gcc/powerpc64-ps3-elf/7.2.0/../../../../powerpc64-ps3-elf/lib/libc.a(lib_a-printf.o)
 .text          0x000000000002602c        0x0 /usr/local/ps3dev/ppu/lib/gcc/powerpc64-ps3-elf/7.2.0/../../../../powerpc64-ps3-elf/lib/libc.a(lib_a-realloc.o)
 *fill*         0x000000000002602c        0x4 60000000
 .text.realloc  0x0000000000026030       0x58 /usr/local/ps3dev/ppu/lib/gcc/powerpc64-ps3-elf/7.2.0/../../../../powerpc64-ps3-elf/lib/libc.a(lib_a-realloc.o)
 .text          0x0000000000026088        0x0 /usr/local/ps3dev/ppu/lib/gcc/powerpc64-ps3-elf/7.2.0/../../../../powerpc64-ps3-elf/lib/libc.a(lib_a-reallocr.o)
 .text._realloc_r
                0x0000000000026088      0x6c4 /usr/local/ps3dev/ppu/lib/gcc/powerpc64-ps3-elf/7.2.0/../../../../powerpc64-ps3-elf/lib/libc.a(lib_a-reallocr.o)
 .text          0x000000000002674c        0x0 /usr/local/ps3dev/ppu/lib/gcc/powerpc64-ps3-elf/7.2.0/../../../../powerpc64-ps3-elf/lib/libc.a(lib_a-refill.o)
 *fill*         0x000000000002674c        0x4 60000000
 .text.lflush   0x0000000000026750       0x50 /usr/local/ps3dev/ppu/lib/gcc/powerpc64-ps3-elf/7.2.0/../../../../powerpc64-ps3-elf/lib/libc.a(lib_a-refill.o)
 .text.__srefill_r
                0x00000000000267a0      0x30c /usr/local/ps3dev/ppu/lib/gcc/powerpc64-ps3-elf/7.2.0/../../../../powerpc64-ps3-elf/lib/libc.a(lib_a-refill.o)
 .text          0x0000000000026aac        0x0 /usr/local/ps3dev/ppu/lib/gcc/powerpc64-ps3-elf/7.2.0/../../../../powerpc64-ps3-elf/lib/libc.a(lib_a-snprintf.o)
 *fill*         0x0000000000026aac        0x4 60000000
 .text._snprintf_r
                0x0000000000026ab0      0x11c /usr/local/ps3dev/ppu/lib/gcc/powerpc64-ps3-elf/7.2.0/../../../../powerpc64-ps3-elf/lib/libc.a(lib_a-snprintf.o)
 *fill*         0x0000000000026bcc        0x4 60000000
 .text.snprintf
                0x0000000000026bd0      0x154 /usr/local/ps3dev/ppu/lib/gcc/powerpc64-ps3-elf/7.2.0/../../../../powerpc64-ps3-elf/lib/libc.a(lib_a-snprintf.o)
 .text          0x0000000000026d24        0x0 /usr/local/ps3dev/ppu/lib/gcc/powerpc64-ps3-elf/7.2.0/../../../../powerpc64-ps3-elf/lib/libc.a(lib_a-sscanf.o)
 *fill*         0x0000000000026d24        0x4 60000000
 .text.sscanf   0x0000000000026d28       0xa8 /usr/local/ps3dev/ppu/lib/gcc/powerpc64-ps3-elf/7.2.0/../../../../powerpc64-ps3-elf/lib/libc.a(lib_a-sscanf.o)
 .text._sscanf_r
                0x0000000000026dd0       0xa8 /usr/local/ps3dev/ppu/lib/gcc/powerpc64-ps3-elf/7.2.0/../../../../powerpc64-ps3-elf/lib/libc.a(lib_a-sscanf.o)
 .text          0x0000000000026e78        0x0 /usr/local/ps3dev/ppu/lib/gcc/powerpc64-ps3-elf/7.2.0/../../../../powerpc64-ps3-elf/lib/libc.a(lib_a-stdio.o)
 .text.__sread  0x0000000000026e78       0x7c /usr/local/ps3dev/ppu/lib/gcc/powerpc64-ps3-elf/7.2.0/../../../../powerpc64-ps3-elf/lib/libc.a(lib_a-stdio.o)
 *fill*         0x0000000000026ef4        0x4 60000000
 .text.__seofread
                0x0000000000026ef8       0x14 /usr/local/ps3dev/ppu/lib/gcc/powerpc64-ps3-elf/7.2.0/../../../../powerpc64-ps3-elf/lib/libc.a(lib_a-stdio.o)
 *fill*         0x0000000000026f0c        0x4 60000000
 .text.__swrite
                0x0000000000026f10       0xb0 /usr/local/ps3dev/ppu/lib/gcc/powerpc64-ps3-elf/7.2.0/../../../../powerpc64-ps3-elf/lib/libc.a(lib_a-stdio.o)
 .text.__sseek  0x0000000000026fc0       0x78 /usr/local/ps3dev/ppu/lib/gcc/powerpc64-ps3-elf/7.2.0/../../../../powerpc64-ps3-elf/lib/libc.a(lib_a-stdio.o)
 .text.__sclose
                0x0000000000027038       0x38 /usr/local/ps3dev/ppu/lib/gcc/powerpc64-ps3-elf/7.2.0/../../../../powerpc64-ps3-elf/lib/libc.a(lib_a-stdio.o)
 .text          0x0000000000027070        0x0 /usr/local/ps3dev/ppu/lib/gcc/powerpc64-ps3-elf/7.2.0/../../../../powerpc64-ps3-elf/lib/libc.a(lib_a-strcasecmp.o)
 .text.strcasecmp
                0x0000000000027070       0x8c /usr/local/ps3dev/ppu/lib/gcc/powerpc64-ps3-elf/7.2.0/../../../../powerpc64-ps3-elf/lib/libc.a(lib_a-strcasecmp.o)
 .text          0x00000000000270fc        0x0 /usr/local/ps3dev/ppu/lib/gcc/powerpc64-ps3-elf/7.2.0/../../../../powerpc64-ps3-elf/lib/libc.a(lib_a-strchr.o)
 *fill*         0x00000000000270fc        0x4 60000000
 .text.strchr   0x0000000000027100      0x1c0 /usr/local/ps3dev/ppu/lib/gcc/powerpc64-ps3-elf/7.2.0/../../../../powerpc64-ps3-elf/lib/libc.a(lib_a-strchr.o)
 .text          0x00000000000272c0        0x0 /usr/local/ps3dev/ppu/lib/gcc/powerpc64-ps3-elf/7.2.0/../../../../powerpc64-ps3-elf/lib/libc.a(lib_a-strcpy.o)
 .text.strcpy   0x00000000000272c0       0xc0 /usr/local/ps3dev/ppu/lib/gcc/powerpc64-ps3-elf/7.2.0/../../../../powerpc64-ps3-elf/lib/libc.a(lib_a-strcpy.o)
 .text          0x0000000000027380        0x0 /usr/local/ps3dev/ppu/lib/gcc/powerpc64-ps3-elf/7.2.0/../../../../powerpc64-ps3-elf/lib/libc.a(lib_a-strdup.o)
 .text.strdup   0x0000000000027380       0x48 /usr/local/ps3dev/ppu/lib/gcc/powerpc64-ps3-elf/7.2.0/../../../../powerpc64-ps3-elf/lib/libc.a(lib_a-strdup.o)
 .text          0x00000000000273c8        0x0 /usr/local/ps3dev/ppu/lib/gcc/powerpc64-ps3-elf/7.2.0/../../../../powerpc64-ps3-elf/lib/libc.a(lib_a-strdup_r.o)
 .text._strdup_r
                0x00000000000273c8       0x88 /usr/local/ps3dev/ppu/lib/gcc/powerpc64-ps3-elf/7.2.0/../../../../powerpc64-ps3-elf/lib/libc.a(lib_a-strdup_r.o)
 .text          0x0000000000027450        0x0 /usr/local/ps3dev/ppu/lib/gcc/powerpc64-ps3-elf/7.2.0/../../../../powerpc64-ps3-elf/lib/libc.a(lib_a-strlen.o)
 .text.strlen   0x0000000000027450       0xc4 /usr/local/ps3dev/ppu/lib/gcc/powerpc64-ps3-elf/7.2.0/../../../../powerpc64-ps3-elf/lib/libc.a(lib_a-strlen.o)
 .text          0x0000000000027514        0x0 /usr/local/ps3dev/ppu/lib/gcc/powerpc64-ps3-elf/7.2.0/../../../../powerpc64-ps3-elf/lib/libc.a(lib_a-strncat.o)
 *fill*         0x0000000000027514        0x4 60000000
 .text.strncat  0x0000000000027518       0xe0 /usr/local/ps3dev/ppu/lib/gcc/powerpc64-ps3-elf/7.2.0/../../../../powerpc64-ps3-elf/lib/libc.a(lib_a-strncat.o)
 .text          0x00000000000275f8        0x0 /usr/local/ps3dev/ppu/lib/gcc/powerpc64-ps3-elf/7.2.0/../../../../powerpc64-ps3-elf/lib/libc.a(lib_a-strncpy.o)
 .text.strncpy  0x00000000000275f8      0x118 /usr/local/ps3dev/ppu/lib/gcc/powerpc64-ps3-elf/7.2.0/../../../../powerpc64-ps3-elf/lib/libc.a(lib_a-strncpy.o)
 .text          0x0000000000027710        0x0 /usr/local/ps3dev/ppu/lib/gcc/powerpc64-ps3-elf/7.2.0/../../../../powerpc64-ps3-elf/lib/libc.a(lib_a-svfprintf.o)
 .text._svfprintf_r
                0x0000000000027710     0x21c4 /usr/local/ps3dev/ppu/lib/gcc/powerpc64-ps3-elf/7.2.0/../../../../powerpc64-ps3-elf/lib/libc.a(lib_a-svfprintf.o)
 .text          0x00000000000298d4        0x0 /usr/local/ps3dev/ppu/lib/gcc/powerpc64-ps3-elf/7.2.0/../../../../powerpc64-ps3-elf/lib/libc.a(lib_a-svfscanf.o)
 *fill*         0x00000000000298d4        0x4 60000000
 .text.__ssvfscanf_r
                0x00000000000298d8     0x1864 /usr/local/ps3dev/ppu/lib/gcc/powerpc64-ps3-elf/7.2.0/../../../../powerpc64-ps3-elf/lib/libc.a(lib_a-svfscanf.o)
 .text          0x000000000002b13c        0x0 /usr/local/ps3dev/ppu/lib/gcc/powerpc64-ps3-elf/7.2.0/../../../../powerpc64-ps3-elf/lib/libc.a(lib_a-time.o)
 *fill*         0x000000000002b13c        0x4 60000000
 .text.time     0x000000000002b140       0x6c /usr/local/ps3dev/ppu/lib/gcc/powerpc64-ps3-elf/7.2.0/../../../../powerpc64-ps3-elf/lib/libc.a(lib_a-time.o)
 .text          0x000000000002b1ac        0x0 /usr/local/ps3dev/ppu/lib/gcc/powerpc64-ps3-elf/7.2.0/../../../../powerpc64-ps3-elf/lib/libc.a(lib_a-vfprintf.o)
 *fill*         0x000000000002b1ac        0x4 60000000
 .text._vfprintf_r
                0x000000000002b1b0     0x2300 /usr/local/ps3dev/ppu/lib/gcc/powerpc64-ps3-elf/7.2.0/../../../../powerpc64-ps3-elf/lib/libc.a(lib_a-vfprintf.o)
 .text.vfprintf
                0x000000000002d4b0       0x60 /usr/local/ps3dev/ppu/lib/gcc/powerpc64-ps3-elf/7.2.0/../../../../powerpc64-ps3-elf/lib/libc.a(lib_a-vfprintf.o)
 .text          0x000000000002d510        0x0 /usr/local/ps3dev/ppu/lib/gcc/powerpc64-ps3-elf/7.2.0/../../../../powerpc64-ps3-elf/lib/libc.a(lib_a-wsetup.o)
 .text.__swsetup_r
                0x000000000002d510      0x1f0 /usr/local/ps3dev/ppu/lib/gcc/powerpc64-ps3-elf/7.2.0/../../../../powerpc64-ps3-elf/lib/libc.a(lib_a-wsetup.o)
 .text          0x000000000002d700        0x0 /usr/local/ps3dev/ppu/lib/gcc/powerpc64-ps3-elf/7.2.0/../../../../powerpc64-ps3-elf/lib/libc.a(lib_a-__call_atexit.o)
 .text.__call_exitprocs
                0x000000000002d700      0x24c /usr/local/ps3dev/ppu/lib/gcc/powerpc64-ps3-elf/7.2.0/../../../../powerpc64-ps3-elf/lib/libc.a(lib_a-__call_atexit.o)
 .text          0x000000000002d94c        0x0 /usr/local/ps3dev/ppu/lib/gcc/powerpc64-ps3-elf/7.2.0/../../../../powerpc64-ps3-elf/lib/libc.a(lib_a-ctype_.o)
 .text          0x000000000002d94c        0x0 /usr/local/ps3dev/ppu/lib/gcc/powerpc64-ps3-elf/7.2.0/../../../../powerpc64-ps3-elf/lib/libc.a(lib_a-dtoa.o)
 *fill*         0x000000000002d94c        0x4 60000000
 .text.quorem   0x000000000002d950      0x26c /usr/local/ps3dev/ppu/lib/gcc/powerpc64-ps3-elf/7.2.0/../../../../powerpc64-ps3-elf/lib/libc.a(lib_a-dtoa.o)
 *fill*         0x000000000002dbbc        0x4 60000000
 .text._dtoa_r  0x000000000002dbc0     0x1478 /usr/local/ps3dev/ppu/lib/gcc/powerpc64-ps3-elf/7.2.0/../../../../powerpc64-ps3-elf/lib/libc.a(lib_a-dtoa.o)
 .text          0x000000000002f038        0x0 /usr/local/ps3dev/ppu/lib/gcc/powerpc64-ps3-elf/7.2.0/../../../../powerpc64-ps3-elf/lib/libc.a(lib_a-flags.o)
 .text.__sflags
                0x000000000002f038       0xbc /usr/local/ps3dev/ppu/lib/gcc/powerpc64-ps3-elf/7.2.0/../../../../powerpc64-ps3-elf/lib/libc.a(lib_a-flags.o)
 .text          0x000000000002f0f4        0x0 /usr/local/ps3dev/ppu/lib/gcc/powerpc64-ps3-elf/7.2.0/../../../../powerpc64-ps3-elf/lib/libc.a(lib_a-iswspace.o)
 *fill*         0x000000000002f0f4        0x4 60000000
 .text.iswspace
                0x000000000002f0f8       0x3c /usr/local/ps3dev/ppu/lib/gcc/powerpc64-ps3-elf/7.2.0/../../../../powerpc64-ps3-elf/lib/libc.a(lib_a-iswspace.o)
 .text          0x000000000002f134        0x0 /usr/local/ps3dev/ppu/lib/gcc/powerpc64-ps3-elf/7.2.0/../../../../powerpc64-ps3-elf/lib/libc.a(lib_a-locale.o)
 *fill*         0x000000000002f134        0x4 60000000
 .text._setlocale_r
                0x000000000002f138       0xb4 /usr/local/ps3dev/ppu/lib/gcc/powerpc64-ps3-elf/7.2.0/../../../../powerpc64-ps3-elf/lib/libc.a(lib_a-locale.o)
 *fill*         0x000000000002f1ec        0x4 60000000
 .text.__locale_charset
                0x000000000002f1f0       0x14 /usr/local/ps3dev/ppu/lib/gcc/powerpc64-ps3-elf/7.2.0/../../../../powerpc64-ps3-elf/lib/libc.a(lib_a-locale.o)
 *fill*         0x000000000002f204        0x4 60000000
 .text.__locale_mb_cur_max
                0x000000000002f208       0x1c /usr/local/ps3dev/ppu/lib/gcc/powerpc64-ps3-elf/7.2.0/../../../../powerpc64-ps3-elf/lib/libc.a(lib_a-locale.o)
 *fill*         0x000000000002f224        0x4 60000000
 .text.__locale_msgcharset
                0x000000000002f228       0x14 /usr/local/ps3dev/ppu/lib/gcc/powerpc64-ps3-elf/7.2.0/../../../../powerpc64-ps3-elf/lib/libc.a(lib_a-locale.o)
 *fill*         0x000000000002f23c        0x4 60000000
 .text.__locale_cjk_lang
                0x000000000002f240       0x14 /usr/local/ps3dev/ppu/lib/gcc/powerpc64-ps3-elf/7.2.0/../../../../powerpc64-ps3-elf/lib/libc.a(lib_a-locale.o)
 *fill*         0x000000000002f254        0x4 60000000
 .text._localeconv_r
                0x000000000002f258       0x14 /usr/local/ps3dev/ppu/lib/gcc/powerpc64-ps3-elf/7.2.0/../../../../powerpc64-ps3-elf/lib/libc.a(lib_a-locale.o)
 *fill*         0x000000000002f26c        0x4 60000000
 .text.setlocale
                0x000000000002f270       0x50 /usr/local/ps3dev/ppu/lib/gcc/powerpc64-ps3-elf/7.2.0/../../../../powerpc64-ps3-elf/lib/libc.a(lib_a-locale.o)
 .text.localeconv
                0x000000000002f2c0       0x34 /usr/local/ps3dev/ppu/lib/gcc/powerpc64-ps3-elf/7.2.0/../../../../powerpc64-ps3-elf/lib/libc.a(lib_a-locale.o)
 .text          0x000000000002f2f4        0x0 /usr/local/ps3dev/ppu/lib/gcc/powerpc64-ps3-elf/7.2.0/../../../../powerpc64-ps3-elf/lib/libc.a(lib_a-lock_internal.o)